1 8 14 23 11 43 2 25 96 24 41 2 2 5 163 50 9 6 36 17 17 18 142 10 9 20 67 21 26 22 37 31 28 42 45 34 51 52 15 53 55 42 32 70 31 56 46 1 1 74 45 55 76 58 77 71 44 80 84 60 92 73 33 61 63 94 3 95 111 61 38 49 11 12 89 5 97 90 79 26 69 1 48 62 93 99 86 103 88 151 101 29 78 83 30 107 85 113 115 150 8 40 72 116 1 75 127 158 87 100 1 104 124 3 130 134 135 223 105 140 13 81 141 109 146 110 159 98 120 155 114 177 117 144 179 156 119 209 204 162 164 213 165 229 18 108 173 232 1 145 113 118 121 327 122 112 123 128 168 174 4 129 182 125 137 133 139 53 143 148 91 214 57 344 9 84 152 233 149 192 240 193 248 351 216 153 167 355 230 51 171 106 180 184 260 181 277 236 167 185 189 210 161 241 189 305 234 244 250 190 191 300 103 251 309 337 188 202 147 195 339 255 435 194 252 2 262 54 105 265 270 197 197 27 201 199 373 203 353 200 63 208 211 212 389 6 110 215 11 217 218 276 132 219 14 8 279 206 298 220 21 238 271 402 246 263 226 217 134 295 243 23 275 269 34 218 299 290 35 291 227 222 254 273 50 303 41 292 224 258 308 272 320 136 285 312 283 237 323 322 257 256 296 444 261 64 75 267 46 338 123 116 127 286 220 301 274 324 235 452 53 340 422 428 278 363 335 367 281 460 349 316 287 487 328 304 288 341 86 294 360 102 129 364 1 503 326 302 317 375 318 239 325 253 280 138 365 537 329 146 336 372 65 184 196 368 249 321 513 511 165 570 342 538 284 369 156 356 377 293 207 392 348 70 382 332 211 380 219 128 384 78 334 66 551 77 383 354 386 333 343 246 357 358 359 362 366 418 370 419 390 391 4 371 393 301 394 397 407 374 622 399 228 411 424 448 385 565 449 427 387 450 401 318 481 555 436 457 403 80 642 346 471 473 405 12 433 476 445 410 144 331 361 82 571 447 397 412 415 417 420 432 438 470 441 574 117 439 489 453 464 646 477 467 2 495 593 493 474 24 494 16 694 497 440 509 499 510 582 378 398 466 516 455 307 461 485 501 502 524 603 920 526 515 472 107 612 543 29 498 486 282 657 324 505 525 677 527 22 166 388 475 575 994 633 254 528 413 492 529 580 531 532 404 314 58 1027 780 496 535 396 512 533 656 557 522 416 604 609 523 583 478 483 500 534 366 614 507 530 616 700 540 549 623 130 542 541 635 721 544 84 479 727 563 617 548 376 691 480 394 400 553 490 172 788 560 638 569 639 579 576 587 550 713 431 434 566 621 558 644 647 654 30 7 585 101 790 628 708 437 997 600 650 561 759 68 588 454 602 589 595 562 584 751 659 159 675 661 484 590 683 456 814 705 406 649 514 651 594 626 845 411 662 858 685 453 715 668 536 458 143 629 640 242 670 774 711 17 137 362 682 1486 669 98 667 104 120 712 679 781 718 686 722 688 497 463 607 716 637 631 545 554 881 592 141 731 10 871 599 174 787 665 261 611 578 726 149 152 728 115 887 5 601 2 921 804 39 403 381 732 734 960 652 619 613 429 756 811 121 1031 2413 1039 678 133 175 697 1261 139 699 643 306 742 25 506 1053 702 32 809 598 1080 720 767 168 698 703 717 821 313 704 775 438 776 317 778 777 1367 624 625 779 1136 1368 641 606 744 709 844 794 714 782 772 1569 710 79 784 1167 1716 630 417 660 747 807 796 736 671 812 289 820 719 828 830 672 841 193 818 797 401 423 19 859 803 847 739 816 848 866 755 868 664 687 891 827 873 689 909 760 1178 911 880 632 764 518 427 140 1296 430 1193 834 888 170 690 451 692 1214 765 771 634 182 1396 87 890 842 869 636 893 791 870 895 935 1875 26 198 805 6 201 829 808 810 918 885 931 1439 916 491 674 681 695 88 737 214 948 923 1171 1047 835 1181 33 836 852 942 36 922 40 502 52 892 875 706 946 1204 1270 663 964 738 2986 12 1326 684 4 984 987 965 938 645 801 939 953 968 763 860 1488 1386 332 839 2192 856 1028 872 878 1444 786 944 882 979 432 901 180 989 347 508 2643 910 1489 975 372 1000 999 917 793 851 1452 693 1008 62 1014 212 864 976 925 707 13 1586 178 1019 729 1029 1071 1003 501 517 1041 1882 1024 69 189 391 877 539 1032 799 1044 943 977 746 1043 949 1051 360 379 955 966 1035 926 971 978 547 1577 733 1054 992 1091 1056 927 1062 55 1068 183 185 1104 568 1078 857 854 748 1125 1087 221 3638 1454 855 740 1090 340 930 957 250 945 1134 959 93 1194 99 73 38 961 1122 1030 191 42 1033 4 1554 203 1137 1145 209 1037 863 586 983 1042 11 210 1800 2285 954 865 1146 266 749 1854 883 1200 48 867 1534 886 1863 956 896 1168 15 1064 1046 758 1481 1179 1151 1124 1227 906 986 1060 1004 1190 1241 1016 1135 248 1038 1020 390 843 884 415 969 1195 1224 1005 1017 47 1074 750 1233 1232 993 181 1264 1002 269 1058 2650 1076 267 1077 789 1083 59 1248 1107 1864 913 1112 928 1115 125 1093 1258 1049 1101 1082 941 1070 1251 837 2788 1144 1935 1253 1276 1100 1086 798 1021 274 1105 1330 741 290 296 1055 409 303 1150 421 1010 2 761 202 620 1153 1108 950 802 1095 1119 319 1110 1533 899 1156 967 1327 947 512 1123 1158 743 1626 973 76 1148 1127 1968 255 724 655 97 980 1378 1106 315 991 1363 369 952 970 1220 1170 1126 988 310 1461 124 1180 129 1285 838 322 1475 1057 521 270 995 792 1318 208 666 849 929 20 1205 1259 1187 1196 1484 1250 1201 336 56 1207 1165 1172 1313 329 1547 2068 1983 1257 998 449 770 1009 60 1272 1173 1262 1226 18 1175 224 1624 1273 1176 962 1277 2955 2794 861 1551 1229 1288 1011 365 1018 1034 1048 806 1320 459 1075 1635 1206 1212 1238 1309 1177 1334 1084 21 1059 1191 1208 769 1061 1218 833 236 1211 488 897 1102 1543 1085 1274 760 1213 1235 1117 1583 903 846 1155 1089 1216 1120 1222 1243 1336 850 1623 1230 1263 2108 1275 524 1013 1022 963 1279 1387 1245 1063 800 1188 1332 2824 1328 1307 1234 1339 1280 1338 1714 1130 1269 1286 1292 1298 1299 1240 1762 1096 1693 330 1340 1265 349 1730 1133 1073 1007 244 27 1166 1557 526 1354 1114 1648 853 1417 1836 907 1359 1308 1295 1324 1128 1333 1302 1419 370 1310 529 1352 1139 1357 1355 1162 1427 1271 1282 1182 1401 446 1287 2149 1189 1658 1143 535 1370 131 1197 2935 1362 1097 268 1360 1154 1908 1374 1297 1365 1111 1293 1301 1159 1371 974 567 1012 1377 345 1384 1160 819 1394 371 2983 1404 1912 1380 1398 573 1161 1215 1306 377 1399 407 1314 1408 1163 1174 1904 1413 85 2069 832 1169 1970 350 1192 597 1421 1209 1217 1116 3118 1415 1231 138 22853 1434 1079 2014 1236 591 934 256 1237 1244 469 2061 40 608 951 1319 1501 1322 1329 1381 1198 1507 2318 1440 1400 1337 2356 1410 1436 1395 1342 2027 1403 1974 1267 448 1445 1525 2034 1239 1316 1455 145 3218 2053 1369 1203 1268 1487 1278 1690 1490 1219 3589 1254 1317 1349 462 981 1351 1451 1221 262 504 1565 1458 1335 985 2015 1463 1344 1438 1504 1466 1353 1468 1491 1544 1242 1552 1290 1429 1816 245 1294 1315 2300 1358 1497 1446 1616 990 1040 1539 1361 1469 1568 996 2462 1375 1506 1373 658 1341 1283 1550 1006 1305 1553 2565 1625 520 1472 264 1385 3232 1376 1390 1443 1392 1393 265 2164 2282 1483 2365 1514 1345 1592 1505 1397 1596 1402 1346 1560 1406 1607 1379 1561 1610 1420 1563 1325 2163 1409 1660 1411 1630 1508 1713 1418 2419 1513 1639 1435 1715 1678 1519 1614 1462 1437 1423 352 596 1741 1570 1425 1460 3360 2382 1629 1464 1581 1637 1377 277 1748 686 1478 1447 1575 1585 1818 1593 1477 1099 1598 63 1823 1600 1450 1426 1618 1479 673 1509 1754 1140 1765 1482 618 1422 1485 1431 2399 1642 1643 1503 651 1775 1256 1432 1025 1465 89 1779 1441 1499 1512 1529 1876 1510 1644 1456 1515 680 1331 1595 1691 1471 1647 696 757 1083 3611 1608 1778 3664 1526 2438 768 505 1782 3667 1558 1518 2439 775 1700 525 1549 1764 1467 1573 1667 813 1567 1633 167 90 1559 1480 1498 1364 2664 1651 831 1768 765 1826 311 1653 1538 2498 531 65 1663 2090 1571 1516 1668 874 1892 1805 1672 2682 1613 395 1524 1591 876 1383 1542 1662 1679 1808 1493 1828 1521 151278 1522 1531 1578 688 1555 1388 1001 1834 1852 312 28 2165 1820 1897 1556 1842 1850 1918 1827 1601 898 1142 1829 1530 4484 1300 1837 1676 1689 1682 904 1535 1541 1937 1695 1792 1620 1822 1430 2768 1123 170 1846 553 1683 1546 3641 560 1612 1987 1564 1562 1574 1433 1650 1847 1622 1845 773 1566 2037 1406 2156 1708 683 2537 1855 1605 1588 940 1688 1627 1860 1628 169 1494 1602 1632 2552 1594 1774 2638 1696 373 1636 1844 281 1646 1865 3 1879 1722 1853 1652 1899 1657 1862 2826 1889 1802 408 1611 1654 1677 2183 1896 1917 647 1902 468 1903 2555 1050 1871 1671 1684 1840 1914 1698 1692 1921 2 1956 1705 1665 2012 1922 1699 1724 594 1932 1727 1733 1615 2684 1738 2020 1924 1740 825 1870 1619 1707 1717 1877 1891 1971 1732 2705 1517 2875 1988 1631 1739 1734 29 1929 1940 1994 532 2750 1661 402 177 1681 1743 2010 1580 2194 1744 1752 1926 1745 1928 2239 1753 405 1710 1943 1776 1751 2074 111 1356 1407 2619 2064 2070 2227 1759 1772 2076 2292 1770 1784 2428 2646 2096 1712 1414 325 2933 205 1473 1785 1496 3039 1761 3066 1953 661 2094 1803 958 1609 1804 2102 2582 1500 2641 2112 1152 1291 445 3829 1791 2433 1649 2445 2113 1527 2457 1532 1771 1729 1975 222 1597 7 1794 1252 1621 2114 1795 1806 1718 472 1911 283 1936 476 2484 1015 2131 725 1725 3123 2086 2119 499 1445 1807 548 1736 1737 1958 100 1809 1811 1812 155 3746 1747 1919 1641 1023 173 1545 1781 2757 3238 1798 730 1817 1819 1750 2500 2598 231 1821 2184 1694 1835 1949 3831 1851 2756 1697 2046 1755 2238 1760 732 2179 1052 2521 699 1859 667 541 1867 179 791 450 35 2611 30 1887 1977 2791 1787 2240 1861 2059 1121 2648 1868 1849 1966 3253 2013 2117 2544 186 1873 1874 1799 2123 1757 1758 2147 2267 1893 1766 2248 1923 2166 2033 3832 2063 2093 2103 1886 1972 544 1981 2039 43 1824 1777 546 762 1810 605 839 2182 2106 1856 1815 1965 1910 1913 1916 1933 835 1999 2205 1901 2055 1523 2256 2049 2110 2177 1934 1950 1838 2058 1830 291 1831 1982 2161 2042 1978 2617 1979 3321 1993 2045 2005 1576 2210 2255 2671 1589 1848 2806 2011 2054 1656 1866 2261 2170 1664 442 2095 2066 1872 2268 587 2204 2817 908 2105 1355 968 2861 474 1857 1666 2006 2115 2441 1746 2018 1907 1453 1957 1878 74 2226 1998 3296 1839 1638 2019 2116 2337 3337 1888 2148 1947 1686 1726 2536 2290 2348 66 1959 2084 2306 2460 2126 1675 2028 1881 1880 2197 1989 3859 2391 2330 2578 2207 2127 1789 1687 1643 1883 2213 1797 2400 2214 2224 2401 2129 2258 31 2303 2406 1147 1890 2130 2398 2169 1895 2190 2922 2259 1925 2850 2952 2041 2067 2031 2230 2060 3008 1769 2625 45 937 2273 475 2073 2029 1702 106 187 2030 1941 1906 2032 2091 2199 2212 1931 2878 2051 2452 2133 2832 2025 3266 2225 1915 2473 2237 1946 2250 2266 1939 2490 1199 2522 2009 2316 2252 1703 2857 1942 635 1796 333 1411 1833 2368 2774 2173 2222 2263 75 2246 2642 852 1948 2870 2277 2379 2276 425 2298 1969 1773 2079 1072 914 1951 2874 2395 519 2962 1960 2948 1976 2017 1202 1961 2310 2421 2885 2326 2432 616 2062 2328 1424 6 4271 89 1963 1540 2286 2488 2022 2279 2467 108 2995 2357 653 2994 2075 2038 2089 2083 1323 1980 2100 2352 2494 2121 2305 2317 2367 1990 37 3340 2077 2529 2099 3033 2024 2366 1832 1964 2496 1894 3054 2657 1223 2503 659 2594 3098 1984 3104 1991 1995 3124 621 3373 2043 2329 2186 2510 2542 2048 2652 2293 1996 2000 2264 2376 2410 1373 2475 2125 3132 2080 703 2570 2294 1428 2528 4121 3129 533 2134 2139 2531 2424 2312 2573 2002 1885 2466 2137 2479 46 2362 2575 2140 998 564 2185 2666 1584 2717 2026 2602 3101 2680 2534 2554 2378 2736 2143 2168 2380 2208 2152 2081 2601 2040 2036 2216 3115 3388 2584 2154 2777 571 1248 3134 1606 3199 2580 2371 2402 2050 3145 2200 2057 2514 2098 482 2087 2155 1934 2159 2082 1217 2417 2593 2656 2181 691 1938 2189 2604 2209 3230 2101 2234 2178 2104 3183 2211 729 2781 3596 2242 2609 3750 2142 2516 3431 2422 2198 3271 2260 1945 2269 2088 2818 2118 2158 3222 232 2124 2620 1962 2141 739 2270 2635 2612 171 1304 2802 2206 2673 2637 2595 2223 2228 2236 2852 2896 2548 2004 3283 2281 2320 2710 2471 2325 2627 2220 2150 1721 2241 2272 2275 3651 94 4102 2283 3304 2193 2023 2704 2335 2910 671 753 2299 3634 2541 1036 2911 3336 195 2659 2243 2735 2171 2052 2843 754 2035 2416 2429 3358 2301 2265 2257 2309 2296 4885 2339 3418 2919 2425 2314 2654 2459 3224 2322 2289 3702 3404 3487 49 2331 2701 2311 2078 2321 2333 2926 2939 2323 3532 2947 2344 2792 2345 3263 2107 2350 1108 747 2359 687 355 2347 218 1727 2151 2687 882 1728 2468 2341 2284 2956 2160 2167 1365 3327 1393 2561 2144 1742 3497 2191 1457 3537 3032 2361 2195 2470 2474 13 2351 3056 2364 2196 2722 2343 2387 2369 2744 2385 2703 2532 2358 755 2389 2448 1636 2319 577 2539 2713 2229 53 2968 2706 2734 2201 237 2740 2217 2360 2793 2390 2374 4129 2819 96 581 2482 2202 654 2308 2231 2393 3280 3422 2404 2370 2827 1783 246 4561 2418 3633 2324 1397 2716 92 2372 2607 2916 3005 2435 3028 2834 263 938 2902 3075 2409 701 2386 2411 398 8 2495 2626 4096 2720 3817 2497 2766 2397 2847 2660 2960 2334 2423 2851 868 2407 1485 4180 3010 2233 2247 110 3212 2420 2249 2505 2415 4241 1954 4591 2394 3051 932 2427 786 3052 2530 2725 2175 1830 2431 3653 2908 3577 3369 3100 2274 2949 3108 2969 2778 2436 2444 3213 3192 2711 756 2430 939 2971 2377 2978 2830 2449 1651 2450 3058 3249 2972 3293 3131 2739 2588 2304 2446 2456 4131 2464 624 2472 2469 3000 386 3063 2959 815 2758 2518 2723 3382 2447 1909 1081 3798 3105 2790 3053 2506 2353 2180 1723 3663 2458 3830 2508 2761 3931 3074 3841 2478 2451 2785 3602 3274 2728 2799 2453 2485 3137 2525 2566 2235 2589 2519 4152 2547 276 2487 1026 2783 2807 2346 2591 2719 3302 2631 2491 3306 67 2493 2583 4006 2501 3076 118 3084 917 2726 3789 2610 2509 3087 3152 109 2639 2585 2615 492 1069 2245 3142 1767 766 2492 3308 3427 2835 2512 1841 2621 503 2809 3322 3153 2524 2527 2558 3328 2364 2812 2820 2533 2848 3174 2546 2888 2973 4418 4270 419 3439 2550 4010 2535 2553 2556 3706 2511 3268 2622 4 2443 2383 2632 2396 4506 2021 2560 2772 197 2754 2563 2787 2567 434 3453 2568 2569 2574 2624 2579 2831 2577 2628 3335 1709 2753 119 2967 2838 2663 2590 4725 2576 2606 2513 3021 2613 2662 2616 4520 2592 723 3204 2665 2599 2669 2675 2775 2629 4768 2596 3071 2545 2674 2841 763 2618 2887 3281 3289 4818 2936 2676 3344 4556 4024 3080 3493 2636 3026 3934 72 1900 3346 2678 2683 2690 3081 3799 1094 836 2695 1785 3777 3367 2979 2707 2696 2700 878 4618 3398 3659 2954 3206 2600 2476 2864 2630 3082 3291 1967 2651 3412 3111 2697 4236 2970 2714 2732 2733 2572 2742 3088 2745 3120 522 3292 2633 3144 3295 3430 924 3210 4741 3558 3437 2605 3574 3159 3029 76 3163 2721 3048 3190 278 1098 2047 114 3316 2751 3216 77 3215 2731 12 3234 551 4751 2653 2689 3077 3122 2708 3443 2974 3460 2746 2882 540 2755 2760 2712 2679 2901 933 2748 3235 2072 4146 2763 3444 3236 2767 3648 3140 2798 2938 4239 3276 2765 2950 2786 2977 2804 3485 3535 2814 2782 2808 1129 1164 3282 3694 3284 943 2991 2805 3018 14 3031 4899 2825 3307 2842 2860 2965 2759 3329 2769 3536 3290 2773 3559 3846 2980 2800 3330 2996 3446 3298 3445 2688 2813 2789 3332 3471 2957 2287 2869 5218 2803 3333 4955 2821 3788 3043 4402 3130 2862 2966 2828 2876 3160 2836 3575 3452 2840 2985 3477 3395 4699 2853 2900 3860 3164 3791 3491 961 2854 1183 2863 2865 2913 3801 767 2895 2889 2925 3343 2307 14 3354 2988 3548 2779 2893 2414 2934 247 2943 2344 1222 3364 2879 1113 3875 2016 2867 2872 2373 286 2454 2907 2912 3892 3245 3372 2891 2455 3402 153 3378 3251 3484 3305 2904 3433 3323 2849 4802 4815 3896 2918 2920 3002 3948 2097 2776 2928 2693 2941 2909 3403 2951 2942 4292 3958 2135 2946 83 3818 2136 1884 2931 3169 3375 2958 2463 2953 2483 1184 3483 3851 3579 3355 3409 126 3514 2975 2502 919 3009 2702 2976 3527 3529 808 3557 3070 4375 3038 3086 3678 650 2990 822 2992 3004 3356 3383 2998 3695 2981 3006 534 2480 2044 3003 3012 3110 3013 2520 3007 3016 127 3165 3022 3019 3040 5265 130 3182 3391 3623 3184 3410 3014 2997 3135 2724 3626 3878 3747 1763 3786 3221 3449 5073 2512 3652 542 4996 2729 3027 3042 2797 3044 3417 3037 3024 4469 3476 2932 3045 3963 824 3047 2523 3011 3050 3078 3136 3061 2526 5085 3064 2543 3015 3186 3505 3073 3062 3903 3661 3072 287 4640 3501 3069 3554 2737 3790 3517 3079 3240 2741 3915 3677 3173 135 3613 3381 3261 3512 3096 3374 1255 3260 3036 2890 3960 3083 3175 2563 3170 3176 3193 3194 3189 3560 2608 3657 147 3112 2647 3133 2894 2138 1266 552 3139 3390 4663 3682 3049 3572 3205 3017 3143 3211 3055 3154 3334 3091 3156 2623 2188 3964 3257 3097 5374 3207 3095 3980 3698 737 764 841 3605 3923 3949 3157 3660 4521 3102 3345 2681 3196 2251 3814 3099 2906 3348 3414 3106 4103 1813 4115 4140 3107 3609 5632 3353 3059 2752 3620 3716 3396 1141 3436 1859 2714 3719 3208 3658 3114 3162 2640 3147 3113 3608 3665 3197 3201 3203 288 3217 3226 3671 321 3686 3994 3219 3233 2795 855 3673 4044 3428 3125 572 557 2749 4160 3722 206 3438 4309 3225 3687 3272 3220 1267 4124 3229 3243 3247 3315 3441 4471 3730 3737 3273 4526 3813 3690 3310 3252 3696 3912 3447 3699 4575 3035 3836 2672 3248 3241 3258 3872 3254 3259 3126 3242 3478 3918 4073 3708 3265 1093 1350 2658 3794 3468 1548 3649 3839 3141 689 4932 3148 3462 3937 3269 965 80 3507 3300 2280 3957 3707 3275 3848 3223 3759 3563 3331 3709 2685 614 3723 4119 3886 3285 3361 3463 3244 3956 2315 3288 3250 3311 3255 1353 3317 3128 3745 3969 3488 2336 3981 3362 3279 4020 2564 4957 2780 3313 1311 3509 2810 2134 3319 4065 3314 4254 4083 4058 4071 3318 3119 3338 3506 1564 2340 3731 3365 3408 2692 3530 3146 1034 2771 2262 2586 3424 2634 3371 3525 3384 4087 3553 2903 2833 3607 4149 4195 2859 3985 4676 383 3149 3965 3425 3581 3386 3772 3467 2405 3325 3228 3411 3853 4093 3270 3177 3500 2509 4357 4179 3779 3394 3547 4895 1831 971 1603 2844 3195 3504 2829 3264 3617 4187 3277 2845 326 2747 5377 4094 3565 4628 3621 3585 4104 4189 3624 4022 3669 3278 1371 3312 640 3567 3780 3519 5122 3287 3303 4206 4264 2877 4739 3399 3820 4361 2898 3753 4247 2923 2767 3531 3046 3400 148 719 154 1997 3612 3627 3797 3432 3576 3326 3809 160 3448 865 3632 3844 3495 3869 4665 3852 4034 3656 3679 1103 3068 3426 545 5686 3541 3822 4386 3546 3628 3442 3689 2001 3351 3450 4203 3591 3320 3457 5486 3349 3715 4249 4669 4766 2899 2921 3464 3703 3725 3366 2928 3672 3482 4791 4266 3773 2392 726 3494 3549 3515 4444 4157 5259 2815 3710 17 190 3380 4896 4280 4958 3590 2982 4218 4288 3518 4956 4320 4334 3496 3718 4046 3385 234 3890 3520 3770 5709 4278 4257 3387 4 3543 3552 3743 3645 4258 3729 4715 1231 3795 3778 3827 3714 3470 3499 3534 3812 3455 3897 3828 2984 2313 4396 3902 3092 3874 3486 3826 3309 3513 3726 204 3838 5109 2839 251 3877 3401 3882 2342 3359 4047 3894 3899 3604 4948 3840 3854 4285 2855 3938 3910 5561 271 3701 3545 5247 3941 3407 3523 4273 3550 4951 356 3413 3389 3592 3951 3566 3429 3060 4311 3510 3997 3583 4000 4324 3117 1314 4031 3861 3599 3584 3578 3586 3979 3603 4043 3435 3440 3502 4277 3683 3587 4069 3724 4338 3533 309 5020 4039 3650 3127 18 731 3713 4351 3748 4362 3733 3516 4084 3625 3744 4828 3469 5006 4216 3796 4105 2354 3863 3741 1131 1187 1382 3888 4108 3752 5089 5 3755 4409 4416 5339 1088 3675 4282 3758 3472 4291 4454 3571 4128 3636 3898 3001 5595 3988 3947 3594 1347 3867 3568 3614 3870 1634 2715 3166 2718 4806 2440 5099 3676 3637 4001 4233 912 4298 4060 3876 3640 3762 4173 4289 5397 4158 3490 4425 3570 4886 4429 5288 3933 2989 4028 3666 4163 3732 3895 3864 3768 4455 3900 2489 3138 238 4492 1366 3465 4165 1405 3781 4523 162 164 1352 4167 4186 4054 3691 3616 4557 166 3573 3635 3167 18 3580 3916 3681 1459 3905 4244 33 3492 3705 3508 4097 1502 3968 3151 4303 3880 3178 3738 4813 4826 4217 3538 2811 3662 1213 3984 2856 5303 4107 2549 3582 400 4219 4002 2873 4137 4496 4114 4064 1211 4164 172 7036 3180 3688 3785 3881 3908 3995 4308 3805 5646 3803 4168 3866 4170 4178 4356 3913 3914 2881 4222 4014 3185 4517 3736 3720 1511 4235 3528 3728 1246 3761 3393 3922 4223 2678 2730 1890 20 3771 3600 3929 4333 5334 4246 3806 3179 3939 4269 2897 3670 4406 4251 4344 3775 5404 4503 4133 4359 5351 4532 4185 4600 4252 457 3198 3810 4516 3562 3955 196 3544 4746 1251 4364 3811 5536 4330 3833 4259 735 3835 5357 3802 3256 4101 3962 3646 3684 461 3974 4371 5515 4263 3020 3862 3784 3792 81 3630 4051 3868 4032 3034 5647 3700 4283 4174 5538 5733 3887 4286 4408 4734 3834 4786 3843 3891 4390 3911 2738 3704 4758 3842 3966 175 3644 4355 3855 4214 4321 4294 470 3928 3739 3998 4015 3742 4363 752 3906 4012 1416 3749 4110 4118 4433 4352 3187 3901 4377 4316 3946 3754 1448 3751 4150 4394 4151 5857 4177 4415 3996 1655 3975 3977 5723 3992 2784 3930 3765 3793 4430 5802 4451 3942 4029 3776 2871 3961 5835 3849 7053 4365 1910 4050 3973 4196 4887 5864 2442 3808 4018 4420 3971 4922 4061 3324 2597 3857 4063 4928 783 4468 4839 4066 4008 3200 4486 1531 3030 1528 4081 3459 3231 4796 3952 5889 4426 1087 4488 4845 4141 4181 3668 4057 4894 4494 5517 3970 3871 3904 4428 4088 4545 3991 3246 4120 4380 3945 4095 4481 4229 4554 4489 4897 2388 4048 3227 4939 1286 3993 4240 4009 4242 3944 4077 4459 6220 1112 4572 4501 749 4528 4078 4322 1674 3950 3262 4537 2930 3815 4462 4905 4540 4547 3267 4490 3352 5641 4558 4559 3816 3978 4470 4570 4349 4578 4582 3416 5909 1735 3989 3406 4366 3050 1125 4593 4091 957 6093 4597 4224 4961 4260 3920 3986 4111 4112 3451 4004 4295 4007 21 4611 1460 4369 3168 4297 4617 4310 4134 4622 5947 4327 4025 4924 5330 5979 4035 4183 2092 4162 4068 3819 4971 4431 4942 4632 3610 2746 1309 4994 3685 3511 4041 4637 3824 4184 4201 4328 4336 4655 4644 3466 328 3858 7655 1343 4090 1470 4076 392 1704 982 4139 3821 4106 4202 4360 3932 1132 805 1348 851 4491 4808 4342 3907 1793 5001 1149 4652 3924 410 3982 6123 4505 3301 3967 3983 4692 5016 3999 4717 4731 6 4086 1051 4771 4615 5039 1809 4467 4378 4005 807 4045 4142 4116 4667 3556 4514 1449 3473 3987 4745 2111 818 4381 5963 4783 4147 4842 4213 4629 6445 41 4221 827 3420 4683 3990 4079 4405 1062 3925 4461 4414 5661 4248 1209 4733 3943 4125 252 4687 4539 4417 4694 1860 4439 4604 4144 5034 4446 4245 4100 4250 6339 4436 4159 4850 4176 4709 4171 5047 4856 6044 4204 1059 4161 4814 4253 4215 5077 3350 4456 441 4030 2154 6483 4220 4825 112 5098 4166 4852 4274 6369 4727 4302 174 5158 4265 4319 4332 4341 847 4463 3601 4238 4466 4037 6627 4038 4504 4348 4518 4498 4003 4388 3379 4448 4535 4946 4397 2944 3458 4036 4841 5150 4499 4560 3606 5222 4754 4188 4314 4511 4609 5224 4612 4182 3454 3172 3647 2157 889 4191 5015 5234 4567 4232 4353 4624 4391 3522 4755 4552 4668 4581 4198 4690 5202 1361 4772 3299 295 471 4304 3655 4865 4660 4207 4055 4616 556 4527 4421 6669 12 4013 5413 4568 2297 3674 4432 4312 6724 4666 4075 1370 180 4636 1391 4299 42 4704 4867 3804 3735 4757 4775 4846 4284 4419 670 4507 4613 5243 4272 4635 4434 5037 4648 4820 3740 4404 5250 3807 4705 4657 5325 348 4824 4313 6185 1515 4343 4445 1944 1118 1358 24 4630 4658 4853 3526 1646 3823 1756 4449 4082 5104 5444 4317 4476 5445 4477 4662 4019 4672 5143 380 4907 4544 4458 4017 4908 3555 4953 4509 4519 5244 4148 569 4399 4080 422 4318 4410 4673 4985 4525 5100 4358 4708 4400 3837 3845 6186 4211 4482 113 5251 5705 4592 4542 5364 192 4638 4323 4639 4156 4860 4726 5113 4194 4092 4661 4596 5007 4680 4803 3474 5301 203 6333 5241 4811 4917 4881 4784 4210 5502 4145 1930 5503 4522 4123 4533 3936 4647 137 4331 4614 4607 4884 1385 1808 3588 4534 1476 199 1588 4548 5142 4695 4155 4085 4681 240 4646 4918 5048 4169 2301 4374 4710 3873 7032 3919 4538 3598 4243 4904 4551 5317 4659 1265 4707 4914 4383 4300 3954 4555 4920 3959 4089 4577 4764 4589 216 3551 4595 4599 900 4940 4395 4952 4714 4620 5597 4954 4109 5509 4723 4190 4737 4738 51 3976 4625 959 7093 4743 4641 5590 5349 4973 4500 4756 3480 4977 4610 745 5369 5702 5170 4237 5615 4074 4192 451 4205 5421 4403 6458 4512 4651 4747 4750 243 5473 4228 3764 4962 4580 4762 3593 4765 4122 5172 4411 4653 5451 5941 4262 4767 5010 4769 4379 5725 4423 4777 3629 579 4779 1955 4997 4424 5257 5976 7439 5512 6976 5665 5018 3654 5691 4594 5567 465 4792 4654 4788 4785 4789 5624 4795 5213 4822 4276 4301 1659 5618 3727 4823 4833 4143 5023 5716 4831 4849 5584 5732 4685 364 4686 4382 5452 4674 5174 4279 473 4688 1701 3767 4689 4457 5051 5507 8347 5055 3783 198 4837 4530 5767 25 4536 5858 4135 5811 1960 4293 5128 4821 4347 4208 4573 5081 5052 4830 4287 7583 4858 4834 4838 3787 4696 5119 4851 5082 4590 5416 1000 4871 4872 4878 4392 4398 5153 4550 219 4883 5084 1257 4732 2412 138 4700 5053 4889 4891 6007 4874 4713 4900 4778 4898 5493 4422 629 4912 4909 4911 4864 5093 5101 4569 4626 4913 4760 4915 4916 4199 4225 4931 2003 335 5117 5088 4941 4306 4925 2065 2162 4588 4275 4565 4682 5131 4438 7238 890 4693 6597 5884 4945 4935 2560 4701 4070 4923 4937 5132 4947 910 5135 1089 4967 4978 7216 4974 5659 4970 4990 4744 34 184 5208 4474 5660 4959 4964 5137 5009 4227 2219 895 4859 4929 5145 5149 5152 5183 4435 159 5029 5067 7278 5238 4761 5431 4975 5013 5188 5165 185 5030 4938 6026 4763 4571 5285 4307 4984 5314 7280 5003 5182 5680 4574 3774 4441 5026 7217 5197 4602 5891 4450 2203 5032 5036 220 911 5209 5054 230 4711 4982 3825 4987 7840 412 4773 5211 5563 2381 5434 5828 4776 5024 930 6622 5223 4367 4794 4465 5041 1321 3850 3926 4712 4472 3856 9886 3885 5232 5162 4231 5069 1431 5226 6031 5079 4983 5065 6077 5737 7454 4475 5309 5102 3889 4988 4473 6184 4531 4787 1495 5212 367 5261 6015 4993 4267 5269 5231 4863 5788 4798 483 5298 5236 4296 5097 6199 5245 4603 5156 4752 4799 5235 4943 5107 5273 5274 1522 5033 3940 4453 5173 5335 5118 5157 5407 4835 6207 3972 4753 5279 3909 1030 4989 5059 4543 5455 5163 5898 4460 3619 5125 5186 5286 5435 5510 4389 4479 5332 4809 4033 5390 5129 5216 5283 7646 5291 4541 707 5012 6232 5961 5320 5299 4770 6282 6302 4840 6018 6309 5280 4847 947 5070 5392 4480 5424 2993 5315 10291 4801 5008 4679 5345 5439 5195 5919 7959 1126 5140 6359 163 1067 2905 4855 2333 5061 4483 5447 5014 4387 5326 5436 5292 2403 4810 495 4876 5154 5120 4566 5948 4413 5028 4882 709 423 8407 6087 5569 4861 5464 5964 4040 5040 4440 6657 6392 507 5201 6208 4749 5294 5466 6249 4910 5525 4650 5328 4585 4485 6416 4586 5083 5230 5606 5529 4793 5105 4919 5532 5352 5541 4933 5115 4981 4921 5260 5549 4062 5035 4587 6446 8047 5353 2054 6557 5497 5136 4442 5599 8730 5263 6566 479 5522 4972 5973 6268 5304 5405 5610 5715 5749 5411 5139 5267 4605 5552 2372 5557 4664 4991 6275 872 166 5068 5559 5316 5408 5342 885 4992 1994 4927 5133 5302 5568 5005 5586 5147 4999 5095 5412 4816 5160 5004 5978 47 5372 6647 5161 5418 6444 5056 6488 5300 5414 915 6163 6229 5462 5594 5653 4627 260 1582 6346 5635 6818 5469 5177 5358 5458 891 5639 5581 4633 5542 6370 950 6530 5090 5756 5176 5484 5693 7008 5485 5785 5623 5513 5625 4016 5588 5633 5697 4807 6374 5112 6538 5667 4936 5121 8063 376 5459 5674 5679 6929 6580 5322 5187 5706 7136 5779 5331 5467 5791 8905 5192 5225 5031 5682 5823 5242 955 5711 5114 4493 5376 5179 6587 8112 4827 5626 5488 5072 4678 5834 6061 5683 5547 5701 5254 7569 5554 4965 6589 5730 6081 5423 6617 5558 5453 5021 480 5833 5185 5123 1092 279 4671 54 8950 5836 5816 5190 5256 5262 5130 5064 4843 4691 4781 4976 4497 5824 5194 5762 5720 426 5840 5575 5842 5713 5585 5144 5593 5457 4890 5815 4564 5789 5530 5849 5078 5075 6605 6000 5110 5548 5871 5268 5801 5199 4790 6111 1412 4606 239 5605 6324 1285 6128 5233 5272 4728 5556 5622 5883 4854 2000 7023 2426 2465 5822 5890 5306 5318 5239 5636 4934 6191 4608 4892 5337 6321 5344 5902 5817 5347 1287 1130 5873 5962 5832 5545 4724 4730 5205 5378 5892 4819 5847 1150 5717 6202 5906 5403 7200 5846 5856 5681 6009 5221 8118 5872 273 5240 5944 5905 1640 6013 5957 5912 2153 4748 57 5942 428 6036 4949 5338 5650 5914 5359 4903 5601 5860 5148 6396 5690 5934 5759 5362 4870 6050 5928 5346 4906 5246 5270 5700 49 5249 6590 4960 5275 467 5866 5496 6572 6652 1004 6094 5874 6119 4832 285 543 5986 5534 5252 5019 5281 5415 5763 4623 255 6662 5537 5768 2415 6711 1165 1289 6080 6151 1192 5289 5387 4877 5253 5670 5724 5794 5821 4930 5886 5175 5011 4966 5888 6085 5897 5915 5908 5929 5543 5108 5313 6110 5803 9658 5742 5237 5579 6532 6746 5971 5327 6680 8970 4026 5810 5614 6793 6368 5045 5348 4963 1011 5355 5050 5974 4986 5982 4759 6102 2137 5373 5799 5367 5419 7686 2499 6108 5992 6107 5287 6011 2174 5481 6056 7770 6029 4049 5151 6871 6132 299 5965 6041 4995 6133 6043 5830 5017 1679 6257 6319 6136 6243 5440 4979 5969 6520 4117 6154 6051 5379 4706 5180 5296 6045 6276 2507 5838 6362 6047 9733 5193 6879 188 6173 6244 6284 5076 274 5380 8237 6347 549 300 6931 6065 5449 4721 4836 4844 6174 5617 4774 5384 2005 6072 5383 5025 5198 5845 5859 5637 6315 5629 5321 6363 5063 5398 6068 5027 5229 6076 6197 5258 2456 6083 5589 191 5310 6371 4027 2215 1464 6086 5638 5393 5729 5111 5862 1766 5178 5895 6401 6685 5450 6231 9402 5116 5333 6472 5734 477 5396 5217 7195 5461 5442 5340 2221 5341 7031 5400 5220 5278 4902 6134 5666 6097 5745 6897 5475 5454 5354 718 6648 4950 5482 6569 4127 5848 5295 5478 6253 5046 6290 5523 5189 5106 5460 6098 1491 1260 2568 5227 5463 6099 5060 5386 5997 6509 6138 6364 5808 6172 193 1669 5490 6183 1745 6291 6992 2254 5437 10601 6296 5248 5071 6437 6071 6063 2350 4175 6125 5491 1127 6206 7348 5312 1292 302 5501 5521 5924 5936 5644 5365 6314 5751 4719 5264 6159 5505 5395 7211 1768 6156 6689 5074 5255 5284 5399 6667 2481 5744 7298 6323 5422 6318 1225 5470 6182 5506 6331 5524 6672 5126 486 9866 5432 5443 6749 5516 6736 5297 7043 5748 6196 5518 4546 6204 5311 1308 5526 5356 6240 5531 6161 6349 6659 5127 6768 2172 5495 5533 6164 5446 5427 550 4817 6827 7060 2504 6245 5535 7078 5672 10 6355 6226 8596 2189 5565 606 5171 5540 5544 5210 6912 5553 5688 5760 5571 1719 6732 6261 5880 5511 6356 9978 5772 7112 5899 4969 7091 6307 6360 4998 6417 5370 5546 5476 6327 5578 7463 5580 6062 5627 5520 6435 6742 5092 304 6259 6808 5409 5527 7121 6402 5938 6442 7110 5385 6258 5784 6653 6262 60 5562 5477 5308 5628 528 5652 5642 5654 7164 6181 1753 6501 306 4212 1672 6782 2691 5807 6819 2745 5829 5448 5739 6852 6367 6853 6459 6175 536 5911 6383 7657 2508 5394 105 6519 6544 6177 5492 6218 7140 7184 7492 6429 5946 6913 5918 4200 10070 5479 10184 1680 5839 1263 6281 6756 2331 5514 6918 5441 678 7176 7203 5471 6461 5649 5656 5819 5684 6288 5564 6485 6210 5837 6497 7543 7563 6300 5494 5933 6490 1855 6325 6353 1282 5746 6462 5664 5765 6470 5953 6301 6380 2243 5570 7774 5812 2270 6404 5582 2278 6491 6955 7296 5591 5573 6471 5630 5968 1101 1710 5843 5687 5881 5885 5980 5603 623 6507 6358 5607 5612 5472 5634 5841 6420 5960 6830 6241 5587 5707 5694 5970 9984 6511 5966 5967 697 7270 61 746 7875 5809 6205 5975 5619 5887 5483 8054 6219 6283 6390 6568 6602 2742 6287 5480 5648 6399 8782 2295 4325 2370 5719 6618 7733 5600 5984 6527 8331 5983 5677 5350 10791 6690 56 1137 5995 5903 5696 5699 22 5814 7345 1450 64 7814 2491 5755 8051 6408 6294 7287 6005 5990 6425 6640 5456 6939 8101 5921 5402 5923 7317 6656 1724 7021 6658 5741 5844 5825 6433 9585 7912 6679 7319 235 6709 6453 6474 558 5993 5917 5487 5913 5925 6541 10379 5972 5726 6017 7383 6654 6536 5770 5743 5988 8183 7343 6450 6295 5643 728 6822 6839 5368 5499 5774 5508 6141 6003 6195 5658 1478 6010 6995 5927 6365 6230 6753 6449 5757 568 6869 6451 6016 6477 5775 2571 6028 6038 2770 5655 5795 5876 6052 5935 6765 6496 6492 6054 6078 6943 6534 6115 6242 6502 8218 5669 5798 6153 6759 5855 6508 6059 6060 6277 6074 6549 4740 5926 6764 5550 6171 6552 7431 6555 6100 10031 4345 5950 6079 7155 9258 5592 5777 5952 2677 5519 1229 5793 6769 7056 5598 2914 6567 6411 6573 8300 368 6575 5930 5991 5827 6571 4777 6096 10899 5989 2430 2976 7510 7640 3094 6721 7361 5850 5998 6139 6030 323 5657 5852 6117 6042 6069 6959 5722 2686 6104 6574 7122 693 5853 2917 5870 6067 7047 6581 6122 7198 6593 6594 2495 5735 7129 6073 5609 5750 5673 7210 244 4583 5474 6084 6297 6595 487 5695 7094 1748 8280 496 8411 8048 6176 5943 6088 785 1046 5937 3041 6599 6776 6766 5945 1244 5712 71 5800 6857 118 5736 7249 308 6188 6643 6607 5747 5738 6614 603 6137 6105 6610 6612 1153 7017 6621 6091 6313 10612 575 6663 7256 5752 6337 6095 2644 5954 2696 1725 5959 7030 6192 6082 7644 6623 6112 5764 6427 6890 8414 6118 6148 6673 7206 6628 4767 5981 5854 7695 5818 8477 5766 5804 7213 9382 10918 6162 6022 7787 6774 7274 7285 6701 6803 5776 6715 7900 4800 6789 6850 6306 6641 7288 8519 1332 6165 10991 6120 11048 62 5820 6140 6239 1741 7050 7230 7337 6632 2760 7341 8405 6338 5996 6432 5861 6634 6280 6665 6681 6146 5896 7258 6178 6856 7027 6293 6642 6203 7182 2868 6158 6858 6692 6179 6810 5786 6883 3217 6344 2837 6354 7350 2858 6682 6366 6194 7368 5869 6463 6198 6649 6023 6101 6201 7363 7937 2880 6103 5787 8117 6395 8522 6263 6187 7530 5611 6113 6686 1180 7701 5863 3121 6696 5878 2927 6265 2998 17 6716 514 5904 3107 6377 6725 10756 327 6730 6214 6304 6728 5867 3202 7407 6126 6938 6773 6738 6246 6256 11564 6963 6317 6777 6006 1752 5882 6149 7020 6387 685 7048 6813 1984 6779 7069 329 6794 5797 3377 6384 6801 7637 6809 8544 5608 722 4804 6388 7092 6150 5879 6816 6727 6836 1272 6329 6843 5893 6289 7241 6157 11463 8691 6335 6406 6851 6372 6413 5900 6418 6025 6273 6145 3214 7322 7382 6424 6464 6169 1881 802 5951 3423 6193 5999 8723 3392 7462 6888 6946 6431 7738 6200 6952 8778 6264 1991 6292 6308 6434 6312 6436 6049 4879 6053 6772 6859 8154 6867 6441 3239 6130 7666 3259 969 6878 6326 9221 7326 6448 6375 6454 4427 6489 7586 6928 6334 6070 6155 7147 6124 6513 6980 6518 6457 6212 8191 7219 3297 6889 6914 6863 6166 6421 7753 6348 3498 6089 9022 6378 7860 6381 6660 5949 3879 6092 7610 6121 9392 6382 6465 6981 6486 3339 6900 6430 7961 6494 5754 7841 6986 6440 7667 5057 6473 7059 6222 6578 6901 6493 6385 6925 530 6695 6503 6505 7475 6651 574 7188 6677 7731 7199 7193 6225 7302 6826 9398 7509 6233 6322 6558 6480 4099 6708 6684 5955 6927 8329 6705 6718 6484 1319 5155 1253 7725 6596 6937 5704 6585 6523 8146 7352 3540 10795 7142 6941 6741 6942 7189 5894 7416 6671 6514 6343 6332 7685 7752 6997 6515 7539 6763 7306 5391 6560 6944 7088 8527 6722 7313 8148 6954 7691 6234 4795 1561 7700 1157 6526 8660 6561 6389 6447 6466 6926 9453 6694 6531 6247 6947 6516 5207 6974 7003 7417 6046 6189 1896 9578 6811 7342 6978 7365 211 7004 1338 7627 6279 7018 7044 6707 6142 6215 6678 6697 6745 6539 6698 6285 6248 6586 6310 7654 6962 7808 7042 6757 6476 6733 6762 7039 6784 6592 8702 7426 3347 6791 7776 6455 6674 3366 6499 7071 7783 8774 6795 7080 6254 6545 8790 3542 1279 6500 267 6270 1280 6525 7081 6535 7785 215 6994 6845 6405 6825 194 6847 353 6820 8256 6687 1195 6886 344 6781 1914 7016 3370 6548 6935 8880 6563 5987 6224 7333 7796 11583 6565 7887 7946 6821 6829 4487 8364 119 6921 821 6008 6833 8359 6409 7061 1801 7969 7074 11742 1940 6272 6861 6872 6328 6854 6598 8278 6553 1392 6875 5780 833 6881 6892 7737 4805 6891 7984 6320 6238 6950 5576 6972 6712 6274 7084 7923 3766 6909 8907 6655 8977 7919 6414 7000 7101 8419 7116 6893 6584 5805 6636 6726 7014 6907 6740 1807 8166 7389 7019 6583 7404 6456 8096 8395 6771 7097 7940 6467 7111 7114 6969 7120 6704 6908 7156 6984 7464 7137 6911 7159 7978 6985 8295 6988 6020 6823 6644 6706 7124 7988 7316 7397 7161 6035 8115 1644 7410 7040 6755 7035 7148 363 6021 9052 8013 11063 7009 6609 6915 6345 343 414 6723 7041 6260 7150 1814 7425 7024 6037 7073 9008 5792 8447 7169 559 6778 6835 7411 7187 7437 7038 7181 7443 7191 7192 7055 7470 7295 6739 6849 7300 6481 8507 7057 1471 7196 7461 7478 7924 7311 8016 6767 8566 2253 2126 6743 6866 7503 6998 7500 7170 6350 7402 7570 7444 6796 6797 4508 6747 6877 6611 6882 6131 6537 7448 6336 7261 7214 7453 7223 4153 6551 8018 7309 8032 6898 6521 7178 6361 1837 1537 7332 834 588 7134 8162 8361 8605 7299 7185 7096 7243 8167 1629 6278 9136 7556 7457 6837 1380 8095 9606 6498 8470 7194 8171 7590 7459 6802 7305 8198 7119 8199 6357 7072 1525 7144 7107 7323 7635 9166 8246 7221 9021 6419 7272 8268 6848 2152 9193 7279 9247 8202 7670 7339 7473 6661 8216 7179 8223 580 7229 3769 8641 7636 6048 7476 4197 6880 983 6559 7356 7592 6619 7642 6932 6960 9664 6951 7265 6426 7370 6570 8372 5939 8918 6956 6577 8944 6646 9465 1924 7303 6645 6860 7360 7113 7484 7152 6666 8304 7716 7496 4346 7372 7138 7498 7154 121 2214 6957 9418 7507 2062 6964 6970 8736 6600 8413 8042 11645 377 6971 7582 6975 7384 24 7273 6710 6814 2269 6990 6993 7158 6428 6529 6213 6002 4529 7714 25 8429 6475 9951 1652 7276 7083 8271 6683 7355 6127 7681 8742 8078 6903 6934 76 7162 6250 7550 7005 7386 7795 7429 6603 7564 1574 7308 8518 7006 1288 7010 6841 5319 7163 5410 6873 1426 7394 7165 8512 6019 849 589 9959 7376 7026 7412 4888 7312 8985 6616 7438 6352 8534 7167 7589 7600 8799 13986 7595 7037 7177 1487 7045 7869 583 7414 7183 7190 7231 7441 6748 490 6958 6953 7629 7821 7353 7684 6620 3524 7430 345 6180 7377 1682 7880 7049 23416 8988 3564 374 9011 7234 9050 4968 6216 6977 7364 2434 7380 6629 6495 6924 7034 7390 7257 6887 9 7393 7399 7477 7435 2477 7718 7232 7449 7423 7379 7064 8535 6999 8056 7405 7485 7220 7222 6734 7052 8151 7471 8205 3410 7502 7408 7076 9077 7755 6750 7790 7455 396 9019 7012 8855 6223 6788 7087 7494 9048 7501 7224 6252 9072 7235 2076 7517 8067 7497 854 593 9524 9088 7527 7467 1736 7955 7641 7474 7099 7126 9157 7180 7419 7540 8209 6391 7201 7511 3697 10283 8072 7862 9185 7481 1306 6588 7204 6906 7207 7015 7070 7062 7250 7557 4829 7077 7889 7225 7536 1720 6790 7098 7656 6269 6919 6844 7115 7658 2332 7520 8540 417 7674 7675 7260 6936 6468 3935 6543 7609 7123 7704 7487 7571 8273 7275 5022 6517 6604 6547 625 6398 7125 7254 8290 7290 3756 7929 7522 7973 6754 7907 7153 7698 8555 7573 6522 6828 7266 7576 7565 7606 7982 8655 6412 8104 7491 1749 9589 7281 7611 1521 9482 7209 9333 7293 8128 7741 7719 9308 4872 9367 7157 6608 4495 609 956 2176 6948 8426 5049 7534 9345 7173 7354 6996 7100 7996 7580 8293 8628 7373 7228 7245 6606 7579 6524 1544 7584 6615 7248 6855 9760 6542 8763 8640 7465 7588 7758 8525 7106 8022 7197 7251 2486 7283 8801 8526 8617 8057 7512 6838 6638 7067 6899 6676 8652 7246 9774 628 7762 7608 8313 7239 7259 1865 8657 4315 8819 8065 9794 6688 6817 8714 7297 7269 7321 7613 8323 6556 8439 10466 7851 7277 7852 8718 8828 7324 4967 6582 7532 7558 6702 6719 6625 8488 7325 8494 8068 7282 7327 7284 5062 7307 26 7638 7294 8466 2075 7395 7552 8734 8748 6626 7786 8815 8066 1008 7400 2218 7594 7330 6631 7894 7660 7561 4697 7292 1623 8765 7598 6902 7604 7816 5271 6832 7836 6904 7415 7068 7676 7757 7917 10183 5498 8034 10136 7519 5602 8179 7085 6699 6967 444 8211 604 6933 8137 7318 7630 9821 7679 8296 7703 8563 7331 8192 3835 7421 9350 5307 869 7427 7855 7131 6714 7440 2551 7806 7109 7428 6973 7649 455 1082 7895 9358 634 63 4011 6735 7334 7149 7212 7237 9400 644 6752 7916 5613 7338 7434 7837 6862 5663 8568 6639 7665 8773 4126 8844 7445 7926 8963 8311 7653 7451 7928 8824 8841 7456 1421 7351 7843 7683 5875 7505 7702 9068 6979 8572 9073 856 6775 7710 7548 7857 7560 8248 6870 7347 7480 6800 1173 870 7244 879 7717 6664 6895 10346 11 2209 8613 9076 7713 7001 8251 7734 6968 6987 8709 7861 9172 7761 7359 7367 8428 8732 8446 9178 7483 1744 7936 8662 7002 7013 7898 8860 9339 385 7897 8456 7362 7766 7729 7562 7374 6805 7025 8611 8249 7587 7792 2668 4193 4226 7931 892 7065 7271 7358 7877 7381 9406 8802 7938 6806 8861 916 7506 9912 9230 1170 638 9426 5124 7591 1977 7779 7782 652 4234 8912 7403 1758 4290 4305 8505 9437 949 7893 7063 7436 7392 7409 6478 10156 2071 7921 8952 8803 6864 9522 7468 7945 397 7986 7066 7901 8253 7994 7442 7829 11230 7488 8837 7995 7858 8008 1893 8083 8080 9430 13 5560 7847 7118 7141 7922 7874 7634 9544 9753 7513 886 9173 8088 10395 7489 5042 8480 8019 7791 1600 8294 7263 8033 7508 2236 8866 7289 7803 9277 7876 4707 8320 9474 7805 8014 7815 8027 7514 7267 6812 8871 8071 7268 7942 7865 11055 7515 7732 10311 8327 8038 7310 8328 8406 8049 7524 9549 8676 7315 7528 8102 7533 6983 8584 7320 7349 7387 8886 7531 6876 7559 7574 8913 8105 7335 7601 7490 7867 7622 7086 7366 2296 8355 1345 8075 7371 7549 10519 9273 7888 7625 210 8125 7643 7809 7678 8766 8124 7760 7618 7628 7650 7406 7789 1037 8136 7095 68 7652 5371 8681 8138 9575 7575 7151 4354 7466 1617 7396 2241 7577 8787 95 7663 7160 9588 7103 8919 665 8729 7902 8961 8152 7499 8156 7401 7424 7896 8423 7668 2242 8193 7452 6885 9605 7422 8998 7518 4513 7690 7956 8194 7927 7171 7535 9618 10595 7664 17566 8144 7673 10067 8182 9619 7688 8959 7218 7469 7247 4747 7108 8217 7253 7227 8859 8010 8208 7603 7934 8017 10043 7856 7954 489 10122 8822 7692 7479 7639 9630 8531 1992 8457 4563 7672 9061 8250 7482 6668 11833 6966 5740 7696 7585 7721 8140 672 7486 2487 8829 7807 1784 7706 7708 7715 1009 9720 7669 8864 8086 8607 8884 7495 9119 8135 7739 8289 7866 9657 7236 7743 8319 1177 9010 8279 7746 7593 9032 7744 7964 8362 8885 9631 1139 8291 7794 8400 7754 7242 4631 7759 7623 8895 7765 7612 7730 7689 8868 1821 681 10172 10292 8490 1681 9286 8982 8213 7768 7525 8333 9121 8015 7966 8341 7764 7781 5215 7526 7748 627 9128 8604 7722 7800 7801 2821 8536 7820 5058 7750 10365 8386 7304 7620 1922 9005 6930 10646 8348 4698 5091 2351 7329 10403 7175 8383 8285 9002 8402 7844 10195 7369 7810 7992 8085 7819 9452 9035 7767 7822 7504 8485 7523 9147 1898 8391 9054 7799 9798 7769 10728 680 8039 8623 7447 7286 12065 8092 9004 7830 7838 5782 7545 9322 9669 12762 8373 8475 8756 7614 7633 8046 8097 7240 8103 8109 4769 7433 7420 826 9336 7842 8416 7826 2567 7848 9476 6014 3003 7493 4723 10402 8040 9346 7879 7029 8093 8121 5420 7850 9177 8571 8626 7911 5574 8150 8421 7854 7132 7529 8159 8854 7868 6949 10736 8163 233 7823 8442 8098 7974 7872 7542 7863 7834 7878 8106 8931 7694 7873 8113 7881 7882 7544 8870 7886 9620 6991 7890 8165 10758 8514 9369 7885 7724 8173 8424 8549 7908 7930 9705 7960 7997 7884 7909 8388 8942 8601 8511 7172 7932 73 2579 7933 7949 7939 9717 8651 8981 8453 8143 4944 9058 10150 8561 7979 7418 8052 1189 8176 10435 8045 8716 9723 5621 10745 7910 7970 8752 8793 8185 7989 8960 8197 8471 10196 9622 7566 7943 5168 7554 8227 2517 9070 8493 8760 7597 2697 9384 8820 5703 9744 7944 9625 9623 2883 9089 7948 10388 8879 8230 8059 8896 10479 8755 7947 7647 10498 8069 7958 5932 7968 8503 9954 6040 9424 8557 7971 9410 8813 5428 8254 8235 7980 2556 8924 7998 8186 7972 4677 4645 9746 8261 6691 5982 8175 8177 8188 9285 7983 2485 10898 9105 8264 7999 10501 8243 12925 8430 3013 7661 9137 8925 523 7551 8196 7990 9141 10510 8020 7728 8064 692 8005 7736 8269 5096 10228 9168 9144 6961 8244 8334 8077 1277 8203 10549 8987 497 7828 2669 9599 8031 9186 8158 710 8108 8255 9411 4729 1294 5103 8450 8026 8845 8139 9412 9749 8850 9782 4797 7413 9722 8349 8219 7693 3205 5134 8902 8153 8024 6090 8012 8225 8236 9079 8169 9803 8464 8061 10347 9946 7662 9235 9015 347 10007 9253 8070 8241 9557 8259 8504 10348 8277 8564 9029 11084 2763 3930 8908 8079 9731 9565 7682 8084 5000 9553 8573 8283 8356 8174 2002 8288 399 10029 8302 2670 8472 8881 9059 8315 10890 10035 8187 9271 8379 8900 9272 7818 7747 7846 9293 8087 9300 8021 8371 6190 637 11172 8200 9083 11209 8385 9304 8242 9309 9685 7817 8594 8589 402 8332 7659 7977 5528 8399 8228 8238 5196 8358 8360 8090 9383 6055 8409 9107 8130 7775 8141 8262 8184 8674 9098 7726 8206 8107 8305 9386 8614 8378 9123 2314 8387 7981 7671 8994 403 8029 10087 10231 10438 8157 8309 9446 10562 8976 6546 7853 8306 9456 7135 524 8632 8483 275 5361 8164 8363 9775 8482 8030 8393 8381 9373 11638 8420 9127 7751 8699 9111 8129 5066 9571 8927 10133 8704 8007 8060 9318 10135 10577 9133 8484 8074 9254 7832 7906 8425 711 8396 8221 8422 9006 6311 10220 9869 14 9325 8308 8672 8449 8210 9572 9028 2283 3475 8454 10240 1536 9510 8492 8462 8076 8418 9602 8495 10138 8122 10853 10444 8325 305 8170 8497 9320 8345 7680 8521 8232 3311 6512 10650 8220 8252 8433 9180 5181 9621 8476 899 8123 5266 8496 7749 7780 6209 10259 5555 8906 8707 10453 9678 9360 7835 10486 9764 7892 8126 9224 9771 8287 9122 7920 10659 7458 7772 8917 8149 10667 8346 8257 8523 8739 10272 8717 1299 8524 2963 9611 5401 8532 126 8267 7301 9939 10623 10668 8307 8281 7388 8180 9132 8133 8322 7804 5161 5425 8542 8297 8599 27 9676 8354 7553 9368 7578 8556 8506 9703 8473 8721 10320 2130 8178 8610 9018 10683 8578 9145 9846 8529 8631 3521 8583 8786 9428 8500 555 8499 8650 8553 8195 6713 213 11838 9420 9439 8502 8692 9970 2866 3090 566 8586 8565 8606 8222 8685 10047 7941 9712 8550 8312 8609 10354 1921 8688 10625 8710 9464 8508 7546 8266 3203 9149 10120 8025 9150 8715 2128 8789 9223 9134 9813 8515 8635 11430 2649 8339 10682 600 8624 418 9802 7028 8366 8827 8389 8537 8050 8771 9201 8548 7602 8181 7839 9238 10871 8638 8647 8560 778 9220 8592 9879 8318 8731 8749 9362 8648 9395 8321 8352 8686 795 9233 2814 9404 10730 3103 2466 5596 8656 8587 10465 11287 8666 8769 9472 11585 8412 8770 10845 9459 9500 8777 6737 9595 8404 5616 9469 12313 8634 8775 8489 8114 8785 1045 7991 9478 9729 3313 8843 10497 636 8823 8689 8229 7735 10308 8725 8696 9338 857 10442 9229 8215 9822 9490 8847 8234 5645 10564 6576 8821 12171 7845 8893 9877 8649 11570 5169 8882 8501 8898 5138 8727 75 8394 9468 6601 8712 9550 8862 11022 8591 6298 8415 8738 9541 8743 8733 9574 9591 1868 8247 9950 8598 8746 8612 8465 7899 777 8887 2886 6787 8758 8726 4172 8762 8772 8028 9963 8274 9240 8781 8629 9755 8053 5698 8926 8435 8874 10877 8643 10980 8791 10982 11762 11065 9656 8954 11154 714 8615 755 10575 8796 8367 10175 7905 6528 8901 8936 9808 5708 8965 8776 2145 8808 5985 8996 8814 8846 7740 10494 11007 12220 776 1375 8894 9765 9768 9090 8276 1122 9801 8110 11167 8838 8956 10230 12000 9329 9244 8627 10306 9797 8299 8316 8317 8973 9116 8784 140 10238 11293 8434 7918 9268 2223 8922 9074 8980 6066 6024 8258 8330 8440 8132 7950 6152 11328 10387 10727 8899 8903 8467 9084 9009 7965 3040 9827 1310 8788 10372 8436 8630 11006 10431 9281 8487 8528 10892 9297 9278 8809 660 8479 9356 9627 9855 9361 11304 8818 11429 8938 9399 9183 11396 9100 8929 3065 8999 12026 8134 8336 8353 9033 9884 8830 9155 3156 3371 9870 257 10674 10719 9037 8035 8145 5261 8168 810 10705 8538 8832 10427 8530 6804 10243 12342 9066 9078 8370 8580 9895 9294 8941 9016 7252 9252 8448 9375 11023 1058 8533 6221 11174 11189 9906 1381 8645 8993 8852 8559 8888 8190 9629 10489 9891 8853 9909 883 9270 142 11191 1996 9927 8233 5931 11435 12347 9312 8410 8062 9976 11226 8979 9662 8889 8600 10525 8620 8569 8417 8920 8669 11298 8270 8595 8703 8574 8284 9000 10759 11243 8633 9742 9795 11294 8303 29 8622 12057 9199 8797 3158 10533 8653 8452 8863 9980 10578 8625 10773 8869 3057 9085 10016 8659 9416 9417 8875 15978 9423 9880 1927 8877 9040 7720 8661 9327 11377 9374 9432 10584 8665 7798 8298 11480 8324 6267 5152 10602 8690 11070 9047 10066 9667 11427 9928 893 8695 9176 10613 8932 6807 8890 11559 1138 10805 10691 8698 10073 9988 8937 10033 10038 6303 8722 8091 11002 9156 7993 9466 8469 9138 4510 9433 9142 9481 8517 7619 9443 8955 905 11256 8904 9213 8991 9091 8671 9064 9994 1982 9026 9523 10095 9044 9143 9460 790 8231 8983 10933 8668 8673 8740 1315 9053 8240 8705 9057 9256 8958 8759 9101 9526 12533 3093 8708 8344 11043 8478 8694 8350 9246 9259 8720 1400 14440 9106 9115 8735 11411 9479 11499 30 9158 7705 8474 10101 10097 10712 9194 10128 1552 8539 11228 10131 8713 8292 9491 10170 11642 9492 9251 2155 8728 11456 9493 2190 2261 10024 8744 9164 9108 9093 10143 8382 9163 6271 12186 9197 8972 10694 9192 9590 10185 8551 9153 8570 8687 9165 9012 9170 10211 11674 8616 2288 10190 10213 420 9234 9179 11096 9195 8408 2386 10876 9496 642 2603 9190 10241 8745 10901 8750 10249 896 10248 10964 6316 8575 2389 666 10144 11464 9261 9494 10264 10265 12260 1284 11047 8761 9207 8779 10275 9215 8747 8768 9497 9267 9219 9919 10281 9236 146 11533 6410 10334 8811 12866 10353 9245 10823 10296 9289 9275 3479 9313 9279 8946 9280 10362 799 1201 9282 2302 11536 9287 7824 8438 11296 4412 1423 9353 11547 9292 11552 9296 11594 10370 9515 8044 3692 12606 13110 5907 11314 7935 12652 8780 9305 8794 12264 9337 9514 9017 9316 9528 9560 2008 10289 9319 8272 9321 9548 9340 9330 11606 9341 9203 8642 11682 13116 429 10327 11685 9348 10380 9351 9592 9377 11574 9573 8798 9389 8817 8831 9593 7962 9401 8826 13117 8835 10449 10469 9613 11652 4 9507 9653 6415 8842 8119 8939 10701 9030 4642 9408 8849 11952 9421 8142 8872 6034 11712 11716 11014 11272 9051 8857 9805 12165 8878 9536 10814 5389 8953 9419 8667 9673 9429 8897 9809 3384 9062 806 9736 97 10151 8724 9600 8909 6922 8933 913 10273 11186 8160 8839 9434 10503 10284 10515 7617 9025 8858 9331 9477 9850 11781 9094 5360 9436 10440 12344 9441 10816 10825 9034 10293 11290 12468 9447 10331 6940 9635 8873 8460 9454 9480 10485 9677 12588 11807 8398 8867 9520 8876 11346 10462 9732 9743 9451 11158 10467 7813 8883 7022 10844 9257 11777 10422 9871 9645 9455 9463 9680 9060 2042 8969 8949 10237 8975 9303 9210 8986 9065 1578 9776 11717 9750 11380 9504 9842 9581 7054 10361 10544 9936 9095 1437 9756 8432 12093 9872 9518 9211 9532 9900 8934 9887 8245 9263 9049 10508 9987 10861 9796 9537 11820 9250 9542 8851 8226 9527 8992 11565 10332 11800 7967 9561 9003 10566 3806 10349 9067 10357 6057 8510 8943 9055 8974 9693 11031 2338 5675 10582 9533 11736 7139 10012 9848 8706 8338 11325 10884 10015 9071 378 9545 9535 9120 10999 9551 10658 9397 9086 9148 4656 9118 11240 9857 3099 13136 8646 11258 9911 10382 258 8711 9075 10137 10684 10371 9833 10017 8840 12023 11829 8951 10724 9587 8995 9626 10023 926 2345 8754 12449 9102 9160 9295 9161 9646 9907 8962 8967 10439 9169 10666 10481 8275 9659 10819 13102 9007 7811 11949 3561 7976 5728 9080 9981 11860 9087 7082 9945 9092 11988 10906 7802 10301 9181 9020 9967 9670 9191 8891 10140 8437 9674 9096 10768 8865 9187 10776 9679 9682 9014 9208 9686 9063 10856 10083 9691 8554 8971 11010 10109 9858 9865 9926 12503 10028 9779 9893 9707 8783 10146 8984 9097 9103 9117 9130 1512 10921 12043 10535 9112 8807 9131 10865 8957 9897 8207 12049 9298 9212 9714 7987 9243 9767 9001 9311 9823 9921 10160 10540 217 10788 8094 12163 9709 8357 12759 9735 10874 9113 8833 9151 9154 9301 10808 9371 9745 12064 1493 13336 9888 11879 10002 9766 9041 9688 464 9306 12532 10550 9690 9218 9315 2918 8006 10952 9393 11266 11278 10271 11750 9790 9752 9139 9174 46 9249 10586 9394 10967 10867 9923 9239 10956 11042 9902 9425 9819 9983 9800 10034 9241 6109 9449 9924 8558 9935 9483 3405 9323 11081 9962 10048 11119 32 9485 3265 9913 9982 10079 11164 9654 9791 9363 7914 823 9883 10966 9264 10092 11319 9099 7963 5159 10108 12572 9917 9759 5141 9810 9793 11364 9930 82 15 10157 9968 9422 9830 8000 6504 9975 9146 10300 12046 12137 10111 10177 9442 12097 9461 6393 11250 11607 9835 9344 10912 11577 10351 9953 8675 9462 10013 11397 8856 9837 9266 13501 10599 12219 13505 11403 10604 10118 9380 3277 9839 10215 9274 6487 9324 10022 8753 1579 11412 1835 9438 9334 8301 9167 11504 10551 8155 9502 902 9184 10277 9378 11604 9519 10159 9388 9947 11037 2683 9840 9530 10614 9836 8002 10305 9445 9845 2461 11637 8928 12221 7075 9182 9579 11423 10192 11077 11476 10026 10039 9196 9856 11723 8037 9056 12814 9405 9450 11758 10198 9905 11771 11477 11080 9171 9114 10396 11083 12350 12301 8377 13551 8579 6635 11797 10078 10050 9200 12913 11197 9209 9204 9471 9475 10655 10080 9222 9608 1555 13038 13171 9202 9617 11345 8282 9748 10055 10233 11421 11502 10107 10147 9634 9577 11424 13562 9915 663 11658 10244 10261 10924 10695 9652 936 9495 10257 13541 10274 11778 9925 5388 9228 11232 10158 9914 9852 10279 11269 2375 10168 1585 9538 6469 9609 2557 4350 9232 12340 941 11744 9695 10032 10287 8374 8603 12283 9666 11799 9255 11299 9290 10290 10178 9724 12373 8546 10199 9314 12385 9952 6920 9725 8390 9265 11861 12398 13175 10201 10216 11329 10214 9713 10524 8547 10809 9773 8582 9262 10344 10298 8343 9269 13239 10204 9342 10313 10314 9284 6550 9727 8369 12421 3276 11415 11872 9555 15104 9448 10393 9730 9778 12461 8618 27913 9486 9948 10626 6594 9307 11882 10414 10329 6510 8935 1587 11916 9283 10640 6599 11454 10725 10081 10352 2432 11908 382 11466 9788 9763 11922 10953 10636 10049 10359 6670 10229 10374 9499 10338 11924 10255 10304 9288 11535 8968 10423 99 6675 10454 9326 10342 11980 9960 9831 8376 10381 10830 10394 10268 10653 10401 12418 9863 12471 10410 9516 8081 10376 221 10878 9734 10662 11932 1615 9990 13318 10679 10513 10098 8619 9583 944 9873 13363 9511 10950 9276 1077 9998 7262 10285 9867 11681 9972 6612 6633 10054 11933 10983 10411 967 8636 970 4132 12434 9829 9036 10262 942 11695 9784 12040 9933 10099 9310 6591 9328 8455 9792 9332 10702 12801 9849 11492 11142 9547 3760 10309 9370 13625 10164 9898 11088 10062 9042 9881 13687 10703 10441 11402 9999 9396 9415 10416 10715 9364 11691 10310 10110 10328 11539 9918 10475 9540 9938 10180 1016 10872 10426 10458 16 10119 12143 11871 13379 10364 10799 3365 10470 12502 10130 10932 10445 9357 11597 10005 6717 789 10418 12644 12298 9668 10480 9488 10094 11985 10652 12562 8700 11651 10142 10406 11766 11288 10200 9949 7264 3810 13959 10947 10958 3380 8757 10537 10569 9973 12716 9957 9958 8806 8468 9564 10166 12884 7328 10571 13457 10194 10208 3429 10629 2358 12363 9586 10981 10417 9366 16043 9814 9381 9444 9126 9603 10477 6731 8923 4862 500 10149 7711 11991 11993 12052 10484 14120 11634 10064 9569 10638 10616 11635 10263 10206 11782 12864 11891 11780 10478 14393 2360 10227 10507 9614 10221 331 10687 10511 7336 10518 11997 11730 11650 12919 12758 6760 11029 11034 9484 10326 4452 9604 9844 11401 2268 11237 13011 9501 11058 6792 9140 13462 10491 9521 9986 12170 6834 10071 11664 11124 10632 1707 9993 831 10696 10390 11669 10425 13936 10760 9648 10803 4617 10258 10408 11073 11722 10090 10019 13091 10528 10520 9189 10642 3362 11076 9489 9665 9832 6843 9660 12059 12004 14814 13493 10339 9039 10648 10036 12019 10040 12898 10529 10688 10450 8947 12056 8964 11085 10102 10041 4579 10345 173 11097 10117 13510 421 9728 7340 10714 9023 5426 11679 11907 11107 13880 1014 12083 9701 10044 10757 10063 10765 2743 9046 10113 9529 7205 9543 13612 9741 11760 11108 12088 10789 11089 10132 10778 13028 11125 5640 10045 12031 10145 12102 9198 9757 9770 10812 9854 11792 13020 9225 10555 11853 11868 10505 10232 10399 2436 9956 13524 9694 11870 7378 1761 115 9242 10125 9719 10153 10452 11566 7727 11130 11131 10318 10163 13613 10171 9554 11586 10319 13540 12479 10534 9248 11813 12525 10557 11602 9632 9539 12597 12795 13196 9435 10471 13251 10176 7398 10790 10188 10203 10267 10523 10798 10583 10780 9642 10832 9546 3771 5651 10407 11903 11165 9552 11472 11884 11701 11957 11194 10436 10474 11198 10476 10495 9811 9861 11718 10835 9702 9638 10860 11919 9738 11483 1117 1208 9684 12021 9783 11923 3921 10880 10173 10487 10610 10622 10202 12121 10315 10205 10654 10869 9024 10883 10419 8581 10207 771 10545 10210 6846 9916 11856 12042 13310 716 10567 9806 10530 4154 11180 9862 10588 13638 9812 10894 12830 11208 3600 11267 11514 13719 10398 10675 9828 10902 12110 9110 9885 10246 1064 10657 10913 12112 9890 12126 9995 7975 5721 2361 9991 10833 11086 842 10589 12127 8463 11779 12071 9698 11109 9559 9847 2444 11979 3942 10217 15790 10914 10226 9159 12133 10011 10709 9563 14066 10020 12169 9892 9818 3027 10920 9576 9941 9335 13606 10942 10218 10235 10597 10030 10400 10260 12996 10955 10488 12176 11452 11295 11062 10605 10609 12229 10303 504 9904 12201 10356 10317 10341 15928 12232 11115 1074 13913 10806 11215 11357 13717 10069 12273 11468 10617 9934 10627 14102 9853 11135 10121 12290 50 9260 1006 10517 11311 10977 8552 9896 10641 10634 10014 5146 10661 1105 9944 12234 10821 8576 10834 5790 11580 10649 2385 9349 13299 12245 10637 10987 10009 10187 11739 11741 14546 1705 9689 9876 11620 10239 10671 7908 10042 10522 10837 10767 11692 10836 10358 12271 48 14201 11140 10690 10053 537 11629 1780 9359 10993 9352 10443 10321 10366 10839 9643 11009 10473 9932 10851 5769 9594 10699 10074 10862 10459 11056 8590 12451 11803 11218 4021 10500 5851 10700 9505 10104 9562 11809 14483 7514 11057 12288 14835 12945 11066 11348 12291 462 11087 11825 12318 11362 10413 4035 10866 10091 9372 11436 10672 12616 13556 11859 12327 9570 10100 11207 10739 11211 7687 10531 9206 11103 10324 4098 10335 844 9376 9636 1233 9580 2575 10741 10389 9637 13087 11227 11100 10904 10801 10236 4111 9387 10585 11233 10635 12315 9931 12382 10251 9979 4142 1903 2823 10006 4335 12324 11011 10643 10455 11128 11239 1849 12559 12453 10810 4090 12387 1594 11136 11249 11324 10532 10970 2363 10115 1810 863 2573 10895 14912 10908 11865 10944 10847 12713 12439 12349 10596 10783 10946 11220 10058 12465 13646 13005 12504 11182 9607 11569 12495 11876 12072 10963 10704 11273 11248 10432 10325 10559 10959 12331 12077 9517 13025 8608 15310 10124 8654 13421 9038 12092 9647 12563 10573 10738 9457 12098 12631 13002 9696 12519 12269 547 100 4339 10219 7567 12649 11470 11281 10225 11312 10986 10446 1158 12341 11883 17427 10234 9700 11283 9649 1085 12129 10322 9787 10615 10367 1395 13663 9655 10943 2636 11292 10995 2665 10785 13721 11334 16892 10278 11001 10018 10282 12538 11318 11350 10570 12600 12270 11015 13764 10375 10355 10509 1227 12651 10826 10186 11004 11195 12619 13623 10677 9124 10734 11353 12633 12659 11059 11887 11383 10482 13092 11052 578 10385 9671 4447 10516 13125 9716 13849 12667 11116 10916 9789 9807 11591 10552 11024 1362 12118 12624 10737 9706 11060 11662 11388 10763 1241 11199 14957 13486 1895 12658 12707 15103 11078 11382 4501 9231 11400 15543 11092 9758 11105 10771 13093 10787 11437 10490 11333 10223 1915 10556 894 11143 10383 10386 9708 11099 4540 13108 10870 9878 13629 11670 11342 10822 8751 6116 1434 11152 13649 10838 11844 12284 2378 12120 12187 11774 1599 4384 10854 11201 11133 12690 10561 10472 11260 10512 13559 6720 10536 10639 9901 10961 12709 10574 10547 10746 11408 13585 13427 10800 9597 10580 13348 11217 1469 10656 11443 11205 10548 10855 11469 10882 10579 11485 10607 10660 11160 10676 11159 10723 11367 10021 10885 9992 11372 12734 10747 11763 9761 11264 11972 12705 9754 10664 10089 5778 11768 11487 11494 9769 10633 13519 10752 13182 15299 13818 9780 9820 11873 1329 15432 10624 2727 2449 12379 2661 11507 9633 12209 7626 11252 10378 10669 13628 1933 11518 2834 10929 11161 4553 10979 11649 9715 10148 10392 11017 9762 10673 12737 11660 8892 11019 14063 11375 10294 2048 12767 7797 13188 9860 7742 11519 11179 10985 15587 10680 11928 9777 11520 12856 9889 13822 10706 11407 14134 11178 11755 12765 11394 11850 8848 11603 10647 11877 10934 110 11305 11274 12771 12048 12096 10713 12289 9799 7932 11767 7953 10900 156 11028 11417 10717 12802 2831 13808 12807 12821 10686 12860 11567 12949 10782 11339 13438 11032 11071 9815 11308 11315 10003 7957 10645 265 12415 11075 122 11573 11880 14605 11690 11204 10077 11442 11810 10804 10373 9851 11020 12983 11145 9974 6905 12991 11146 12015 10731 13815 10815 11369 13010 11253 2863 10796 12892 11351 12148 4385 11384 13873 10818 11654 11275 4547 11765 13661 11320 10820 12894 9894 11889 11385 13078 11185 2056 10740 11321 1791 11572 11221 10514 11395 10850 11587 10340 10831 13550 436 10761 4680 11898 10076 13178 12979 11241 11432 12877 1408 10868 11413 11636 11811 12911 10940 11406 615 11441 9937 11340 966 12376 11863 14346 10770 10843 11356 10420 12173 11474 11422 13264 935 11910 11451 11590 11992 11176 11486 11069 11374 10766 10775 11460 12181 12317 8003 11655 11495 10008 11538 13067 11481 10873 15792 10925 13307 10945 12912 2077 11726 12907 11490 11845 10154 12104 10280 11491 12556 8966 13566 12016 11110 12249 9910 11672 13592 993 11500 9302 12915 12029 11291 10969 14026 11082 10161 13008 12020 8023 9391 11360 10888 10004 11663 1474 10072 11366 10082 793 19 10162 10897 11254 179 4584 5506 14793 12799 11526 11093 10896 784 9943 12882 11327 11349 7771 6932 12927 10252 14503 11549 8082 13360 10817 13412 11753 13124 12325 12255 2929 11147 10193 11854 11550 2592 13648 10288 12259 10903 11953 14060 8458 11970 10923 11817 10849 10464 11987 12362 1379 2990 12928 12959 12278 11018 11551 2655 11363 11941 9903 12966 10197 11054 1605 10910 13200 12335 11368 11376 10919 13030 11556 11557 13012 10299 11064 11378 11773 11381 10875 2816 11623 11822 11832 12348 277 19281 10922 12182 12990 13023 10286 12622 11263 11584 11244 12253 11553 10971 10889 10323 13041 10931 11612 11247 4703 10988 11560 12067 13476 13669 10941 12108 12145 10587 8089 13045 1483 2099 13345 11431 11398 11909 6286 10620 11944 19900 12190 11989 13575 11025 14641 14123 11026 9961 13745 13254 13055 10685 11981 10096 10957 13405 4789 11033 10994 10129 13454 10911 14105 11615 11621 14702 13672 11617 11434 11619 11665 11445 14742 11038 11448 10165 5696 13112 10247 11680 11475 2506 12366 10333 1063 11724 13791 12058 11751 11482 12279 12256 12295 11795 13561 10962 12380 11828 11842 11878 13705 11079 11139 11122 11914 11653 12262 11148 11051 12311 12014 12383 12060 12062 12404 10337 13180 10984 11053 12435 10377 13316 13735 11505 12292 11181 1684 11027 7572 12300 3012 7596 12440 10421 14853 10707 11067 11206 10848 11888 12086 14150 1905 11213 11245 11265 12483 11791 11558 2132 10989 11568 10051 9740 1413 11961 4702 11074 12099 3063 15159 14112 13741 13748 10965 19711 10456 10729 12493 9942 13761 7645 11632 12308 13775 14902 12499 14209 11153 13226 12085 12491 21 12486 13148 14916 8260 10718 12528 10429 11575 11906 12564 11576 11200 11303 10978 12392 10974 11323 12634 10611 1497 11689 12032 466 11656 15193 11703 19308 12107 12530 11008 11913 11999 12571 11719 11389 10905 11399 13209 449 11426 11973 10990 12139 8099 12372 12603 11688 1732 12646 10576 10670 11021 12045 13884 11783 12613 10270 11605 1066 11210 12650 11113 11045 12681 12654 7777 12685 10412 10722 11095 12027 11223 11733 1500 12316 10276 12113 13234 11447 13789 12386 12615 11098 12391 12055 12692 11127 10748 91 13293 11307 13911 11132 12704 13962 11336 14925 14257 874 12416 11114 11280 15848 14318 12135 8403 10000 5868 12728 10772 980 11785 12589 11156 12061 11821 13942 2609 10191 12095 13246 11644 10448 11344 12100 1096 11699 13770 13236 11331 12149 11986 14270 12770 8693 11168 11497 11471 11609 10909 12719 11192 12154 11648 11169 223 11440 12748 4873 11484 14169 12665 12773 13347 11313 10397 11738 11761 11830 11855 11170 12161 12195 860 15001 6076 11901 13306 11775 12218 11912 339 2098 11035 12251 11317 11543 6237 12782 12355 11335 10312 13043 15876 12749 4743 10802 14322 11214 11917 11659 11708 1942 10499 11725 11184 14278 13364 11735 12789 12157 11525 12804 8100 15042 11347 11361 10526 12244 11216 12250 11371 12030 4799 12263 11219 15169 1442 10056 11806 12809 12858 13317 11455 11457 12280 12813 1418 13349 11222 14942 11874 13322 13371 3155 2876 1447 13323 12328 13888 11458 11841 13976 11459 3009 13807 3341 12297 12910 11461 13989 11467 12819 13016 14382 2698 11404 11513 18593 106 12130 11875 10840 14062 11040 11410 11616 11517 10824 11563 9440 12132 11661 10112 13488 11622 12167 13145 10360 13350 11595 11686 10250 13417 12184 11618 11846 13176 13237 1535 15865 12381 8111 12185 14247 12820 11683 11885 11831 11886 13353 8663 4834 11425 4848 10693 11847 14856 8481 11899 13905 11242 12384 1109 10926 12466 12212 12034 280 12214 10391 13513 2143 10461 13391 7849 12346 12302 11246 12282 13402 14193 8147 12675 12476 10539 11255 12824 12395 13420 5043 8541 11892 10742 10936 13424 12431 10755 10764 12217 12517 11858 12309 11257 11261 14361 11897 10553 11931 5566 12419 13118 11947 12446 13398 13475 15177 2853 10591 13517 14832 10781 8593 14377 12828 10793 12977 7314 4515 10938 13994 12238 13399 13153 11626 12303 12541 14624 9129 12359 7968 12612 11541 11955 12017 11516 11921 9955 11976 12501 8677 12353 15035 12617 12117 15294 12365 8337 11268 8767 14508 12179 12513 38 9214 12577 4823 11286 10572 12520 13425 13522 1653 9407 12069 12876 11728 12370 14635 13006 12036 10949 8911 14906 11300 11330 12399 10794 11667 12390 10828 15129 10954 14098 12621 8602 13099 11003 11343 12080 14744 12643 10506 10749 10852 11582 12890 14249 16243 12066 12647 9104 12626 11542 12727 14533 12082 12089 2169 4851 12403 13480 11938 15778 13497 16049 11915 494 10628 14572 11341 10879 13291 12674 15235 13483 14839 12660 12677 12684 9413 1964 9470 11106 12236 13511 2751 14590 13529 11370 12931 700 2872 15306 13471 13552 12460 10254 12689 12407 11392 11611 13498 14649 498 8701 13021 13300 11428 11050 13174 12703 10336 16328 4910 14736 12698 12523 11094 11129 11954 1754 14924 12987 8204 11450 14780 8401 11509 12732 13558 12752 10960 14550 12792 13560 11546 9506 11102 11155 10224 3023 11510 11171 11488 13627 12549 11966 11091 14327 11163 11627 12426 12800 11386 11162 10538 12803 14658 8792 11173 12456 11251 14482 11225 11967 12816 12843 12464 12437 13544 15008 12537 11277 12146 14159 3079 11515 13206 11391 14312 20704 15697 11971 16313 13671 14078 11529 15798 12909 2093 11731 11677 9031 12005 16742 12420 15190 12044 12578 11111 14376 12124 12007 12141 11134 10558 12875 1110 14288 11530 12573 11149 13452 15288 12924 13685 11578 13478 12492 11824 4482 9582 10846 12153 13686 12467 13718 13536 11721 12636 11231 11643 11446 11918 12641 12352 12696 11282 11836 11310 13504 108 9525 11734 19890 11418 11297 11700 3089 390 8644 11365 11234 11676 12198 11925 12887 12918 11496 12906 12952 9624 11936 15437 11188 11834 15391 13563 11946 11848 12953 12699 15892 12756 12155 11693 12028 12881 12035 12457 14359 11770 13774 11788 12128 14132 11581 11840 307 11593 12960 15429 12472 12285 2181 11752 11337 6305 12963 11521 12964 12973 10316 14613 14479 13079 12981 10600 11390 13512 15442 10350 6114 9663 11379 11571 13584 13184 12551 11600 11120 13696 12142 11935 15529 15665 10726 13797 11963 11678 14587 9675 11983 16699 13050 12982 12993 991 12307 13070 2263 11994 13738 11694 12175 11465 11598 11866 12547 15710 11479 15014 15230 12115 11704 13061 1247 6330 11839 14664 12159 14412 12596 11709 8697 13094 10733 11960 14611 12498 13574 13570 4785 16980 11956 8825 12037 11869 13713 12720 12191 12197 12332 13776 12521 15457 11625 13131 11740 11489 14535 12744 13157 12775 13064 12216 15981 13029 6407 15025 11126 13216 14552 13036 13769 11633 12337 15120 11959 11964 13783 12781 12345 14077 7450 13286 12374 12116 12361 15158 12012 11387 14782 3191 12442 12054 13075 11759 11851 13596 10606 12793 13916 13149 12609 1480 11962 13105 15467 11512 16391 11646 12524 2538 1547 11589 13138 11157 11862 12484 14107 10762 13636 13159 13428 15245 13051 12558 12546 12992 12676 13871 11444 1033 12025 11745 12776 13608 11478 14619 1795 11920 13164 10997 12156 11927 11523 12839 13456 12079 13062 11737 15267 12885 12222 43 12587 12230 9726 11748 14091 12038 13518 14127 12679 14110 12210 13183 13578 11579 12078 11624 16527 12091 12261 13642 11166 13920 10689 11150 14223 11754 9348 10631 13643 13947 16307 13256 12691 12114 11943 12854 5086 11628 15475 11540 12978 13334 2938 13219 11175 13287 17050 13895 12265 13925 12277 14571 12797 12125 4915 14760 12663 13658 13344 12138 13971 12226 12661 13675 11193 1419 14972 12948 11668 12275 13230 13739 9985 13701 11338 11588 12322 12319 14304 5087 13963 12326 12168 13232 12371 13104 12357 1866 13244 13143 12811 13799 13321 13878 12188 15192 15626 12506 11818 12714 12364 14524 9817 12233 13366 23662 14162 9013 11601 10181 16719 12865 12053 11358 12581 13759 12867 12369 12248 13354 13893 12252 12401 4990 12111 11416 13121 12412 10774 11698 14025 10813 11769 11710 17221 13369 11631 12422 1135 13406 13934 11608 13964 11527 13966 11548 12724 5974 13372 16338 16022 12183 10189 10841 12224 12406 14029 11610 5167 13373 3372 14031 4812 12423 12656 5002 15685 10784 14224 12444 13411 12445 12454 13779 1163 12620 14261 12041 5184 12730 387 3215 13415 12664 11720 12267 13444 11796 13969 15737 12670 12287 13432 6571 17680 16078 13389 14059 1115 11639 12639 12878 14100 11657 12672 14114 13397 11982 8451 6422 12673 12299 12338 11826 11673 12006 13800 13813 183 13134 11776 12920 12496 2234 15875 5710 12623 9875 14173 12697 13782 12367 15518 11934 12427 7605 12010 6147 13467 14070 11793 3235 12747 12929 13199 1632 12462 12305 12666 2613 11942 11707 12330 12761 9699 12888 4138 12351 15747 14886 11715 10881 13521 12711 13401 13825 11864 1870 12470 13279 11881 14075 14081 14189 12738 15820 13827 17477 13468 14083 14197 11727 11749 13515 13537 12669 14255 12196 592 9882 11951 15344 11984 11801 1119 13842 11929 9964 12766 12090 13866 10807 12320 11930 9965 12473 11786 13465 14093 12475 12321 5209 14148 12777 13073 13924 13933 12051 16678 12235 17578 5568 12477 11772 817 14156 11905 10891 2140 10405 11794 12529 14216 12336 14366 12914 13431 11804 11965 10973 12239 11948 13492 17634 14181 13532 12974 6798 12394 12424 10415 14279 14010 12430 11995 14414 13821 14190 12768 14267 12505 8459 12810 1560 11827 13147 11212 12164 12815 15885 10075 5093 10460 11998 11902 608 14206 13547 13172 13217 14287 11013 6436 3248 13215 12084 3097 12455 1572 11812 6795 13047 13292 6227 12980 14490 13864 13582 14292 15386 12999 17994 12458 702 7651 3397 12989 13591 14285 14325 14958 11316 14241 16691 13320 809 13242 12002 2018 12671 12488 14356 12818 12686 6965 16720 13003 13954 14470 14598 13617 12700 14051 12509 13396 6815 10603 14358 12515 13605 15549 12534 12075 13449 15047 14697 12742 1054 12550 18802 16827 13600 12013 14068 14620 18328 8486 14297 14751 12579 11835 15828 16152 14306 17706 13624 14330 12923 12584 13610 12429 12829 12063 12268 14144 13026 7089 14774 12518 13295 14309 12591 8516 13645 12721 12094 14094 14334 13066 14320 10084 13341 13659 12514 13928 12625 15835 2147 12008 13714 14335 13181 13247 12119 13311 132 1143 12662 14494 13499 13549 2198 19116 13708 13899 13987 13201 12140 13767 13039 16285 14342 8545 12281 11926 12073 610 11101 14340 14343 1052 12575 16506 12510 14391 14368 13082 15149 12710 12070 12668 14395 13683 14398 10692 13695 13482 14904 720 15863 12511 15415 13253 13707 12158 12203 15447 14413 12076 12215 14602 12607 13742 12296 15900 12554 15495 1179 12683 13496 12304 14019 3481 15521 14404 12247 13754 14408 12122 14419 12410 12723 13749 14432 290 15954 12729 12763 10502 12433 14636 14040 14776 14457 13752 13765 12769 12172 13564 12785 12786 12450 14462 13579 14452 12134 13979 15970 14492 13101 12481 12678 12375 14477 16542 12189 13413 14458 12405 13595 14050 1191 13044 13096 12718 13227 14509 14574 12193 14517 13193 12798 11978 12833 12836 12791 13604 224 13614 13224 13228 14706 13771 12731 14453 14467 12206 12822 14743 10777 11039 14034 12237 1595 12417 14512 15259 12240 12257 13223 12794 12568 12796 14554 11896 13716 13238 5920 13853 12832 16543 15524 12841 16577 13260 13252 12223 12354 15591 14575 13772 16585 14469 13886 13296 14164 15409 850 13912 12396 13375 12411 14801 14473 13927 12448 12211 12570 12842 12926 15682 12478 12487 13777 633 13874 13830 59 13982 15830 10811 12594 14627 18875 134 12859 12844 9409 28065 14668 1897 15780 13042 12863 10939 14864 16002 13832 13860 16018 13001 9508 12286 13263 15494 14675 17967 13890 13080 12310 10543 11950 14117 14530 14608 13049 14592 12872 12494 871 13951 13284 16069 15861 13276 13390 14126 2101 13885 8741 12880 8567 16792 12806 16062 14752 7677 16162 12908 12500 14682 14565 13984 13018 13955 14014 11630 13090 12682 5956 13381 13351 12512 7102 12840 12921 16294 14766 505 14035 13106 2362 14043 14686 13967 13953 14768 16887 14186 12438 14308 12314 14809 8805 14058 14097 13221 2418 12740 13404 12542 12081 14131 12680 13407 15585 14640 14775 13410 12397 12516 14133 10594 1161 9940 12555 14811 19234 12826 9681 16378 13484 12722 1235 12565 2250 12753 12576 14138 12400 12611 13490 13726 16938 14654 12402 54 19364 12846 14735 13509 11968 14876 12586 14194 12902 16397 18054 13479 1757 15716 14877 14151 10123 11041 3545 14022 129 16300 13414 12590 12932 14888 14152 16119 12857 13113 12943 16571 14184 14210 12779 13618 12443 13573 13620 28402 12480 9045 16340 14222 12630 16574 12831 13433 14889 16940 12835 14234 8812 14252 14263 10665 14932 14187 11112 15690 14692 15841 14714 12408 12428 13261 12642 12593 13892 12970 12599 14941 13631 13126 14485 11072 14281 12750 1691 14299 13539 14728 14484 14349 14950 14986 14212 12837 14374 14500 12688 18365 20236 9237 1303 12736 12848 14090 13525 16597 109 13641 11187 14513 14141 14789 12975 12889 12994 12608 9650 13416 12995 13637 6418 13007 12944 14976 13673 13997 12957 14826 15677 2793 12604 13000 10430 12614 14982 14003 13202 13660 17189 13728 12825 11196 13277 7712 13037 12934 513 14149 3539 12627 141 14988 1186 13795 14388 14868 12205 12628 14233 14004 12871 13068 15010 15116 16604 15146 16632 18431 12629 14254 16634 14009 2651 1916 14290 2109 13052 13065 12900 12899 12891 2427 12507 14511 15255 13682 2150 13903 2949 14505 13688 12274 17042 14615 13727 346 12757 13192 15678 13235 15289 9672 13243 14518 14601 11049 13665 16708 5069 10451 13109 13639 14303 14253 13712 13130 11537 17195 13137 12916 1243 2199 12946 13259 14831 3033 12886 13679 13907 12695 13734 15566 12715 14428 12901 15872 12969 13150 12950 11224 14672 14851 15316 13187 15584 16645 15175 7174 11508 13189 14684 15531 9280 14677 12595 13690 6146 877 12508 14319 15013 12735 13337 14498 14733 12986 13294 12754 13205 13746 14243 12997 14295 14363 13324 1950 14425 13751 14176 13755 12557 12726 15051 14749 10681 1657 2311 13218 292 20800 15783 14758 13204 18208 1057 13019 14280 16673 12760 13340 14772 1545 13763 17212 3631 15667 13222 14268 13255 11238 13057 13086 5806 14326 14885 17213 12780 12490 14352 9503 14893 413 11790 18839 9679 14921 13258 9697 15079 13268 15011 13824 13453 10735 13241 10750 2667 12861 10917 14515 15683 13100 13945 6847 14796 16648 1494 13850 15130 14360 11697 14844 241 12580 13528 18222 13817 9816 13826 17381 14410 12560 2809 13875 15692 8172 8744 15709 12917 13281 14938 14454 14027 13297 14355 13835 13361 5375 16714 16766 2347 13339 15787 13330 15881 16825 8834 2459 13838 14096 13988 10581 12582 13076 11743 11117 15181 13999 11355 14940 14119 14118 14777 14621 13530 14709 14525 16843 13380 16948 15282 14378 14510 13355 13670 19371 14537 1269 7191 9825 11798 14032 14542 13847 14896 14082 13128 1270 13700 11138 17269 14130 12743 13304 13356 12694 14963 13367 14928 12933 14147 14001 13376 14171 13852 13085 13778 13523 11969 9834 14548 14971 13773 15031 13197 12764 15251 12937 14994 15058 14628 13014 15067 13359 14180 15462 12790 11974 13859 13031 14790 13365 5203 13249 12823 15903 15323 9899 12827 15086 18759 1297 11852 12834 13069 14389 13257 14305 14794 15107 13133 15377 9929 12838 12849 13436 13083 14800 15205 11259 12862 14198 12074 13382 14239 15017 7773 15072 12903 15088 12938 8814 13901 15206 14273 15914 15099 12150 13802 13409 18825 13459 15781 14555 12602 15466 3064 14274 13098 14384 13863 12939 15171 1562 16686 15187 131 17109 19392 12941 15413 12103 15224 14578 13503 13557 13868 15182 11301 13542 14095 13312 15252 4253 4261 15247 15085 1298 14739 13154 15698 15260 13568 14703 13577 15097 15261 13140 14455 14883 3482 1390 12702 15265 16949 13526 12808 13129 15276 15304 13383 13580 15376 15239 14488 16856 13565 15920 13139 14177 15315 3229 14746 15319 15324 14296 15330 17119 15335 14416 13896 15055 13388 12101 13170 16859 13177 14765 15385 12897 14767 14321 12947 14397 3387 13918 13581 15068 15089 13597 14553 13165 13922 13194 13601 14596 13932 49 14937 13781 14238 10504 17418 13250 15110 15357 14604 16231 14678 14688 12954 13968 14737 14442 12958 14738 13393 15347 17031 12356 13302 15401 12971 13598 16164 13609 15496 13309 13664 15773 13273 15858 17305 13858 15623 13993 17218 15877 14787 13032 13403 13535 9966 13054 13632 14443 15621 13009 13195 14372 15161 15393 15410 13823 14993 17329 17125 17342 1570 13285 14468 13870 6083 13855 17106 14576 13103 15641 13313 14135 17352 19566 15582 15027 13212 16252 14463 12653 12739 320 13142 15910 14798 14005 13331 13867 13439 7255 10212 14536 1124 14807 12136 2599 17517 5290 13881 15648 17748 15991 13144 13652 13937 14451 15634 16009 11359 15074 6479 13122 14018 13980 13674 6255 12160 14711 13882 14854 14023 13691 13288 13938 17176 8835 14057 17447 13442 12904 13451 14064 13506 9997 139 13211 11420 17356 14464 14769 14080 14822 13940 10167 15472 14874 12942 17363 2680 14884 15148 13950 15404 13995 13107 13342 13343 14514 12805 13978 13697 6581 14466 5306 14196 15138 3796 14585 16174 13731 17616 17897 15152 17461 9081 17786 15007 15026 14597 14008 13362 1002 13463 2817 14445 15173 15160 13056 17467 13111 14875 11462 14129 1078 1430 15884 13146 12389 14387 15109 17691 15676 13531 16377 14000 13732 13543 14294 14471 14202 1625 14946 12968 2653 15408 12166 14351 17945 13729 14516 14566 12855 14643 7621 13060 14049 13135 14300 13141 13207 15924 13572 13377 15588 14951 15953 14813 14061 13736 10492 6824 13733 13370 14965 13203 0 16812 15758 13576 13743 12552 15131 15028 15718 12202 13097 13744 14795 14020 13856 14087 10710 19650 2205 13314 13374 14667 3083 9826 15009 14465 13378 15071 14028 13766 13602 13400 13435 18065 15016 70 14033 10179 7538 14089 15956 14383 17810 7710 13992 32349 14042 15620 3800 4251 14143 11262 15214 15625 13368 10483 14647 15313 15372 13429 13210 14317 13684 13245 15919 16537 15254 11503 13758 13220 17559 13229 17737 15959 15039 253 15091 15640 14890 17829 15962 14045 11534 525 15966 14985 14449 14481 15379 13841 15492 14507 256 14599 15387 5583 2208 13780 13784 12343 14418 15111 13594 13445 14561 15301 19255 14074 13231 19938 14158 15117 13469 18154 14584 16025 13831 13839 13248 3086 15722 14046 13266 14099 9971 582 13883 10857 13267 17846 13586 16301 6840 15441 1661 14214 20616 1038 17875 18327 16012 14437 14088 13653 7784 12569 15124 3863 15398 13952 15799 14109 16179 15134 11473 13900 19700 15145 10025 10169 985 13960 14116 15800 13507 13977 11756 13448 17266 14124 14544 13677 1975 16212 13689 13272 15151 14211 13315 14183 17233 12965 17933 14137 14725 2961 13325 11506 14756 17941 10269 13460 17970 15446 10618 17986 14476 12585 13508 14557 16038 17992 14220 12378 14558 17579 20136 17368 15163 13589 15166 13619 17104 14154 10859 13786 15179 12655 14170 14174 13792 14501 15185 4326 15113 14717 13654 16039 13450 14161 14208 1168 15191 14213 5504 14217 18015 16430 14235 18246 16103 13626 21977 15189 15197 6335 15203 14236 15212 3865 15297 15482 15229 12706 14781 14277 4977 18342 13656 16459 15359 11764 11815 16064 2950 15490 12536 13271 14240 14185 18119 10493 14417 584 12539 15243 14785 15253 14838 15499 13840 15336 13983 13703 13502 13455 15411 17529 16277 13711 14859 13704 14242 6386 16015 10886 10527 16438 13715 10565 13555 14264 13837 15534 16197 15663 2293 13634 21814 11819 7833 14732 12868 14848 14581 15342 14526 14586 18048 13588 15526 15545 15416 18064 16326 3595 16332 14911 14266 18066 15998 14271 14444 15656 14931 15598 13862 15664 16381 7890 2305 5553 13667 18074 14354 18082 14568 14021 13678 13720 18077 14272 14657 14286 10948 14311 20199 15264 17462 14338 3136 6865 16441 13724 18425 13828 14614 15493 15280 16113 13571 15721 15616 18195 3314 15563 16512 16042 15742 6700 13958 12883 15610 13692 18110 14405 13599 15142 18630 16528 14659 14612 16236 18707 5564 18204 16534 10721 14799 14849 18233 15209 15639 16579 14362 14199 16595 14645 18898 8368 13611 14370 16292 15786 14436 14044 2862 20621 15420 13834 13666 14226 14487 14339 15307 14231 6439 13865 12951 13514 14048 18254 15643 14461 13904 15465 22076 14879 14491 14713 18142 13973 16596 15271 16584 859 14497 14504 12998 15870 11975 14892 15691 14855 15738 16201 13914 16616 14052 15303 13015 394 16659 14917 15918 14949 16718 16004 13681 13929 14956 14771 16310 16764 14905 2317 14588 13970 15838 15552 13972 1075 15889 15354 16394 1274 15000 16502 16559 14085 14532 15333 18320 1737 14115 14723 13693 14506 15947 14683 17746 3622 8637 15034 14385 14301 15232 18571 1751 15262 15356 14392 14545 15637 1765 14218 13694 15369 607 16053 13166 13699 15417 13930 16644 16772 15388 13668 14402 14748 10302 12922 13702 15234 14016 16389 14041 16533 13709 16325 18146 10951 13240 14136 15948 15400 8836 11684 8910 15445 13768 16424 13939 15976 15481 18189 13753 10754 15987 13473 14618 13737 12870 3186 10598 14549 11061 148 14427 15242 18325 13790 13793 18261 13757 565 16024 16060 17138 14140 14438 11203 16079 15937 13794 7010 15759 15450 2376 14017 16681 15065 16821 18426 15125 15268 15362 12985 10858 15775 13173 15272 11849 16083 13985 14314 14556 15483 16589 3689 15511 16613 16661 16802 15147 13845 15544 14036 16237 16861 3047 15479 17064 15418 14959 15941 14474 14570 15893 3081 11012 19408 14531 14069 884 7825 4549 16270 11857 14323 15971 14275 13996 14145 15453 14071 14067 14079 11562 14175 14701 16095 5773 15520 15176 12988 11151 16698 14858 12033 17291 16700 1764 21980 11894 14207 15593 143 2514 12106 13538 15452 13750 14543 15562 15596 16704 14228 14496 13894 16806 16120 14092 13941 15023 15618 15098 14499 8427 677 15477 15188 15484 14591 13265 16920 11714 15723 14705 727 14842 14594 18580 16716 16854 15491 15250 17422 3723 16140 17009 15660 16105 12312 14820 13806 11121 14872 15736 14111 18339 13812 14631 14153 13816 15456 15583 14244 14179 14528 16023 684 16157 1316 15237 14472 18323 11 18429 14332 11284 15327 13004 13796 14011 14259 6143 15220 14915 13289 1456 15807 16778 16080 8921 14603 16216 14695 14836 14260 14056 15571 14291 13155 14680 15244 15760 18432 13616 16314 16330 16982 15628 14694 14973 14065 21060 13926 9027 14073 14328 16232 16869 287 13836 16112 14336 13163 15803 14609 6299 16172 15540 18461 14927 14648 16753 1041 16186 18185 14084 14547 18692 14269 14730 14283 16207 11183 14731 14160 15273 14350 11904 18804 13395 15021 11808 13213 10792 14172 17589 11141 16734 13394 10915 16833 3052 14182 15367 14341 16847 15060 15392 14559 16251 14353 16275 16284 14289 18998 18646 14734 17604 15257 17802 15150 15284 14770 15233 14837 15597 14948 14230 14364 14379 9175 15275 18860 15731 14221 16515 14761 13437 16355 19014 12645 16094 15568 15382 14580 14778 14833 14583 19409 10086 14900 15823 14595 18682 6562 15984 15666 15305 14907 16599 21200 11190 16782 17961 9043 15318 13443 16373 14846 14407 14250 15912 14434 14953 19094 17300 13446 15673 15777 694 16996 15402 15674 16432 14871 12123 14626 384 17973 15802 3091 14899 14307 16448 15824 14918 14632 14897 14225 13957 16611 18458 1604 13991 19068 16918 14333 14367 14974 15933 15308 14698 15334 16269 16289 15444 19246 16910 17142 16728 14371 14980 14720 15754 14952 15695 14987 15053 15553 18886 16562 18296 14600 16449 14251 9097 15748 13434 14345 14386 15078 14475 21998 14920 19626 14954 14293 15365 14995 13706 16368 901 11270 1777 22519 12228 16406 21341 16455 2010 16995 16784 14750 17020 12526 15004 12204 13464 14999 15454 17030 14262 18514 5699 16627 15449 14816 14053 15917 15480 14357 14315 14819 16942 15115 14344 15018 2924 15136 16804 15069 411 15277 13495 16635 13944 19192 14282 15036 14284 16509 15833 14375 15814 14380 19261 6786 16318 15162 15979 15840 14298 16054 16950 13961 15556 13811 14331 17041 15093 16074 14663 15059 570 16984 15186 14493 17086 15886 19140 18857 16131 15922 17126 21201 12436 15270 14310 14673 14704 17141 16422 16165 1787 11352 16189 11322 16494 14828 1128 15856 15815 15281 15 15831 7128 18525 20158 15940 15279 7190 11414 18179 14329 15405 15949 15849 16966 19257 15434 15383 15114 15421 14390 14593 1061 14539 13848 12527 14430 14652 17005 17375 6917 17153 16191 13635 15990 16536 14840 14406 16242 3318 14843 15157 6054 11867 15222 17011 17013 12936 14852 14409 2666 15339 14610 15448 14037 14381 15320 13650 15201 17162 14894 13730 17173 16336 18284 12535 14403 15869 15974 15455 15557 80 14450 17208 16100 16193 11005 15906 14422 14429 14441 14863 16235 12618 12741 15565 11814 14655 16027 14460 14521 14522 16230 16253 19475 14670 14316 15424 16703 14724 12772 13017 4866 13059 19334 14495 19553 16640 17029 14519 9188 18561 16312 7344 11511 12144 12561 16041 28643 3361 19600 14934 15135 15570 17407 15223 14529 16264 15474 15213 16121 16809 14845 16810 13290 16865 14538 14617 14867 293 17067 16085 6058 15019 14541 16722 22635 17081 15487 20328 14762 602 17555 15431 7455 17273 19762 17367 14651 14523 14446 13801 14616 8212 16081 15256 16256 15501 14623 14961 17420 16293 12469 15522 17492 16143 17360 17120 15266 17503 15895 16303 2409 17274 13305 13418 14625 3461 14629 15573 17567 15577 15837 748 19343 19679 117 17603 8239 11090 14638 18354 13534 15302 15669 1989 15572 15607 13931 16089 14489 888 388 16361 16746 17110 16286 26 16750 7033 15314 15225 8263 15321 14639 15631 15680 17121 17696 18424 19287 15706 19400 14763 14646 15375 17129 11990 17207 14827 12241 15399 15655 1068 13546 16306 19401 14435 11354 16372 1207 16343 17671 15704 14666 17542 13553 6465 409 15497 15337 13640 17476 11493 19690 21426 14691 14719 9296 14700 19083 15346 17238 20729 15406 9601 4912 16567 14898 17605 13440 16169 14908 13740 11544 16028 15671 90 17244 14712 16339 12485 17154 14439 16183 16867 13869 2645 14727 14817 15713 15022 175 18867 15765 15574 18522 14679 17025 17256 2393 17272 15083 13872 14964 17812 14721 14747 15101 17708 15785 14560 14806 14478 16090 17510 13587 14527 15412 14729 16350 17840 16176 15468 15795 17729 17388 18613 19115 16059 721 297 15513 17751 14895 16360 16211 21839 16402 15812 15844 14829 15689 17103 15805 17843 15381 19415 16222 613 208 15740 17772 15852 7460 7146 15128 12574 19450 5685 14996 23745 18624 13603 14881 16227 14909 17975 13906 14562 7615 16047 19886 17151 14997 16956 15854 16793 17130 758 14804 1804 14710 15514 11555 15516 15636 17155 13935 16418 16254 14913 17828 16404 16964 149 1090 17349 15005 14166 15878 17527 17935 16263 18882 4105 16450 17581 16666 15541 17399 15132 16463 14563 16267 14984 16178 897 15002 16093 12638 17192 16466 17414 17588 18932 8445 15536 15915 15913 22302 16128 15199 15020 15006 15032 14922 24003 11309 14650 15358 14753 15645 17989 16258 12050 15972 15037 14878 15793 14715 18031 18681 14745 16035 19699 21853 13956 19119 11592 15986 15390 14415 16471 14656 16375 16893 14970 15548 16468 9414 16279 15052 16398 14671 16177 7516 15139 17166 16529 19222 18045 15073 18966 3757 15542 17505 16550 15851 22586 16182 15144 16456 294 15561 214 16586 20114 19774 16334 19113 15070 15658 15965 15154 15200 16587 15180 15195 18089 14786 14689 15580 15589 15661 14630 14002 816 5219 16643 18158 427 15811 14791 15604 13622 15605 14716 15082 18069 16523 7581 15687 15423 18380 14681 22733 15595 12962 14757 16610 16452 11706 19833 15997 17204 16130 14764 15696 14802 4988 14803 19908 15210 22831 14805 13447 18716 16084 16000 17268 16535 13698 14810 14857 16086 15761 15724 15095 19101 15215 16087 15650 19944 20736 17617 17531 16114 17590 17298 14919 430 14812 16663 4042 17378 15746 17354 14930 19954 17681 17781 16665 14861 16556 12852 22616 14862 16376 15227 15228 15246 15762 19311 15274 14865 16683 15123 17619 16141 15679 18153 14815 14975 14006 15652 14955 17390 231 15003 17474 16489 15725 18211 16196 16198 24313 19156 17322 1095 15419 17402 19360 14989 17377 15048 14423 19511 16680 16234 14007 14821 14933 11647 19376 4088 15707 14870 12174 17484 15443 13788 15694 29896 14966 19213 16917 12323 11895 15715 16249 7913 18024 15727 18196 13798 14992 18052 18198 16259 8396 19728 15751 733 4130 15720 1262 15094 19180 16868 19121 15771 15788 15789 1169 15791 15853 16260 15874 17514 16304 16687 15287 13810 18245 16712 23174 14991 13158 17609 17445 18220 15063 16016 6154 19244 16724 18343 17709 13861 1812 15044 18877 16723 11937 18345 18435 16098 16713 4204 18448 16729 12243 15248 16919 16783 9556 16877 16351 15283 23348 15360 16475 12432 15806 17538 18274 17610 16785 17780 15796 18526 6482 12018 16933 16819 15219 15743 17276 16268 16818 19313 18352 17547 15904 17614 16957 14825 6593 14055 14847 16308 15366 17646 16846 12940 11279 16761 18914 19749 12388 1842 15300 19754 14024 15198 24769 16331 2524 17874 2467 17018 15818 17279 14887 15839 16807 16934 15371 15963 15374 20937 17723 1642 17918 15908 16492 16841 16496 17732 25694 15911 1176 15926 14891 21489 15989 15532 15061 16880 15397 17991 2045 19355 15440 16896 15977 2232 15226 12635 17818 18039 16353 14926 16736 15102 15994 15427 15470 16367 16941 17099 17726 18565 14256 15969 15950 18073 15062 17878 1268 15478 14923 16500 15076 1846 16383 19981 8461 15238 15993 19159 15084 15533 2447 15106 21975 16063 15547 16400 16607 13179 18188 15291 17205 17920 22255 16066 19212 15946 16082 13458 12131 18368 15611 15309 12178 15927 16419 15633 18394 16101 16885 23540 16333 16507 16508 18478 16106 16109 15958 16721 15331 13191 16026 16578 16633 19564 4340 12955 16780 16908 16946 13327 16110 16056 16798 17784 17111 16888 18546 21510 14108 16580 16976 19363 17045 1228 16124 17039 19227 15122 15638 18257 17105 16127 13805 19247 15575 15755 17139 17216 16474 17963 4394 22472 15662 18846 14707 6217 15126 16444 14969 18417 17146 18011 15380 22732 7624 7951 15599 15675 17175 16744 16472 17573 13152 16619 15312 17220 14139 16125 15551 17822 16030 17186 14990 16142 16051 16476 10976 18609 15141 820 16071 13280 16637 15156 17191 17776 15772 12200 18433 8011 15240 16096 15428 16638 11596 16146 17850 15688 16055 17294 18206 16382 16139 20031 16498 15809 19374 15896 15164 16171 15015 17621 15258 15263 19389 16642 16823 17983 16145 16159 17182 13843 13494 23578 18469 16206 16168 16649 15630 16135 12293 17684 16654 13854 8138 20037 17158 1197 17345 15046 8648 16173 18215 17327 12657 20045 19259 1351 16180 16813 15298 16150 16221 13329 19286 13889 15317 16225 15744 16229 16445 18262 17872 23448 16829 18219 18297 23110 25591 18714 8761 16857 15635 13891 17686 18491 16245 16656 20054 14348 15732 17910 18226 15325 15726 2073 16181 16894 16272 14696 12545 13898 16582 17303 17747 17174 16916 13593 16519 16273 16539 12717 16615 16192 3400 12567 15822 11449 14167 17719 18639 16522 18075 16349 23616 3067 19449 16501 16311 18252 16690 1484 15699 7177 17171 15351 16280 16205 18810 1236 15353 13282 21629 13814 18316 16695 13527 15471 16354 15932 17415 16965 20224 15363 13657 16748 17193 16811 16626 16987 15703 16295 4420 7186 18840 17838 19457 16862 14726 13998 14188 19677 16321 15702 16348 13680 18356 17057 13910 311 18471 13520 19395 17364 17974 19730 17058 17062 15049 19464 16653 16359 19569 431 16679 18363 13615 15714 14204 2635 14030 16366 12553 16384 16392 15498 19993 16701 15719 19683 3569 14302 17863 16826 1788 20157 18282 16396 15407 15766 18582 19729 17472 16403 17376 16672 15459 15733 4533 15519 18919 20084 16453 19835 16458 17690 20069 14401 16781 3874 15867 12540 16420 12693 1951 3210 17314 18605 774 15435 16930 15871 14191 16985 17417 15603 15855 18279 15485 10887 16676 4230 18644 14502 1003 15873 15879 15622 17988 20388 16486 16717 16431 15030 20105 16932 15614 17150 1388 16429 4455 21888 16155 16605 15050 16530 16658 20208 17955 16732 15488 17032 15439 17738 16548 17338 16408 14258 18369 15739 16770 15907 13877 17379 15064 16692 17740 17752 16779 16805 16434 17230 14606 17054 16858 16188 16749 17060 16727 18936 1200 5465 18596 16426 16878 1293 3671 23637 15211 20230 15826 15508 17755 16598 1848 15646 18080 15469 15741 15902 2328 17084 15931 16436 18128 17169 12708 12853 17237 19907 20233 17959 3711 11419 172 15500 16923 8804 16058 437 9977 19862 17003 16834 18704 14313 15539 14644 17043 16210 4059 16652 14830 19977 16540 12598 17369 19995 17969 15846 20014 20459 15509 16454 17289 16428 17101 3715 16435 18273 14424 16870 17046 15559 17144 17448 18060 16651 17297 15925 17676 16228 15672 14653 15066 13063 14979 16696 14165 1107 12895 18400 14792 10716 16457 17788 15311 16730 16872 16875 20160 18173 13887 16739 16440 1403 12905 15567 15581 17715 14740 15930 16849 17310 16470 19485 17116 15293 16481 15296 16563 17406 16238 15938 17317 16040 867 17373 16278 14265 2247 17198 16906 15569 16801 1043 18560 15590 4466 14754 17333 17160 18076 17493 18585 16487 15140 13033 8997 15684 20172 20599 9053 17915 13909 19093 14755 20401 16935 16495 16958 1790 16538 17487 15609 14685 3838 15901 18174 14783 20237 20661 17389 17677 4880 16816 4559 17424 19133 16991 14337 15975 9568 17217 19686 18085 17022 23485 18227 14824 20235 4061 17391 17225 18026 4562 16097 14841 17720 17241 20254 23776 15960 17245 18229 17833 19317 17431 18072 16639 15340 15612 14914 4407 17465 787 18364 17080 20239 20259 17456 16898 1798 11729 16561 16864 9641 16565 16092 17468 17093 17496 14873 18183 15619 16602 16625 17112 17753 17551 17734 4423 17117 16951 9616 15767 17252 15752 14998 18641 15045 13088 19532 16668 20267 15352 16902 15057 20291 13123 18656 21008 18383 14850 20295 16662 17478 16909 16287 9628 15629 17184 19378 16929 17940 15546 21143 17350 17489 17140 18655 17504 6454 16302 19584 17055 16733 16693 16532 17319 16116 16776 16347 16118 9109 15866 17049 17641 15921 15594 16795 17525 17090 17181 18702 15668 17347 16799 18124 15711 17733 16621 20320 19552 15729 19736 16944 16358 17809 15769 14106 16860 17494 17248 16352 20902 17255 14192 16123 15208 17650 15332 17568 16160 16386 17586 14936 19593 18725 17393 19647 16437 20384 7801 16927 484 12192 4658 18239 15973 13151 17656 15414 16447 1553 17092 15735 18748 15087 4670 15804 17261 452 15819 17226 17240 16768 17443 14929 18391 17267 2765 18411 16175 18477 14947 16972 16194 16516 17271 1144 17326 18753 2464 13074 1427 21241 17265 18493 20363 18544 23574 20614 17260 17281 12180 22782 17358 16735 18614 15968 17284 6783 23899 17340 15460 922 1436 16464 16990 17304 12605 16203 18946 16518 17899 17385 18617 15745 18092 17767 16830 12967 181 18551 15505 17328 1503 18642 16240 9598 16752 20332 17600 20000 15980 20747 24124 20381 20058 17620 15029 12213 17694 15860 12984 15506 16566 17403 17315 18926 20075 15647 17404 18953 17535 18647 15090 17460 4881 17069 17556 17572 12733 17985 16771 19030 16808 15935 15550 18781 18161 15040 2252 17072 16133 23255 15554 19838 18648 17257 15782 18717 16838 20748 17102 18307 15096 18177 9646 14968 15100 20095 18309 15776 2390 2197 18317 21617 19843 17441 16646 13058 16421 17582 15108 23273 17601 313 10174 18651 17712 18815 15642 17188 17613 4611 25629 16981 24133 17320 18336 18831 4673 17762 18724 15153 15178 15797 18102 18341 17618 15880 17439 15043 20788 15632 17000 17466 15216 17625 20410 17669 15810 15957 17353 16660 17263 2088 24322 17491 16520 14245 17672 16017 20422 17048 17628 15080 16288 17283 20100 15995 16208 16075 152 18487 18849 17674 15105 17311 17792 16828 17088 15137 4619 13225 20426 17682 14399 5029 19865 17344 17651 13186 16889 17599 17097 18928 17801 15964 17808 16170 16623 15923 16271 24336 318 17716 17361 18618 20911 17687 17689 17065 15651 20526 20649 15952 20465 17700 17644 17365 15681 17739 19032 17701 15231 17371 18592 24338 13198 16840 16899 19057 2468 1175 20 17372 20927 20532 17383 17135 157 18348 17143 16209 2535 17855 15329 16903 16837 20574 16423 458 16283 20677 15364 96 15617 16689 18770 19232 15701 15859 16299 16224 17707 17145 17858 18775 15836 13269 17159 15649 16725 14246 17861 18577 18838 16531 20787 15579 16323 15170 18604 17386 21085 4709 299 13278 16316 17394 16756 17768 16409 15955 18933 17722 17437 16319 9661 992 18672 17464 17731 18283 15967 2496 19692 17777 15292 619 15112 15951 16568 15451 17458 20678 19947 9612 17165 15882 17764 18778 20815 15538 17475 18826 16848 17172 16057 20778 17931 16317 14426 16345 16003 16731 20827 17936 18853 788 16364 15883 20131 16045 17778 18816 17730 15394 17185 20829 17209 19059 16380 17867 17938 1592 15326 17214 12930 15808 17769 16102 19912 18619 98 17741 20772 17783 17773 18003 1879 20841 15349 16337 3354 17665 17663 17790 15817 17522 4911 15905 16005 17995 16399 1097 19789 16034 18684 17470 18111 17791 21520 17879 9859 16410 18958 13208 2110 18350 17564 16050 4833 1902 21766 18746 17286 17219 15825 18972 16048 17883 18376 16969 16855 10266 16863 18673 17366 16065 16411 13301 19015 19079 16670 16480 27009 17136 792 16158 19959 17683 17946 16261 16291 10182 19963 19022 15535 16296 15558 17224 153 18783 16329 16488 15564 17473 13466 16994 17815 17724 16108 19089 15578 20870 17743 9989 19105 17536 16149 21847 16549 18602 20836 18224 18918 20933 18005 813 16341 18900 16335 17537 15909 19263 18952 16636 15843 16741 20946 15985 17236 19970 16215 16879 17483 18987 1929 17886 16674 24603 17803 17594 17835 16379 18588 20949 18277 16223 17979 18310 4077 16010 18591 16442 4916 15586 16467 18007 1952 15608 19099 17824 16547 13168 16032 17264 17760 10295 322 1516 17705 17306 17834 17851 16552 15770 16789 16817 24639 19138 13333 16971 15592 19150 13548 2553 18625 17502 19151 17285 17787 17336 16836 16998 19178 20975 19987 17574 3854 10651 17860 15813 16344 17596 20995 16239 17923 17880 626 10139 16255 16414 16904 19191 21005 16570 10663 12266 18390 16153 18123 20017 352 18718 17849 17033 17576 17798 18734 16184 15850 16593 17270 17857 24815 18988 15847 16248 17972 7943 15898 21024 15613 13386 14431 794 16443 19237 21102 20983 18757 2618 15916 16992 16214 17396 21105 16266 25512 15763 28 16469 21152 17210 21874 16356 16011 16013 19218 17978 16650 16226 21365 16008 17400 4921 16365 19323 17530 16737 17980 17444 16346 13422 17757 16483 18401 16928 16997 17324 21086 20040 16405 21192 17295 17316 1607 16407 17002 17419 17012 302 17330 18033 5577 25186 18626 16247 20630 3862 20994 17862 1618 1320 20144 17873 16743 17063 14622 15887 17865 16033 17570 10369 19241 16126 13426 17888 14520 16485 16881 17587 18813 17896 21226 16068 20161 19394 2064 17539 17639 18101 16073 17426 17423 17797 17543 18832 18890 17122 20162 14665 17647 22008 17655 22024 12543 17346 13545 14983 17901 17917 25535 19038 18037 17571 18552 1203 18016 16309 19325 18408 20817 18437 16490 16759 5418 16369 18104 16115 17262 20205 17848 18894 13590 10968 16478 16077 17430 17894 17928 18093 16137 4593 19274 16504 17825 17727 17949 21079 17334 17871 17440 16274 17585 16129 20226 19050 17075 21382 1822 17469 16282 16298 11030 16393 10037 17089 18086 16760 18496 17964 16510 19242 18120 17580 19442 16514 16395 16427 16425 16622 1818 1963 19108 18137 18144 18170 15983 18036 21257 18004 20342 17593 18414 16591 17893 2676 18814 19513 17754 20356 19523 19580 18187 20266 19294 18202 18010 18019 16629 17597 17895 26481 16387 19742 2406 16451 18044 124 13630 18047 19319 43193 17131 1829 16465 16803 13554 17932 19763 17615 19348 16647 17814 16883 16925 16479 18232 18249 1802 18087 18242 17876 18163 1995 20049 1254 1858 18112 18281 21738 21260 16493 22078 21032 17132 16517 18938 17981 21266 14759 17652 16132 16513 17916 21295 17993 17612 17515 21092 17180 16014 16576 16657 18738 16524 11453 18751 21305 19111 19354 16544 17532 371 16569 17999 1862 407 17114 17703 16573 16499 17819 17017 1877 17038 19221 5226 18001 10235 16590 19448 1205 19120 16685 16775 7087 16190 16978 18057 3891 801 17134 17187 19454 17842 17070 18295 18377 16758 13633 18434 14195 18445 5282 16706 13662 17118 21539 18018 20669 10394 18402 19250 16581 18088 20180 21097 20773 14773 19461 21116 18375 19581 22104 1619 19332 13046 18097 18764 18105 18175 18099 18948 16233 18114 14860 18324 16740 16641 18126 16755 18164 16763 18201 17040 2773 19738 13710 18465 16796 16154 18225 18622 18152 16853 16797 18129 18664 10621 19537 17718 22147 19291 19430 17170 18235 17758 19573 16664 16167 8795 17250 16937 19656 17837 14869 16924 15249 4426 18127 2051 20794 18247 20543 16765 25541 2026 18777 19810 8940 21130 16195 19664 17914 24730 16939 17841 14779 18148 19667 19303 18559 17258 16897 812 16952 18172 16955 18329 22169 1658 5714 18230 21134 17524 18974 13762 2958 17549 15942 19585 13787 18260 10245 25574 21297 18156 18842 14797 19720 16962 18269 18638 16773 18193 21485 2422 18289 17416 18272 19027 21278 25165 18301 18335 18578 16814 18660 19336 18827 26606 19046 16374 13804 19439 17168 18688 20293 19381 19671 19388 125 18964 16960 17024 17528 18032 17847 16979 18223 17877 17425 19299 17302 17259 14324 21149 18418 18403 17194 17937 19727 17059 18528 18081 15143 16200 18270 18306 18311 9644 18576 16882 18494 19533 18501 22171 22178 18981 2819 20779 18118 19404 138 19024 4634 17008 682 17577 16390 18498 1889 19873 17229 19029 16986 4110 18527 17629 18539 22476 19112 17313 13567 2089 18566 648 17061 18616 18268 13846 16988 16551 19906 17921 14708 19056 18318 18547 19847 19066 16416 17016 18200 16815 6135 18620 3078 17100 16603 17056 19091 18652 18710 17133 19606 18586 5422 16901 18599 18319 17401 17001 18362 17488 2116 19618 18231 18634 13946 17021 23171 19122 19735 18406 14935 16461 17137 20950 18735 25032 16473 31118 17047 17309 17499 21560 18755 19137 16824 18340 22856 19764 18661 17076 14047 18662 16895 14456 18579 17359 17178 21316 17200 17179 18663 17704 18667 1035 18679 1685 17518 19610 19148 16614 14939 17339 14866 3237 17392 4207 17490 14486 18360 1699 17183 21568 17115 18796 9651 21545 19897 9341 16874 10630 18666 7331 18830 20272 18689 17035 16913 20707 19623 17211 18703 18631 18674 16831 19170 17201 19169 25908 18873 17632 22916 16993 18384 17228 13725 16989 21004 17095 18695 10114 17889 15167 27668 21222 17239 18713 17026 11945 10644 17127 16220 20091 18823 15338 17919 19825 18726 21014 18035 20168 10381 439 6477 17971 19638 19451 17318 17411 18727 17454 17666 3255 17215 18758 21784 3955 21612 19135 20126 17323 18028 17190 18715 21026 21212 2207 17513 15204 19200 17074 19182 20286 16999 20281 443 19217 19477 18234 17085 11732 17685 18042 17606 17163 17128 17608 20289 18731 19278 17640 20303 18752 17624 23180 17643 18760 17692 17693 19779 18266 19864 4735 18385 19545 21296 25421 19347 21677 19223 20309 17242 18367 19289 18879 18440 20310 19931 17658 19663 19960 4945 19962 18457 21736 17247 18416 17094 17480 18887 17695 26773 18761 18467 19971 2840 18754 20376 15183 18767 18923 18043 19986 20504 16620 17331 19295 19672 19668 19673 16694 7472 18774 21045 15348 15196 13723 18768 17713 18460 19695 17203 22617 19280 18184 17199 21682 18382 17004 18782 19889 21638 17774 18935 19958 17348 22206 18481 17254 20051 14693 18852 19751 20011 18822 17096 18423 18883 14722 15361 18949 18115 18349 17501 18776 17807 9692 16943 18353 18030 26437 18794 15370 21611 18482 19214 19996 17370 15269 18492 20021 19023 2694 4328 20962 17148 18790 16136 18806 21714 14104 19333 18885 18835 18504 9704 17397 20052 19813 17282 18442 18903 18971 18811 18989 16250 10720 21823 17710 18556 17197 21951 22937 1714 19010 18564 16262 18850 5450 18212 2734 18006 14072 5791 14122 18888 19828 19489 26352 21615 19230 18450 18910 18214 18658 18459 17337 18304 23398 17744 14369 18287 21350 10744 27097 17405 20512 17534 17750 16511 20078 17548 21077 20099 16560 21661 17765 14178 1970 17299 17817 18567 17410 17332 10975 16265 11104 19270 17010 19302 17412 18911 19831 20668 17413 11996 25923 20700 22096 17497 17446 19341 17435 104 15373 17821 22215 17235 16609 20190 20104 19861 15378 21849 18955 18314 21751 4229 15430 17591 17451 18921 19471 17202 20535 19443 19965 18698 17222 18817 17653 15433 20382 18940 21937 20113 18259 16305 16669 20204 18587 18960 18483 19472 21837 18484 19678 2497 19002 17498 18976 18293 17869 19882 17749 18762 18807 15717 17157 19279 17463 20214 15473 16682 15864 18696 17023 18333 20243 14660 17506 18495 16276 13120 18505 18945 17243 17449 19007 15528 20258 17481 18959 22138 17595 16371 1313 19301 18518 27476 20283 4762 18983 155 19045 10127 19924 18992 20304 18143 18536 20308 15615 19968 17485 17557 19001 18967 22292 16497 17852 62 21119 26565 17495 19065 17881 17675 18737 18453 17486 18970 22461 19980 18785 2889 15730 19594 19025 17560 17552 18791 19508 18523 16839 19088 19063 19053 17796 19433 1917 26016 19985 17078 16388 17636 19163 20346 18537 20027 17831 18167 16844 19012 19061 14661 20079 17864 17954 13879 17500 18203 19478 17962 19069 55 4308 14823 17457 18549 19055 21887 18078 17516 18213 17335 20282 17561 18563 22281 20212 18607 17512 19126 20198 20311 18116 19074 18238 15127 16608 20348 17563 17526 10797 18558 20453 21353 18263 17584 19467 19361 17702 18979 22325 18321 18014 19127 2231 4765 18637 20222 17816 17866 22492 21479 18278 20103 17607 20432 5147 20959 15894 17868 18792 20327 17648 18793 20502 17633 19168 17659 18071 5164 17545 18809 16774 20379 16852 18906 7980 21410 22015 19153 18944 5604 20594 19397 16922 21376 19193 19096 14784 2546 17544 19482 19233 17664 18649 20557 19483 17553 15774 19070 18000 15396 16052 18594 17611 21764 20623 17667 17523 16871 19504 18701 17870 19098 20238 19117 17654 17906 21878 14121 18795 36168 17227 15992 21127 22211 19375 19262 19557 26414 19103 20412 20659 12425 17673 17280 18670 20440 19124 18697 19204 19154 21550 19167 19604 18291 19243 14163 20997 18799 1331 18732 26193 463 5781 1322 17044 11498 10209 5166 19422 3969 18744 20234 6198 17775 19268 22345 19509 17688 16667 19640 19130 21655 10829 21920 16738 14676 17275 17698 20250 18557 19583 22291 17908 21558 19522 1324 12441 15530 21596 14168 18294 14788 17717 17759 21726 16914 19210 17911 18749 19184 17167 18848 17711 19596 21168 17763 17770 21635 17771 4893 19653 19288 18780 18787 18991 20645 22894 19188 17782 15939 21313 3271 18851 17206 20464 20317 11545 18861 17540 13132 2244 19435 17785 15749 18499 18880 20481 19436 1731 20666 22523 19445 18034 15897 20757 17382 21711 18038 20374 19309 19245 2275 22672 19423 17037 15936 18606 19298 19646 19164 16072 19205 19773 11522 17929 18132 19300 19453 19199 18800 19492 19659 17884 17793 22962 19224 19304 11526 19681 19256 19592 19353 19194 17565 19267 18876 17806 19731 21773 16484 17662 19306 52336 17924 20391 18140 19688 19252 19351 17805 18091 18829 18145 26362 17728 15961 19474 17699 17947 17966 20509 22075 17950 18864 18305 21834 22379 18897 17721 18905 18462 20508 16122 16558 19290 18929 4066 19490 20839 20861 21895 19240 17779 20491 17987 18828 5262 17854 20513 19390 16751 18017 158 20523 20675 20555 846 19794 18957 19320 21377 18022 19705 19428 17839 17766 21898 18338 5256 19737 19984 18155 26986 18962 20568 16147 20551 19792 18199 20615 21904 18589 1276 19479 18975 21850 20883 19874 22389 19330 18870 18166 18595 20183 20708 20396 3413 23069 17887 17898 18168 19498 19783 18878 18968 21719 7 19502 18986 18374 17891 17922 19344 19004 20587 20961 19034 18908 17900 18276 17904 17028 19350 21928 19402 19516 19110 18186 19821 19804 21803 17927 19264 19529 19039 21406 18954 21873 18020 19366 21957 6896 18025 23104 1928 829 19856 17925 19383 19739 22868 17395 18675 18209 23108 510 19543 18029 18046 18098 19028 19044 19060 17562 18228 19575 18113 1856 19782 18068 20951 18221 18121 19387 3157 18980 17631 21960 19092 20494 19579 20965 19497 22549 18122 18138 17083 18147 18133 1986 19414 19880 19917 19957 19746 5594 20601 19008 18258 20629 17098 19418 22803 19016 15576 20628 18683 5620 18150 23245 1151 19097 20639 22971 21064 21416 18285 19114 22815 18326 21150 19095 20004 20644 20640 18733 19076 17934 23603 18136 18366 17939 1988 20752 18288 19787 19588 20766 16959 20705 21237 21993 19808 20756 21994 22044 19769 19419 19484 16370 15600 22010 19517 18836 22088 18488 573 18315 19494 18519 18165 17943 18192 18292 18347 20761 20765 27740 21833 19885 19819 18841 17277 18611 19905 16067 11046 14411 21272 19128 19136 21067 19158 15654 17795 19546 17374 19236 19598 20650 18454 1334 19173 19565 18218 18497 28020 473 19189 19554 18869 20805 19251 18241 23287 19031 19570 18190 19839 18788 12047 23246 18507 19531 17944 20581 20895 18937 19859 19318 22100 22686 11696 22156 20797 18520 20041 18303 18207 515 19621 18509 16218 23722 18410 21083 18264 23305 21036 18334 20821 2013 22036 21123 18942 19979 15343 19589 18843 19590 19866 18250 24950 20047 19841 18094 17509 22538 16134 19649 19605 19359 20138 18389 19923 23030 25147 20028 14674 12489 21137 21273 20947 18393 13013 19042 2804 1342 28016 20174 1407 18267 15693 19607 20844 20057 19006 16684 20072 23312 18302 15829 18381 18524 19654 20070 21499 19321 19429 20026 20907 20909 19080 18543 19612 19657 17725 19155 19172 17968 19658 20919 19597 18008 19157 16241 21253 18412 2854 20925 17856 19181 18050 18420 18439 17799 17519 19661 20926 19215 22188 19432 19680 18413 19162 22777 21289 19682 18428 20940 23397 23018 18070 18506 17312 19431 21351 18444 18083 17958 18449 21058 19202 15891 23450 19229 18455 19718 4341 19609 19697 19284 20148 19858 18722 22588 22230 11687 20954 19744 21354 23556 19307 17952 21378 21576 19777 19778 28098 19772 19447 16281 17558 18415 19372 21906 17164 22250 19315 19780 16754 19009 19342 19814 21405 19524 18468 18472 19370 18476 20958 23922 18474 19815 19634 19857 20071 17398 20987 21490 21059 19386 19868 22361 18479 18486 19438 17626 19816 16290 186 18535 19636 23142 19748 20116 1441 19495 22352 21069 19823 18427 15842 22785 19633 19849 17960 18521 18023 18709 18058 17341 18529 19875 24257 18049 17965 18517 19878 19881 18510 19753 22290 28285 19106 21159 19166 21591 19832 25525 19685 19456 12544 18067 18084 23176 18530 19798 18531 21145 19876 16777 17124 6397 19846 23590 19707 11532 18358 18538 19887 21245 22306 23843 19458 21188 23041 19925 24061 23179 21484 23146 16945 20271 19722 21958 23828 1455 20448 17421 21164 19473 19515 18750 19888 19891 19898 18540 19512 19538 18555 19530 23268 24077 19802 18572 4415 19903 18090 21502 19519 21219 591 18109 13500 21205 22468 19955 19920 17246 20142 19534 20134 21246 19544 19911 22319 7120 15862 19549 22356 189 20150 18653 22368 19922 24127 18216 19652 11837 16044 22448 16315 20394 19550 19945 22624 20451 18765 23514 29276 20500 22486 22001 21750 19836 18180 5277 18803 18635 22493 19793 17745 19635 28133 19481 12482 3174 20642 22498 23587 19952 19660 19994 18542 17357 7291 18570 20016 18847 19966 18640 20163 20023 18643 20165 20767 20056 20152 19547 19568 22500 18699 19662 19967 18387 21901 20178 20064 3447 18820 19976 18244 20077 19837 23694 16006 19902 19991 17998 15750 18562 19520 20019 18322 16001 3417 5299 26681 18645 22016 20085 984 19910 20118 20147 18874 19666 18657 1159 17533 16968 8375 19914 18705 20184 23470 19675 19969 20171 19696 11666 22513 20189 5668 14960 22522 20192 23966 19747 17006 17756 18379 22691 18388 21220 8537 18881 24648 18399 26977 664 23839 22614 4744 18253 15934 17452 19758 18694 20195 19929 20156 18685 22712 21681 21563 21228 20035 20167 19558 20905 24048 21268 18299 20221 22577 20225 20002 21696 18405 18741 20125 20245 20186 19807 19755 20194 24613 23938 20292 11229 20297 20128 20314 454 19811 22489 21916 18872 18690 18711 20228 24068 18912 20246 18920 19934 1472 22604 22578 7782 5689 19740 27000 1499 21927 19870 18729 18977 20139 20784 27445 17034 18500 16491 19090 19528 25320 20257 15944 18901 3211 21303 19183 20188 11271 18541 21712 20278 2321 19081 19551 18569 18581 20279 20307 20323 18771 18182 22585 18763 18805 16525 19235 17108 16572 21346 20333 19877 18994 18344 17177 20300 22022 19790 17832 19143 18443 19040 22050 18837 24300 19574 20830 22642 20302 20012 18779 19058 18855 23009 22620 1817 21357 21919 19276 2387 14634 20341 20350 16091 20059 4108 2019 19109 20360 20421 18865 19273 23486 22662 20352 20383 3509 22714 21534 17196 8224 18300 21238 21185 20405 22136 24210 21361 19990 18930 19871 864 2028 20229 20359 20371 16019 19201 22057 18907 20013 18895 17550 20851 20397 18996 18359 18396 18464 20361 20036 17292 20399 20438 20415 9082 20390 20460 19637 20456 22112 27918 4136 22195 19643 22759 21986 15168 22140 18654 19296 11757 22689 20483 20393 19844 21418 22804 21569 20256 20068 18532 21195 20492 17408 20524 20146 18943 20497 11044 17996 24333 18963 19702 22160 20507 21308 2891 19033 18916 25866 20435 16076 20463 19312 21589 21425 18969 20202 19926 18533 22225 19655 19337 20885 20081 20038 20467 16617 21562 18597 19824 18950 21029 20514 20521 22822 20525 24090 18438 24795 19272 19285 19340 18978 20562 15221 20498 20088 22272 11439 17321 12812 21684 19345 20611 701 2039 20377 20754 25583 20567 126 19346 16526 22077 21251 22114 1759 20249 18550 20806 20920 16618 20501 21449 18601 3597 2050 17380 20589 20932 28055 20477 22249 22307 16702 21315 22846 24638 19107 19368 19676 24846 21452 19399 20090 22321 20121 20480 20516 20093 18012 19848 20517 19379 20586 19541 24698 19102 20129 20203 20153 18999 28337 21466 16726 11802 24949 20593 21685 3448 20600 20211 19559 22848 19141 17885 16088 19973 18676 19391 21727 20518 19338 23558 18612 19198 16907 21675 11487 11911 22849 20529 20010 16697 20531 19817 21043 24493 15525 13384 18736 20268 21366 19469 19403 22948 18040 19712 19721 20608 18051 21443 20709 20537 20275 20565 19493 6440 4113 17892 20063 20759 25804 19949 20643 20658 25928 21495 20539 20819 21454 18628 19741 2049 18693 19788 19416 19420 23861 19803 20695 22199 21121 22139 20034 19146 22256 20263 20280 19426 18677 22911 21463 25053 20149 20774 18700 23879 18719 20552 19555 19797 19018 20299 20681 18633 20556 20603 20633 19820 21536 20634 20818 1892 8520 20096 22288 18095 1384 18730 19041 22546 19505 18739 19822 20673 20691 1359 20968 21319 21551 21013 1510 21049 19165 25088 20728 22969 25283 22963 21078 19049 20133 19595 20196 19936 23797 18141 6074 19142 17278 22332 16148 28427 18769 18668 28430 16439 19507 19085 22925 15653 16757 16791 19176 21672 20750 18728 19253 25123 15670 17455 21051 18742 20716 20741 20652 20744 20305 23916 23934 23936 20209 9125 21141 5372 20730 20770 20227 25676 1172 20285 19827 20865 26162 18808 20771 20824 21235 20864 23078 22370 20312 18844 20884 20899 16787 19883 20339 18862 20903 18290 28684 23927 16845 17453 20322 1394 21691 16677 20944 20143 19644 17635 21161 16594 17637 20173 20468 20918 12003 18346 20248 20802 20929 18680 21631 20547 20273 29573 20863 20145 20424 18370 3002 18157 21290 15657 19048 17679 18723 20964 22033 22407 21703 21419 27174 20823 12009 16900 20915 19956 20935 20370 20734 21292 20385 16842 20436 20319 18409 24123 15757 19208 19896 23944 18863 24253 16911 22972 21755 19265 19704 19855 22913 23159 2420 20942 20948 18889 20277 16921 2437 20437 20050 16947 18965 20470 20980 19052 24363 23107 19324 19670 24505 19211 19226 20731 12024 19292 20986 21010 18191 22940 21011 20403 20154 20253 17735 19978 22364 17052 24771 21017 20407 20409 21028 22547 21030 18909 21034 20417 2066 18351 19134 23109 22243 3553 21312 20637 19075 23026 17827 22647 21725 21798 12225 21039 20609 17015 18237 20430 20427 20807 20445 23141 21300 23167 19694 21945 20809 21081 18378 20066 22365 20473 18490 21826 21057 18756 17351 18917 22454 23173 19367 18789 21879 23193 19602 28486 13919 23498 12447 17287 24831 21338 19322 21388 2812 27764 20474 19869 18712 21016 17362 19326 21930 20542 20218 8560 20510 22574 18447 21052 18475 19003 22623 19380 19382 21093 16710 20485 21037 20062 22175 12632 17697 23102 21048 20904 22391 21063 22426 27884 21186 23641 13819 21107 21047 22245 23281 22701 18812 21126 23313 23002 21144 17830 22480 21146 22381 23232 24268 21154 19314 20109 23501 19086 19384 22490 3037 1671 24307 19385 23274 12294 22534 21322 21225 21254 17630 20487 24395 22420 12850 19407 2828 21836 20185 21197 23113 18833 21301 21176 19743 21559 19072 24909 20519 1317 23374 17845 19799 22602 19708 20461 20511 23386 23568 19899 19412 20533 21796 20558 24571 18708 19726 11236 23857 17638 22695 21329 20476 21042 19930 23482 17907 17913 20006 20115 19446 20489 18554 23135 22807 18568 18859 20065 21433 20989 4667 21180 20553 18598 18892 22244 20664 19455 20067 24980 25193 20087 19641 21255 22273 19476 21620 24579 21199 19525 21637 19125 20530 18866 23535 19542 19149 19830 21068 19396 19441 20546 26882 17714 5430 25759 19460 23874 21704 24999 28520 19186 22928 1010 17905 21190 18891 16747 21367 23384 21091 23612 24429 21326 22716 5283 19440 20550 17293 19571 20667 20561 29826 20124 20563 21385 23021 21680 16601 2106 24580 21900 17853 19760 21757 22541 20718 21392 24618 23195 21396 19776 22855 5316 22457 24649 586 20169 28257 20719 83047 20575 17859 20618 20588 19842 20793 19586 20725 2121 21964 16788 23452 24692 23092 20102 19943 2086 20622 20490 23625 19785 20602 4727 21441 19998 17902 22285 20698 21232 23642 4831 22758 2939 16790 21264 17930 20803 21431 20462 16850 21432 19197 23891 20679 14967 22336 20845 20656 22852 18515 20112 21203 22463 21274 19916 18902 21829 21444 17984 19961 20657 21541 20684 28530 25456 23371 17051 20029 22731 2131 19632 22859 21281 2516 23478 19619 21276 21579 19919 22790 20688 21491 20712 5840 18041 22229 19444 21843 23505 19459 3106 21415 22488 21429 21782 20853 20860 20132 5865 18516 21455 23648 21509 20120 18893 22986 28555 19487 16161 20900 20714 28711 20727 18904 17071 8222 20760 6194 20738 21586 20764 1360 19527 119 20717 20881 20912 3143 18961 5877 21514 19572 22877 22497 19576 20135 21917 18062 23463 26051 21785 26063 3603 19587 24139 20137 22348 22032 23474 25509 19989 22080 921 20828 20914 20921 20141 6312 22014 22208 17290 21523 20934 22394 23660 18934 23965 22512 20324 21801 18103 20938 21572 21588 17073 17482 21599 21815 17087 20768 16185 20855 17077 21277 1429 1530 21284 3607 17113 21567 21230 20812 20992 20182 17123 22545 23978 20408 20769 22168 20042 6045 20798 17231 21423 19190 19283 31973 20799 14 2349 24070 23676 19937 25058 19611 19615 12039 22568 20810 22598 19648 20826 20055 21293 20213 20869 22626 24148 5893 19698 23488 25235 18896 21818 20197 19622 27138 11409 21294 19716 19768 19784 18243 18985 20891 18982 20089 20107 19020 20888 20076 20206 18275 21695 20216 21003 22465 20832 19064 19826 21055 20217 22449 20255 19860 2562 18834 20988 22912 20261 25529 21607 21652 12896 24470 21885 20701 928 23691 12976 21929 21302 17152 20893 22413 20262 22315 21088 21524 20897 21963 2622 20274 18332 21665 21469 20848 19988 21307 21595 20908 19750 21328 20922 22605 2505 20357 25491 21667 19011 19019 20358 22011 20367 23269 22659 20389 21422 22984 21446 20831 24186 26382 21708 706 21694 22800 22882 19561 22801 21713 21581 21461 4855 22425 24219 21715 19809 21630 20005 22071 21793 15236 22885 20073 21718 19087 22431 20284 20469 13095 22992 21531 19144 20301 20450 13298 19770 24608 21090 23471 6448 17308 21729 26429 3415 21566 2777 21020 20321 24532 23692 22428 21645 21117 25538 21155 20867 21023 22433 21744 22464 20696 23663 19706 17307 22886 20777 20928 19725 21583 22528 21794 20458 26870 9226 21342 19851 21606 21349 19879 334 19872 12358 21897 22095 21754 22611 20387 25544 830 20971 18130 20001 19185 21074 20592 20930 22632 22983 21636 19800 20632 20338 22875 26620 21084 18205 22987 24862 22595 20854 13491 21622 20425 21390 19084 25603 21174 21777 20170 22755 19894 6394 19047 19358 21389 24435 19152 25427 19895 20680 21166 20392 20538 19373 20287 23716 21209 5682 21710 23726 21775 20541 22809 21854 27653 19845 24653 20868 21229 19950 20503 21103 23266 23366 21094 25648 20620 2920 20977 29089 23733 19207 21808 19043 23735 21002 25084 23004 21184 23024 21657 20336 23799 25811 20353 19328 17343 19417 177 21687 20441 28860 20446 18858 21776 28878 19805 19974 20857 21856 21334 19067 23150 21189 21198 20534 21698 19901 21112 21926 21720 21884 20573 21211 23775 23407 17433 19377 21054 21038 21041 21409 12701 27221 19082 20578 19393 20636 21787 23781 18337 21236 20043 20119 22654 23817 19219 23181 23913 3428 23518 19228 24004 21252 21261 23975 19503 199 23811 21899 21356 21269 20702 15504 20721 18397 23993 20913 23036 12177 21724 17820 21936 25601 29532 20758 17434 20349 21707 24679 21348 21258 24025 23055 21439 19239 20781 24802 20475 24826 24780 21938 21374 24032 13024 20176 21832 21340 21309 21044 24135 2942 24021 21442 23768 19282 21087 20296 20080 23826 21089 25258 19909 17471 20247 21095 28152 19369 20515 23222 21780 21947 29015 20801 21096 21954 29 21728 23774 23129 24283 1181 22666 24913 17583 12227 22745 21099 21468 6552 21840 24167 19964 21400 21370 13185 27328 21100 21962 18575 20334 22717 31978 24937 19248 21076 21101 21113 21848 25944 23289 21851 20520 20694 23282 24954 1492 21437 24985 26733 21133 17575 19771 22099 21989 21753 25660 21440 6964 18632 25005 22150 21453 21467 19972 21336 17592 25987 21363 25037 21165 21372 8945 21761 20619 22026 19297 22121 19992 20008 21886 19356 20838 18621 20843 5958 21464 20850 23846 20722 3877 20852 29075 21470 23813 23855 24643 19884 21118 21893 22046 21965 23241 23877 20527 22217 20871 21863 22719 20583 21132 21931 21472 21239 23925 934 21169 22165 24222 21172 20306 20347 21182 21218 20591 21807 20653 28246 21181 29232 21050 21214 22224 21984 17742 19506 21271 23945 21493 22236 21136 21498 22023 18421 1558 22031 17670 6500 21288 17429 24015 19625 28887 12847 21310 21500 23295 20372 24043 3275 21870 24083 22242 12935 22823 21516 4859 9739 17678 21992 22202 24337 21311 19536 22035 22330 25638 22218 22825 20402 22038 24529 22847 3351 19556 20101 20939 21371 21344 3917 21421 24117 23402 327 22238 19352 19567 22041 19983 19614 17926 24407 24475 19266 19669 22053 23446 22174 21333 11843 22194 24450 23054 17977 20967 21080 22093 21427 20354 22248 23449 20697 21505 18650 21522 23679 21480 20982 21478 22004 2216 20998 21167 23127 21335 20682 22318 20706 27950 16820 20009 22252 17761 21227 21525 22157 21352 21537 21649 29151 2323 21721 22322 22043 22259 21565 21287 20984 19411 23549 21587 21456 21056 19639 24144 26012 19177 20200 20613 21585 17836 22329 25056 21578 21634 13803 23842 20362 19510 21592 21345 25059 20560 2063 22303 21062 17479 22085 28579 21640 18856 16886 2943 21642 19691 22340 21129 531 24151 24889 19710 1958 21604 21705 1015 22106 17387 21248 19627 20638 20092 20610 29288 20368 22128 338 16967 24953 3434 21648 19693 20219 22341 22200 25075 21007 23208 21380 24160 24244 19892 19904 19703 22375 21647 23562 13921 21656 8810 21676 19732 20406 17811 23689 24206 24393 24457 23592 21663 23731 22397 1583 23347 19734 9804 22870 22299 13908 23529 19752 23209 25169 21670 25061 20813 21678 20825 6525 23783 22401 21304 24213 22221 23644 21398 1490 19756 21430 21699 22317 21445 22884 19767 22890 21451 22404 22180 4144 22366 22496 20416 6621 21459 25035 21717 21733 21483 24202 23284 21407 22261 17826 21742 27182 19795 24304 21741 20999 22430 22280 23218 23438 22313 25190 19801 21156 21532 21075 21025 22380 22452 22453 21828 24557 21098 6039 20720 24531 26259 23889 24240 20791 22514 19854 17990 2367 25192 21758 17997 21866 17079 22479 24598 19941 21590 23699 24495 22482 22863 28828 19867 20020 21767 18931 24525 22893 22437 22382 2258 20260 23022 21618 18927 26494 20340 21641 21135 22484 23031 22003 17882 18131 27155 23297 20351 25213 24534 21660 19073 18149 24564 20471 23086 21881 21546 22324 18451 22979 18063 21804 20380 24658 22424 22525 24964 21941 22483 20414 22561 24934 25177 21799 19733 20789 1590 19893 21911 18139 25261 19759 20811 21506 20814 22499 23658 22501 22572 19174 21905 24473 22505 22006 242 21745 21556 18106 22091 28915 22563 20106 22579 20420 26025 23493 22610 22510 24576 21131 20345 25266 20025 14642 21821 21762 24014 23023 22918 20505 20528 20032 23946 13385 20577 19078 23690 21125 23509 20313 20325 53 15345 22103 22002 20082 21668 20329 23067 21831 20074 5683 19806 2397 21473 21871 24616 18100 20606 1440 25317 24631 20612 23882 24128 21142 22536 21942 21952 23017 2025 21223 21825 21913 21972 920 22680 21985 21844 21157 22558 21147 20111 945 23230 20159 19410 21148 20580 22388 22144 25249 20378 2946 21163 20244 23329 22012 24289 19829 21513 21402 21693 18330 19840 18398 4191 19216 22681 21488 27673 21362 24662 22451 23128 24640 24716 4302 28495 19921 21722 22013 23941 19421 23157 21517 22506 21529 20419 21547 21987 26290 22725 21215 20822 21508 23339 20442 21327 19928 19630 29198 17903 19147 36819 22726 4898 22065 20094 20454 19249 20625 22070 32425 22592 19765 2291 20635 22226 6780 23434 19935 19939 21574 1187 19462 21996 22115 22643 23214 25284 20660 19953 20692 13387 22688 21673 19518 23433 23984 1596 22092 20003 22663 21735 22475 6892 246 5204 20179 24756 21597 20478 20655 24646 21846 60 21535 24443 21746 1212 24683 18125 22708 22544 1611 24823 20856 19335 20670 25304 22740 20252 21702 25341 13474 18470 22105 21553 18151 20671 29208 24734 23229 21855 20943 24183 541 29598 22363 21240 25171 20241 22739 21598 22132 7116 22711 21384 19796 1601 133 21610 21533 16385 18255 24748 22761 22703 23455 22005 22159 22571 22201 21573 22374 24185 2972 20711 20743 21772 22473 22735 20906 25314 21600 22752 23523 25594 25157 22511 22267 22049 22037 7346 201 22764 21778 22084 22189 19526 22813 21650 22861 20978 25707 22776 29448 24919 24503 21282 29523 18404 21857 22874 4900 953 22896 21779 20979 20276 21867 21690 23528 18436 48192 19427 2120 22102 23624 21819 18608 5221 20398 24878 22899 22204 20996 22058 20366 20775 18502 19051 21417 25319 24477 21748 22926 21811 6170 21653 20428 22786 21892 20783 24197 26629 23265 22167 21999 22914 21332 2995 28247 21434 23248 19927 18107 20646 22917 25345 19775 21012 19139 21830 21894 1044 21031 23645 21122 23062 20127 23351 23533 22892 22768 22134 29590 21477 20083 23551 21061 23715 19470 20571 23494 21679 20177 22921 21544 21788 23064 22924 22120 25830 22172 22214 21627 21907 22582 22988 24693 20889 22241 20596 22262 14155 23112 22286 22197 20901 22938 21683 23136 20590 22641 14101 23414 21700 21790 21494 22294 22481 29610 22845 19203 23542 18691 23137 25414 25110 22526 29637 21283 22665 23168 22543 22594 14582 20703 21686 22829 22017 21935 21915 18773 25837 20976 21689 21071 21706 32933 22254 20726 21791 3045 20326 3234 20187 21066 22628 22296 21802 22696 22271 25442 22109 20981 25471 19406 29833 20651 23582 22205 21120 22970 22957 21838 21953 22927 22298 26774 25998 21073 23476 21179 18512 22301 24735 3110 22976 22308 26558 2637 20732 21609 21216 22310 23609 20762 24556 22311 22327 4929 20429 21175 21231 22990 21861 29925 29959 22991 30011 21865 24773 145 21318 24722 29077 23700 22338 21187 22257 27146 27709 25477 22334 21737 23037 20917 19118 22354 24778 6637 20763 23649 24775 21875 1673 25267 22862 21330 18548 22383 26022 26033 23225 3496 25488 22395 10085 23996 22350 23714 29998 21448 17642 23049 18583 16767 10095 30137 22052 30169 23151 30161 23182 20439 13902 22372 23596 14013 4414 18721 21934 21202 30290 22399 23659 22883 25469 22553 21939 21877 23614 21940 20240 18217 22398 23239 20663 23309 25441 21970 21072 21643 23020 21204 20251 21511 3383 2306 22557 25627 20740 24886 24808 21140 21697 21768 24459 21594 23669 23153 21783 24855 23259 22408 19491 24235 775 18801 21723 27834 21948 26151 22418 23164 25652 30295 20123 24931 22444 21424 21979 21460 20724 964 10671 23301 25659 21845 21981 23342 21978 23261 21210 20330 19539 20472 24273 1697 3698 22066 20796 21983 24979 4534 22439 24852 25820 25042 21158 22447 23754 20210 21967 26294 1571 18534 22569 22471 22773 21988 26483 22421 23087 21781 2310 26786 3903 20733 23377 22069 22570 22515 21806 4982 22583 18181 22521 22615 20842 23746 3069 23325 23188 21247 23380 22575 23607 5701 25054 26239 21291 23757 22820 21191 21918 24541 23620 22566 24890 21969 19132 21995 22018 21864 19563 27898 21749 22576 22878 21896 24898 22580 23254 26428 164 26549 18629 27217 22072 22470 22377 25900 14125 25736 23376 22978 24545 23215 24911 19687 23467 22025 23761 30318 30376 23795 23392 1620 23473 19220 22073 22907 16769 22539 21842 22054 22622 23818 23806 22055 21465 20846 21946 21249 19254 23958 24330 23272 21961 975 22061 26866 2539 22009 23033 19717 976 20223 23079 23101 18636 22021 20872 26538 21497 14448 22634 21692 19812 23786 21193 21876 22089 26333 20876 26062 22590 22573 20193 853 23904 26532 22130 19316 22081 21626 22083 24990 26439 23075 22094 24254 23979 9427 24523 24637 19852 21944 18355 24940 23294 23003 23536 25182 16977 19942 21196 112 21306 22127 22673 18925 19452 26677 22677 22027 22158 21325 29709 23155 24943 22007 24057 20894 21669 22129 3022 30815 22684 3042 20896 30156 23401 22596 22151 23423 22161 22915 21462 33317 22163 1275 22650 22164 25034 21747 25105 20369 23564 22196 21359 23326 20985 24423 22051 22235 22153 3503 23430 22063 19645 22166 22591 23090 22713 22131 21412 22192 21922 23441 25349 31266 24975 22738 22142 22675 24652 24665 28019 23466 25146 986 18766 1660 19982 23166 21968 19026 21279 25858 22179 19260 22270 25279 30422 4718 23196 30534 22607 21331 24712 21475 22198 23907 22794 25373 25957 23748 25099 31429 601 26339 23489 22656 23202 23522 23290 22692 26517 24857 25528 3209 23810 22228 24757 22705 19187 20522 21458 24047 23561 26023 23008 22275 21213 25632 26370 24111 21373 21015 22440 20316 488 22693 22502 14408 23926 27261 19674 21343 995 18659 22697 26872 22227 23242 22698 30406 23989 18747 23344 22279 22239 22289 22700 22718 22300 20941 22331 21538 25474 23579 5211 19269 20960 1973 25396 22715 7104 22323 28100 23611 22231 23358 25523 23411 23657 22326 25534 2117 1627 20433 19271 18947 24861 22727 23299 22771 21347 21752 1283 4246 31003 20540 21436 24860 14480 12147 21487 23405 25402 26376 22730 21018 2458 116 20816 22284 23856 21613 26547 24711 21476 23134 23728 23420 18671 1708 21021 21625 21383 24113 25221 23672 21914 24150 22056 26461 22751 22333 22535 22335 27383 5 20018 25002 24069 22269 22337 24182 174 24054 21990 27008 22749 24165 18993 22390 23431 22400 22305 21033 18868 23462 22039 25417 19305 21040 25520 22409 22593 21527 22550 22784 21413 22435 26569 22629 20548 25462 18610 22791 28261 25532 21046 24189 21151 23894 22064 3116 25539 20641 25598 24200 1715 25636 25662 1019 23947 24230 22640 22019 30622 26806 23895 20737 2030 22618 22644 22359 18786 23506 22851 30664 25701 21183 20191 27153 22908 22040 24079 24433 22097 22396 25038 25715 22664 23216 24918 22554 21540 22045 19362 26627 3062 22086 26754 22743 22792 21314 24246 26868 22625 24143 23034 22652 22309 20576 23972 22840 22342 19398 22779 23356 27393 31 22763 22349 25134 3905 20584 31258 3150 24285 17384 22904 22060 25718 25739 22854 26473 22353 23990 22953 22826 23515 22376 26831 23336 22959 22734 25799 22860 25776 23678 25096 23497 1048 19175 23723 22101 21756 21368 20290 22996 25280 4167 22392 23516 20496 23750 25649 23527 24797 23772 22411 5789 25833 21403 21557 14460 24312 21139 22415 22788 22347 7494 20331 21414 2060 4243 25145 23056 22116 22062 22903 20015 22827 22836 5214 25845 22819 23120 23311 24299 23012 22806 26857 28315 22830 17253 24208 22867 22843 23546 22811 25846 23071 23785 14573 25851 23829 22113 30728 25854 23682 22385 20693 22881 23792 22516 11702 21571 22560 23444 25869 22864 20723 23547 23130 20506 23240 23865 22429 20495 272 22637 22154 22891 22888 25880 24272 19434 22895 23872 22442 22600 25915 23898 22551 20404 31390 25232 23077 22653 23901 22606 6017 26842 27484 2450 26086 22923 21435 21601 20792 27175 23314 20795 22619 21740 14818 22456 23115 31448 26074 23918 4250 24001 27080 31115 22460 26075 26091 26548 21542 593 26097 22929 22633 23082 21450 22932 22564 24296 30 23923 23262 23131 22474 22934 22973 22176 21763 19425 25285 21474 123 21812 22000 24320 24008 24007 22567 23550 23277 26124 22901 26152 25297 23557 22542 26250 22661 18713 22182 21518 4303 22936 23957 22943 24309 19562 24035 22679 24813 22947 27613 23158 23103 20955 23571 22981 19715 25168 21824 22184 22203 20858 23331 26373 22999 19501 24046 22702 20597 16324 25392 23001 21582 23346 23095 25690 22209 26579 31722 20686 19206 27555 26182 19327 26613 3088 21841 22982 25077 22720 24192 25728 20687 22234 21921 21207 21616 25453 27669 21860 24118 31760 20466 22362 23736 3264 24417 24432 23594 22343 22581 22724 24453 27701 25493 22028 649 22935 24463 24050 23126 23270 24194 23160 23138 27710 26194 24588 22736 23599 25647 22030 26205 20479 24209 21789 21943 22728 22082 20753 23654 24247 23169 26710 23177 23912 22042 24377 23765 24239 23190 24301 22247 23191 651 27775 23357 25516 22639 22737 17602 6317 23243 22952 23186 24471 22748 27882 3294 24060 1738 22989 20566 22756 23337 22765 26214 1258 24506 24306 20570 6341 23701 22769 23238 433 23426 22260 24362 24509 23271 20910 27965 22775 24540 25234 23773 22968 19560 26777 24375 25650 24682 23006 23315 2654 25655 20411 22185 24065 22682 22778 23029 23323 22781 23340 24172 25148 23791 23451 23573 14981 22793 23892 20318 18819 24279 19331 22879 3312 23352 26222 203 28057 20298 22393 24847 23638 25519 24217 25663 24388 21805 24994 23045 21275 19577 22402 24401 20755 22808 25218 25691 23185 26300 22220 21355 23039 15024 23124 22108 20579 23296 24530 23787 23032 21358 23512 23796 22351 24334 23048 23060 656 23324 22110 25613 23762 31844 22857 23930 25801 22562 24408 22887 20990 25808 22597 34688 21503 22232 22985 26783 22645 26309 23591 25617 26225 23083 25485 19601 22828 25322 31799 3363 28391 23360 25863 22865 23418 24461 25911 4393 19582 15134 26524 26085 23844 27159 19616 22358 23244 23432 24490 26110 22367 22850 25183 26226 24632 3152 22869 26852 26149 26308 26498 22933 23794 23368 23460 26860 20898 26409 24491 22427 15203 26451 23175 21001 23373 22660 31930 26867 23192 23793 27468 24601 25772 32152 26568 32345 26512 27341 27342 1339 6228 23091 21507 23350 25327 30616 1102 23187 31292 4649 23219 23932 22922 15218 23554 3329 19629 23595 19651 7391 23804 23233 23355 26876 19709 25864 23565 21880 22059 25336 22186 6423 2067 23834 26896 23390 26796 20833 23859 20585 24414 1782 25342 21178 26344 22531 23106 26296 6443 10708 31977 23133 23147 23577 28039 26486 23623 22387 22941 24445 21360 37008 23210 26526 22954 23372 25455 28108 22533 23629 23395 22599 26608 23458 23097 21555 10287 22974 23940 22977 21605 25416 25452 23868 23399 23580 24644 23639 22648 21397 24561 20840 23162 23007 11524 27581 26591 28318 20953 21869 26130 25935 23231 23610 32927 24705 24451 28307 21263 23655 23661 2102 24045 24595 26298 18854 19071 23010 26610 26721 23435 24036 22678 24052 23014 14880 23513 23636 26496 25939 26343 24607 23880 23247 20544 24628 23439 24064 24094 23665 28440 24132 22416 27021 24141 23019 23000 25472 22687 23525 27025 24249 6716 23293 23298 23304 4486 23349 23744 26865 26972 23027 5223 23117 21317 24746 22373 24441 22446 23717 26622 19724 23316 28512 23149 24282 23050 22135 23058 1631 28513 23563 23388 19766 3364 33097 20654 22876 23072 24303 25995 27081 22744 23784 23393 26173 22143 4555 15328 24465 22770 24701 26169 20966 23123 24785 23132 23406 24277 23197 26367 21208 26960 3609 21323 27157 23457 12087 23666 23154 21580 23490 25496 27011 23212 2166 22216 23719 26007 26423 3386 24163 24371 18059 23788 23685 21633 24440 23165 24354 26435 22799 27065 26691 15184 27094 23469 25558 24359 19145 22283 23805 23363 28721 23753 10769 187 23835 23206 25540 26575 26430 24708 24710 23686 23632 23389 31527 23234 29188 24772 22187 25756 26542 28614 23720 24259 23387 26441 23883 24507 27046 21399 1053 24715 27098 23496 23250 23713 23888 23417 28992 23251 22328 27201 23428 23253 24902 23755 22556 3618 19946 22817 23902 23061 21401 21646 21482 22955 23475 23924 23479 26080 26196 31367 32478 23396 23504 24081 24747 23526 23801 26357 23394 15403 24749 24166 23646 24798 23487 23221 1056 30729 23330 22443 6894 24389 7886 22621 24006 23668 23500 23802 23696 23929 22458 20060 23777 24804 26636 24467 23257 1740 23852 23016 1060 26724 27086 23808 23862 21658 3763 19761 23545 19948 20207 24105 31528 26845 23237 2182 19238 20431 22601 22265 23982 22909 24409 24923 26673 22565 24963 23035 23038 26685 27738 24978 26715 23249 24542 32990 23553 23220 21765 24058 24515 27215 424 26771 23264 23502 27216 24093 23105 20288 22657 32307 23322 24109 27237 24121 23364 23933 26959 23986 28434 23566 23825 23283 5082 23588 22466 26989 22141 22462 26442 24097 23369 28629 20991 23291 24520 24281 23586 23789 20350 20627 22841 27243 24981 24609 24140 23615 24610 23885 24740 24759 23576 21882 24625 26363 19951 24988 23319 2394 23973 18159 26787 21903 26426 24161 25975 27273 29030 23581 25017 25554 28 24728 22148 29076 23365 23413 29186 24777 22842 27278 23353 23415 23440 23593 26528 27574 23921 23628 28456 20488 23729 27108 212 23850 21666 27110 2424 23583 25019 23598 24181 23630 20572 27120 27128 27380 23664 23667 26108 23854 23597 17657 28653 23675 24810 23647 24243 25592 2755 31507 24345 4586 24245 19499 27225 27331 23447 23937 23684 6564 21530 27245 1770 33052 2690 23976 3408 23421 24821 24147 19603 23653 23303 23998 26588 27583 23572 23702 25726 23704 24187 25783 14944 24323 24029 25043 24347 23454 19952 15784 23480 27130 24234 20745 24672 23961 33241 25897 25024 23711 24248 22162 23710 23971 22191 3887 22844 20344 20554 23519 24946 21387 22603 26113 23721 24812 1819 24271 33400 32405 25067 24056 24528 20751 26668 23652 21659 2187 4722 22609 24367 23499 23724 26676 26788 118 24442 29212 20449 23740 31630 26768 23732 130 29192 22866 24492 26817 27434 23532 23362 25026 21868 24612 27385 22530 29296 25672 218 23674 27140 23727 24695 27348 22207 27453 24627 23741 19591 26823 7339 24770 21561 62935 26970 27433 23730 21564 23681 24013 26566 25033 25070 23705 24809 23980 6696 33505 23737 508 24591 34323 27703 23712 23764 655 25115 25072 24830 27569 26829 25926 23997 24881 21891 23539 23695 22980 24034 20780 27790 21593 27916 24655 22268 22304 32558 20665 26971 24669 19701 25062 27190 23759 25107 26975 20820 24291 23763 23040 23953 24602 20024 23800 20715 24066 23738 27185 21816 24707 26976 24745 23779 21614 26174 24062 25259 23771 21173 27983 22438 15560 24041 22627 24766 25133 24882 25154 25172 25282 20164 23803 22993 24120 23824 5227 23749 23870 23897 25161 24053 24904 24951 29386 26440 26331 20746 23780 21393 20862 24403 36761 24295 20890 2761 23823 24486 30102 24958 27598 23914 4695 23028 27189 12778 23951 27633 25913 21447 23053 24122 21822 27607 25162 24774 24152 2357 20892 24023 27512 23977 23790 29415 27226 26839 23074 26980 23837 23949 2915 26522 21639 25340 25403 24845 20605 27634 27953 24073 26186 5276 26822 24095 2404 21471 32117 24410 32839 20175 25460 24178 23881 24270 2846 24848 23830 23560 23734 23836 23988 27654 25476 25576 22494 20969 9707 25620 23065 20617 24310 27281 21664 24922 24040 22630 5296 23845 23098 24211 23618 24316 27403 23847 20973 25677 24078 23848 24274 25200 23887 25347 24099 26188 25977 25484 24522 27439 25781 22706 25247 38472 23860 25785 24278 24101 27462 32999 28836 25556 23928 28195 23046 26303 24318 25220 24103 22958 3421 25789 6941 23111 26841 21774 23994 24967 22517 25724 22559 23622 23864 24110 39836 20457 2473 28608 23987 23869 5363 24498 27553 24030 24112 23085 24131 22818 25312 20874 6910 26914 24319 21974 23950 24149 24518 28688 24972 27845 23955 27625 24059 23962 22838 34354 25586 22839 27847 25940 22858 22906 24155 24298 23939 3176 24156 29649 21111 23122 27930 26102 24619 27821 24863 28230 23903 21006 22961 26930 1330 32496 24327 27229 24157 20963 25800 29496 23942 31913 26393 20974 25857 29568 22967 24198 23954 24335 24074 24995 24340 23148 17661 24885 24145 26355 10609 26541 23767 23404 23524 30034 23184 24539 24010 24634 24159 1828 24216 22998 24107 21872 24917 3435 26682 24548 20624 21070 20782 35150 24286 24547 25782 23066 25354 24589 27028 24947 24020 23974 27375 27769 27030 24674 22264 27857 9711 25243 20181 23968 27697 21800 22995 23917 1145 20808 24733 25870 23992 21835 10605 23194 25357 9275 25300 32320 27376 26894 23300 21950 24242 33021 24262 26879 676 24162 21224 22067 24993 1335 23080 23118 24685 28752 23814 20849 23943 24952 25358 21110 26198 27941 24346 24176 23047 21795 25429 24011 24016 27978 25007 24358 24361 24822 22707 24195 21852 23200 24824 434 24212 32330 26965 26384 24031 24380 24063 27995 24146 25480 24264 1649 28484 26951 21624 24170 26925 27048 23831 24215 24390 24586 24125 25064 24413 23851 24438 24382 24232 10820 24817 30414 24265 27889 24992 26940 24233 24237 1290 4926 14394 22287 24252 24853 24179 23419 24009 25894 21925 25086 27027 24191 29804 1695 24134 27044 25008 23838 27792 23201 23858 27051 25369 25023 25449 28650 27075 29155 25101 25136 25991 23321 24378 29156 20972 28712 24474 24275 28087 1364 23213 24255 20499 24158 33 27932 24258 24293 27079 25158 28127 20595 9730 27118 24314 23442 25873 24439 24175 24578 27879 21932 22930 25202 24496 5609 21171 24329 21053 24538 22949 22997 20945 21244 28142 1182 23258 3443 21949 24622 2492 24180 24677 22090 20916 24321 24543 25884 24236 22155 25050 22193 27122 28883 24302 24341 23327 27678 25080 25250 26164 23276 24276 24366 25212 27409 15295 24297 25174 26158 6974 5369 21160 33869 24220 22441 24660 27127 22117 24675 21114 28190 22212 23025 24462 25504 28797 24360 27160 23279 29362 25184 22152 23280 27163 2193 28031 24199 23896 23335 23915 27466 28188 24567 23589 23354 18002 24256 25231 22346 25593 25082 26234 24550 23602 24355 24811 23317 25137 21299 24379 2987 21162 24384 27725 25542 25139 21177 24480 24906 24694 24927 27470 24713 11000 22253 5044 25914 27803 4597 22355 23359 22445 25658 24560 28814 6985 27497 24938 24394 23381 24727 21109 25621 22410 26256 24575 22357 4891 27142 25164 24415 25233 24977 24427 27744 21394 21250 23427 29413 698 21321 5399 15768 25420 15194 24590 27952 27180 26111 25175 28044 23963 29458 28191 24592 26902 25612 28991 28308 3181 23464 24412 28410 24784 21206 23538 25821 21233 26270 24614 25424 23555 24739 25195 28476 21234 23884 23960 24624 27184 24421 24971 27523 28221 1337 27577 27087 24260 24422 23707 24436 28622 25185 23361 22297 25074 24641 25661 24651 25548 65 25555 24424 4613 23585 24789 24957 21262 24267 24332 24684 27592 21369 24448 24991 28970 25201 27233 24091 27247 24642 24364 1185 23422 27235 25255 25970 27298 28601 26138 23477 24838 28070 24738 24699 24572 24667 22459 25214 24387 24688 23520 22371 23815 23507 25700 21320 25240 24519 32757 26096 21584 24779 26017 25760 27320 21391 27629 25275 27663 24544 24398 22384 24426 24405 1399 24565 22403 24743 24385 22412 25838 25286 24703 22485 21404 28745 10496 27322 21408 25277 27757 25302 24726 28861 24456 23935 25309 25685 23778 24460 7005 27424 24760 24615 28785 23832 23999 24765 24437 29176 25454 24767 25329 24816 28936 28893 28815 21526 28874 24479 24737 21438 3006 29010 24654 24516 24521 24844 25763 24605 29271 24489 27576 23967 25828 29607 25076 22369 24650 23863 27782 24859 24866 21481 24908 24494 27513 27854 23059 23876 25841 26943 24018 25331 24932 24768 24969 24086 24524 22422 24501 24552 28898 26090 24555 25671 27928 25980 25273 28585 209 21519 29235 24935 25545 25378 25755 25361 32138 23886 28006 24657 27877 23873 24038 33171 25343 24876 28139 36 25125 27881 25860 25009 22507 23063 28109 28665 25585 23905 27244 24678 21501 22638 25731 28111 21549 23121 25332 24071 24939 24720 22655 25916 26180 24724 22667 24039 11302 21337 27515 24791 25355 12207 24088 23651 29366 21577 22898 25292 21603 25078 22671 27823 21512 24680 29068 24611 31195 24587 362 24799 26302 2588 25199 33242 24106 15322 24959 25478 24488 28875 27255 27263 24850 25016 28011 21662 25318 24002 28150 22674 24629 24690 22173 22145 3457 25095 23278 1869 15890 24782 22872 25840 24476 24400 24912 25882 29426 24867 26183 28165 26369 22721 24973 22722 24645 28908 24893 24227 24594 26134 24656 24786 25387 29472 24805 24666 26424 26311 25773 19684 24686 27940 27955 28227 27897 25430 25786 27332 24702 24895 24961 2675 25589 23537 26431 23170 28284 25507 27969 27591 22509 23952 28048 24114 16592 25639 22417 24818 24841 24138 26042 28041 28354 24849 26068 26093 25106 25109 25695 22469 25631 51912 28312 27422 25510 26358 24929 22487 33291 24941 25346 24883 24968 24005 28733 28129 29510 24896 25553 22880 25818 25351 29664 21770 24945 24582 21521 26433 453 21543 27427 26070 24228 27529 24920 25517 28136 29680 25744 24108 7793 27456 24673 28765 29671 22919 27541 225 12788 25637 24207 24924 2838 27550 25362 24984 24986 28751 27795 24725 25001 28796 25113 25210 23911 22939 22945 28072 25874 25097 22524 29078 25375 21889 24751 29121 28350 25116 24343 22608 23827 24926 3345 26452 23956 24026 32387 25045 25680 26125 24944 25143 26132 25819 30461 26166 25853 24100 22613 24391 25051 25206 25867 25902 29708 27565 24762 28171 24700 27542 25153 21827 29173 24790 16762 28896 28457 25386 26484 22950 23920 1873 28973 25990 23217 22670 29687 29686 27804 1878 25055 26267 23094 24742 26354 24596 26137 23145 25812 24787 21548 26366 26669 27003 25881 25215 24087 24819 25878 28229 25635 29866 23011 25219 26155 24037 26402 22477 24825 26574 250 24164 24835 23052 25230 21688 25850 23043 24869 26412 29025 29237 25242 27272 25223 24892 27599 25085 30297 23172 708 24374 635 24962 29282 28524 3527 4931 2224 29774 25288 26045 21709 24116 28824 5544 20993 23236 26697 30335 25006 32973 11711 19791 29776 26087 23285 26156 7011 25446 30535 24168 30000 21910 27828 24910 24082 26413 25447 1219 3604 26511 30543 24250 26432 26576 28332 25458 24205 39872 25497 24965 25666 28270 24444 25256 25626 28329 32648 24974 24349 734 27851 24976 25091 27022 26195 23635 33090 26700 27630 28383 25012 28401 25100 23307 25020 26449 25883 22658 25028 26890 24328 3358 29312 26660 25140 25771 26465 25029 24136 24224 33310 25068 23345 24356 24376 24381 23370 22683 15463 226 29572 24231 12246 22710 25102 25921 29820 19940 24504 21035 26581 23534 33346 28583 25044 23673 25735 29084 23204 1409 25204 25891 25048 28395 33158 21982 22233 25138 24294 20880 27885 5489 29456 26521 26118 2226 25207 25339 4372 24266 27776 25226 26127 23708 16433 7046 25893 23584 29347 25296 25063 24383 25237 25238 24570 28526 25066 26482 16915 25983 29421 34891 30111 21760 25748 24357 23985 25151 7166 26037 7204 25049 25896 21486 25475 26105 3375 25937 28763 29478 25060 35078 25257 26153 26005 28657 23619 29710 28282 25330 24499 24406 26274 26525 28446 26210 25360 24075 22729 24369 24447 2265 26527 16061 25368 25089 7130 25775 25501 28769 25418 26897 25791 25079 28359 26067 25432 22074 26346 28302 26490 25262 27887 22753 24577 24076 25098 25434 28856 29749 25263 25114 24536 1273 25104 24537 26577 25294 26936 24597 29762 26170 25502 20155 22824 28382 25642 23140 29779 27903 30567 23621 25505 28929 29410 24661 21621 24142 25166 24292 23119 1477 28452 33371 25552 28399 23633 3467 24397 25298 26236 26946 28559 22119 23822 24430 25809 30113 23367 1479 33484 29439 25321 1076 28341 28571 30172 12401 27921 25950 21902 2543 13084 25568 25111 33526 25363 24449 25657 659 28061 21759 27781 1527 3557 27548 1301 29810 26582 24325 1918 25108 25684 266 24664 1302 27042 21813 24689 24392 25187 28345 26336 28012 1080 26223 25334 25121 33489 34051 25912 25938 28514 41861 21739 26605 29834 41514 29464 21769 26322 57 25377 24752 24584 5570 27195 24626 25163 24130 28869 25126 22125 23143 25046 28702 25128 26559 29892 25407 25560 25189 28207 25435 25571 26612 27301 24717 29837 25689 33542 26615 25611 32672 25459 25702 21971 10068 25712 23144 12413 25348 26578 29429 29829 24709 25209 25391 28532 25117 28442 24753 25713 22219 27604 79 27363 24482 1156 25737 24793 28557 24431 24832 28365 25483 24454 25406 24856 26421 24833 34070 27644 27379 28703 25959 12752 25879 28094 25260 7269 26683 25131 33781 24868 24871 26230 30519 25428 23718 25254 25463 25150 28174 1307 26752 13160 7831 30089 30745 25482 22146 25276 25205 25503 25144 25506 25208 1941 28113 577 25384 5068 25217 25176 26422 8136 28211 28460 21966 29840 2615 3489 28168 23853 29893 24080 24466 25577 25579 24921 28926 25511 26107 25774 25303 25306 25222 25316 19013 25877 25326 26760 26753 22994 3624 25729 23044 29911 12414 25385 25623 25278 25436 27335 24119 26584 5112 25179 25656 3690 25372 26450 33624 25366 27398 26438 23163 27561 26598 25374 26782 22314 26539 25886 27452 25413 31238 5674 25513 28219 25547 28327 25559 25295 25383 24842 25924 25289 24416 25448 21912 22589 24554 26060 29498 24478 33902 22048 27573 30480 25495 24870 29914 25708 26002 25732 25408 25551 24933 25798 28357 32685 26580 12860 24510 25747 30532 25173 25823 26006 26583 22263 28960 22133 26554 24517 26361 25673 28448 24600 34318 24562 26805 30538 25527 26008 25565 29630 23468 25599 23057 24566 2325 25197 25305 28423 3368 25674 24574 25848 2015 28962 24617 26013 33805 7883 30072 22406 22111 30077 25287 24663 23183 28599 25667 25901 30106 25790 26595 24514 28483 26050 25308 25904 26039 17091 25946 22837 27407 22222 23070 25470 25481 24888 26878 23088 26064 25588 25578 24137 28511 26808 26807 25803 24781 26814 26623 24593 22258 28977 25600 29201 20400 25679 18178 4973 25906 23093 30127 25630 25922 23198 25313 25508 28552 25925 26903 25522 24827 25533 1637 20423 26372 25898 25227 1356 26935 26639 29220 26253 26661 22478 26100 26458 29695 28159 25268 22293 25706 28515 25716 30146 26224 17569 24796 2080 29193 24916 26713 27066 24621 24251 25933 22295 30165 25643 7812 34455 26725 24828 26365 28242 28695 24891 26749 28564 26556 30197 25530 24696 29128 25722 25582 30374 15537 22137 25584 375 28567 28663 25563 26160 22405 25988 33213 26734 25604 26772 28692 22419 25725 25871 25788 21809 25839 25644 29207 30668 22508 2308 25615 26979 29387 5687 25810 24865 27696 25315 25628 24960 23139 26115 25815 25641 24761 25654 26750 24894 28787 30689 25934 27628 25905 26001 25040 22223 12873 25670 22920 26810 25328 22537 26748 25686 27745 25697 30788 21933 25734 22098 26167 30153 25822 25390 26873 26181 34552 30384 29758 25710 25956 27831 25849 22316 2739 25353 25754 25889 30265 5692 25972 5807 30627 31980 12126 22504 25825 24897 24396 30623 25065 30227 22587 26364 23178 25984 34754 24915 26191 27029 1414 25993 26121 22360 28793 31564 25769 23211 25780 25795 25765 21810 29519 24573 15624 26609 25770 15708 16273 28269 1374 25364 25103 7133 26999 24903 28866 30791 29702 26043 26742 24928 23288 26237 26770 24351 3513 28882 25370 1482 26645 26820 27910 28969 30922 25595 27256 24691 27944 13114 26966 25160 25805 26249 25608 27329 690 22956 26932 26286 26052 22529 25426 2316 26389 28573 25807 25757 23548 22337 24873 28615 26059 30229 22636 3560 27026 25816 25766 29432 28043 25829 26695 25861 26288 25010 24843 25813 26799 26323 26390 29253 28949 25778 27071 25087 24671 26407 25842 25834 26081 25843 26418 25450 24930 28119 27199 20536 25910 30516 30373 25681 22772 28727 13115 24942 3636 2276 28888 30946 29034 26420 27032 25490 25696 2500 27077 4687 25895 29912 29407 22685 25952 26470 26004 29462 24452 24983 27116 33234 28204 28309 29469 25380 25170 26031 25958 26061 25445 25976 26185 22709 27545 26509 29484 25451 22942 26258 25181 26122 25514 26392 2552 3566 26035 28325 26824 23152 26204 25792 25994 25817 5018 27681 23812 25962 28983 25966 25269 25969 26563 26069 25350 26040 23263 1098 29066 26268 12874 27794 28778 25272 23320 23970 26131 26014 26345 29204 26028 26128 26041 4835 30246 30977 1133 28330 25404 27224 25835 25415 26543 23333 29594 26858 25844 25965 1162 25003 26533 28674 7933 26206 28366 28870 25036 27091 27460 25468 27250 26263 25120 2335 26545 28574 26046 24837 23343 1496 27147 26048 29099 25025 31516 25521 26318 23328 30544 27133 28494 26283 26572 20875 29138 25569 26658 31228 31264 30633 25981 24880 37900 34950 239 27275 26886 27144 26056 28372 8058 26434 24987 25419 25596 1932 28586 26320 195 26057 26938 7168 26328 32111 26991 26009 26335 1218 26599 18372 30339 30340 26457 25531 25618 25004 30806 6235 26634 27170 26337 26641 25653 25687 26398 26662 29933 25423 25688 29161 29950 18678 26687 25546 30439 26058 29163 26769 26776 30419 26065 26219 33956 27489 30879 34363 30930 25745 29559 28435 28953 25633 30547 29654 26082 25041 29109 26797 26144 26663 25645 35142 5305 29033 25057 26161 28321 7327 25337 3409 26587 28617 26216 26619 29747 28776 26203 26207 23408 25847 22690 26175 26859 28640 27169 30793 26397 26177 30548 26187 25762 27859 26804 25693 26313 1357 26220 27041 27203 23443 34137 25124 28952 26401 30523 30614 26863 27204 26436 10779 26997 26233 23484 35161 26755 26941 27277 30066 26192 1507 8108 26455 15602 28851 25784 6167 24955 23332 26477 26189 27873 8524 26231 27058 28447 29008 22762 26348 26351 35284 23382 29244 24502 26478 27072 34113 26244 27092 27719 29310 26217 29785 27090 26487 23483 28469 25356 25479 26488 21170 26491 23424 26262 26264 27300 30665 30973 23893 31029 26391 8188 29140 21671 24055 26550 25152 27800 13156 26276 23436 26523 25526 28418 25827 27249 26764 34451 31046 26282 26780 25887 26266 23521 26221 26327 26261 28033 26275 761 26387 3665 25129 26671 26281 5852 26078 26289 13332 25549 3975 26396 26675 25194 30727 31077 26285 28630 28808 26292 29236 26611 26120 29411 26739 23503 26371 25903 27490 27285 26492 26515 1520 562 25787 28493 28910 26905 29247 22797 25917 26312 28297 25575 27209 28633 27166 26621 26646 10885 26453 27194 27197 22798 25590 23569 23608 27917 28948 25699 26552 25412 25919 26314 11281 766 26334 2085 30067 29092 30465 26405 28046 27212 28217 26640 25978 1978 29180 27213 26330 5026 23909 26497 237 1120 29849 26383 27254 26380 803 27293 28503 28527 26394 25985 25779 19357 27339 26342 25824 22812 28919 27257 23683 35555 24989 42343 27276 28728 31397 28837 26644 25394 26555 29036 26445 28547 26360 29013 15888 26705 5236 6610 26468 22835 28637 28735 34196 29250 26493 28319 32133 29119 31109 12360 26419 26504 21955 22532 26427 27288 29252 26157 23205 7930 26832 27318 26723 25989 31426 23051 25743 26875 26425 9269 30024 26467 26278 26476 27310 28210 29461 27495 29304 12409 29245 2103 27330 29788 25831 31604 24104 26995 28669 18784 26666 26680 27664 27829 25216 26601 27532 26649 27384 29906 15606 22548 2558 29017 28355 26596 31618 26531 31430 29967 27333 30755 25862 27040 33359 26507 27982 30588 29957 26659 27006 30118 26020 29636 26506 27473 26708 26614 26073 26779 26714 26199 24324 16384 22699 25941 17804 26003 26417 26731 27682 2758 25196 20607 25951 25425 30214 2600 1136 26462 26516 1576 31536 30263 27343 22414 23693 24067 22931 26534 26150 25986 36472 26740 27347 23076 36520 29495 26654 30940 31434 26586 26589 26590 29258 23807 26010 26815 24096 22649 27477 3724 26775 26825 26600 26827 23226 26625 23267 31005 1824 34424 26834 26626 35440 23617 26672 15700 27459 6831 26647 28737 28084 26018 29054 26638 26463 2411 28677 25252 23849 29323 26624 31031 27437 31650 25399 29561 26835 31147 31672 27491 26029 25281 29503 29954 27510 27055 27062 26648 27537 27544 24353 26077 27554 768 29267 25802 25550 23906 28400 26055 35911 27590 29656 26851 26072 26133 3974 28706 26701 31366 6016 34774 2867 24126 35245 26104 31385 23559 29570 26884 23275 27612 219 25587 26642 13335 12497 26653 26862 23919 26756 31555 28155 23286 26664 26916 7410 26816 24280 27360 26116 31470 27676 27699 25614 27390 25371 26670 23391 25651 26892 30028 24425 23292 26679 27705 27578 26686 27149 26826 29625 31191 22741 26692 7263 30687 26899 26694 31219 27291 29286 27631 28487 24420 29668 27641 26698 27727 26765 26139 25606 25000 28801 25719 29259 12790 29352 30428 30474 27408 35302 26719 31558 30530 26762 26974 35597 25486 26830 29309 19514 26499 30874 2820 31297 26560 30601 31567 25616 26906 27645 26732 26140 26709 1939 3594 25733 26850 24468 26895 25515 28030 27047 23605 26950 29691 23453 27793 26505 25932 29697 29551 27115 27650 27588 1606 29705 5323 29261 31651 31409 25405 26510 26146 25236 27241 26738 26871 24348 30078 24511 11641 29437 28092 27746 25030 26200 1363 1178 29360 29285 23697 29324 29723 28841 27809 25692 27652 29562 26159 26707 31440 32131 26168 31793 26790 26716 19898 29504 29700 26147 29727 26280 27825 31657 31845 26877 26356 24051 31562 27082 16412 31937 23756 7006 28338 26767 24072 27785 25852 33387 23338 26794 26741 27606 1198 29795 9330 26885 28167 1834 8197 27876 26717 23429 29136 32267 28848 31660 26751 7325 24714 4087 30603 7076 29844 26917 30097 23459 26812 26828 28153 7524 30093 30604 26924 29383 26551 31732 31676 27657 27154 30903 24763 27632 17082 13516 27927 27671 26848 19161 28849 26341 29881 26766 26985 31579 26184 24546 24755 1961 27246 26119 23766 29375 24729 27694 26784 26921 28256 27902 27679 26948 3438 27984 23456 23445 14687 23840 23908 26926 27683 27242 27287 27999 23552 26564 25992 26987 24188 26968 25727 33099 27698 26388 25439 31639 27012 26891 31908 24553 8163 26567 27036 13756 26024 27651 23601 2988 27294 23114 31700 24203 27714 27311 20215 24269 35203 27482 28348 31715 28158 27915 36909 24484 26616 838 26992 27050 35929 29382 29003 16070 23531 31755 26088 28201 23604 140 29542 28334 29038 26931 26843 27089 26212 27112 28213 27070 7665 33051 26947 24877 29602 27100 27164 26954 29604 26923 31655 23809 27135 29392 29717 26978 3620 29981 23613 24526 24803 26994 16631 24982 26637 25410 781 29116 8443 26410 27724 26883 28014 27801 26993 26759 25011 26973 27728 28112 27797 12001 27181 28038 26201 27023 28125 29417 6507 8738 27016 27152 28249 26982 33411 26996 22783 27662 1876 30636 27033 26988 27731 33514 30658 27073 27730 23626 28292 29725 32008 32508 28317 27005 23670 26901 27039 25031 4360 26656 27103 23634 27193 26540 26229 27043 35961 26918 24458 30676 27109 27125 27359 25135 23964 29213 23760 27833 30717 26094 6108 31745 28426 13809 27849 27870 3666 27871 27104 42580 278 26117 445 29985 31948 30743 26126 27131 32274 1559 31708 27805 30122 26789 25872 27060 27167 24558 27402 23798 31747 25381 29991 13472 26315 33804 26632 25669 27179 26178 26953 28311 27875 25518 26927 29750 23983 26500 30760 36084 31783 27188 27078 29531 26190 20689 27024 27206 25467 27404 27405 29442 25149 27417 33098 26272 30990 26305 6400 27004 27218 27088 27101 31970 27198 29979 30762 26254 16104 27037 26142 2877 23687 617 13027 26378 28380 29272 25498 32024 29333 3024 26667 26307 28889 30022 32086 27049 26089 25537 25749 27458 28471 25982 29814 30766 25806 29148 23437 26728 16675 35230 27689 27619 10125 27143 23643 27326 24794 27220 26257 25324 24508 27467 34618 33152 27351 27478 24193 27258 28488 29875 31817 27665 25909 3011 29792 38648 29828 23833 7697 24569 29854 26165 28343 29395 23472 29666 2561 29200 27736 26856 33155 27303 1943 13392 24184 27205 26963 26301 27214 27687 17251 30779 32203 27219 26353 30826 31976 26386 30125 28492 28377 27129 31359 27145 30140 33913 27117 24261 26227 27883 29546 30190 22760 32333 27933 29887 27880 26922 30911 27150 28137 29835 27239 28403 24214 27165 29475 7734 27268 28612 27906 27912 27923 28459 34554 31011 31033 26469 29855 25561 25943 29874 26502 22742 27183 24311 24512 23656 27413 36104 1874 27421 27274 27238 28482 27283 26508 25562 26406 26945 27938 26411 26446 24676 26955 27737 27305 27942 27947 25971 29973 24854 27741 26459 22897 27948 27315 2264 27438 6682 25974 31935 27481 26571 27520 28750 26518 27323 26984 28508 24788 27474 19486 25570 1167 29547 26535 26032 34980 24308 29578 26472 25251 28846 26171 26546 8665 27210 27536 27063 1312 24801 28516 26295 27099 27802 3795 26840 27966 28956 27336 29904 28572 29298 1844 28234 29757 27708 10838 25395 26299 27123 25711 8737 18061 30142 14012 31113 28032 27758 23698 27400 28648 28473 27527 30923 23995 26049 28667 27852 474 1985 20735 26635 30931 26054 32019 876 29353 26247 27014 26379 31462 27492 28741 27494 36421 29963 28589 27976 31154 32158 24315 26513 29682 27977 41365 25607 30237 30157 32235 27866 23706 24723 28623 25664 27992 27780 25836 28001 27502 30330 27472 26735 28631 1901 32273 35239 26888 26129 27369 27171 27325 27501 27593 30375 27266 27826 29048 27015 32441 26557 27985 31259 7800 24042 29977 28720 27766 3962 14248 27406 32290 28081 24731 30941 26246 5273 27998 29616 24089 29948 28641 52358 27187 31002 27798 25682 28404 32423 27960 24428 1990 3614 27018 29741 1647 32351 27387 27531 32467 29817 30171 27191 26763 32540 26562 29983 23725 27597 30200 26689 27141 25703 31798 30403 30194 7183 29137 31060 28182 27354 27909 23073 26474 30324 26248 24800 26919 31123 23878 29945 30364 28762 29777 24513 27289 2118 24604 27595 24092 30527 28009 3847 32354 26570 28775 28784 28027 27271 26416 27602 24098 29873 23841 28791 27196 9593 28029 25721 35430 27308 32646 28045 32700 26479 29917 27615 1993 26798 26544 27426 24326 26489 27853 27361 29970 30810 27401 26456 28289 30356 25741 26251 28708 28049 26603 13487 27222 29147 28075 16970 34004 30471 26864 326 26964 27410 25875 36467 28884 25899 28078 29987 33159 27957 22795 27639 30448 27419 27642 25942 29992 29365 28239 27429 27677 24792 34162 28744 31882 27441 27436 27377 20341 27338 32687 27626 28831 31150 28096 29287 26553 26211 26674 228 27344 27292 27693 31207 26607 34990 27431 27455 27516 23318 26597 25767 30009 28134 28076 32390 15486 25047 27496 31140 26907 24697 27656 28431 28264 30042 24996 3712 27967 31344 13621 27684 2119 27415 27136 24287 27539 23959 30018 27610 32469 30139 31221 29923 28095 27721 30136 32475 34584 27265 26329 31478 29946 27777 27791 12022 28200 13262 23383 25112 26983 27980 23606 27309 28673 29971 25073 26618 36659 28141 27461 1214 26349 29369 25198 27968 28396 27230 27658 28169 27282 27475 23631 27522 24373 24807 28881 29374 2158 30234 24551 27864 28260 27563 27353 28233 32505 30175 27582 13275 28225 30566 30484 26319 29540 30568 28799 28181 32206 28361 27717 29759 28237 26743 27543 1402 26021 30583 17541 27327 25132 27589 30602 27878 27535 27973 24419 28276 3861 476 24000 27722 27733 28279 28913 24706 24744 14420 26408 28946 32532 24153 30193 27284 32553 30700 29098 24226 29588 27420 29859 27594 28450 27975 24820 26466 27549 24606 34430 26098 26837 927 26969 23769 26485 28034 36707 28037 27734 28288 28324 29999 13560 27349 28069 27240 24623 7385 32799 27622 28126 27139 30767 1111 27718 27374 29006 1465 17976 28160 24814 8235 27546 32538 30256 30280 24636 29111 25440 27558 28197 26869 27560 26103 36086 30489 24085 6158 28293 24840 27416 28519 28389 27575 28179 32830 27601 35454 19723 24864 28500 30316 13647 27132 32591 2038 26326 32858 3883 29984 28378 31637 7761 30490 28205 29655 28432 27963 27355 27448 24872 26910 29133 25211 27743 28385 31475 27635 28266 25027 5326 31249 3855 26106 32729 28214 1616 30609 27765 27772 26593 27720 25241 4311 23871 2206 27784 3785 27958 26573 27670 30443 24758 27796 30350 31424 30666 29197 27685 30317 25244 32216 28252 28231 27824 30105 28531 27488 29995 24879 28600 27806 29206 27381 27844 27711 28428 30873 30344 25018 30518 28610 24022 28597 25081 31929 28281 27447 27732 30846 28826 28335 30004 27861 24027 25159 17649 8380 27991 27816 3993 32706 27850 32249 27428 2384 28066 24764 28386 29284 27690 4125 2004 25311 23991 31965 28177 30521 25293 27735 20386 30365 30520 28472 29450 31074 30796 30646 27508 7066 30904 27382 29646 25768 28202 27753 31226 32808 24834 27648 27863 31670 3870 27865 31828 30619 30867 948 28678 28013 29299 32840 28274 30802 32876 28035 29238 27399 27949 27530 27872 25253 28296 32883 281 28420 28865 27818 26163 27987 28938 27954 27855 28699 27608 28347 34234 28425 25461 28310 26375 15517 28007 27886 28632 26101 25299 27570 26218 28475 32269 33238 28320 28299 28379 26934 25335 36152 28438 27465 33212 27888 34282 18997 27996 24049 4462 28314 30968 31236 17759 30736 27643 28595 26990 27706 28071 30192 25473 30731 31286 27723 32890 29544 28130 30809 24836 605 31361 32260 1514 30349 37032 24084 28059 28604 28710 24196 36263 28537 28644 28539 28943 28140 31412 30451 27994 30351 27925 28000 29553 27156 29301 28661 27672 27674 33309 2052 29565 30845 27773 29586 29346 27499 25365 28738 25438 26228 27637 28634 27695 25393 33478 24884 32946 25580 20873 24905 27521 26235 28173 28509 30756 28326 26604 28709 25609 28957 27059 24284 24223 24446 30849 37515 27779 9 26633 30856 33053 31348 24659 27661 32923 28758 27726 28147 32317 1937 26415 4528 24487 28773 24907 32370 28490 27286 29794 27688 27760 32486 28192 29830 26238 26325 24620 20878 17800 28590 29422 27808 32936 27939 1234 31300 27571 6779 31423 26241 24970 27761 30455 28047 29179 33319 31934 15926 28618 28786 30564 14666 32449 27119 26706 28056 32997 27763 24851 28521 24154 28698 30864 24741 31992 28073 32524 30726 31803 27811 32950 29224 26726 28621 27814 28085 28103 30481 30875 21375 33327 30962 30965 27832 26887 28342 28719 26243 28240 30972 16111 28937 30176 27609 28714 27768 35005 34499 28384 28455 31529 28628 34701 24858 30957 28208 28110 33552 29930 29440 27176 28273 26377 28303 28470 29004 28496 36484 28782 29106 27827 4622 28499 28323 27498 27893 28725 28194 28360 29322 27517 25622 35002 26657 25013 28272 28563 28364 25119 30462 27901 4764 31350 28580 28407 31326 30596 28413 28890 34956 26655 28902 28068 26958 28642 25397 28907 28498 29073 25090 18452 28551 30625 29483 33050 27907 27959 27895 29050 29081 28553 2881 28178 33579 36490 2699 28367 31392 28381 26665 33581 31723 33020 30703 32089 29126 29355 29508 29215 36630 20559 27961 31027 27614 25797 29167 28454 28694 33226 29399 29102 29195 28718 29940 28764 28051 29149 28518 24901 28067 27186 31446 27919 31447 33135 32171 28558 27899 28772 24914 27035 6027 25758 30160 27922 26949 25494 29754 28788 27929 37033 28560 29466 2570 24936 28569 30792 27054 27227 28223 28388 30861 26347 30542 28224 28588 30325 28097 28101 27900 27148 29480 28086 27547 29689 3682 29500 28679 30987 35729 33754 31523 28798 25487 27267 18473 31653 28102 28544 28578 37264 28780 32218 28832 28839 28840 28235 28613 28611 27083 29283 31136 28857 29401 27228 31534 29579 28248 32590 29318 28218 28250 30895 27837 28251 29445 28858 28859 31674 30635 30711 26176 30378 27231 33429 28259 24956 27934 28872 25333 28876 25625 42730 30777 28510 29968 28645 28900 28880 28106 28655 13990 28253 31739 31311 28625 29722 35065 27312 32598 35114 30897 28286 25536 27858 26316 28298 28903 28691 27317 28660 31021 28368 36025 28122 28928 28905 32291 28912 28373 32714 32628 25826 31741 24966 32689 30916 18197 33759 17438 28316 30556 33769 27017 27935 2781 28933 26537 28675 2031 28336 31145 33783 27621 30329 28950 28998 31222 25602 28729 28441 26395 28740 29100 28743 28002 28701 31349 8165 28804 28371 28914 28967 28823 28975 30016 4918 28979 28180 31876 27905 30240 32374 31043 28570 29131 28416 28829 25203 28023 29582 29605 28263 26454 32673 21923 31864 245 41242 4248 26711 28835 30052 30385 27504 31805 25118 28981 14347 27299 28982 27356 25228 28687 27945 29384 33806 28760 33149 29340 31458 29278 31878 29626 30112 25573 31887 26727 6430 3781 27964 27307 30061 2605 29041 3918 28358 29460 29744 31938 26631 28421 31998 28853 28899 28294 28064 27371 31151 28015 29158 30141 33454 28349 33169 20685 29170 27562 33360 25929 29268 28392 16046 28749 35157 28993 28930 27364 28582 29009 25142 26399 28138 25543 31789 32009 27389 29011 29463 28592 28766 29638 30685 29166 29653 28393 24925 30591 31185 29021 2902 30822 33404 27411 7421 29202 30748 31438 27974 3219 27600 27366 29012 30839 31190 28018 31204 28467 28116 28542 29032 27655 25229 28433 33481 28770 32053 28850 29525 31498 28802 29657 31533 29665 32721 32783 28090 25960 26911 27386 31625 29216 28123 27412 28481 28807 37364 33827 25401 27200 32162 32820 30928 27442 840 29444 29229 30917 29024 32887 28485 29831 28036 20452 26650 31925 28145 29043 26729 34280 31701 28627 288 27660 29045 28816 29217 27584 29056 32182 2146 29260 26083 32161 29083 26475 18615 28827 27755 31270 33887 26594 25751 29191 28538 30343 36689 332 25167 29057 25359 19005 34225 29085 28754 30862 28017 28148 28346 25437 160 29087 31176 8543 29142 29230 27518 28811 31402 32683 29088 28647 31295 37566 32226 31342 2096 27788 35180 28844 878 32750 30388 29263 34247 14373 31310 32827 28852 28654 29313 29342 29174 28489 26792 29350 29390 28082 31360 36112 26617 29675 6559 32318 17957 28163 26880 26123 30915 28203 35254 31406 16202 27667 24997 35258 21379 32420 28855 29693 28548 26684 28176 26197 5046 29419 37090 29183 29443 30400 25092 29760 30204 30831 28561 25581 29770 27754 32401 28199 29780 25225 30076 27911 28243 29255 30464 28146 29712 31425 29228 34129 30628 29721 37182 28658 21525 29468 28990 32215 29325 29761 31855 30964 28906 32404 26913 25376 705 7829 26908 29042 28697 31522 27981 29769 29812 31187 25379 34419 30228 29110 16707 32678 1654 29815 31727 29507 29845 28050 25668 21797 28060 28925 28474 29900 34616 28958 29907 28079 30133 28088 31414 27585 32629 28736 32780 25597 27010 33688 36697 27068 25411 28724 28768 29524 29947 29330 15510 26148 28885 28818 28245 33928 27552 1979 31019 29550 30099 25796 29144 35713 32782 28149 27559 33177 8816 25605 29409 32886 28820 33025 26019 27566 33821 26847 29234 31193 25624 25855 29388 28568 28886 33157 29302 32698 25188 28911 31206 27038 27076 28255 29007 26279 28774 30188 32789 31020 29932 28909 29584 28275 31891 29838 28963 27124 31141 29251 29414 36993 28584 29850 28984 31156 30285 28093 29880 31230 28624 28636 30466 27713 34117 35661 30245 29441 36548 21997 28124 33849 28986 29915 28988 29044 34968 27586 3020 39251 32988 33073 25856 29487 29016 31194 29585 28278 26179 25610 22676 30037 30413 27192 990 29634 32745 28300 30049 27234 27269 29405 31673 30060 29403 29412 31163 29672 29423 27388 32993 29451 36728 28783 36740 28726 37193 29061 27751 18021 32797 29528 29871 30044 27372 28306 27638 30463 29535 29545 23751 30553 29001 37537 23867 32419 25973 25389 29060 26242 8365 29069 33230 28676 30483 13897 29556 28362 29074 29889 30488 32414 29047 37208 28228 28864 31894 28405 30570 29027 32159 33322 34097 1326 29124 28662 27770 33002 16138 32485 22520 31703 30695 28689 29157 32059 31735 29805 29526 25949 28506 28244 28759 29566 33699 31231 31241 31468 29813 37623 25431 25675 28429 30087 14637 31273 30716 29846 30039 27296 35595 23015 31771 28541 2160 29601 29319 1463 29165 29719 29182 26252 30082 29049 27396 28543 29190 31561 29575 3752 31296 32142 27787 33844 29865 29560 26628 29231 29618 29241 14146 28352 29589 29884 28867 30328 27605 28941 8847 30110 31330 28143 18160 30757 31966 30257 25264 19225 27841 29663 27480 29633 33059 30573 26304 34143 26338 29367 21644 27702 32321 25714 27971 27729 29673 27774 29248 29053 3809 27487 30438 60184 30574 31786 26874 27306 37317 36894 31010 34617 15627 34638 29430 28594 3927 30951 33324 27868 30598 33028 31535 29641 30880 34719 29685 26520 28616 29678 28394 28620 29913 28707 29683 27321 26260 34645 26471 29243 25920 30981 28892 1023 34150 29591 28965 5405 25720 36776 29694 30284 29306 31829 26712 25738 31476 29597 7676 28162 29046 29280 29329 33100 29980 25325 29608 28193 37665 29331 29337 28715 26277 25443 10363 29378 32336 33101 31559 31856 34159 30287 31171 29334 29609 26036 26359 1677 29372 641 2122 29341 27937 29389 29600 32296 26141 36080 25752 30158 33433 32438 27892 32156 26317 31454 29707 28077 29619 28091 28117 28458 28747 1823 30198 29606 25753 28755 32012 29356 29621 28716 30584 34026 34165 29737 1452 29716 32060 28462 2161 28144 34203 32491 243 30230 25352 32580 29358 27002 30639 28830 29628 29406 28767 29431 29373 26460 28639 29650 36584 30155 29728 37372 28920 29745 4147 26464 28945 2627 34321 29706 30303 28987 26536 28795 29457 28968 31584 30305 23510 32030 32806 27053 29783 29801 29891 28189 29512 31585 29070 4004 29714 29631 27862 28529 30508 27538 30064 29567 29640 31626 33535 4947 29928 27649 33120 29645 14227 28980 28809 29699 29895 29853 33142 26287 28939 29400 25793 33210 28198 29096 28942 16244 33041 28997 30239 31713 31571 27095 29361 32880 25367 25963 29014 8441 29164 29715 29935 31726 30003 27102 26736 37016 29002 8682 37256 33219 25999 30667 29029 30526 29537 27358 28556 29751 33541 28268 7952 29918 19997 30310 30821 29549 29090 32464 31018 36127 32899 7167 9347 27867 29612 33074 29622 28058 27362 30361 29097 28304 30258 18508 33148 30857 30173 276 30282 29037 30367 29063 30457 37081 32179 28813 33164 31634 37094 33282 26592 29765 29974 29988 4030 30013 28271 34378 1760 31685 30382 29986 31257 33288 30391 32245 29479 29789 2164 29823 28575 29113 29824 28593 29768 29020 29825 33343 30440 29058 30174 31923 18256 30891 30472 34661 29651 29843 30597 26693 5469 29039 31035 32609 30718 34313 29798 33349 18584 30473 27936 26703 34206 33398 31072 30514 9279 34409 32499 28877 30216 29956 30769 32243 37401 30828 30243 29114 31693 33467 33431 33548 29861 29808 29997 32118 30259 2630 37796 30978 29899 30989 29863 37518 33357 29901 16415 28406 478 30014 29822 27319 30261 16794 27989 30017 30592 29965 30663 342 26722 27370 28922 29132 31144 33405 30083 28409 32862 29135 29055 29152 31225 31327 27464 29059 30088 26730 38007 29652 31706 3826 27177 25489 32298 27443 37590 32276 30269 31038 27528 517 34769 33342 37555 33568 27789 2825 32322 28833 29178 30883 33534 28477 27972 37659 26135 29505 29209 30770 37694 28154 17432 29613 30129 29799 30291 30868 30144 30145 29841 31707 29869 29376 26793 31712 30292 31768 34244 29878 34776 29275 17234 30109 29214 31874 33603 31353 28626 30085 21716 33882 6376 32914 32498 29658 30298 30126 31181 5471 28004 30135 30162 9772 30678 645 9531 31453 31182 26781 32432 31218 26284 27627 28414 30143 26047 30149 33623 4093 28935 31756 31762 29338 29890 26321 26630 30166 37712 33654 32314 32979 28083 31963 30182 33669 27636 30746 27647 31784 29473 29104 36182 23821 30887 27618 30441 30201 31088 29920 28003 34464 30750 33037 34521 30710 31986 30494 29800 5083 30206 33687 26853 30918 22774 29943 29488 33375 29676 31714 34009 36344 29491 2167 31867 26145 28680 34875 38171 33979 31302 31336 1451 32474 38199 2931 27357 36865 32448 28131 29888 29000 30164 28356 32127 33712 27712 31774 34585 26900 28491 26720 34124 25646 30224 30753 28422 33436 38230 31865 32027 33196 6706 27749 29499 31383 9640 30707 40333 12 31632 29254 28089 34890 31900 31858 30781 28008 7939 33448 27778 29273 29107 31418 30225 28731 29293 34722 29951 31675 30684 29300 29941 25761 26904 28546 28398 30264 27874 34768 30830 31928 29781 31569 32429 30130 26912 30405 29766 26084 35099 30424 30712 32560 28638 26952 30232 30820 32563 34055 30963 26255 28186 28686 27946 28412 30970 2246 7972 30444 904 31032 31120 26800 34399 30268 28128 31588 28566 31188 29534 27951 30475 20545 34995 29320 28283 30270 28322 27391 32567 31895 35022 4198 29961 29538 29393 30272 26915 31460 32052 30763 30012 2168 32626 29931 31026 1354 30436 30302 32604 30041 10927 38098 29447 31661 31931 30485 37462 29398 35058 29910 35148 29404 28465 2279 29516 32697 34081 29175 35334 35720 33278 32278 34170 29470 31435 27997 34275 26803 30492 29554 29501 26920 33459 31590 30065 29978 31243 32793 30511 30759 28693 35267 30778 30834 34791 33083 29564 34488 26928 26937 28800 32594 18463 35834 30068 31612 30366 30293 28157 28842 28862 26939 6033 29842 38264 26944 30423 28971 29242 36350 18884 31696 30075 30437 31403 30813 30866 40386 25930 31341 28576 31781 28175 30086 27031 29557 29279 27500 33820 33551 35868 30091 35877 29701 28995 32696 31450 29592 30640 29026 30929 27056 29599 28587 30412 5165 28996 30482 30881 30496 29644 29806 34217 28497 34385 33761 32617 29459 29632 5429 35905 3441 30896 31482 31413 30554 29659 29684 30128 32705 29720 28606 28873 34462 37730 32509 30618 35943 31485 29513 32709 9843 30624 29402 31131 2408 33094 38229 31545 28666 30966 28609 29883 2188 30656 29661 30827 31203 32063 27208 30057 27248 29481 34833 31209 38528 31404 19054 31624 27838 29729 32021 31299 28187 29123 29146 29752 29541 29129 29670 38183 29239 29548 31800 28502 26961 38231 30971 29902 33762 30672 31812 33870 32026 30509 30131 28756 39481 27134 38216 30107 5557 31007 37622 21082 38243 57025 30999 29743 30679 28671 33770 30885 30096 4031 30675 32723 28301 30138 30733 30994 30168 32066 28415 29635 26310 29677 31493 30706 31543 7990 30178 28681 29153 30892 29903 27767 31666 34898 28931 29952 8277 29264 30181 28591 27295 30389 726 30233 30250 31000 31832 31792 34348 32085 31544 31251 28713 31667 30212 27842 27067 23375 32829 27970 27260 31415 30038 31285 30427 23400 29351 22871 38547 33642 30819 27493 4184 30238 31009 29647 31006 28723 34387 35042 5741 30825 29343 30304 33673 30905 3170 32579 1461 36053 32154 31094 25936 63 8131 31008 31386 28598 28746 35982 30513 18665 28120 32802 32896 25931 32730 25968 30696 14903 33203 32039 29763 31034 31377 30522 31552 32790 31037 30054 29397 31039 34477 36004 30062 29771 31452 29558 29786 35637 28790 27686 37490 30027 33807 27324 33113 27280 31842 30998 32135 29482 31053 33125 29836 33128 33132 27368 31606 34403 31014 32294 33837 31100 35136 36403 27700 37840 28417 36436 30357 30838 31016 31036 37014 31122 38259 30063 16606 33873 30948 18740 36495 29698 36011 29703 30877 31040 38564 36316 28959 31237 1025 36716 31082 38758 1174 33792 27085 27572 31627 8653 33162 29882 34625 29711 29735 31042 31658 32172 3014 28810 30545 31102 29692 38300 27707 30555 28897 27162 31665 26000 31959 2210 34764 10061 31105 30691 32184 33182 32258 8326 29898 31961 33823 30251 39244 29465 29990 31997 31608 30362 33891 31463 8422 30561 32925 22750 34421 31057 29203 26082 23981 31148 31104 29291 31107 30069 32002 31690 31962 33012 28904 31149 5770 29520 29433 34425 32231 30984 30081 31521 32067 31157 31229 29530 39255 30006 30046 33193 29696 35935 29052 31152 31234 36161 33965 33075 31239 29732 32653 30167 26044 30569 29733 34537 29756 31245 31090 31268 28340 28605 30059 32074 33205 26092 32076 30734 29019 27001 34712 32329 33982 30379 28351 31716 29205 30686 27236 32220 30100 31276 30737 33905 28375 35220 4118 32233 32224 27279 2530 29112 32080 32282 30186 29563 29127 32145 31277 8683 31281 29294 28445 38270 31287 27617 33907 28479 38393 30048 31284 30398 32388 26240 27352 30417 29778 10998 39145 31441 27747 34145 30744 30047 30776 39286 30789 26293 30579 31731 30115 29168 4178 31927 31306 29848 37922 33608 29857 34082 29864 30209 29858 33863 29321 34190 32166 25156 27807 29580 4078 29416 32197 31319 30420 27313 27835 28921 26802 750 30249 32257 26844 37997 31323 34781 30446 31464 33879 31578 26071 46834 33695 33868 38533 32394 41909 30244 30296 30841 29868 8689 28480 32062 29993 39329 32020 31374 30255 1239 31265 4252 30159 33904 261 33225 33973 32211 29627 34014 30300 34041 30456 29870 22873 32643 30587 31362 31391 39375 32217 30497 30341 31369 26849 30921 31373 30942 30074 28951 33104 30615 28651 40 34073 29922 32101 36375 30267 31393 2251 28825 32297 19171 32247 6304 29629 31199 29391 34449 32025 21858 31376 34098 31442 28603 31461 31801 28562 34112 27856 33985 28976 32293 29962 30154 6741 30498 33271 34405 30002 27962 33281 31443 32316 30506 32459 30397 35358 31062 32408 16936 30301 33286 38948 30313 30524 35451 1029 34435 32559 31669 35542 27446 31602 27367 31671 32305 30529 30606 29143 31382 35089 32562 30692 31718 30319 32334 34859 30015 30032 32338 31410 26400 31477 28895 30332 29726 30459 28978 26652 31483 28554 28374 32593 31142 30336 32383 29067 30058 27394 31484 30983 32434 39338 662 1573 34246 30372 26957 32677 30719 31682 32735 31628 30617 32436 30345 300 3615 32254 31416 33250 30525 34444 32384 31491 27469 32055 30560 32343 280 31494 34505 31820 34757 35667 33363 30346 26699 36218 28635 31422 29782 30355 29396 30721 30540 31509 29493 27503 30377 30402 35763 30842 2801 30070 6878 38089 31603 30189 39489 30872 8710 27432 32410 26690 32717 26998 30442 38571 33582 30937 32312 29690 31541 38708 19473 30949 33264 32412 30878 27106 31501 30576 32455 19624 34481 30550 27525 31155 31511 28419 27556 30421 37179 30956 28789 32807 15217 32435 30045 32477 29502 31705 36446 27896 30996 29122 27931 31847 39560 19853 29079 15119 32588 27956 15943 34101 31936 30708 32440 30913 30449 35997 30124 31539 29975 34555 33358 29169 2478 31213 33437 38981 32713 32525 27052 2277 32622 30871 27450 34795 30926 29177 33530 32749 30933 28596 32036 31004 30460 30467 1226 30163 29949 26893 34131 31729 29335 34149 28464 33369 30196 29305 36771 30515 42260 30528 18096 31513 31553 27659 8745 31556 32415 31769 30959 27979 30539 34258 32630 27111 29339 32453 30531 30608 31791 30211 29080 30974 31041 32961 30611 33527 30704 28696 32529 31050 31068 32569 34261 29755 31557 42574 32095 28742 30220 30631 31325 30288 29736 32731 39774 30979 32193 31586 32240 31811 32895 2249 31086 31863 29581 35682 29784 27045 32817 29972 29642 31599 34566 31631 30289 28005 30253 30669 27126 38212 34287 30294 34291 29860 30884 32339 40069 33620 33080 32656 28705 5365 27158 2455 31001 312 29773 4255 27173 4404 4700 31826 33144 31838 30007 31573 30347 31877 35041 32504 30452 32571 30271 30780 27471 36038 34546 31318 4592 31886 33138 31638 27752 34783 30985 22889 30559 30546 31943 35044 38224 31740 5827 29803 28683 37852 30571 32945 27986 29832 27270 31767 30709 34501 31983 40077 35292 32522 27836 32051 33167 31644 32577 33223 30961 30995 32642 31833 32536 32481 30035 30586 30725 33676 31028 27096 31872 30683 30275 3204 31352 8758 30430 33632 30468 31787 30741 31056 34340 30657 27232 32992 30590 2289 18108 31025 29370 31853 20166 32692 29394 30327 31114 27514 40098 31681 31058 30607 31117 33233 30040 40686 31089 40863 34515 30080 29145 4128 27337 32879 31884 27624 32913 34599 28974 1769 1245 31419 31069 28717 35427 34410 30644 31889 34970 29434 30612 31080 32134 32792 32798 32545 35485 33022 31081 33677 28166 36064 34593 42023 28792 31725 31208 6159 28206 31092 31892 32199 29730 30380 28236 28021 56526 31111 31371 15988 31125 33266 27783 29847 28028 31137 31873 30426 32639 32891 29117 32898 30117 33441 31775 30645 31146 30630 29256 32704 33054 30659 29222 32660 30688 28151 30306 30699 34266 5945 29219 28812 31428 31915 35486 30888 31242 30723 31160 27253 39075 29739 30447 35096 31162 30914 30739 30932 31332 33841 28104 33214 34612 32103 31260 27350 33967 34241 27463 34595 29811 8876 32922 30454 28238 27392 32716 32720 30632 18797 34289 29793 6342 28262 30752 31901 31263 31881 31067 27908 32814 7069 31175 34631 33408 31906 31177 30512 30854 33604 31317 30021 30783 32139 31333 28313 32248 31220 31363 31950 28212 34641 29960 31917 38361 34007 33039 34711 31280 30309 22900 2292 30199 8948 31967 34509 33510 20493 36066 32815 31153 31721 30790 35155 32907 28135 32365 31982 31910 30286 29249 31304 32041 33513 28331 33449 32680 32097 27425 30945 30823 32952 34298 31947 32742 27519 1466 27378 32001 31201 33007 33066 29867 28164 31254 28821 28226 32421 30215 34303 27551 23875 32583 32791 33750 28463 39969 32011 28265 33655 36159 14174 34077 30833 33110 27444 30909 39132 31420 31971 30248 41167 9071 31343 33853 31954 33564 34765 38972 32123 30738 28277 42958 32597 35227 31974 30354 23100 9385 31368 32016 31255 154 32034 27533 31307 31964 29885 754 39154 28917 34175 31370 33420 39069 33118 32122 26273 32607 31417 33239 27716 32000 33591 2547 39300 30536 27557 36105 9786 31351 32748 30023 31394 34598 32163 1529 31389 30858 33348 32125 32319 31214 29522 9895 32701 31439 31054 31465 33711 33391 33374 31750 43274 27813 33768 1246 28363 32308 32099 28972 27449 31496 17036 30787 28022 29359 31433 31481 32120 34220 27817 33001 28369 28918 25997 29035 32574 27819 30119 31289 33742 29062 28258 31073 36685 31158 36801 35378 33518 4868 32129 32038 29082 23161 27540 30242 31640 30925 34647 33086 34664 30818 29435 33896 17068 29734 30870 36809 32851 26933 37144 29852 20647 39794 35253 30029 34335 36250 31334 32657 31497 30899 31824 31839 16099 30993 30274 36542 33744 28468 32241 29939 30958 31508 34748 33539 31499 37312 31717 38412 33909 33954 34379 34448 31339 32758 36895 31502 34222 33235 30073 29816 33895 34102 34095 32075 36133 28501 28522 2581 32771 32809 32718 30312 31510 27848 31503 32313 33544 32813 35420 34365 30276 34207 30299 28871 27869 35288 34428 31048 32191 32100 35541 37111 2469 30493 32141 33822 30975 30321 34210 30434 31384 18899 3643 30562 28545 38596 28333 28794 34110 31514 5137 30986 30768 32463 31051 31358 28339 36838 32885 2522 32947 32823 24263 29818 33590 31012 16163 32831 29187 28847 33236 31530 28216 34167 29989 33289 29552 11285 27223 32207 30565 31810 32079 35551 34452 35591 31064 32882 31411 35642 28923 18176 27019 37126 30333 35738 29211 32991 29194 34460 30120 2732 32155 33005 31066 30585 34770 35649 37020 34508 31436 31524 28353 34516 30477 29225 4920 31537 32708 28280 38668 39382 17436 29269 36034 31399 34245 31079 32906 31547 2470 33016 31550 31143 31574 35375 29277 32335 30775 32484 34310 23664 30593 18553 31575 30114 35820 32458 28955 3348 32954 32983 33598 37228 32430 33103 31531 32183 24718 30134 30670 2498 33850 31605 28376 34517 31611 30799 31101 31615 34623 33316 29326 33615 31635 35959 28761 37234 32800 29593 33690 42808 27596 8932 33017 33055 36592 31870 30621 26324 31684 30705 29120 30148 31103 31610 31697 30445 31728 37328 32497 31770 34938 30754 33833 29916 34528 28408 30179 32894 804 30358 30835 28478 33964 29377 4183 30213 30338 31751 31840 29688 2542 43329 28549 29315 31759 31776 34817 31804 34854 32901 31815 31821 1887 31907 28577 323 35589 29091 25964 33119 18600 30575 28659 3686 31159 29314 30853 7080 34772 32362 31161 31172 32221 36078 32284 1888 20859 28722 27771 32982 4228 31620 34794 29181 30409 30655 36197 37247 34936 31621 31173 31850 31192 37296 31262 31944 32324 35543 28734 37663 33370 30371 31968 35746 33121 27486 32407 31996 28863 33160 34556 31129 31941 34290 330 32078 31643 34804 34208 28739 31668 28803 37678 30812 29189 31985 32457 32130 32468 31994 29349 32048 28822 32462 31679 31076 28805 32342 31179 32619 39815 29453 30005 34013 34024 36255 30594 33092 31743 563 34721 30814 28854 31888 31748 32096 31472 32375 36327 32160 36343 30620 33166 30681 30960 34838 28668 40102 31196 30698 31329 33038 30863 34994 35007 35031 33390 33217 36400 30714 31898 30882 35083 31905 30967 1281 34581 30393 35177 32253 30969 32178 29134 1565 30912 36014 34414 32493 31205 30803 30747 39599 16320 27620 31782 34028 37908 32599 35844 31795 34057 32301 34211 34074 32480 33197 35066 5766 30764 39683 22766 30786 30408 34504 32637 32726 36670 30784 31210 30869 33529 24350 32234 32503 30936 5628 32542 673 31308 32242 2309 28924 32380 31165 30850 35121 34093 32600 31518 32488 32638 32761 32417 32517 34655 30798 30851 33275 35904 17521 35918 32825 31364 29371 31868 36752 34327 31995 32251 34136 32747 35169 31387 34463 1350 9057 37932 35202 30121 33630 32582 32857 31398 32904 35187 30920 32602 33460 28868 32625 31919 31492 32872 32733 33283 37933 31061 33307 32017 30939 31519 3352 33351 33572 34522 34184 33043 32277 34466 31914 16503 32289 32652 3707 33232 23306 33389 34476 31953 39024 27810 33330 31563 31957 29022 31375 6160 26514 32908 32605 35280 36450 32056 28879 29071 31566 30132 31015 32114 33465 31087 33848 27860 31052 31108 2554 31780 31212 37460 31576 39860 29308 32315 29380 35286 36598 35974 31589 33208 37163 28944 32295 29474 36074 32035 30407 4240 34574 32323 30478 32202 31202 32069 33248 33651 28927 35283 32693 37349 31247 34811 32710 33696 29095 32116 36129 31520 29574 29115 32931 1420 29125 31293 34212 337 32703 28934 34606 18088 32299 32399 39099 32985 30236 4281 32621 33493 26696 31594 31592 32732 35291 34577 32736 40104 32326 35001 40111 35270 33008 36431 31607 30558 39752 2720 29172 31045 32363 33737 35107 34106 32176 34194 40207 35325 5518 32737 32781 28964 33273 32767 29130 30852 33801 27891 32762 41816 31785 32188 32054 29455 33029 2787 20201 29477 31955 23461 31663 35257 40329 34624 35415 37861 31379 33290 30241 34201 33332 31168 35522 34235 38386 31616 37210 35633 38413 32403 32766 2749 32004 31121 31322 33697 34259 32837 35469 34269 32769 32381 33102 34705 32389 27904 37484 30184 33779 32424 19405 32366 35533 35671 450 29240 29274 4256 34276 30954 34306 39921 37092 27914 31279 9127 34985 33030 36174 37455 34627 31761 34370 33743 9200 37517 33106 36543 29184 34706 31788 35859 29467 29336 31017 2084 32332 35676 32483 31166 37099 32772 16600 33918 32941 32487 33063 35206 33115 32844 35734 35865 34826 32960 34629 34879 34715 27926 41072 31794 33388 31903 29596 29476 34907 3260 31922 32516 34918 32826 29704 36199 32555 33122 31609 10013 31940 32115 20690 33143 34771 37611 30252 32866 23627 32439 33147 34915 32502 34390 26811 31979 35994 34398 35873 35951 31405 28771 32427 35817 29583 36130 34943 23721 31063 30697 33176 20710 31128 33312 32119 32589 31313 32702 30207 34071 10108 756 32874 32875 34431 40100 31989 3401 32586 29603 33424 32764 230 32592 32870 33340 33361 38526 31958 32916 32270 33717 32534 32303 32635 27509 29919 32615 35917 33789 31355 36721 32359 32526 33772 29611 7092 31169 34868 31969 29731 31235 34965 31071 32892 32834 32664 32867 33721 36852 32327 31432 31126 33258 32724 38161 34495 20887 2900 31240 33423 33428 33435 27759 31467 29955 4317 34996 31662 33446 32663 31315 29418 26836 34877 36040 32456 3015 34503 32774 33015 31797 32929 31807 32863 29623 33495 33774 31601 4329 36636 18957 31023 32998 32005 33662 32818 36240 31451 27943 29667 31457 31130 31098 35020 41596 31321 31619 10155 33033 32939 32543 36992 38581 28985 34042 32951 40477 32632 34578 34992 30283 33457 29040 31184 20569 35956 30323 29679 32977 18312 32981 35026 30185 31796 29303 32934 32094 37762 31949 21386 34044 31479 348 34114 30331 30386 32847 37136 31742 34591 34182 33780 42167 32715 42012 32819 34878 9087 29436 29851 32402 30486 31216 32974 31972 32822 34168 349 31999 32661 28748 33531 34214 10256 32411 29427 33004 33049 32416 34603 27451 28024 36083 36287 29674 28080 32006 32043 4351 34927 33483 33010 32712 30152 34064 36031 32064 31600 35034 33179 31312 33515 29976 33299 34163 37815 40705 37947 31984 36109 42135 31744 34204 33670 5849 31328 27564 32032 34281 29791 36329 29093 27924 31486 30235 34813 32725 34814 32102 32744 30308 34982 36413 40828 34479 31814 33700 33485 33068 33151 33085 33713 31320 36480 33195 28328 33026 3432 33216 29494 35021 32190 30334 31488 37951 63969 33367 35925 32087 16144 4224 28461 3812 31506 32109 33077 33419 33114 33470 29876 32852 35006 32146 28507 32835 36417 35071 34822 33430 33798 31746 32050 5182 29897 34432 38590 32850 36209 38160 37313 31525 36278 34195 30170 34484 33285 33715 29909 33876 3043 32065 34230 35639 19535 36280 30360 24174 32212 31822 33246 29879 1580 1589 36312 35072 33249 29139 32859 1664 35086 32083 30203 32153 34470 36415 18590 32268 32121 1883 32091 33444 31749 25191 36441 32280 33728 35094 1524 33127 31512 32489 32409 2417 33452 18686 32877 42291 31224 33735 35119 31581 35117 36496 31754 32888 30399 29924 18706 35131 32921 39287 23650 31633 33494 35091 27587 29921 32773 36449 35095 33496 5925 33584 30191 32940 33621 31830 33265 29196 36452 33082 35149 33274 28517 35204 31517 32556 32306 29938 32126 33325 32285 29953 2401 31831 33636 36266 35158 33749 38559 32986 32707 33140 35211 32239 42274 32170 35217 33701 33057 39502 30322 36317 32341 33498 33365 35219 33091 31636 28053 33971 33796 4383 29517 31834 29576 32223 33550 3281 35242 36340 37145 34559 32565 31596 29996 38611 33184 29927 33174 32081 38712 33800 38725 34580 33628 33524 35109 2800 34078 32987 35265 3098 33745 32428 32786 29614 35343 32175 40693 34642 33684 36365 30019 30043 30055 19196 31427 32353 32186 32256 33406 33335 33409 34369 35056 35335 33185 33202 32994 33071 19438 31836 33410 36579 33834 29428 33072 18308 33875 38795 31866 33889 1593 36384 3317 33276 31595 33354 32196 33633 31880 32376 33635 29942 32444 31893 33438 33237 33540 2713 24225 36402 31623 33047 31897 2142 32454 36738 30353 29926 33256 34384 32482 3344 31646 30404 33380 34506 32515 3494 33293 35411 5549 31918 32013 33243 30749 33685 33731 33709 35416 33714 28026 32548 24339 32649 33440 34674 32557 35199 32568 35297 33442 32022 5984 6214 35342 4436 29452 33199 31736 36499 35396 1389 2778 33105 3501 30079 32208 30071 34549 33940 33458 32331 42921 33469 31445 30103 33244 32624 30476 33755 4318 35434 32045 34628 33760 30901 35300 33472 38734 32232 32722 35464 35311 33296 32752 33998 42307 38303 7143 36461 33486 30368 39610 31766 35391 31902 35497 35531 351 30549 2320 33983 31647 28118 31738 30101 33504 34683 32547 33778 28156 18752 28411 33931 1676 28449 34038 32072 36386 33123 30500 32651 32753 33294 31808 33300 32676 37743 33782 30396 38987 33785 28581 36742 34850 31753 4439 34056 33638 40927 35536 33847 32727 35635 21019 40904 40930 33784 32756 30613 33308 32778 33843 30425 32136 30311 33791 33793 32669 36803 17622 32147 33257 16575 35636 30150 29620 1071 31933 35693 30254 36553 32871 35752 10592 34693 35501 4530 33328 37991 33355 33561 18637 35809 33479 33952 35755 31469 35156 35596 33898 33962 34076 28287 33107 30458 35816 31809 31956 33533 24630 32369 32010 29905 34445 36555 19631 20443 29958 33854 36935 34815 41408 34420 35615 33885 42373 32675 35657 2186 29218 33978 33846 36537 33708 33986 33867 28161 7145 33412 36812 32681 35897 30053 33953 32777 33586 42446 30415 3470 29227 33150 33592 30348 33803 37862 25310 33957 38990 33545 30469 34006 32796 32195 37002 34015 34115 36665 32098 35958 39038 33414 33599 35966 20482 35771 34161 2796 31869 30429 33563 32174 35632 35806 33613 32246 14203 33970 34126 35679 20683 32058 34029 37138 4603 30505 39236 33824 38004 33974 31904 3452 32300 2441 30581 30177 33180 33645 32816 34561 21065 34959 32856 31354 34027 42661 34011 35690 30502 37147 32104 3646 33665 34045 37232 32337 32910 33502 34602 33503 32893 31916 37885 31380 30247 34660 36825 5054 30092 34084 33972 30724 30758 38071 29233 33499 30537 3779 32828 34695 34050 32868 31515 32909 37254 30582 28602 38097 36544 30837 2892 33189 30503 32379 34146 30278 33618 33634 34753 33640 475 34288 28172 31680 36797 32918 33704 32263 30840 33013 33641 33852 2897 33318 32935 3914 30637 32446 34148 33334 33046 35876 33376 539 30277 34778 31549 33951 32473 28672 37273 34091 28121 37311 32107 35653 34296 39848 32494 32392 31597 36195 34789 35954 35711 35084 36835 24581 33650 30638 39097 28184 32367 32271 34312 33657 31778 31920 32265 28730 30890 34777 36867 32283 315 33763 30671 34085 33682 34909 30794 36714 7284 32920 35181 33491 30359 30219 34108 31952 28817 33067 34351 34583 32507 39520 33508 31119 19258 36243 30262 34138 32623 33976 32962 35812 38028 30860 34359 32667 34924 32361 37482 35229 34140 30953 34827 34199 28209 30893 33366 30661 32564 35339 22747 32943 33187 28940 33764 33787 33553 33980 32169 33520 34830 23816 34841 404 35879 31859 32587 38126 33706 32003 30690 31200 2910 35398 30326 3961 19967 32959 30713 35932 30383 35780 3970 33808 35936 30902 38328 33565 39912 36060 1549 33191 30859 33959 35908 34928 32413 33261 20022 34243 34895 36883 32304 33886 30924 31250 34338 29424 39942 34901 32422 34374 32472 32631 33569 36652 38115 36010 36088 32018 34008 35483 33532 32031 9299 34524 35448 39926 33267 32476 34930 35761 31049 34052 33306 32057 35815 33573 35813 40097 36897 32541 37170 33993 32143 5883 43011 31720 34086 33220 30919 33990 34407 33736 34174 34507 24102 34955 36759 29018 30982 32576 32633 34033 32311 28215 35909 32963 32775 32975 35492 35910 33575 35946 33648 1349 34458 33415 33035 36889 34472 35246 34347 34480 31879 34511 30980 41827 29028 34035 37530 36435 33331 31294 33175 41345 31013 33659 33860 39986 34099 35783 38120 36057 32581 2057 34353 32377 40167 34054 34963 31095 34382 34573 33585 31059 33751 34614 32347 34646 32382 34144 33254 34665 32398 33738 39622 1694 31459 36624 42024 34067 35008 33287 34000 34400 33722 33578 34227 33596 33339 29154 33802 40843 36114 36041 32670 33048 32612 34708 34714 33109 34863 34107 32501 29471 35837 35885 32385 36903 546 34383 30510 33601 33338 36068 36120 31883 32650 35621 36920 34733 35273 34155 35417 33733 32810 1602 36122 34254 5887 2322 29023 31091 32442 31124 36231 34404 31167 31134 33416 33511 41048 31174 34729 25409 35419 32746 35050 34734 36324 31197 33917 33775 35428 2 33815 33270 35598 38189 34096 28504 31180 31211 30394 37946 33671 34116 34238 32812 32779 31217 31223 38157 35631 35059 37195 393 34307 21243 35928 36184 36077 37520 33813 34240 30479 30416 548 31246 33818 31227 33845 32132 36103 33610 32400 29643 35374 36764 36232 35889 33336 32150 33686 38411 34767 36331 36827 28757 38072 36132 32833 33831 35387 33434 34278 34125 32261 33445 33475 34341 29226 43475 36254 29486 30647 36864 32443 36957 4576 31764 32513 38518 31189 32445 36153 33851 38370 35168 34173 9467 34274 36269 40309 34949 31473 30491 36172 33732 4535 38077 36180 34782 33477 4782 32841 3658 31085 32848 31890 33045 37578 34426 36286 31269 18929 30577 33036 37209 36292 36289 599 35274 32029 32395 34442 32510 22778 31274 33476 32151 35634 34308 35321 37624 36360 38277 24115 19131 39947 35466 33644 33517 33153 38474 33058 33756 32570 34352 40119 37216 34796 32566 30650 31253 31338 36912 30652 33855 33858 32616 32911 38512 29289 33056 37636 33862 33788 33303 37188 9497 34545 30674 31301 34520 638 33070 31256 21732 31939 35351 25832 36397 29809 36619 31324 36970 2952 38109 33816 33866 36222 33061 33525 34613 38285 33877 42812 34692 31271 37034 35654 36625 33081 36634 31282 33899 34526 36220 35797 25155 33856 29821 32173 37035 33901 2484 32 33643 28295 34331 31335 32040 33930 33614 30504 38566 11306 37362 33883 30740 28619 269 38318 38248 31110 32682 146 35721 34620 36226 33874 7434 34865 35934 33537 36228 40450 33397 35472 31316 37397 31388 38346 31687 33946 33631 34558 34197 35480 31538 36939 36233 32310 33924 32356 34586 36334 36656 33777 33088 43016 32688 33723 32015 33163 43052 32788 33399 33168 37086 34887 38601 33969 37199 34021 34889 41092 31400 42402 19976 32460 41 3977 34022 2513 33840 31773 33617 33878 31825 32181 31272 30680 34047 34621 37299 34358 33903 43204 34062 35445 34644 34436 32917 34923 34393 31421 30947 36244 35314 32972 36456 38698 41174 33064 30732 35538 34912 43914 33919 34751 35575 477 36408 34474 31565 2569 33183 40366 36686 38419 32500 33892 33937 34485 38516 36705 38574 33560 37315 34919 34525 34567 36590 33629 30151 32201 34784 36711 33894 31951 29408 31861 33945 42653 34601 34060 36609 34500 37331 38299 33095 36861 33949 34089 29449 44084 28505 37361 34005 34058 33229 34922 30735 34607 36648 37373 33981 34668 33716 40586 34964 36872 33116 10298 35110 33999 32451 33136 29639 34083 34094 34542 30223 36663 37533 38880 37241 33137 32740 35236 42844 34610 37403 36447 35425 39795 39854 34121 9498 35678 34156 35570 30651 960 36459 32527 36460 33173 31489 44203 34619 36298 36644 36581 39325 37244 32824 35626 29514 31551 34611 34636 38615 36950 32846 9600 39361 32528 35804 33746 26688 31340 32957 33201 32210 34105 39951 1668 34659 36140 34157 33204 37426 36695 31570 32546 36976 34019 37456 33864 34643 34667 34164 33594 35938 30801 34172 33948 35309 37685 31395 34166 32264 36720 32535 35724 3430 27479 33252 30855 34687 178 35705 34673 34171 34176 38630 34049 33345 35902 30771 33145 21270 30431 34177 1221 34872 37544 34874 37063 34066 3797 36085 34654 32821 44275 40124 33165 43079 31407 36486 29357 31641 35176 34088 35832 33950 33880 32252 34249 36736 34198 36980 30950 32302 34679 38661 37549 34180 36508 33347 35923 34297 31568 40672 35332 34882 34100 36749 32905 34908 34717 34700 37813 36777 34202 32928 20231 36804 32996 33228 34732 3160 34702 37266 34886 33372 27506 36631 32832 34267 34104 1698 33427 38675 39641 34317 40710 34972 33268 34738 30369 35874 21632 34330 37581 31070 4714 29827 31654 30805 34785 41218 37594 35319 32601 33490 38309 34807 31622 36694 34787 34257 30782 29108 37899 30876 35973 33272 37122 33906 34388 1028 36118 25953 34213 30653 36774 35995 34389 37632 31656 34218 33044 34109 36753 31456 37295 34473 40775 34118 31664 22122 20514 35625 31471 35019 36833 34723 36807 36817 34394 34798 34160 37709 35362 34802 5439 35395 35991 34810 32348 41117 35045 33093 33280 35412 31777 36018 34812 38979 34411 32042 41593 31112 34111 30730 30808 37948 31683 36123 34496 32355 30773 3868 36150 31694 37300 37363 30816 34829 32360 31851 37546 36019 33108 10290 35640 34487 36035 33188 30025 30387 36843 38113 33456 37385 37563 36952 31678 34538 34039 32433 10593 44152 30898 31862 31078 34731 34820 32533 37651 2490 14569 33186 36868 30944 41213 33263 687 37319 37068 31710 37680 37124 35269 4716 35240 34228 39838 34831 34835 30642 34848 34832 31047 38664 33269 31757 31686 34239 44480 36860 33295 33060 35262 34855 28533 34268 36927 33297 36954 43762 37010 34837 36043 35080 33547 34671 33908 37175 37039 31084 38747 32437 34849 31099 35441 35338 33413 33421 34861 34034 32450 37042 36110 36149 33463 37414 37107 29718 31127 37404 31911 34127 25955 34135 34906 31290 415 32137 34229 21909 1575 33315 34231 4971 36158 34847 33497 20521 38992 37428 33622 35346 36169 33304 35500 20631 32229 35727 33394 37457 35364 34869 34933 34302 40179 31474 34881 34885 34940 26519 31133 35981 37083 32465 39894 33509 36196 33200 35450 32023 34903 34237 34337 34415 36101 29624 44371 3910 35460 36946 39044 37714 32148 34438 36717 32286 2519 39903 35381 35474 34951 35153 35103 34987 20460 37540 31178 35775 31702 34271 34999 36822 32490 60409 31711 32028 32539 33523 35407 35120 37817 37304 37056 940 34429 39009 44861 5461 36309 9647 32537 32544 34975 44651 34453 36967 34983 34465 9610 37168 40252 36873 6043 9718 22228 34468 34703 22240 7660 34001 32530 35263 32944 33403 31331 34519 6467 35011 33384 35277 32573 35567 30552 33439 37214 35674 37711 37716 34978 35013 34349 30811 35487 2941 35043 29748 36488 36219 35132 30927 34531 35353 34046 31909 36534 33580 35525 33194 34380 36249 34151 31345 35624 35547 39994 37789 34741 32350 40057 34626 35060 36577 33653 34395 36985 36285 33600 34562 34536 34295 33455 33625 5588 41547 35316 35073 35047 35074 36102 37904 31617 31083 38096 34251 44741 29787 35061 36994 32575 6065 31772 36589 34946 35366 34255 33462 35580 30908 37097 33519 36409 40256 34560 32595 33206 35092 36602 34575 35628 31378 33488 37318 35101 37459 37802 35390 32044 31981 16504 37909 37305 33574 34669 32754 6085 36346 35115 34262 36369 30934 40283 33649 34264 32671 36299 34662 16624 3680 39060 29982 41711 35644 42439 35655 34564 37005 33668 33667 1584 40211 37613 34265 33720 30991 36390 42588 34597 35160 35127 30992 34986 49894 31183 9751 35656 38871 34652 33301 34670 35677 33718 33675 31737 31401 41278 33516 32046 42794 36678 31765 36987 35135 37938 39076 37489 35183 35669 33724 44498 32061 37057 29790 33726 36300 37926 31437 36603 35141 6493 34322 33730 36696 37697 35698 37471 38061 32684 36414 38312 37821 31945 38909 39906 37931 36442 35188 34698 16835 33941 35145 35064 828 35599 35323 37883 35201 32551 35144 36762 34375 35767 32140 39911 37672 42589 10942 34724 31186 36378 33554 38973 36892 37095 29856 34699 37682 37030 36779 39101 32966 426 34727 3051 31813 35836 37707 37509 37187 33245 35855 33739 33795 33341 35751 34649 36575 31526 33255 35900 33766 31649 35331 34532 35354 32077 35244 37996 35189 32047 33966 31818 37077 35903 6503 29886 4637 34594 33079 6121 37734 35787 37974 36743 35250 5758 36826 35221 37529 7949 34720 37785 35255 31993 31248 38029 34728 36782 34736 40422 35174 951 34685 31946 33819 33559 31532 33812 33577 32760 40426 30001 37603 34273 35287 33747 34740 6099 35106 24201 35281 33705 35392 37982 33797 34797 37248 33799 32073 31577 33326 38385 29648 33825 43664 35298 35386 36406 34533 35926 36849 32695 36783 38090 40429 32007 34691 32164 38123 37132 32213 35191 36832 37609 35456 31688 37565 36845 36137 33830 35214 31689 35259 32699 7954 38223 33352 34694 42338 34696 33832 25979 29775 35303 34792 35313 31758 9870 33126 35965 36881 38204 34482 32227 31816 34759 35998 32244 34819 31837 30026 33811 34440 34857 35369 33362 35421 354 35468 35646 32112 33506 42504 35014 35329 33829 6457 38389 31305 33835 37194 35494 37584 36913 43501 32281 4838 36955 33032 39999 33546 35702 37845 31843 34716 32113 36425 33842 36144 34471 34 36410 40399 37117 41369 33897 43726 4648 32352 33881 53360 32738 35520 33279 34806 34871 32452 38237 36440 33480 33884 4171 38427 32262 33557 35261 1906 2355 30056 31582 37620 33915 38267 35388 33890 40323 33356 35530 37135 38050 32785 35344 32787 34893 37664 37004 37691 37150 38480 33955 33963 33920 35435 35473 28196 37158 35504 35511 36050 33929 34333 37720 34012 32965 29489 35983 36854 37751 40043 32561 34324 42646 30098 30273 38275 31734 30315 35578 35193 33914 37054 9838 33639 37890 36476 34080 38056 44042 35443 32596 32915 33652 37822 35950 34178 36006 36081 34141 36541 37289 33988 37836 37867 34346 20483 33218 35526 37912 34913 35545 38339 31852 736 36667 36096 32088 34188 36964 34368 36566 4041 34843 34002 37972 36098 40414 34036 34853 37180 4655 37344 31779 32755 38479 33771 38468 35566 37942 35463 34856 35765 34090 31835 35476 23156 35665 37995 37267 37979 33240 34119 38864 36302 34870 40634 33934 36928 17442 31849 33395 35515 34491 36156 1083 34193 37514 31926 38560 34666 40468 35505 34043 37395 32189 37994 32492 35350 35507 35577 1129 38618 36608 35608 37722 44328 32049 30660 16221 35534 34226 34541 35666 35614 35616 40824 34942 35768 36915 34233 1608 45676 35706 38031 35402 33773 3919 36214 37213 34579 37024 2521 34977 34362 37653 36582 32686 33958 34372 34253 35067 35410 43459 35664 10046 20662 33939 35730 34061 68383 38203 42038 38198 34931 38207 34944 38256 35788 30401 36223 35742 38103 36669 34376 34920 33995 40332 1796 37473 33942 35328 35824 35605 36062 34103 33996 32949 36744 36230 34917 35658 34852 34381 33968 17942 36911 35035 34252 35372 35424 34406 40337 40449 37085 36931 39223 35793 4107 38001 43684 38220 34386 35459 34961 41313 22266 34416 34981 39914 37545 1610 33464 28682 30673 44679 35805 40474 37571 21395 34989 34048 38287 35015 35037 37272 37184 35827 36930 36984 34128 38294 31942 35038 67262 35039 35726 44799 32989 30751 32205 35051 10107 36241 32805 38873 38320 34401 10163 35831 33500 37013 36492 35735 34132 6540 34441 34018 35846 32378 465 37718 34422 34475 35098 35062 26109 30836 32968 34539 359 35858 39732 35627 36236 35105 35195 26651 31790 34219 44058 35743 35077 23543 35465 36428 33989 33031 35791 35361 32431 37109 4206 29515 35112 36251 34223 35893 37871 32110 35842 37252 35137 20714 35493 821 4222 33501 31975 40804 35138 31030 37782 35400 35919 38337 35209 4672 38641 41620 8041 35862 34467 37869 33474 37265 40912 38921 35409 37038 40978 36308 35475 37046 34790 37964 34272 33809 35892 31044 35243 36462 37271 36474 34305 38304 34513 38335 37053 34325 39207 38955 34793 33156 38338 34529 32204 40193 38353 36276 34844 36044 38493 36310 31704 35848 35213 34326 10153 38584 37114 35574 44804 35650 34799 6118 32219 24719 35880 34314 22434 35725 34846 41103 38451 35167 35130 36338 31988 29162 41444 38013 32690 38311 32903 32912 34570 41197 35458 32358 26015 37970 34355 44380 41480 33991 37989 38016 35186 36481 38022 38314 44806 33251 38384 38674 38489 34630 6162 35944 35979 36506 38718 38832 35857 35604 34675 32033 36404 37082 36691 10201 37128 8176 35057 36355 33656 35223 30501 35231 32082 40906 34417 37137 34904 38039 41559 35268 35866 34068 6681 38257 34433 35620 32391 34457 36726 35907 38087 35102 34497 34550 38099 34979 38407 35912 38852 1612 37183 35949 34709 32106 35532 41286 5129 34589 38624 36398 35968 37196 36439 35980 38431 36453 32768 35600 26053 38686 35733 35152 37217 38527 38892 40742 35000 45429 37275 35736 38588 35977 39214 35984 30541 39748 4937 38197 35769 36059 38556 40407 32144 35030 38448 38573 38977 35989 38580 34600 39289 36061 32926 35033 37226 32198 45803 10521 36032 6136 39070 35212 32222 32514 10253 30817 35670 36601 36002 34514 45075 32309 37287 1911 37242 40200 35647 35237 30722 38888 38619 36485 36008 38682 34320 36487 32518 32340 34749 38780 34329 32948 35048 31164 34498 37268 32520 36072 34639 32608 35147 33260 36614 10827 32614 35248 36037 31215 38134 35796 34892 34935 31372 32236 35052 35747 37297 38701 43797 38206 38776 36073 37278 41292 5052 35687 6618 36079 38754 21194 41594 33664 34260 34332 35301 35210 32953 32970 38209 35304 39460 35266 1372 36522 38763 21364 36225 34839 35310 37309 36093 34726 35850 35881 38779 38814 36642 35347 36094 33512 35899 38215 38762 38844 35093 30832 37286 38232 36099 38792 36552 34635 40066 36294 38963 36190 4674 38868 33298 37301 34523 33681 36568 37274 37316 36177 10992 33311 37443 30785 34553 34590 37463 34640 38240 40402 32618 11388 35171 38274 35200 36131 34063 32346 34657 31022 35352 32372 40454 36612 34672 36730 32662 33589 37371 36206 33536 1140 36606 36700 34279 35023 32209 37531 36741 37343 37307 35368 44952 35222 36769 11518 779 32644 39144 38865 38242 36138 38890 36613 38347 32645 36780 37411 32214 34758 34786 35393 36148 33089 38767 35256 34910 35512 35449 35920 34864 36615 35455 36798 35930 36799 32552 39426 38265 38959 38510 35272 37469 11805 34876 34350 37532 37547 36635 35484 33019 36595 34954 38803 35111 36829 35172 38124 5154 39345 39011 35569 34569 38410 36820 38272 36125 36572 35278 2596 35363 22518 31991 34937 34367 34684 34309 37479 35289 35307 38867 37615 717 37321 37345 34988 38500 14128 35739 37500 38980 36943 34391 35070 39035 36617 39570 35529 35999 2937 34615 37357 34418 147 32654 36796 32679 35470 39042 2967 32386 35606 36831 36175 34690 39072 33616 37436 4675 40506 33492 34311 36322 34446 34596 39087 37375 26215 39261 36870 36207 30824 37011 41387 38509 32719 34609 45927 37151 34718 39096 392 34737 37511 34648 35317 23511 35514 39117 35076 38895 39128 33588 39553 37503 34742 35571 38403 6137 37535 36007 35166 36646 36841 30807 35607 30938 35028 35327 37648 34763 34676 35602 39163 11531 34866 37181 36052 39190 36176 39206 36842 34916 35175 35192 35617 37012 35405 38913 38522 37130 39140 35341 36187 39147 32620 35894 39230 38487 33087 36229 35104 35630 35194 33678 37173 21472 36725 36208 38907 36794 33117 33124 37398 37629 33871 11715 34678 37710 2628 35012 44828 38515 35854 37338 32275 39408 33921 38075 35408 34747 35686 34929 38998 36143 21654 39219 34773 32728 44622 36368 36257 35975 37614 35413 37223 38877 6197 38863 35436 39224 36808 41607 34845 12199 38696 36237 34960 1867 33211 35643 37236 39472 35275 37420 34932 36213 37496 36387 32640 35279 38535 6433 32838 36279 37113 35732 37325 37393 38116 40854 39605 37770 33932 1712 39276 35118 40182 40269 36392 32665 31075 2006 37516 35696 37637 35438 36328 39608 36380 39307 36151 32666 41312 35207 35215 37541 84 32741 35357 32842 24874 39185 36383 35789 37380 8857 36330 35318 36412 37801 4213 33253 5009 35776 36497 35707 25069 37382 39298 37849 22754 33133 36258 33207 37866 37542 142 33597 30943 6947 35782 35359 38327 37386 38882 33224 39403 33922 3004 35839 32711 37560 39114 35444 37851 36352 38919 37643 35807 39406 39285 35741 37396 35025 35794 36314 36389 35336 39798 39611 35367 34123 37927 37645 33611 37647 39376 2531 35819 37935 45587 32845 38699 39412 35731 35835 38368 34976 35830 39023 36470 40510 36407 35573 33262 36429 38391 35849 39401 36493 36500 37662 35933 32902 33471 36528 39413 38043 38105 34142 41850 35312 33522 40655 38159 33619 40538 35503 40984 33447 36029 32969 35376 32853 38714 35046 29266 35397 35429 32373 36217 35426 37466 32393 39437 35431 21730 37708 35432 37567 36048 35113 35122 35326 37902 41823 37630 35586 35488 36638 37654 35159 45686 35447 39484 39556 37681 36430 36051 29936 6809 36840 37773 38146 38941 36886 39613 37776 41004 2979 36586 35579 35524 34486 22124 35559 31314 36837 34224 39574 37696 33549 45002 38438 36906 33698 35972 36045 36739 36846 35585 36313 36063 37133 33637 39609 36494 36067 36089 37859 38949 33694 35623 32763 37924 39614 38991 4231 39620 36525 8283 39444 34867 26202 36672 39632 40782 34588 39642 39660 39669 35467 35382 33703 35548 39746 38333 34663 33702 34779 39675 36181 35557 36898 34236 35383 32397 35185 41920 36918 37775 34905 37950 37981 35403 36982 38628 39032 21498 22399 39018 36090 4678 36154 36163 37041 32919 38672 41993 35423 36540 35652 39160 37027 33987 35296 36600 42085 33076 34911 36203 39760 38443 35461 1196 37064 35299 33320 36205 36908 37507 39647 37983 36345 33944 32776 36210 45245 35306 39455 31116 31466 38709 41228 37803 32784 34914 31504 32759 432 32956 34017 34809 36267 35572 34888 38030 40317 40874 41884 36270 35442 32804 36532 32426 39670 32964 35663 36556 38186 36703 36348 37427 35675 35477 35777 39028 36564 35370 36605 38252 40368 36457 35701 33040 37790 37814 45050 36121 38331 40401 39796 35708 39676 36677 35453 4249 37044 39768 38112 36773 34447 37824 36362 34746 41096 34316 45911 35773 34953 35482 36910 43968 41040 37493 38551 38156 37142 38261 38482 46509 36306 38332 35036 39143 33069 33466 36653 36956 38003 42530 34587 37528 33725 39197 35883 35535 37557 38344 38673 38086 32765 33027 36791 39988 35208 26099 30605 36377 39841 37347 2999 35921 35715 36996 35097 34016 34069 36591 35518 38490 34858 36323 61 34947 6340 36836 42143 34622 37051 39473 39581 35770 38369 22834 38404 35322 40844 35823 26265 33065 26981 1638 35552 37550 32971 1333 38501 15794 36902 35660 33042 37831 37842 36198 16974 40982 39503 38606 32976 35550 35075 42105 35799 33078 35556 33647 35324 36483 31652 37850 38435 150 33129 35360 35554 11940 35564 38517 32995 40012 39141 41560 40550 33141 37281 39625 35814 38456 37155 37876 36535 36333 34860 39442 35728 36539 39505 40627 39687 36271 38876 36558 34454 36349 35592 37882 35558 35601 1459 35818 41677 38263 39212 35651 42547 33178 25307 33062 37606 39088 35401 35845 35233 35931 36977 35562 36679 42111 38477 42570 37913 39583 33111 37089 46547 38554 33192 35861 33215 17982 46015 36983 36047 35864 36561 35224 36621 41941 37962 37251 35404 36684 35748 37966 35100 37131 41420 39820 33838 35683 36622 35922 33222 34762 35479 40065 39304 39890 36433 37302 23819 35355 35871 37602 33741 34880 36580 46735 39354 39427 31132 35758 38545 39710 36715 40975 39915 39940 35414 37628 22552 8124 37911 38607 39600 38534 35878 35691 41011 37635 35613 37000 36296 37639 41447 38567 8173 37640 35924 33305 38904 36723 39215 42162 41022 40125 47077 36732 35953 38942 34075 38015 36001 38121 36627 861 36438 38592 31598 39082 39664 35452 31542 36654 37324 37025 38307 34862 36012 22723 35750 38154 36756 36758 35890 39153 40151 36704 39435 36737 36020 41164 37990 39233 32854 36454 36806 41099 35622 38633 2022 35757 38200 39943 35457 37333 40187 39612 36468 37432 37683 36491 37445 34169 36893 36115 34945 37719 35937 35766 36288 38476 39656 35024 33292 39259 36692 38293 41774 26813 40195 35841 38657 35629 33521 36135 46081 40328 39995 34120 32900 36142 37755 6284 2537 37823 37019 42649 33451 37045 37141 35722 40026 85 4268 36502 1506 11058 36772 35489 40347 34535 36828 37772 38041 37419 33333 38014 36054 35540 37804 36551 39626 3007 38751 40643 35801 33482 35662 35886 37492 36834 36157 36160 38378 39282 7559 33817 1146 39323 39443 41143 33024 37474 37798 37892 41175 37875 35906 40004 38076 33558 37969 248 39446 36193 35603 33583 44874 40376 34761 38093 38290 38636 34547 36896 39665 36315 38025 36856 39822 33606 39126 29307 37993 36030 39558 33543 36503 41302 39588 24563 41306 39476 36722 38815 38854 37818 35884 35612 11554 35779 35822 37652 36242 23341 40035 40460 39281 38358 39847 38108 40467 33337 38329 35826 32128 36359 7277 7052 35945 32014 36367 42044 31677 35833 45687 38784 33364 35838 35668 31583 33198 36055 36949 28528 37741 5183 38905 4371 40110 36253 40251 37853 36966 42131 38406 39671 36056 35856 38422 36283 41403 38685 38906 4247 36039 37067 12216 34745 38122 46270 35988 38195 37887 32470 35645 40515 39305 38251 38703 1230 39453 26403 39177 42294 40149 37491 37506 36857 33680 41297 36379 23910 40152 36274 36282 38426 35875 36284 42406 38131 41951 37757 37674 39654 10384 40513 36183 40691 40698 36100 1517 36301 35993 37605 37830 39678 35896 42193 36318 37072 33938 36871 39333 37087 37756 36192 36071 33602 7692 38139 39360 36026 37102 36351 36095 42967 37119 41509 34023 37116 24754 41515 36432 36171 32512 38961 34897 36200 37829 37985 36458 38382 38455 33368 37149 39745 38952 34948 36239 38305 36178 34884 39393 37152 32357 35264 40862 36107 36116 36979 36141 8262 34025 40161 33997 36986 34065 6354 5206 36513 36146 36277 46108 34840 41078 36785 39118 36519 34185 38281 35040 38172 34971 39690 35672 37186 38643 38570 32585 36366 39866 38425 34079 3029 37159 37205 37221 36524 38716 42576 36221 39013 17700 40711 36264 38739 38897 405 32613 3044 36290 34997 36991 37276 46161 39253 38900 39326 36319 32185 3100 34010 36437 36268 1597 42606 41090 2606 36224 39457 38094 38741 35685 34221 36569 35759 39095 35853 39559 39561 40722 37744 35018 40945 39706 39724 34216 36281 36311 34899 36326 36335 35320 38649 35914 34130 36354 33765 38102 36385 36583 3048 38289 23491 34232 36594 37259 40227 46301 41667 40312 39802 36347 39598 36396 37084 37198 36382 36997 4688 39834 39877 32734 38434 38363 36411 12254 38444 37022 33377 38296 35798 38989 37848 39913 39708 37190 41027 35491 39022 37292 1368 37320 37421 39886 39899 44922 37858 38319 34250 36515 41465 41193 37351 36498 39695 37029 35867 36521 34921 37059 34926 35053 35786 36005 37998 34974 39900 32801 39735 41222 39056 36526 39061 36530 37558 36357 41237 491 33757 41553 37360 39277 39089 31593 36394 38449 44101 33402 42738 37164 36036 36416 39092 34256 38250 38357 37369 38491 12459 39280 37377 38024 39303 39907 38729 38497 38176 36571 40009 46630 40074 12226 38181 24169 37413 36611 33170 39975 37906 36623 38804 34283 36637 38365 36578 42103 37206 38044 36252 35510 37088 41576 36401 35068 38536 37240 34339 38576 39764 36381 28832 36444 39196 42064 36645 42498 34450 40022 39828 37486 38731 22805 34285 34286 42759 40091 41086 39959 38653 35869 34423 37246 38823 39349 40236 37925 34364 36445 39119 38755 40039 38912 37280 35539 36049 38834 34397 42259 40264 3242 38769 40508 39138 42805 37332 34092 36108 41697 39780 42927 39172 36173 37488 36501 38202 37261 38836 39237 37619 40116 34544 34402 38833 37329 46307 39275 40079 36455 42124 36647 37340 37348 12384 34565 38807 37599 38266 41131 2706 38960 34557 37352 38842 36655 34993 33382 37374 36658 41260 4401 39781 38886 39293 41367 37669 42270 41755 41456 34680 37203 39416 38903 36505 37412 35379 38874 36747 32603 34490 38316 40134 39318 36664 40174 27457 36075 39392 41551 35069 40572 40192 38387 40633 862 36674 36681 33595 35305 34299 35498 36673 3924 32924 41109 36507 37400 37394 35228 40224 41149 38887 36510 36683 37402 37417 36680 38983 34200 34300 41599 41604 36718 36111 1713 38692 36693 467 38132 36748 38943 6480 38324 38440 3126 739 42469 38144 39859 36531 36701 37422 39297 34357 35888 34412 38372 40794 34605 35133 10457 36702 41821 36549 36706 36862 38543 36134 41630 37797 40301 38616 34632 37447 39001 36708 36745 41791 33692 12745 40210 40380 39002 33707 447 38642 36443 43103 38255 39869 46338 35371 33810 36877 43209 31614 39012 77787 41834 39564 40225 36185 37973 36778 39580 37379 42273 36709 40226 24875 37449 43373 40257 42652 41069 39471 37458 41388 42303 40282 61376 35418 38269 36998 39182 39031 36733 40304 40316 37481 38866 47632 38461 37451 12276 31613 35549 39189 39929 38723 40441 32228 38881 33259 34633 36211 36795 37526 12231 36712 38894 6549 36821 36937 37607 34634 44215 43503 40343 32396 33859 37454 33407 34656 40359 49070 34805 36573 39551 36781 38732 37418 6662 33994 36787 6663 42813 37047 35496 36434 36186 38000 34818 36790 45972 35003 917 40404 36719 34730 39784 37483 36529 37091 36245 39034 26795 40413 38790 35553 39059 39290 39356 37446 39856 40420 34744 40444 34941 36800 42534 36830 39091 35225 40442 37093 38727 36847 35437 38855 6613 46364 32668 36848 36607 36618 35290 37464 38465 29381 36643 1687 36660 33453 37539 37470 40290 43569 36649 41835 38837 37121 39235 32691 40427 37235 37633 36248 37644 40561 4737 37717 39110 37513 36851 34343 18286 38841 36760 41867 40562 41870 32523 34277 40451 36320 40430 36855 41196 39246 36901 40455 38898 36879 36731 41119 37239 37015 40732 41150 34952 37098 39335 43601 39916 37146 40462 37075 36770 2712 34592 38883 35581 37031 42473 36882 40811 37165 36866 36767 39587 32606 35345 41975 35506 42016 36884 36981 36925 37495 37548 38450 35139 38586 21504 40315 29908 49007 39958 42572 40582 34803 41250 41331 39256 42741 37551 37562 37556 37570 36420 41460 36789 37201 49088 39961 36465 40398 12637 38027 37219 29317 32878 40297 39983 44110 7699 37580 39030 39537 36914 36924 37582 39267 35528 36650 31724 538 3189 35380 37224 35638 35710 40114 7779 23081 38058 37279 38950 37729 40943 39643 36303 38791 35901 39953 37249 36332 42157 37291 37585 39204 33555 37593 34122 36947 1663 40418 36512 35611 37322 38838 36963 35315 36339 40489 44440 36358 36989 3055 38986 37534 38654 39703 35754 37600 40345 36399 38914 36451 43093 36974 23600 40669 37618 37294 5234 9837 24241 34957 39077 18013 35749 40708 23790 33672 36661 39129 36713 34967 36545 37641 37327 41472 37330 39040 36588 40519 37212 39709 37342 37335 39051 7854 36990 39291 40523 39546 39773 39448 35032 41485 40406 1084 46046 34336 43602 22764 37794 37366 42036 38984 36593 3071 42573 1213 42172 33314 37839 37078 40631 34991 40583 33683 41670 39000 44601 36596 39079 41502 39758 41549 2400 44632 37001 40709 36969 39797 17147 40590 39036 42855 36687 38106 1665 37666 39102 37728 40676 18172 35947 39810 41900 39213 40598 37896 39158 35090 36975 18361 4491 4012 6796 38549 42196 39813 37658 42925 37009 37390 38650 32889 43637 40723 36076 39111 39347 39010 38142 42365 44698 37048 42277 37391 33786 40599 40137 49034 46818 37778 39510 41562 41922 36464 39312 37746 40651 39672 41645 39888 35762 41726 35356 44776 35123 37065 40752 40820 25122 33828 36478 35517 37406 2501 40832 35756 36754 44787 40604 42487 37612 42345 32572 39122 37786 40956 39123 33794 37928 37510 40798 39131 35829 40822 39179 1959 36675 260 42544 40986 581 8894 39337 135 43018 40664 37781 39521 42173 36735 36017 39198 37617 22034 40095 37638 36234 25400 39231 37437 10632 40007 37810 40153 36775 37649 35760 37036 32627 40241 36639 36757 37820 36899 37283 35618 22769 37825 40993 35179 39191 39526 40272 36576 25499 35218 39269 45629 36641 39368 39538 37725 37874 39278 39384 40608 40202 36905 37006 39357 37675 37043 37376 37936 41960 41303 37863 43048 39850 30084 37733 40324 925 2255 39431 40674 37472 39419 37055 23900 36945 40587 37978 2614 1711 40813 37407 40876 32884 39301 46088 37783 40891 40725 37916 40341 38772 40383 37940 42776 1152 35802 37060 39454 2722 36065 37066 37795 4875 38162 37080 35825 39422 42239 37103 43151 39590 43061 37508 36668 46890 35778 42251 37980 35054 39573 36961 37519 37986 41355 36978 37763 37771 9958 37118 34186 38035 40294 38033 37079 50825 40745 38059 38135 34604 37112 39506 33003 37127 39319 35828 38085 42347 37160 39436 38796 45171 39328 43619 37350 37399 37957 38166 44788 35134 39601 40005 40707 39430 37425 38167 38178 39439 41028 40064 37438 42937 39512 37805 35162 39530 23252 2735 36682 35719 37967 35695 41127 38445 38194 43703 35165 24386 37176 36688 37477 37129 39440 77920 38170 39851 39517 37134 32984 33893 39058 37475 41563 35197 37148 42234 3200 38575 41704 40327 33926 37888 39449 37157 33865 37971 37690 38210 41364 39572 37166 39565 40231 45653 31841 40777 37169 42311 37478 40350 38746 37745 36824 35785 35895 39934 43791 35847 40760 3506 39464 37174 37788 40160 37670 37522 37564 39615 39450 35781 40807 40625 37230 41713 37207 46102 40851 38225 26291 39693 37229 37245 41073 42466 35282 39963 40536 12640 39492 47016 37306 38227 30557 38244 39870 40763 40581 38268 37353 37392 47561 39499 38046 2402 37968 33935 38292 37676 35891 23385 42336 42477 37975 39965 47252 39155 39511 18513 4395 38334 37253 31431 42569 37410 37431 35308 39655 36671 495 37355 41182 39519 46136 37679 53271 37536 39266 40778 33034 37642 37868 41510 37910 37987 37577 36960 37282 41334 38349 2407 37416 31857 40483 28954 35333 34153 39292 40654 39466 36968 37434 41353 3220 37125 39595 43264 39689 41615 12869 38354 40340 39716 39722 35955 37923 38351 38375 43782 40810 37958 25567 40834 37677 39445 40689 36768 38402 38408 39544 38688 33323 40957 37583 43268 39725 41230 38420 37290 43176 39658 37439 37693 35960 30381 43032 36973 26447 37356 40864 35446 41016 38392 39507 41735 33836 39750 43422 37442 38017 34328 37284 39759 39579 37288 37656 39586 42390 1267 37661 37310 41091 38817 43444 39970 37336 35377 35898 40861 38483 37156 46488 25859 45598 4772 40718 37976 38006 37444 37704 35915 13459 39776 38511 38052 37405 37731 39786 37204 41074 34345 36091 37501 41327 37505 47272 40734 41145 38424 39787 40866 40868 38428 46590 40067 39789 37358 37747 38552 37793 27334 36028 37553 45718 39844 42363 36923 39788 38306 37554 42869 42522 40046 40898 40938 42364 37767 37777 39792 42550 35957 37919 39260 39554 37153 34510 27611 23677 39618 37592 37800 39799 35964 36092 37575 23890 40964 39846 42590 44373 41738 36145 37591 39855 12737 41118 37378 40186 37894 42441 40914 38067 37625 13071 41779 39864 45417 38473 35478 369 38488 40052 38045 39673 40871 43296 37497 35537 37631 1526 36204 38359 39679 37303 36293 37634 37945 39359 41179 41945 38008 40351 43933 36514 38321 34650 41961 38155 41051 39857 37688 42691 38585 40941 34836 37724 38278 41765 37429 44039 43481 35688 36009 43611 2810 38405 38317 35276 40365 41273 40887 38012 8185 929 38208 40277 42762 37807 38019 40925 37905 33221 40080 40296 38621 36793 41840 40425 35399 38282 43270 39865 35986 37616 38047 41284 33925 585 38441 38341 41338 41102 38137 381 41007 39168 33396 39946 38037 38396 40318 40369 43798 41010 41453 39923 37750 38494 42625 38495 36069 40023 40029 41093 37023 36516 38629 42900 36469 40371 41107 37753 42299 37595 39685 33112 40926 4433 37838 38724 36533 40944 37761 34366 37812 36246 37435 38149 38054 37702 46602 37050 41793 35513 35017 37937 38486 38513 38604 42320 40172 37865 39719 38644 38671 40409 37499 27168 4421 41525 40529 37944 34456 40953 37660 39694 3225 35790 37073 41584 41080 37705 40681 38730 38736 37140 38228 41808 34478 38537 37843 35709 38150 37889 38280 639 42952 37893 37965 40793 38179 41587 41349 41098 38213 41374 41059 34459 39880 38079 18687 38081 37277 41082 1183 38544 38084 40657 37914 41159 39327 38623 37461 37847 38849 35795 39807 33425 39835 36273 37543 43005 40952 35587 35808 36666 41229 34494 40050 41636 37559 41858 39904 41877 36875 43080 42015 41314 25466 38722 38249 42086 39395 33426 37604 42091 43133 38885 41173 39348 38279 38129 39046 37626 37627 37929 42292 42321 38362 36155 7865 38042 38447 37921 41322 37115 42831 33418 38343 37100 27483 40106 41375 39699 38180 38005 37943 38748 41859 33528 40198 37339 40289 25742 37984 43623 36000 36291 42889 41729 41878 4717 36216 34571 36448 40320 39944 41333 38010 36951 40396 88834 49473 40075 41647 4894 40170 37465 41076 38371 37671 42978 36295 39749 18731 42324 36916 36958 41180 41500 10 38062 42954 37527 41396 41184 45555 34704 36247 46110 40799 39785 25291 87922 41528 35249 41532 41928 44193 36999 38053 37668 43515 37713 39811 40291 37715 37769 39957 38063 39973 41543 41655 41341 38625 41665 33556 34191 35716 41545 40611 42330 34788 34775 38454 37791 38101 38631 34896 40322 38614 43617 43418 42354 43641 46991 39984 37960 37808 1742 37811 41546 38315 39817 36422 37721 38322 36463 34973 38749 38765 38069 39993 35088 45856 2836 38064 38082 38820 4451 40199 41558 38421 24028 33923 38078 42457 47516 43665 34755 41938 37941 38430 41239 38088 40208 38429 40011 43426 38107 38119 35178 38143 38432 38437 30090 38158 38190 35198 42764 37003 39067 37061 41582 38829 43472 41671 38326 49489 43761 38687 38460 41750 4941 40503 38704 38201 38352 40020 41602 38492 44510 40505 38117 80 13081 36473 38774 39078 38193 38395 38388 35916 4043 38609 25566 42999 38541 42867 42639 38768 39920 36475 26034 647 38496 34934 43529 38896 41467 57260 37816 36559 37726 8189 40059 38827 37191 38130 38658 35694 40423 36640 38840 13048 40915 41301 38032 91805 40544 41617 35927 38177 37120 41429 38100 38693 38140 40215 37202 1976 38503 38520 2860 36003 35941 42232 38857 42525 38514 46655 38308 41079 47998 46633 38702 41689 34800 37748 38507 8310 39127 41572 6687 40435 40481 41737 41209 38234 47547 43674 42548 3161 40096 41619 42711 42244 41493 40287 38018 49692 36763 38555 43574 45998 5495 38423 40099 38557 40101 37441 45485 41232 38380 37452 45781 38246 20430 37766 38720 38639 37167 41712 41641 42003 38677 43140 46256 37700 41470 38875 38587 38899 36527 42429 38651 35295 38733 38775 43817 40310 43437 38738 41724 35568 37774 38710 41672 35163 38927 37610 40002 38655 3284 41686 38933 40619 38940 37211 38258 39045 38705 38843 40749 13358 38915 40852 41916 36690 35952 49328 42602 43826 38711 1799 40875 35976 13423 41692 36016 38598 36919 38756 41715 38620 37878 39927 6619 36022 41579 35196 39181 40031 43849 8975 37215 38040 36511 41676 40877 41418 41716 38918 37430 41743 37740 41268 36936 39202 40499 38781 41745 42843 38922 36565 38593 37764 38799 36023 40311 33567 36724 38635 41112 38409 43221 33975 18743 46300 38819 41910 38944 40346 38136 37768 42106 34003 38934 42693 36818 36907 38964 38935 41157 39377 27646 42225 38760 42387 41985 37844 44294 41758 38323 38645 40112 38416 38679 42938 36942 42445 38764 43905 2898 38169 38995 1758 38330 41748 39057 33570 38953 33576 36922 43980 39008 459 43973 38715 39104 39064 40115 10134 40694 33277 38400 47071 41767 40330 42185 33666 36929 38471 37231 38348 39094 36024 40618 40453 37225 38860 14352 41262 38728 41917 38350 56069 39106 42337 39421 38151 41399 41935 43182 180 38239 41427 4736 33593 41226 41251 38532 151 44081 36965 4424 40108 42746 41053 41526 38759 41495 36972 35234 32506 38788 38414 40139 43033 8999 36106 37698 34087 28232 40939 38418 8305 8392 40397 47394 42063 42163 41764 37423 30432 15165 49564 43259 38794 38806 39121 40299 41601 39142 40147 40017 2074 37346 37521 37872 40470 38436 42010 39488 39928 5298 39388 41805 40213 41308 36235 38458 38872 39800 42795 39258 38740 37855 2078 42615 1675 41824 9419 38839 37819 35481 40527 40779 37467 42484 41885 38846 36119 1838 47553 38498 41323 40325 42821 43147 39208 42133 42138 41063 38377 43326 43710 42166 40133 41856 41340 40424 35406 42882 40156 41860 44310 40910 36517 40537 40253 38891 34192 40273 39152 41868 8878 42247 38417 13 36876 39037 341 38021 36917 42265 37101 38859 42293 43398 35684 47764 39039 48125 41068 44045 38889 39270 41887 41054 42039 39322 41897 38521 9691 37071 37172 35546 38969 57762 39085 40300 38506 13948 36126 36988 37233 36427 39409 38539 41417 37864 37365 40308 36164 38706 41908 39241 38034 39522 36087 41971 38835 41210 38999 39428 41300 35271 41512 3305 47425 38577 39459 42634 35588 38970 39803 41471 38816 40541 38745 42698 1688 39514 26602 39861 42728 39043 41395 35967 3180 35723 40951 42823 40567 42883 41614 48025 44309 43532 39884 37880 38236 41921 38878 39524 42379 41962 5017 48207 37574 39351 48225 37381 39020 39149 41979 37468 39130 35792 43900 7652 4992 39893 36550 39515 38847 40357 39985 42430 36194 24670 36356 2611 42787 42849 33658 38916 38057 44383 49335 41984 43350 39146 34031 48300 38594 40456 39025 42004 34139 39271 37408 38976 38273 38659 38600 38932 42017 41660 37576 38459 40981 37450 38982 49368 42147 41411 37028 26819 66125 42421 38994 43993 39120 39568 42037 39151 37953 42913 39164 37646 38608 41634 38996 38721 39053 39081 40737 3199 27822 37655 37695 41014 35913 40082 41293 43608 43902 42276 39272 38187 41666 39156 41378 38502 43913 35970 42940 36201 6842 42356 39777 42392 37512 39174 39116 14338 37737 42150 39180 40385 39737 43468 37703 44013 14540 44091 41393 42175 40490 44250 25457 37523 42497 39486 34427 19100 487 42468 40576 40542 34439 40578 39184 37758 39187 42215 38602 44960 12712 37806 7171 42148 39536 39199 262 41478 41517 44154 39194 39201 44361 42872 48344 43813 44249 43587 45115 40553 42752 40566 39226 36227 39218 35544 37954 40606 40526 5688 39232 28534 39240 42284 38241 33710 43881 42332 24110 40630 35692 38055 47482 38254 41695 38462 39868 43497 36364 39295 44399 42619 37040 38610 738 38782 36265 38613 39355 48646 42960 38908 36710 40565 41523 37959 33936 36337 39248 42156 35969 40613 42170 34527 34637 39910 38828 41029 43733 4468 44537 42518 42182 16036 42888 41727 49613 44252 41575 14054 41039 42177 5768 36940 39688 40030 42899 39299 42740 36676 39314 16451 39344 26136 37837 38481 2267 42440 39373 42342 40601 41616 37907 12784 39302 39718 38911 38617 37650 43626 40623 39371 42396 36304 3331 41498 36353 37108 37684 48353 39332 37673 43939 40665 37706 38647 41862 42963 37765 39383 38939 42737 45345 45381 38666 40276 42554 39315 37917 35872 38951 39402 42078 42183 43036 39411 40534 42514 42524 38719 24342 38632 41592 39433 42604 38985 37833 10281 39090 48617 42145 43015 42197 42227 4954 35987 39491 41623 42657 39173 42346 42611 37792 37930 49676 41759 38930 39432 39734 41643 37898 42235 37873 3201 40659 42768 41646 38700 42623 41747 39461 38196 40610 38463 48652 39249 23 42624 40687 39495 42905 44256 38253 39468 34205 40205 42328 40712 39340 46423 34301 40148 38954 42686 40645 42736 44314 40255 45783 39250 40729 38766 39475 34780 42930 42761 40768 38821 44518 43010 37963 42945 38301 39501 10297 42966 44036 39825 39827 41902 44645 40735 38247 39350 26269 39682 42378 39529 39661 42341 39889 41757 40748 518 40788 34319 40885 37255 39254 43054 39296 42060 41782 40999 2901 38262 39399 39875 42351 41826 38947 38345 39837 40772 34344 39441 41154 42955 36574 39310 38962 43087 39763 43384 39540 39816 40909 41115 40780 39478 42097 3231 43690 43442 42763 39862 42431 39049 39071 34582 41828 39711 38770 41172 39814 42707 39762 39883 38114 39885 3713 39352 36698 42501 38356 36538 43216 39358 38374 39931 39150 43841 38856 40923 38787 2711 36626 34608 42714 41360 19846 39098 42357 42724 38467 43060 39925 36784 42256 39364 40015 40410 44070 38530 49684 43135 42949 42743 42772 38011 40750 43098 41836 39463 2922 42290 42400 42758 38540 612 25954 38957 36858 38853 37334 19275 42777 9747 35433 39365 38946 39832 39062 39666 36888 39108 43148 42454 40935 38302 43158 39423 40061 44071 38466 41413 39165 41503 42708 43187 42744 43205 39497 43289 4048 40214 43624 43243 38578 40280 43320 38049 48719 40381 39504 40971 39933 39166 48734 48829 38924 42778 42488 41061 39547 39543 39093 43469 39380 37886 42401 49291 39549 40113 38612 42482 39041 43420 2936 39115 39596 1666 39247 38902 38399 43349 9167 38920 38464 43638 43395 39584 43752 40974 39968 40996 39542 38484 40246 38626 42322 39971 44191 40180 44852 42780 37760 13467 40998 37934 39103 42781 36136 44271 44391 9212 39513 40411 39567 3226 41536 39378 42212 39607 39135 38068 39705 40109 42549 37161 42782 44769 43451 42416 41904 43487 39630 43654 39429 42798 38800 44395 46109 27207 39991 41905 49767 38505 46751 6752 40271 42434 39467 40888 39252 49210 39527 39575 39400 42786 44213 39048 40509 42857 42712 1300 42802 49978 39193 39677 42745 50535 41095 40003 39793 38683 38928 26678 25678 38073 38182 43353 43721 40688 39418 41106 34651 43756 39245 40338 38211 42496 39634 24783 39727 27251 40127 39697 44497 39577 43843 40145 39651 37177 39645 34828 44664 41926 38288 42792 40872 42994 39726 38569 36887 38967 42804 43794 44347 2024 39887 49377 37999 39273 39902 42510 39686 41412 39717 4488 40940 42809 36959 43409 40728 39917 43479 44450 44509 39720 39195 34653 37062 30761 39770 42822 44054 40753 42864 50847 41161 38993 37498 40128 40419 42585 41208 41564 67127 39294 39324 41231 14551 39086 42875 36547 39833 41057 42806 39243 41932 42876 42829 38884 40140 41245 44150 40054 44338 39881 41171 47020 43809 41246 47145 24687 40157 42512 2984 39306 41200 42051 42055 43224 40355 41271 37262 39744 41574 39100 35590 44996 34739 42894 34939 38092 39747 43248 39754 42834 4974 67958 39852 38869 42061 40201 38802 42241 41651 37538 44870 40173 3349 40217 38286 42376 39878 40221 40076 40229 41152 38519 38742 40222 44413 39871 5051 38988 41163 35619 37192 42164 43025 43107 37354 39782 40237 40238 39766 43086 39941 43177 41215 39309 6424 39320 44794 36788 47725 42842 39372 43106 38376 39134 42852 43298 39956 38660 39790 39387 38226 51046 38295 39843 41683 10065 44920 41216 37440 39863 39922 42122 39938 43598 40433 39818 40278 38737 39882 40437 43718 41693 41702 38926 3243 42890 44420 42403 285 39139 41717 36766 43254 42931 44625 38750 40436 40461 39391 40755 35182 43272 42438 39367 39330 43496 39960 49389 24129 42594 49046 3606 38383 9228 36811 46533 36891 38366 39005 33960 39624 42972 39908 24258 40757 7529 40478 39992 39976 36941 43403 39772 44117 39175 40815 42957 39806 39209 39006 44434 37809 17507 40480 43877 43462 44455 43366 41571 43513 43038 12956 43044 43385 41276 39396 43072 47737 39989 40487 43551 39700 25021 25029 42153 39840 38442 39186 38562 43555 38336 40085 43390 43049 2419 43559 5353 3343 44000 41628 38398 39982 42538 41580 35870 40492 41760 37453 37828 40452 1696 39949 10542 40013 40521 42540 47788 42447 40592 34037 38826 42621 9534 42980 39954 42500 40298 41317 40302 41326 44928 39955 41578 44576 41794 40600 42697 43830 40348 39379 44427 40382 40502 40431 43789 43812 40552 41678 39490 42603 40438 40549 41815 25127 39007 42558 20225 28040 37222 39977 40014 42702 40781 40033 36027 37487 37587 44691 43155 40795 34371 39016 44965 42847 49062 39483 4518 39778 1739 333 42206 41038 39508 44968 44356 40034 3 44225 40802 38558 40848 39019 42214 4621 43175 40044 40568 41291 40496 43214 43234 40072 3346 43232 42793 43388 44453 8387 39339 37021 40484 44461 40579 44994 43081 45041 6848 43732 43572 43430 43110 25130 37738 37860 42220 40589 40439 43647 44207 42820 42826 40107 43486 41707 40081 43658 40105 41851 40677 37058 38862 42528 36170 40759 40857 19599 40049 2965 49890 37568 40516 43760 45068 40184 40150 43799 44165 40138 39192 39331 38009 45087 40165 41919 7098 40767 39967 40118 39227 43663 41943 43118 40636 42087 42093 4551 41913 37070 40000 40132 37588 40831 43445 43578 39264 42121 41002 40120 39279 45169 683 39027 42608 38128 42269 39369 40790 43646 43455 39047 37104 39487 36504 42271 43694 40873 44502 39532 45275 40829 39533 42713 39972 42334 39539 40859 40292 40969 5937 40123 41003 45066 43696 38646 43001 40375 4080 34502 44217 43840 44228 42326 42383 37258 49317 39516 39545 39557 43523 38870 40141 45089 8843 38690 40819 43229 40189 40883 51057 42339 42374 36191 40203 45504 44560 48367 45132 41933 41516 1850 43605 40175 40443 51146 35948 40890 2138 40204 40533 42361 32897 41204 42561 29103 43241 40892 37314 39604 35680 37171 3701 40293 43417 37326 44641 40263 39633 39571 3378 40617 51599 43845 40638 41083 1568 43258 40270 49176 40349 43265 40498 37367 40136 43861 40919 43873 40353 36562 42423 41136 44580 40457 43943 40911 43297 39909 40821 40162 14910 43616 41021 39050 43543 51775 44481 40675 40354 37384 41940 43319 39017 42645 40176 42427 40920 40564 42371 43958 39649 4682 40584 40808 1852 3342 42833 47301 39662 30654 45199 42710 42886 40865 42566 39066 40370 47650 39738 41942 9588 40379 3171 36597 42718 43682 41966 37742 36256 41991 34032 34894 44669 36610 39084 45312 37074 39681 39452 9596 52000 43707 40922 44677 496 41066 41974 40637 44687 52194 40223 42077 37952 37701 45303 40685 39696 42637 40697 44693 44705 37197 39109 40879 5003 39107 43919 44093 39366 39701 41037 49605 42432 40649 31449 40667 42450 40446 42519 36261 43962 39589 40946 40352 39593 4753 40786 45394 40196 44094 39631 38065 45597 40209 40305 48177 39919 45156 39390 44783 43410 39341 35718 41088 42791 40228 39363 40466 42799 44003 40889 42723 44728 165 44061 2992 42814 42249 39125 39602 34396 44221 44258 40901 712 40684 42887 45118 40991 38276 44123 42824 39137 40344 44927 40334 39644 42919 40391 42151 40473 44062 41362 44405 43744 41132 41442 8897 41177 3725 42154 44296 39731 40994 41094 39674 16546 39680 40913 42408 40394 39698 41130 40158 45317 44730 39729 39707 44076 45168 532 42729 40950 44079 39415 9735 43783 44088 34563 41581 41140 43238 41684 43716 41045 40448 43796 39167 43723 42545 39751 44095 25271 45852 39755 3391 39826 41199 3463 39932 41238 36305 39548 45341 44098 10417 38147 40744 36853 42722 42815 39217 42862 39603 167 39535 42936 44754 44260 38561 41845 42564 44194 45407 39222 44195 44767 39897 44821 3490 41064 42094 34677 38192 35561 43425 38074 43979 567 44983 42947 43788 39637 14577 39317 40663 41191 37243 45165 44201 51954 35985 42301 41070 41256 40472 40881 43825 41267 42629 44961 44987 43530 46312 39148 43932 3328 36363 39930 38070 40916 34697 39397 39242 52548 41372 44099 40977 39935 43534 47954 41570 41415 36419 5468 43588 45411 41135 45414 46217 39398 42962 44206 108467 40087 42660 42115 43013 41129 41020 6970 45217 39606 41733 40155 33350 40482 39161 41087 42348 39939 41195 45457 43882 39657 43031 43045 43065 45270 41220 38080 45438 13569 41067 188 48214 43109 44270 39414 40554 39659 44211 44231 43124 52611 41241 41124 40683 43885 39714 25967 44111 44433 43978 41389 43570 41248 38974 39721 39741 48496 35 41425 42189 42120 44532 41252 39169 43584 10463 49190 773 40495 43330 44012 41032 40501 41258 40524 43112 39996 44365 41437 37552 44268 40569 40384 43123 39805 40476 6683 38127 43154 43603 40739 39819 39346 39839 43649 40577 49694 31480 44277 38238 44327 40585 44543 37227 44746 43306 39978 43656 42323 40607 40594 40632 42127 43116 45885 41522 34998 43712 39901 44612 41476 44330 39458 45928 44755 40647 41610 45493 40593 40612 40024 38260 38563 2851 40924 20364 41530 40621 39496 44672 39892 43910 43198 43354 34725 37598 50191 42866 42912 28052 25683 43997 43166 48548 25993 40965 44954 40605 39225 39591 48044 40230 41285 41299 44392 780 48935 40967 45548 41612 44037 44734 43202 41544 40126 41077 39404 39474 41310 41734 43597 40629 43084 43337 38110 46395 39895 40988 42358 50197 43167 41013 43339 41055 41138 37308 39704 41158 40639 38579 52221 40662 41170 38153 43266 7658 40706 38663 36628 44257 44080 44760 41740 43728 44264 36699 41206 44789 38164 39592 42272 44353 39728 44396 3547 4635 40642 38284 39937 44074 44503 44092 43458 44535 43510 52367 43117 44594 1581 36878 43787 43659 41056 35129 44539 26679 40250 29150 40036 44586 46523 1853 40084 44285 39948 41881 44854 40715 46631 49082 44678 40166 41279 38394 40720 41608 41381 39980 28397 40731 36518 41328 35081 43122 43230 42309 41281 43382 40249 41122 41625 41586 38735 41148 42444 40168 44575 43784 40836 38789 44376 45013 42046 40773 41335 40758 40716 44199 40520 41176 40218 40646 43864 7861 43875 43926 37735 41421 40254 43949 42551 40262 40177 44005 3825 43679 41062 45463 5055 37579 44180 44010 43709 40185 37752 38452 29511 41446 38793 38761 40774 41324 32259 41243 39987 42333 37879 44731 38529 40658 35151 43304 49177 4291 41992 40260 41449 41441 37573 37780 44030 40045 41531 41603 44866 45065 40666 45259 43745 41462 38797 40682 45509 41626 41469 41380 44877 43480 40421 44747 41838 40417 43310 48439 41663 35247 41454 41629 43332 40010 40789 40342 44049 45142 45464 43771 40378 45466 38997 40358 41214 38805 40792 44241 45594 41518 34750 10474 49962 45500 34816 45586 40995 42049 40363 40736 35055 36662 41371 41188 41224 4798 37787 41383 44592 44471 41589 41085 45204 40764 38811 46198 40190 47726 2259 41668 40032 45552 20492 43391 39873 44282 37154 41685 38910 40006 1774 38572 41496 41691 44978 43772 13072 39200 41879 36727 49409 40220 40240 39867 40817 50460 40242 41679 39229 20088 37476 45311 40512 40803 44245 43800 44697 40038 41688 52575 39385 42001 961 35373 44743 42597 41778 45611 44859 42352 41227 41732 42425 41825 40103 41725 44872 41598 40518 43356 49132 38550 38931 44891 41731 40070 40671 45319 7090 40535 33139 44910 45023 13974 41880 44915 41699 41504 43392 43527 44918 40823 40265 43579 1864 44168 42101 42141 17645 38595 43833 40841 40129 42297 41886 8779 41233 40785 44305 43681 35146 43878 36805 42050 40164 40846 40878 40197 41539 44520 40699 40545 41741 40171 43542 40860 41269 33612 45585 41221 42622 47053 13709 41548 40188 43566 43807 43693 40896 43749 44306 41524 24434 5005 43835 42464 39425 40275 41283 3881 44008 40336 38752 42640 44944 3499 41804 45476 43369 44946 43837 35260 44595 37841 44909 42367 41318 42393 44551 40595 13868 27107 42052 45070 41287 41618 40234 44182 310 43657 45639 44334 39479 45524 44336 7113 13167 42717 39541 42090 44103 41244 40673 29797 5246 25500 43863 40746 42909 42935 43702 37884 41914 40837 41923 39494 38945 44340 38023 44444 40902 1871 41304 41309 41402 41609 40845 39015 44186 44949 36814 40867 43550 43921 38111 25907 39113 40548 41315 44274 41637 1775 39124 41352 41036 68342 38786 197 44346 45384 39509 37961 42480 40894 44300 41555 41116 40387 43557 45495 40248 42380 40306 39178 41354 44359 45782 44377 41957 40903 38038 40640 47072 40905 42009 43987 44686 40668 43948 43113 44956 39525 43970 43999 40558 41397 42503 45641 38048 42976 38893 17669 43564 13975 44406 47841 44976 38066 50078 25564 45027 41203 45724 41706 47918 41479 41770 45061 43706 42735 45674 41379 42067 40917 41219 45442 39220 38173 41406 45102 44351 40979 45537 38145 44475 42069 38697 41569 45212 41407 44407 41763 40983 36523 42769 43971 42779 40573 46495 41394 44116 41768 45816 40928 101 39284 44661 42950 43225 40284 49184 41817 42420 39640 41477 39891 41461 39342 42171 41895 41464 42117 40373 41964 40400 44810 45128 40931 45795 41542 40701 41492 40949 41499 44352 40335 38191 45228 44418 26833 1880 40963 39469 36863 40092 5475 43917 45813 49742 41613 40445 42179 44153 41621 41047 42217 44825 47951 719 39518 38542 1 50610 41730 42455 41527 49581 45404 40539 42176 40551 40704 45979 38218 44436 45883 40989 42716 44164 26838 45923 41123 26889 45030 41780 7541 41126 40588 44600 41638 42192 14638 7148 41809 42262 43767 45523 41650 41784 37903 44642 40528 44709 44726 46218 42845 39528 41811 41669 43925 34821 43317 3533 40597 42308 41812 24998 41234 36563 38364 40784 41843 41001 41189 4633 46130 46645 39562 52688 41818 41211 27137 45147 44169 33661 45184 44499 5767 40702 41915 41847 2934 40839 38390 41981 40090 44738 41701 10546 41714 45443 45540 43023 41247 45180 43027 44748 41736 35389 39569 29872 44899 45207 43930 53812 963 44367 41225 42491 38656 36944 43764 41997 14966 5030 40602 41948 41042 48411 45226 41089 44977 42520 45470 44991 41967 43805 41907 38965 52648 41265 41194 43009 41978 45154 42316 40206 45177 44526 42317 45280 42553 41111 38439 45008 39026 40603 41254 45155 37218 44432 41409 43405 40721 40754 45031 4904 45160 39629 40261 28042 45366 43035 39054 39374 41277 45685 41414 44411 45052 44458 48000 10590 81 45097 41814 50142 40842 38753 3411 41438 42021 41235 38809 39157 45926 43942 43954 46886 45183 41990 45560 42433 40740 40847 35009 52388 44216 45575 42025 39668 42479 41756 41280 38861 5759 40766 41937 37052 2526 42011 45195 44345 41700 9864 45588 40992 41307 33814 45189 40886 45211 45353 44607 44015 40656 44562 42587 44831 50281 44488 42860 50950 43057 3584 30765 42040 42032 45397 40884 40921 42013 41766 45234 15033 44745 44929 41439 25388 44611 44613 45898 39712 43090 5132 41450 40787 28241 42516 39713 40801 46981 46288 41319 44998 39480 42521 4925 50481 47034 13338 43433 40825 43162 46482 2587 42595 45268 39667 42644 34183 41357 44751 40628 41999 45198 44620 41382 45592 41023 45620 30208 35079 40827 39733 5779 44016 41121 40303 1650 37415 43834 47081 44020 44635 45600 43246 35125 43180 42031 38689 41274 45794 2662 41552 43293 41031 40850 42537 43552 41385 42074 44715 37915 44637 42008 39771 42026 44673 2211 39775 45954 41081 45286 44052 41358 47094 45253 40830 45036 38966 39482 44800 45662 41384 44064 46317 39898 35563 40680 42112 44749 28370 42082 42139 14690 43498 42068 52526 40833 42159 43590 40856 38470 42327 45706 40897 42667 37220 42668 40933 44089 42161 45739 42669 41657 45390 40360 42902 45968 46539 42188 44125 35565 44807 39950 41419 41391 39821 39370 39616 45829 43929 43544 45399 45149 40494 41443 44133 41452 41457 42591 42222 13303 41777 40412 2780 35462 45260 46575 47580 44137 24399 20786 43655 25890 45174 44151 41463 41466 42223 44830 41316 40899 44843 41841 41719 41710 2348 41473 38822 45599 42178 42207 45310 40644 44235 39639 48347 44868 42228 41125 42331 45313 45291 44680 45822 42719 44708 44878 43600 44694 38355 43697 44942 41481 15075 39783 42727 41788 5960 41521 45391 42231 44779 43661 46024 42237 39831 40700 38652 40987 46702 45437 46797 45021 43120 41511 41541 45058 44218 45304 45331 41005 44732 46003 38504 42751 45944 7233 43046 39812 5012 42245 42748 34752 45474 38848 35641 41044 43553 42266 43912 40660 42765 45193 42263 42895 45522 39083 44303 41065 41554 41855 39874 45835 44777 42119 43992 43020 41155 42377 40714 13169 44894 7632 45579 39845 35519 41568 42388 45079 41482 42389 41600 41863 42282 42285 46978 28220 41205 41698 41882 42305 40025 45836 42318 44227 41139 41769 40726 52562 41561 45530 44393 44980 41893 44401 39216 48520 46063 41137 45056 42810 44883 45393 39582 45536 45593 40724 27034 45988 40769 43024 42394 41483 41722 44441 45235 41505 5139 41795 42412 45082 41837 45624 41772 42679 41830 39997 43967 45627 43701 40008 30844 41846 46847 43614 45554 47099 38622 41144 7696 20672 39952 45665 41787 45567 42424 40018 44506 44902 45206 42319 42452 46271 45277 38879 42436 45412 41296 41853 43192 13357 38929 45186 48973 43276 45703 46007 46021 40055 45249 45018 45402 41790 44423 27304 41187 45999 46875 42448 42210 45508 45886 46052 43628 45663 49253 39594 43178 45420 42168 4662 39990 43634 42391 42463 42766 34373 41906 39183 45556 45063 6003 47106 38662 45569 42896 42470 40743 46039 42462 41798 44449 41854 42275 3586 45290 53080 41810 41785 40800 45734 45994 41041 42475 46042 45200 15911 35940 39566 42807 43680 40071 13915 43768 45650 39033 17717 35852 40840 44513 42863 45583 41857 44414 43871 26208 45744 40117 42509 45292 45746 44507 45749 43874 42362 41339 45759 10732 41359 48521 41925 26854 2228 46066 1249 41947 110 41950 42774 35154 43134 38851 41034 41361 40934 42542 42397 41936 44565 45684 45981 46082 45707 44421 650 44636 42409 44711 3922 44836 3053 44048 39576 41965 46099 40040 42471 43945 42816 41968 42478 42485 42513 46174 44841 41958 45937 45743 52901 45848 42005 41820 45736 44778 41101 45428 46178 42258 42059 38936 47537 42515 47683 44053 45233 42942 43316 27739 45756 42083 50178 45615 47759 35216 44876 42184 35860 46192 35963 44850 42536 45673 43126 43604 41489 48530 41398 45938 40086 42028 36013 13857 41969 42790 44926 41800 3621 41344 42437 41186 46004 45432 45798 42559 42638 45255 44426 44126 43152 41535 42974 44901 3639 39004 42851 41911 43982 44972 44973 42870 40130 42527 42861 45301 39055 45800 18280 46022 41538 42648 40048 43051 47051 41501 42975 7650 41290 2273 44190 45004 41577 42213 18301 41325 43470 15 45006 40041 46075 37260 41386 45077 36058 20749 45084 42626 46223 42451 45452 41595 42977 40062 43186 42043 42208 45834 46131 46144 42495 39730 45247 42654 46164 42871 41363 43008 42609 41751 41753 40001 47850 868 45403 36128 42705 46243 36113 40954 5079 43215 45873 49437 45265 43043 41891 41956 1776 49457 41776 48440 46324 46175 46389 46013 44060 43073 46184 47113 40181 41803 45173 43128 45252 42655 35241 41640 46070 46208 45421 41813 41989 41829 42632 37601 40144 44102 45187 36272 45352 45921 13881 43083 42659 44179 39112 28656 45273 43101 41864 45497 40163 46468 41458 41831 41832 41673 45208 45296 42703 40960 43239 7117 1148 52591 40183 42898 46260 43172 42673 43242 45526 41912 42238 45608 43435 40948 41976 41459 43201 7274 44223 42030 2695 39757 41995 43502 42677 44237 41761 42706 45607 42753 40216 45258 7384 45535 6138 46387 40259 36361 45590 42832 41019 39829 39170 42689 42054 42107 41998 41534 41982 42989 42885 43208 48332 43291 45170 41986 1891 40235 41848 42903 46084 41263 43315 41802 44238 46267 40266 5144 40390 43255 3175 41987 42187 42202 46282 42456 42224 44255 52718 30900 41874 41708 46199 42240 46286 39234 43262 46757 40154 5467 46254 42034 5080 42250 45617 41959 43278 9186 42254 40267 41799 45887 47164 10743 46290 41000 3085 46296 43261 20409 45049 46321 45677 41494 42300 43000 43125 48414 40021 48597 1886 41872 43290 39981 47336 42739 32325 45939 45916 41497 46197 44107 45941 2997 42218 53456 45388 43309 43340 46391 42506 44924 45949 44402 2733 44452 45951 47933 46406 45478 43387 45088 41728 1327 41866 41890 45750 3627 45100 42541 40212 40281 42796 44500 42252 40274 43816 48726 47756 40356 42042 40326 42923 36509 47503 45980 45146 42965 44999 43260 45679 47573 42985 48864 35737 45196 42552 45356 46494 46821 44514 40331 45956 42987 41875 44090 40047 31495 42562 45960 42312 46334 42313 46014 42760 35863 41883 45833 45655 44468 49509 40361 46629 42811 909 45666 15789 2764 42350 46355 42360 42422 45733 46425 36616 43393 42384 1383 42081 43407 45244 46784 45406 41903 43055 16705 3722 44210 28437 45246 35609 46059 45879 42035 53100 28453 42577 42884 44525 46209 40339 42411 3655 44214 46438 42062 42075 46375 1026 40367 41058 42084 42113 48046 44540 44570 46505 40377 5149 46006 42092 42368 42186 41889 45334 43307 45758 43335 46111 39274 42674 43070 45701 42756 46048 28781 48194 46009 42089 46065 43088 39334 41898 40416 47228 40434 44561 46069 33977 3529 46522 43852 43622 41128 42109 42413 46029 46095 52881 28649 40403 39159 46234 46598 42072 336 42997 45967 44412 41931 43094 46076 46320 45889 45410 43735 40486 43085 46855 43104 42443 43130 46103 45893 47270 46114 39336 44187 46454 41930 40471 46627 4686 41955 40432 45451 45472 45516 43164 42066 45558 31303 43467 43494 5230 42578 48500 50244 1746 46121 46525 42836 41445 36373 43428 48932 44335 46247 41557 43375 44564 40488 41030 45284 6179 44588 45811 45757 46304 45471 45838 43191 46656 46814 43271 42283 42006 39353 43931 41151 3744 46153 36734 15899 39394 46370 39424 16905 46002 45638 46372 46458 42472 42349 42195 13949 35238 48201 43111 45498 25239 46665 45529 36962 45568 43089 2945 45891 43380 43200 44971 42546 42098 44644 46708 43245 26271 36995 45571 43404 46534 7903 41049 43287 40497 42190 39434 42419 48078 43302 42287 45942 46392 42907 4000 46125 46058 8243 40532 38808 40555 45632 43299 28947 46421 43312 46825 42560 29281 30507 40574 40648 43450 46498 46155 5249 42803 46163 46352 41591 3709 42607 45751 36604 46356 43314 43119 42683 45631 43519 40465 46273 45689 40719 42502 44333 42678 39638 42881 44646 45905 29262 40730 46487 48627 37834 42041 42523 40770 42461 46536 42505 44689 26718 40635 43355 40504 45943 46503 42079 43471 42647 43341 47032 46558 44897 46207 40556 42306 45164 40525 38026 40717 42057 42532 43484 45287 51051 53213 43397 36874 42370 46570 41448 46706 39238 43583 41486 42381 43986 40818 41924 48273 45202 47205 46592 42100 41052 42920 35471 42663 43595 44985 54352 43632 42932 42442 43653 370 46573 43281 46216 44723 42460 41008 46608 41400 47356 39462 46258 46240 46393 42492 46394 41104 42600 40797 40806 42203 40929 42583 43741 43357 43670 47466 41583 51207 37139 43743 43748 46612 43438 40641 43505 42022 43695 40614 16983 5084 46275 35704 45020 46740 45505 43729 42601 44784 46328 42704 43075 42481 46607 41024 43688 42556 43775 43734 42614 43343 48687 53194 44888 40942 42775 41929 47704 53006 42027 41775 40985 7215 42610 45086 46384 46402 43376 43168 47796 46603 42073 43226 46615 42053 43790 46652 40727 44114 43777 45721 43808 42671 43824 14286 43935 42672 42734 46499 8498 46520 46632 40122 43922 43846 46560 50501 43436 46542 43041 43325 45426 46717 42771 41282 49306 43447 41114 44106 44951 43195 37448 46646 45990 47853 14978 345 40814 42605 40990 46808 41588 43548 53283 43870 50685 46869 40880 7885 43236 46409 46647 43888 48127 40491 46661 25709 46864 6729 46712 45728 43860 42181 41146 41181 42684 46668 42211 44666 47280 42933 40997 42382 42725 46666 14982 39063 45213 14097 41105 43556 44056 47368 43301 42261 39283 43179 25740 43831 41622 39627 42543 43342 42801 46801 5198 18271 44022 45340 965 43562 44046 42749 42662 42070 44796 47438 42854 48328 46741 44905 46672 47209 43711 46673 46828 39663 40733 40751 45864 42612 46413 43754 48415 46011 43345 39966 44932 47232 45104 46419 41270 42613 41009 42908 42620 47440 44342 45222 45328 45380 46772 45578 43068 41018 48534 47390 43457 46803 37143 43352 46836 45349 44571 43531 46464 53406 45489 44055 43082 44120 42865 43100 46806 42692 42627 47246 42825 41658 41160 41370 43139 42726 43185 43858 43774 40531 46829 41977 36880 46529 45357 47611 42874 42116 43358 38188 43223 42201 43842 46881 46531 42571 49515 43389 43415 41097 43247 3144 46898 42340 5311 46662 43868 46809 43263 44155 39692 43327 46823 40233 48569 42216 43854 45844 44134 45145 5443 43399 44149 48840 46972 46838 41597 45858 37485 42721 42742 46541 43416 41332 46910 46841 48875 36971 44569 44598 32344 29345 43923 43938 10888 43348 40622 47889 46935 36816 41043 45897 10907 42879 46874 43362 47483 43541 41401 44823 44262 43963 32406 47286 46506 47114 39804 41108 45197 42221 45731 44833 46942 44085 36259 43577 42901 45332 42926 45059 46681 45878 45507 46906 42325 44842 42846 44273 43951 46033 46940 44183 44953 37341 26956 44311 47499 42956 46957 41490 47887 42155 44963 29438 46682 42918 46688 3440 40692 45363 44659 5380 44226 43589 10941 44517 57949 46703 42233 46711 44173 46045 43370 49556 47167 1919 42128 42375 42650 44317 41190 48495 44315 46983 42835 41178 46766 46527 46783 43424 43792 43972 3732 41346 47214 41294 44174 35996 46995 41654 41723 42198 42840 41746 43465 2970 41839 42676 42709 43506 47134 42856 46576 42859 42988 47085 44378 47179 42970 43599 5796 25927 46732 46532 44379 47233 46802 43511 46050 49893 18331 47626 42426 44381 43014 42922 47189 46753 45157 44355 48571 50056 43022 3258 41888 46086 42951 46067 45510 43039 44388 43984 43995 47430 44129 48373 14103 44437 47000 44027 44410 46566 45875 45016 44465 29662 42981 43518 44493 41348 47009 46640 40838 3738 44496 45274 42995 48761 46679 44002 48862 40895 44529 3745 50856 43383 41973 41680 43040 41988 45408 44609 43053 39311 43431 49506 42395 18922 43609 46758 43859 44050 5639 45348 1955 43612 46159 38036 41368 44808 45044 27013 45460 42680 44131 43618 44552 5845 42720 43037 44057 43631 3811 41376 43427 43058 41141 3190 44033 47162 43499 41390 43755 39477 44581 18444 45514 41682 47276 36070 4083 46686 47854 45528 49339 11001 44772 40932 49518 45479 43064 43635 42088 44065 45549 46773 45610 49859 43078 47383 42893 44890 45494 45046 35508 45413 47231 45440 42986 26480 43454 43652 47259 43522 46698 42099 47268 43722 46713 47762 42129 44138 4692 47303 44066 43525 40955 43751 31548 37621 45612 48059 44163 47015 43759 42194 46794 47465 44075 43533 49341 43538 45605 43157 48564 43114 43477 46934 40042 29527 44908 43540 47287 45616 43003 44283 43069 43516 46827 47361 44608 37049 47771 43066 44184 49576 44692 41404 51314 2767 46861 46035 3073 46106 44224 43138 40131 40142 42229 42539 47335 47033 42593 49408 41513 49906 42415 47341 45645 43196 47779 46903 43063 47055 3751 43169 46782 42969 44939 43763 38565 44957 47879 29713 43786 43213 47379 47895 46959 44621 43364 8532 43558 53607 44113 40146 45093 37784 43194 47074 44982 40191 44281 43097 43219 43821 43153 45010 43560 42665 43161 46970 45035 44658 44384 46770 46941 43174 43346 47374 47003 45683 41662 42459 48883 41739 37572 42701 44634 45691 46894 46971 43197 14400 45647 202 47172 50488 44670 41642 44718 43547 43571 44668 43374 37110 45670 47031 50688 43793 43222 9868 47183 43217 47633 42682 47403 46251 54268 45107 45696 40970 45062 48510 43698 46122 43476 48909 43379 43235 43725 42773 43244 41899 47644 47194 42934 42699 46096 41012 45151 46145 43549 42731 47902 47044 45182 43810 43606 47037 47028 50439 49503 47413 43067 47628 44302 41060 44758 40389 45702 47441 41142 41185 45101 45698 3592 17887 43747 45774 43279 43750 47419 43867 43567 41970 29577 43730 43294 47282 49993 47261 47467 47326 41550 45763 45780 43250 20742 44304 47392 38148 47658 6161 43535 41423 45820 47086 49060 43671 46255 43675 44925 44316 43770 41162 47417 45842 47030 43692 44812 37185 47675 14236 45831 47137 47188 43526 49734 42007 43318 43804 41165 46097 47427 41433 45799 80971 43699 42065 3270 40073 47165 47455 42298 36953 45243 41255 57008 47316 47045 44295 3754 43575 43322 44360 43872 47451 4745 46347 41954 48588 39756 41249 42149 42369 46118 47498 45133 40765 47492 43105 46363 43401 11246 47976 3454 44817 50352 46383 43738 40493 46141 50910 47089 44867 41261 43368 44329 43413 43482 49645 41659 47140 43621 47506 43758 42797 43267 44372 46730 43891 45326 46811 51614 44682 41264 40591 45441 42929 43504 41266 47372 41455 42635 32751 47562 47509 43765 46403 45557 43820 46146 36147 1042 47577 51275 16890 43240 41147 47515 50055 41272 45431 43508 41311 43893 51473 21011 43897 47630 47994 42246 49557 46043 41687 44447 45789 44476 47578 41705 44409 42868 38104 47473 48141 45159 350 43594 43904 47748 43651 43446 47635 47546 38680 47583 42047 46439 43928 43328 43483 41298 37835 46150 37037 49563 32881 47142 46047 46041 37066 46997 41236 45166 3884 46168 46169 43512 43546 38367 57867 43952 41742 43305 47552 47176 29669 44463 43795 43629 43844 4327 50239 43650 7347 47230 47309 47321 41781 42483 61729 46920 46230 37293 42490 43269 47804 41343 47624 40653 33014 44519 43957 43976 30804 44531 46044 45192 2139 41487 42784 46657 47347 36275 46200 48175 45256 46939 41520 43282 43372 46238 43907 43615 43286 44701 44880 45828 44024 44798 44832 42020 47504 50356 43074 5912 51696 46241 47649 44911 44025 47223 44881 44967 40575 41762 48252 45517 47255 46295 45350 42858 43960 7478 44995 43908 43918 47629 47814 42878 46249 42891 44834 14433 47389 45091 47646 45073 42892 48503 44040 42517 43981 47235 40624 45005 44029 3941 45045 47495 46269 26692 43950 44047 44545 46313 53675 46435 47615 46316 44527 39313 43627 43411 37699 47531 49668 40540 48655 37337 46087 41792 44844 48002 47651 46173 43419 15929 47524 44554 43985 42565 36212 44087 48364 43402 47661 40937 47676 44014 46451 41416 47530 46353 44936 43964 41017 47333 5145 41434 43563 42953 47733 44109 46322 48052 10883 47242 42992 51616 48041 5242 44555 48759 45917 45298 44590 45925 44882 51774 44124 44031 47041 6230 45047 45915 43488 44068 45042 44121 42242 41631 43636 46481 46345 46459 34434 48054 44086 43856 41633 45112 44816 43077 43642 43127 44096 49136 48469 41653 49980 42019 43517 38508 38175 5952 44707 47653 44140 48537 44146 47817 47679 44156 46497 45932 46658 30210 37433 6355 42152 44069 49763 46361 44950 41639 42996 45194 43876 47700 54760 49277 49160 46483 43132 47711 10265 41573 47317 49905 45314 44038 42160 44993 44756 44847 49375 43568 44160 43142 47568 48080 47827 4109 47789 45223 42959 8508 3761 45697 42253 42279 47323 45963 46521 45888 46397 45975 44713 43592 11443 43406 44287 46778 44119 47399 46417 44320 37494 41321 42581 42617 5344 47883 36424 47910 42630 38538 43708 42695 48031 44167 47689 44127 44132 40679 47774 41347 47722 42264 44556 25464 48601 47828 51501 44135 6459 2170 46492 42733 43715 49376 47807 45333 41744 43766 44175 39779 48091 39343 42732 47409 47475 44170 44579 42747 44219 48045 44176 43643 47050 38684 18603 45342 46549 45462 43668 41627 42414 50369 46931 43019 46985 45434 42474 47701 50111 45266 46444 49924 47026 43742 16151 40626 44236 50517 39438 42818 43773 42599 42582 47876 47809 45203 47865 48097 47073 44589 49717 44181 38726 45513 45248 44177 45053 44350 48156 45136 47826 20484 43188 48076 45492 48105 43753 21093 62841 46465 45459 43778 43780 40762 46591 44220 49961 48607 44719 27064 45511 47829 46676 46010 58707 47625 43030 50604 45374 44178 41703 45449 51783 46695 44192 43801 45299 41519 48542 44288 46068 48102 45519 3833 47878 47461 43911 45580 47914 48212 2798 44197 40980 45525 46553 41223 47479 44243 47957 1998 48121 42915 41786 47832 51885 36750 45153 46471 48132 46496 43149 43645 47059 48142 45532 43163 44254 45574 48128 42618 47078 45321 41806 45359 47586 44263 36374 42914 41789 44633 44034 43207 47171 44276 47926 43983 48079 46755 16926 46513 48149 47959 3288 47835 50248 44853 44247 47838 2100 47873 48168 44417 43806 45389 40447 51620 41819 48662 50602 43210 44286 46060 42045 48710 2803 47250 44312 44072 48578 49898 44422 45179 47705 46700 44318 44430 44466 580 43850 42641 44128 46719 44655 53749 37920 47307 1962 3953 47882 44482 45456 3076 45840 44524 41944 44251 44279 48170 45538 44339 44875 44321 48001 15124 44324 43857 45379 41709 48198 40858 45603 47308 48263 41797 4260 46587 48604 16246 45215 48304 43937 7986 29738 37949 27435 47736 44699 41674 48203 46786 48591 21428 48663 47861 47896 44652 44688 50500 44332 42757 46812 48245 44280 42688 43866 46863 43903 48065 44291 44938 42788 46816 41896 42819 46138 47092 50024 44297 51976 47906 44308 46156 44724 44021 46139 43906 42191 46517 46605 50603 37955 48720 43916 44341 45477 39500 50447 30410 48217 47488 45633 44489 47922 44770 46872 42998 48237 44364 42219 45242 44428 42257 42830 42880 45335 48009 44233 46882 36751 47968 45797 47909 47380 44032 16297 44097 50493 44445 3876 50636 43257 43292 40571 38205 47168 47891 42165 44357 47666 7057 43769 7486 48113 48148 47358 47950 45717 43887 46951 48361 48368 1309 54057 49289 46613 48705 44454 48161 47027 48723 47970 44490 44389 43448 43336 47210 45867 44822 50669 41342 44397 44671 44873 38214 44504 47039 44690 30495 65360 50522 45527 47456 41468 43686 47601 40791 41440 43485 43953 43573 43414 47988 47111 39853 48325 48376 42110 45690 45521 44136 45723 42943 45074 42783 45316 44940 42200 47997 43429 44438 50848 41084 44921 43959 45117 42991 41901 44456 48016 47721 48033 46562 44573 47056 5148 44431 46585 44515 48058 51026 45320 220 47793 45362 43359 48103 50530 5243 39767 47211 44368 45033 44474 47975 3661 47076 44366 42944 45618 48420 48426 48728 44017 1783 46188 42280 45755 4336 46268 44122 42984 19001 48465 46314 44544 46609 45643 44557 48029 44547 48770 33006 44139 44147 51027 44487 44665 41949 44448 47732 37178 2036 23029 44733 45801 45315 37524 45804 47143 48786 50546 48425 44429 44408 44162 46616 48151 42827 45099 48236 48032 48801 44486 47222 48199 44494 51606 40243 41556 51621 43059 48070 47277 41120 48320 44583 48071 45120 42990 49194 8728 43714 47371 42853 51407 50558 43827 44615 45678 47201 44185 51570 45817 44591 41113 48238 44605 48247 45808 48163 44292 48821 46516 2 44508 52159 48331 46623 48289 42353 48326 33284 47215 45367 47396 45425 51625 48352 48432 45823 48479 1836 30847 54328 395 45900 5435 128 44416 44538 42372 42048 48435 46723 46674 44904 44394 48442 51995 43879 43889 44919 47749 46398 4405 3080 44574 45134 45908 45991 46019 41488 44937 44239 46219 44248 44212 46030 44623 37727 48174 44653 46697 45143 44521 42126 46036 5814 45191 45430 46053 42971 38221 44681 44643 48230 46744 48258 44230 44703 44702 44578 67 46704 44750 43071 41635 46799 44966 44802 48517 11078 48269 43095 44585 44457 50581 48544 38245 50650 44809 43136 41648 48309 46357 45024 45037 54011 48280 47791 46105 45377 47291 44855 44572 44811 8125 43137 44616 46731 43150 44684 44354 44104 42071 44403 43965 50536 5950 42418 48572 47497 43129 48733 47564 44676 45139 45060 5201 19380 50594 50503 48448 47585 42386 45129 44240 48522 45083 45400 42993 46434 41661 45137 45418 44467 48456 42158 29772 44717 50616 52038 8991 47938 44209 38271 47684 44737 3995 44617 50799 48507 41694 29807 46071 44695 42631 42174 42180 45754 42828 48581 45423 48459 46804 45422 42199 48745 44814 46748 43021 42295 769 43514 45427 43004 46807 46038 38373 46080 3249 50835 42304 48708 44824 50934 42924 52059 51167 22126 47300 47382 46437 44887 48608 42428 48323 46843 54973 44584 44246 44839 46617 42526 51643 42533 44593 45167 5505 45436 47695 11568 50791 46887 45644 14589 48176 48819 52 42507 44933 38568 45461 15144 48826 48382 45069 47773 6069 44752 44602 44765 51634 51639 31365 5190 37754 42666 48832 44370 44204 8225 44516 46891 48628 43047 52093 4416 44505 48633 44768 46083 45770 47405 49422 42946 44290 44706 45671 44916 44785 44762 48385 9131 48390 44533 48858 42817 48649 44898 5690 44792 47412 46916 46982 48740 45486 51803 45847 44766 44945 48399 48226 46143 44400 46354 45276 51808 48299 47623 48407 47120 44546 51859 45501 46760 44307 48438 45022 44604 47204 43237 45205 47420 46762 52153 48444 49595 43091 48724 54908 45009 43131 46453 44947 48686 48416 45262 54966 43159 51280 45025 45011 27075 48429 48549 48871 51994 45550 2017 46902 44879 43160 39791 38634 45094 45032 47660 37826 47522 49864 46157 46190 38676 44805 47351 41305 48453 43189 45057 3997 46963 47560 43884 9855 44650 42837 56772 42897 49050 5329 45491 48850 46224 42941 54162 4056 42310 45034 48880 47047 52103 44889 45646 42118 51421 43284 48169 43203 45288 54623 47780 42529 45232 43199 45347 46261 44716 46242 46449 54986 45371 48481 44710 48506 42636 45654 45098 43141 45657 3983 7499 48400 48519 55490 48865 18009 44959 45201 51457 47439 51720 52147 47084 42983 3251 47088 52213 47139 42877 48701 2173 48539 48224 43285 46544 44774 972 45989 43062 44857 43220 45221 47703 43303 48551 46469 46792 45109 44439 48582 46440 45446 15290 1841 44326 45150 47786 52500 48874 49196 46805 45453 44935 44820 47234 5622 45669 44459 46477 48261 42169 45038 44827 52219 43338 43099 46915 44848 45229 46917 973 48568 43231 48927 44975 47494 42839 43363 45039 52314 51776 47566 51573 45502 27505 48954 45672 48577 45713 48970 46954 5294 43365 49214 49003 48872 52656 43478 45699 48625 49269 48322 44442 43144 45071 48889 43528 45531 44530 45325 45996 51930 50060 46281 45081 48950 46485 44948 44955 43377 44969 45545 43184 45595 48377 45630 50537 43102 44603 5228 48640 46411 64105 56126 38627 49553 45447 8286 51648 45659 47671 45709 10103 45692 46504 45784 45263 43361 48641 46514 48651 45161 45810 44596 43581 43233 4638 44813 48925 46962 51742 44714 49562 45700 43249 41432 49002 45719 41436 43273 39809 45735 45176 46965 49037 45815 45861 49038 22802 43252 46540 42675 38298 46545 43288 40244 43639 45279 47458 49107 48717 49028 48751 45330 47744 41681 44903 43300 43740 44630 51837 45218 52299 48917 44974 49154 48944 44979 46976 32519 45076 48989 46057 48831 45752 45769 38670 46987 43050 47227 48742 46653 49329 45078 47859 46733 46093 45819 5327 27820 8609 43333 48914 47017 47571 45924 44771 45778 45772 45272 45358 49045 46777 56806 4428 44628 48863 45219 49271 2020 45541 51780 43321 48842 49057 28291 47011 45337 43607 46904 48676 43378 45648 4179 47760 47729 40620 45295 47043 47058 44773 45105 49061 49067 47038 48891 45322 48898 47262 46135 49355 16342 45003 32932 45372 38717 50909 52255 47263 16420 29944 49455 45824 43463 47730 49512 49223 48903 47782 5269 43524 45455 45481 45185 43165 45368 45961 43283 45862 47128 47200 45901 47418 49529 45398 52560 47901 49178 45919 40288 46162 47004 47213 45773 44884 45240 49086 49079 43565 49241 48090 6011 49131 47821 31283 49071 704 49137 41451 48699 44913 52217 52354 48196 49080 43582 45040 46012 44172 46049 46604 43886 49200 50972 48189 47487 45241 49664 47556 38325 44923 44865 48355 45792 49379 49322 47187 45512 49275 4217 52371 38818 28344 46819 45214 46833 47920 49288 45788 44989 46694 47313 46622 52396 38667 47266 49259 48910 49758 47343 43591 40805 45064 51043 45837 47911 45138 43324 45092 46073 9115 44981 43811 43630 45572 49153 45445 49461 43440 47363 31659 46763 31684 49238 43323 47132 48462 43640 47670 45826 47364 45542 49156 49313 43206 41783 45850 49340 45124 45946 49179 44298 45140 43644 50240 43666 43466 46092 51483 45955 38845 43673 41953 44736 6251 52700 46664 52453 43331 43509 43736 45958 49653 49955 51519 46166 45729 46844 45110 45230 52125 45103 46206 31848 40826 52719 46128 45785 47952 29964 45483 47520 45874 39842 43815 46211 47772 46237 45130 43660 45487 46929 3802 49325 46302 49345 48757 45282 46117 46335 49369 48767 45918 2377 48681 43672 49424 45907 48690 4274 23260 45539 43896 45188 49444 49746 46027 46149 45378 45289 45386 48945 43586 46037 46072 42435 47836 46350 43610 46949 47407 46369 48972 43029 45766 45914 49918 47449 47617 45435 43828 56923 48768 45111 49395 45318 47824 5463 49513 50386 45965 47875 44744 46235 52458 46998 45503 49571 43334 52503 45573 41807 46252 47527 45821 43869 47723 47029 38707 66806 47304 47886 50674 57349 43700 50630 7547 49064 48694 48812 41939 45116 41871 43713 48741 45984 46380 53188 48042 38713 49749 43727 45141 45224 52813 52816 2371 45360 47065 46119 46441 33562 45238 49999 3302 45576 45705 39068 5212 48843 43739 52694 50123 45480 43561 45534 57419 40812 49654 30168 45323 44815 44775 47631 43818 2178 42132 45582 46061 46090 45351 47781 53659 38743 46876 519 47969 45970 357 50859 45546 47529 47082 19621 47096 46461 49695 46107 48890 48014 45859 2058 51214 45499 43832 49204 47151 43705 2105 2179 49704 50309 46725 45711 45565 46085 1018 46172 43802 50306 45628 44626 45656 43862 45658 52867 44851 49244 43822 48072 43936 48021 45055 33181 43969 49414 46245 48962 45346 44930 44735 47462 47637 47478 47158 43829 45982 45720 46246 48902 47639 47870 48798 45465 45694 46845 46489 49438 46120 49316 43371 47125 45606 49934 45475 33353 45712 48916 45768 37977 23847 47388 45732 45017 45737 42134 43836 49714 49739 49482 46567 12863 46134 47190 42685 16555 47193 38831 45812 48934 45793 45748 43855 46137 52518 47654 55149 46142 43890 45566 48089 50362 49792 45190 45742 2848 48505 49447 45841 27455 47767 48098 43848 46842 46189 49517 43988 49803 42366 45853 45866 44105 50041 48107 49450 1020 49496 1100 5260 43895 3178 45704 45730 46925 48986 43947 48111 49500 49835 47539 46856 44387 41168 38773 49010 46722 49858 45283 46930 45868 42789 45764 41336 43899 48123 48941 35851 47581 45043 45771 50355 48614 48292 48997 1215 30648 46148 46193 43892 45051 49976 9317 45779 48794 46232 45626 44082 45085 47265 4437 45095 42531 46956 49020 50230 44019 43915 47900 396 49035 49651 46170 4388 46263 46938 55466 45906 18745 45983 46205 43521 46266 4052 47048 48101 48787 45904 22622 46285 45959 45818 50091 47587 43920 44577 47592 49593 43898 49065 43924 4519 47123 49100 42230 47768 50729 49998 47919 50478 7985 3163 47813 44100 47206 6533 49102 50104 45849 46274 46305 50267 43996 50148 52968 47885 49663 47149 51619 45745 46034 45839 50515 49105 45216 57485 44009 47334 46279 47690 46126 45880 46303 49711 42964 6408 45762 47944 53040 45909 43464 49733 45903 49600 69668 44145 49139 45952 46318 7730 45108 37992 45974 42670 49143 46388 53041 46684 46800 48115 43934 45895 45985 44148 50211 42750 45913 53183 44067 50226 52007 45976 31505 43977 122334 48133 2888 46228 45809 46264 45869 43596 48093 49665 46297 3805 3956 47687 53174 46327 47156 38968 50308 45890 47972 82 46187 49681 39239 46568 49929 50396 44073 27756 44158 48599 51628 46331 45931 5248 43719 46056 28565 49096 43145 50730 438 48083 46336 49842 46074 49846 46101 43746 45131 49795 48810 46116 48179 45957 48136 49161 49110 46202 49707 47707 52738 50633 49801 50401 49149 48235 49861 45302 52782 47256 41934 44078 43576 44159 46837 47433 3162 46104 44171 47360 50012 50749 50414 48256 46418 50015 47989 48859 44222 46123 38777 50588 3326 46129 43593 57653 46133 44232 46250 43737 49736 48878 48147 44267 50682 48281 46284 45327 48294 52202 48259 47435 5252 45936 48340 48291 1960 49837 46167 48923 39321 49822 48380 46031 45376 50130 5484 48567 49319 44115 38785 4045 50692 51177 45827 45651 30649 42770 33587 44284 46460 49640 39534 46306 47574 46176 44349 50048 39621 44358 50770 53321 48933 49353 46315 46343 47217 44118 46203 49185 59943 44363 46204 46368 47245 46124 49357 50083 46231 45450 46351 49215 46551 53445 49921 49904 49366 53012 48688 46366 49928 46377 44385 46180 50426 46734 48993 46431 2844 39761 48636 49378 48114 46365 47302 12477 52249 50290 49844 45765 45830 49134 46210 46379 46897 4166 44435 46390 39979 49248 45805 45894 49939 50435 46569 43998 44470 49243 45950 2271 46236 50823 48397 42948 44473 53832 43170 47507 45297 46554 48816 221 49073 47535 49232 50929 49631 48305 46563 46229 48430 17791 57706 49972 46272 44443 50330 46399 43146 49272 44196 53732 45896 44200 6434 39623 46287 46291 45551 46911 44386 18851 44299 47915 52524 44460 47619 43360 46750 45945 46248 46416 46292 46572 49398 47395 44325 44479 47716 48319 46584 44229 53444 43757 47984 50454 56032 46378 48450 43776 48134 50520 48165 44261 45978 43839 54028 43909 48480 51254 46412 50653 48204 46447 6607 46333 4522 48489 46433 46294 42018 44205 46457 44523 47023 48497 49138 50895 49198 48314 50391 46463 25044 19745 48504 46424 42385 7767 44322 46530 46032 46091 62416 9713 46480 46396 49233 46443 40678 50153 48523 46427 47410 46654 50944 40364 46501 46486 46776 49931 2115 51013 7533 38956 46400 54085 46813 46160 49257 47062 52730 47621 53482 47105 49356 49318 46493 48208 52792 47808 48405 46849 46299 46678 46212 49951 46452 42407 46866 48339 50210 46870 5336 47525 46507 46213 50319 47575 47075 44343 47647 49680 49731 46298 46689 48746 48184 48223 44568 54097 46880 46226 46511 48365 40321 51571 40464 50227 46577 50737 57889 50448 12774 51946 38971 44599 44663 2151 49867 49583 44654 44348 49995 42928 50759 18913 46326 46600 53798 47576 40713 51187 51695 47659 48526 48642 46519 49942 49843 46515 50863 50587 49359 46699 48475 2379 53568 47251 49429 49656 44483 45261 19915 46701 47662 47668 50040 46761 50096 47681 46062 8719 50321 46555 18924 51703 49349 48536 46756 47567 48573 50384 46340 46621 46367 46642 47778 50626 46422 50036 51016 44375 44627 46325 49532 48725 50474 53643 47369 51066 49203 30281 48595 47596 48464 47221 48722 44278 44685 47819 50806 17888 49857 46769 46543 48766 49384 51215 46191 52878 53656 46901 47830 48778 47663 44265 46775 52962 58215 54150 48611 46381 46718 51579 52911 43940 26 46726 31261 46222 47869 50647 53649 48839 48809 47731 48845 50126 50441 49400 51014 46565 49492 46659 49471 47776 49474 48887 48848 46586 4219 53688 50986 44720 50607 46853 39176 47962 46781 49869 49004 44624 48316 50967 49911 49212 46589 48039 46332 46374 44631 46404 48349 46597 46620 44639 58266 48643 48110 46407 44725 49570 45294 39619 46432 46625 46634 46410 48857 46474 49546 55130 3308 46824 53204 39187 46912 51977 44740 44763 44001 46999 49084 39652 51123 49391 46896 29171 49578 40796 48120 2964 50033 44451 46907 46683 44819 48948 2070 53817 46924 49592 48975 48683 53691 19922 44478 48180 29257 46548 3334 50696 50450 3669 46595 46442 50199 57542 4761 50107 39498 43277 46626 48866 46746 47747 5121 46738 50704 43190 46537 50068 47928 46947 46641 44511 50105 44791 2177 45067 46691 49205 49209 48938 44829 49608 44319 50112 49294 44337 45761 44415 46952 49256 53948 49407 49722 46648 48106 5633 49878 51161 40809 49370 46754 45300 53386 46989 46559 49436 50138 46974 51965 47022 5356 46705 49276 50760 46747 54153 54212 46670 49606 47960 44803 49818 45416 50512 49463 49648 39691 46524 46628 39824 50146 50928 51264 48183 46675 47040 47063 5490 46428 46780 3268 51168 51358 3939 49334 50820 12960 53963 50315 46687 45660 51186 47274 44757 49404 40869 49470 4293 49372 50154 50167 46798 50203 50748 50145 54266 46244 46690 44860 46822 48190 9909 54391 48555 47010 46579 45667 48206 20395 46561 49723 51260 48024 53287 53459 50205 39029 46371 44425 39879 44849 44863 3353 50247 46696 47091 51313 46826 46581 48249 44862 48953 49847 44542 46893 51367 48772 50253 46710 49852 572 49385 47097 46785 45553 46728 44606 51577 48112 46624 3166 39896 51137 12993 49367 46918 47977 46905 38219 44906 49406 46721 49441 46462 46789 49488 47014 47117 48959 51671 48893 43367 48130 49520 50276 46663 49524 48922 46606 46879 51173 49075 46795 49118 1498 49877 44491 43453 44931 46650 48301 46993 48780 49460 50280 52056 46926 47118 50286 49211 54187 46791 29555 46742 49902 47079 46500 46817 46979 50294 54848 44501 44674 50390 49560 46720 44964 44781 43927 50849 57836 49628 47095 47090 64429 50459 46727 46796 50873 45012 47104 40972 49693 46832 46840 47175 51707 50287 54229 49566 49245 45930 2399 50472 47116 49945 50495 58343 51959 44657 48835 49247 50076 45726 46852 49950 48313 47999 50521 47007 47505 50935 51414 50298 47325 50971 49602 49584 50529 46382 52144 39936 46582 48343 39470 1987 51418 47129 50314 44696 52584 47352 46919 48409 53404 2304 51204 21146 46943 47046 48483 51478 9492 12952 46953 2960 47184 44838 48213 10101 44739 48254 42493 44006 47741 48851 50930 49604 48452 50973 51641 48451 47108 39715 47136 44856 51449 49647 49594 50875 45625 46835 46859 48126 45419 50327 54444 49252 46968 47182 47195 51769 51294 590 18940 44638 44550 47288 44208 46950 49302 48401 50405 44941 44700 48600 47191 50498 49705 6602 44958 49609 48297 45490 47160 47198 48509 47019 15350 50945 58439 47244 50473 47013 49674 47174 47225 47332 47247 44704 44753 50552 49530 47820 51590 45863 46420 45026 45019 50408 50678 45986 48341 48982 45029 47236 51005 45126 47049 47001 47061 53038 50527 45090 48638 51664 47294 36082 54499 47121 49770 30693 46787 47258 45236 54529 47340 47124 49683 46867 47320 5695 50969 49304 46980 49679 47381 46165 51012 46221 47260 51668 42917 49048 47226 49686 47144 47305 51999 47469 5381 47890 51688 41015 48471 44761 50442 51719 42973 49712 48675 44764 47318 47355 46346 45515 48419 5729 47133 47068 49724 54351 50579 50949 47150 47289 50719 49752 47157 47428 50964 44845 5886 45231 47018 47298 51777 44871 51826 44896 47472 51072 51409 51998 54030 53552 45237 44846 44907 47489 1224 47181 44914 49834 47196 42125 32550 51044 44934 47523 55482 47197 49840 47397 47401 595 5127 48513 48466 52608 47220 41202 49879 50482 45727 53670 51119 50591 49093 50618 51176 51698 51436 45239 51128 39736 47311 39905 32461 51197 628 50212 44962 47454 1051 45806 49768 45014 51890 47241 47338 53576 31232 18465 32743 41289 50896 41624 45845 46649 47604 48673 47069 44063 47248 49809 48696 48472 47429 45870 52058 47366 47254 45072 48501 47476 47273 50577 41980 44917 49883 47414 15712 51523 52073 22810 46729 45882 44390 31695 45123 45307 58272 45940 47468 46484 47306 52063 46639 51566 55002 47275 49903 49953 50006 52087 47444 47903 49916 52609 48308 358 48535 51143 49808 47083 44548 45373 51949 46820 51929 44202 53681 49787 29595 46239 41033 50518 51152 48837 47558 52164 47513 45396 9648 4148 47845 47448 47203 47457 44990 46955 52265 52105 15425 4860 45401 50093 49982 47115 50465 43520 54356 46643 47436 15174 50258 2032 50637 47327 45015 33461 38381 45028 55942 45114 49963 51932 47712 51150 49208 47569 47932 46140 53699 49824 47579 52180 47477 48899 47279 49874 47337 47464 60320 49388 47359 47370 46016 47645 44323 51091 47606 49985 3338 50016 46233 45506 47324 7588 46455 52397 47375 46479 47643 52953 47496 48563 45162 51223 53873 46490 50271 47584 47486 51002 40058 47384 47518 51145 40395 50741 48678 48775 51190 47376 46512 49900 44895 48788 47526 49853 50641 51248 46526 45577 52126 48173 48296 47536 47087 47648 47339 50648 49413 49946 49405 47669 45209 51296 47686 52214 50031 20600 48854 49481 46601 4321 50044 46528 50152 45518 46908 53300 15341 48860 5409 49886 53808 50005 50035 47354 50683 50072 46946 53903 50155 46644 49442 46583 48240 52111 48888 47542 49502 46793 45635 48968 46839 47012 47460 50181 5447 6624 47545 47582 48406 48362 2472 44610 48849 47408 47710 5458 44667 47391 6944 47719 49026 40976 47597 44793 47609 52196 44986 36647 52779 52787 47491 49180 51539 51709 49615 25814 47402 50728 48988 53389 47493 47100 51455 47757 45281 48470 47656 63847 52240 47521 54007 42278 47605 49183 47591 52247 50047 54801 45308 50221 50232 49301 29485 48895 47674 47109 3319 4331 34270 50260 50733 51497 49401 45581 50051 49625 45048 50292 29660 52258 45604 6684 50307 47622 47680 50709 50755 72400 47720 49109 50363 50085 54500 50368 47528 47237 52277 42130 45872 50195 55540 50735 45642 50393 10314 51986 47758 48408 47534 10627 47753 49383 47761 47538 45693 54001 47685 49643 52376 50771 51298 50833 52035 50744 47365 50754 47166 46960 49703 47777 49750 47589 45119 50831 45152 47445 48942 49095 5527 47423 54991 51611 42209 51686 47787 50740 51551 47122 47126 40747 47792 47818 50374 45181 47398 51562 47790 8354 47549 47863 52320 41100 45715 47239 50761 49547 50434 51870 50400 55084 46759 51654 48449 23291 45969 46546 52455 46564 49440 45251 47692 47801 50782 47594 50099 44553 47602 52462 50000 47608 47848 6907 52483 47634 50437 47714 47642 46660 45250 45997 52501 49111 47735 50116 41952 51699 47946 50311 60888 49627 47766 45158 44780 47743 50117 50476 49145 2329 41240 45254 49948 50843 50511 58526 49650 38830 52538 45264 47949 47803 51517 50326 51883 47750 47652 46975 52818 50131 45860 46171 50277 49290 46026 51958 47415 47672 1344 47163 48776 47955 47453 47856 45324 49789 54345 47806 50857 45344 47825 47480 51058 47908 50792 54384 41330 53789 50524 53421 51268 52069 40547 47667 52207 47688 50175 50569 47595 52024 47677 47823 49759 49762 7873 50371 37918 55181 47422 32092 45962 47964 52482 50852 13233 50767 47443 46051 52036 47934 50143 50804 47800 47851 47945 47346 49310 52514 50375 50829 3379 51638 50883 43400 50589 33826 47691 47199 50842 50889 18911 46311 45369 47724 52711 2217 47884 49828 49831 47837 50125 42715 47987 46385 49266 51353 18956 51159 47981 45966 50905 51364 53402 802 49348 48476 45636 53549 47219 50139 47899 50233 53677 8509 46669 58570 50297 47996 47706 47913 51957 49352 3954 45354 47917 39257 50409 48478 47463 50615 47502 50942 47727 49381 52451 55262 47229 53821 50943 48004 48484 50490 53864 47783 47833 47995 46737 46430 50497 46618 47991 56653 46889 45382 47929 47939 54296 52889 46283 46098 42286 50160 4342 50504 47590 51544 48056 50550 48721 45439 47815 41426 50954 52982 45947 45948 50975 47842 45544 47935 46768 49907 47485 50646 51017 50697 47373 50665 49296 49338 46810 52529 50675 49415 50169 44992 30320 49958 47947 50188 47847 51632 46909 51098 50643 47846 47888 47936 48010 50237 49426 47541 50255 50876 55186 50562 52559 51125 48023 40652 7713 48026 50229 45934 55322 48047 50651 42095 46680 33872 52280 51174 50957 48856 45562 46883 52326 49445 53925 53986 48499 5572 48028 51219 51406 52703 2438 50913 51644 49465 47852 32200 48053 31547 58297 51550 18983 45814 48068 48069 48061 42146 47610 90327 48067 41288 47992 54425 50254 48167 47572 48145 50953 45589 50690 48157 52778 50303 55371 47860 247 48050 48075 55583 50980 49508 42404 46988 48081 52287 47868 55108 52742 40194 50743 50985 49652 49545 48082 48060 52794 47021 55595 47035 48282 66827 45482 6934 19307 48095 54747 48086 50655 51037 48003 13022 989 53219 48088 45987 48532 48096 48138 48116 50671 49590 46127 54800 50030 47540 808 48150 48063 48066 2474 48158 45596 50256 48185 48186 50289 48119 54612 48205 51109 50270 51089 8161 8198 50785 50312 48215 45370 2298 48222 41110 45533 52994 48231 45602 53326 47877 42314 51319 54547 42335 55670 39578 51246 8768 47880 48246 43006 47699 48220 48248 42329 48085 1376 51122 48131 46308 49675 51383 526 48135 48251 39858 21420 54671 48257 50731 52360 48188 50449 45622 48307 19179 50456 47921 51408 52541 46227 48197 47127 52158 47559 47593 47620 12127 49974 2510 5654 50790 48421 51101 47739 48216 50063 52795 50475 45458 47740 48262 48275 48268 51195 52902 48278 48650 48287 50480 47898 51039 47264 52815 2307 15374 50173 49737 45623 47985 33748 50593 51477 54404 48298 55334 47785 50245 43423 53374 51363 11323 48306 42458 44369 66039 48221 48229 51666 50273 48334 50680 48242 48653 45767 50278 7285 48244 50715 48603 53127 54861 33916 52817 48337 5268 48342 48345 51396 52343 47431 2503 51452 48109 54483 48474 45747 51134 50747 47802 48303 50813 53304 47834 50812 7938 48250 53055 47180 50320 50718 47367 47474 47905 48882 48485 30720 1070 53371 46386 53510 54023 47769 5652 48692 49754 55785 45680 50090 51866 47864 45777 40232 58618 48704 32287 48491 51928 50897 8055 45753 46253 45871 48358 51410 3223 50946 39769 48514 50753 47894 49519 4465 2123 28690 47377 56084 50810 51502 42651 51768 51171 51521 51558 51799 13162 51151 48559 48592 51182 49077 8200 45884 48605 41153 53334 52732 10873 49776 48338 46429 48279 50999 48351 49000 51011 48363 14138 47107 47470 54864 51754 51001 48697 50334 55269 51463 19463 51029 53750 54868 51184 48369 48260 291 46877 48515 47937 45825 53849 48403 47958 49337 24212 56103 51867 50358 47103 48285 56962 47974 50821 57679 48715 51971 49058 46467 48748 8105 48763 54886 46478 47982 48350 50357 52829 51033 47484 48371 48417 52039 48881 15764 51834 416 46510 47202 50596 51615 52350 52096 53672 51220 48913 52884 49344 48447 45953 45971 1108 54037 50884 50372 49688 50707 51100 51978 48379 48487 54060 46214 48005 49780 47965 45454 2525 47990 55952 48460 8123 52885 46001 49841 43441 3357 46594 48035 41253 54078 46692 49416 4014 48918 50797 55265 51233 51243 57180 51157 46491 46878 9264 46667 48490 52525 51344 52898 48477 48404 5996 48171 60545 19642 51529 48007 48494 48508 51594 52142 47519 49848 45714 50870 48006 52072 52473 52986 46739 48533 50888 42767 48418 48012 48427 49467 48140 48545 52064 41257 51200 54089 50907 50539 50668 48468 52546 51045 52080 48265 46408 60995 51218 42575 45791 48613 51052 48937 48833 49262 57192 46112 55381 48295 48800 51269 49992 48531 48547 50963 48552 48553 46928 47218 50617 47550 47508 51626 46195 48579 45899 43495 48558 41351 58385 51329 48017 49765 54948 46017 48580 46077 52088 52285 49486 48585 55242 49925 48589 15821 47775 55060 48586 48632 48644 42850 51022 51376 51682 50716 48124 52593 48684 52133 48594 48562 58631 52235 15880 51028 43500 55526 4067 51073 48446 48584 48702 51020 48593 55921 51705 49538 51391 47599 48830 48034 46767 48811 48853 2548 48868 51295 47696 48129 44492 51086 50510 50727 50732 52297 53954 48512 42398 6628 51662 58784 52259 46025 48896 46685 54744 51095 48324 48984 50385 52542 51132 48799 52328 4089 47112 52853 52596 48957 48181 48159 48961 49315 49123 4483 48524 49342 50736 49983 3394 48824 52389 597 51482 48964 48596 48436 49434 50766 46152 48671 53164 51241 49449 51423 47627 51485 31605 52184 3399 48977 50772 53033 54107 50077 15999 60048 2072 47702 48525 52771 49040 51487 55488 51106 47765 41430 53251 52599 51399 48538 49049 48689 52796 51718 49133 48162 49490 54127 2532 53488 41373 51191 48729 52311 50565 25321 54712 54482 51236 51818 47784 55521 50800 50623 67123 52381 52456 52431 54691 51838 54695 50398 48598 52875 46846 42410 48619 48813 46185 48760 50815 46201 13267 44566 52484 52814 55659 48630 48737 44797 52926 46724 51843 48674 48747 55666 73 54907 48049 50026 50839 45383 50108 48193 35348 21009 51389 52601 48218 46854 50758 48227 51886 48750 480 52647 48626 47858 46158 53771 48656 48310 49072 50841 48855 48253 42563 48754 51921 7001 46309 52434 4612 51507 16463 47798 49142 46470 2327 41377 49108 46319 48825 48905 54117 51917 21988 46337 49124 48321 54569 27863 56114 51532 49197 48873 51535 49146 46552 49935 52696 47130 46858 50423 42586 46862 45973 51972 56021 55623 49168 51548 51920 50739 52606 50958 56278 54151 53201 48557 47362 29199 52691 55065 40563 51968 47148 47002 51346 6703 48900 46446 49499 46865 48958 48919 70528 50879 52422 48434 52955 39830 48561 51392 51286 50927 49229 53977 47973 49114 48576 50506 48615 55934 48713 47693 48966 49549 54201 40372 48983 47708 50991 48797 49230 51622 46341 48695 47570 48769 54237 51030 50531 46945 46020 48822 40463 46873 48055 48985 52022 54439 50067 48233 43539 48623 55120 48660 13686 48255 50110 51443 53856 52120 47924 55975 48991 49267 49796 49588 48990 51080 52303 49274 49187 52066 6064 48666 8321 49273 44234 52344 45892 48283 54797 54420 53045 48992 5491 48665 51569 49708 49280 49456 48906 48994 52370 52707 49603 49599 48288 48634 46899 48682 49766 46990 40816 48815 49779 48949 38174 49987 51722 49001 53230 55212 71786 49612 50220 49865 48974 46373 48703 49009 51554 46635 54474 51464 46961 48980 52683 48092 46984 53299 48620 51782 47600 48639 47208 51561 52065 52488 47328 52665 49047 46414 47446 54376 51331 1113 46132 48654 31823 47613 55372 54479 48659 70164 16709 49017 51848 41435 52775 5900 57267 49956 49011 51339 52851 53337 52378 40695 2148 53706 49074 48790 55243 41475 50750 4104 47517 47614 51888 49099 46436 51504 56010 50869 48752 71476 51556 48753 49658 51906 48433 51907 43894 51927 48762 49022 48758 62684 40855 46538 51567 49662 47177 54811 50893 46557 47207 52046 54504 49032 49873 53056 56545 51104 54424 4337 58955 48707 48764 41566 52078 58996 51690 51175 52140 49141 49036 48803 51359 51338 48779 49076 51453 51812 21908 52220 49297 48398 43108 50916 49698 53339 48998 49083 50397 47657 55164 49087 48202 54542 48777 48271 50976 52123 52443 54672 49678 67182 47102 47664 51797 50979 51528 50042 52810 20110 47978 49311 52138 49157 48785 51879 52985 47713 52939 34187 49188 48498 50463 51642 51404 41632 51956 48738 50402 51970 52784 47393 55247 48348 51884 44018 50417 50109 48783 49097 13693 52076 51416 49351 52210 50202 57089 50444 51693 52074 50982 52229 48793 49251 56173 49103 50993 56781 51887 51967 48808 40870 58643 41720 51060 53342 40893 41721 52887 50805 52079 52203 49324 57464 56916 52227 49358 49260 48099 51710 47147 22279 52045 49702 47940 49397 47794 52176 56204 52237 53062 40961 48137 49591 49173 52238 43432 47636 46677 42557 50037 48200 53128 49364 49781 49418 51431 49043 48550 49199 66091 51015 49478 49112 49201 49700 46535 52053 53666 49122 49263 53186 1686 48814 4470 44026 41484 53063 58824 44382 49175 47178 47746 54567 53079 47281 55267 50516 50838 48290 44522 56319 51006 48869 49298 55571 46183 49228 49798 51779 49855 47285 51854 49330 52701 47295 59081 44801 163 46927 49231 49019 48336 50157 52702 49895 49068 49636 53560 55303 55436 54766 49120 48333 49682 51451 49926 55961 48870 49659 45865 52263 48807 49166 47315 52948 49927 50009 34443 47881 49234 51054 52149 50053 56489 52990 48904 37257 48739 48381 49282 47892 4511 46948 7055 49193 51493 47993 52268 46973 47253 57700 50066 52506 4149 48030 51910 53058 50147 58972 46771 50054 49081 47297 52315 49354 50295 49331 53067 46830 47697 49305 49402 53351 48455 47745 49336 49380 48647 51097 47979 48907 14038 53430 55695 47006 51878 46614 2577 49687 52322 7 48473 48791 48732 55700 43449 49720 22423 56095 48967 48805 49390 43473 50305 1628 52923 44362 49236 49527 51486 45135 49451 49237 47310 47322 56409 42628 48987 41644 55043 52369 2339 48610 51512 49580 49265 53114 52610 50346 50207 48756 49634 49497 48834 52234 49147 48841 44536 49042 48901 50140 48528 53120 51945 49637 44582 51099 47490 49677 48908 48074 52402 49350 50150 53146 49373 42694 51969 51325 54795 50878 51985 47682 44721 52649 48936 53161 55493 49743 49066 486 10697 49459 48618 3414 51349 50745 46078 53005 47042 48911 44614 50161 51580 49246 493 52409 48164 45106 397 52031 49412 52517 50336 47551 52862 41849 49452 46445 46280 49493 55541 50706 50376 49307 53391 53208 47267 54025 49472 26443 49309 57918 52674 24736 49525 51113 49104 52114 47411 52419 11334 46638 49117 53974 49501 49129 46693 53570 49033 49054 48232 50429 49505 49589 47500 50387 5535 48011 47812 52407 49815 49044 48370 29545 53647 48374 49191 50861 51135 44649 55280 46790 46714 52466 62605 46967 49579 50724 49186 46348 11966 49226 48187 56783 2594 49596 50198 51147 49783 50410 53222 48669 47588 52204 47424 53029 54807 49756 54820 53229 49761 49829 49516 50269 51540 64146 2601 50471 13755 49249 48820 49268 51156 49278 51740 55404 67948 51216 49791 49718 49868 49528 48428 47432 49092 53217 53231 50505 51351 57948 51255 49394 53255 50532 48264 52741 52177 2344 51309 49896 53690 48744 49897 50882 51247 51397 48087 53332 47135 51251 324 49295 53366 49299 50208 54887 55706 50545 41869 53394 49158 43545 51543 49994 49565 56712 49586 50788 51525 53539 53577 43677 46745 49425 51079 53343 53256 47153 53858 40245 48846 3462 52675 49281 49601 53259 13485 57928 52215 49240 45148 51631 49914 53354 53617 49284 5730 52211 52472 49621 41892 48270 53291 47312 47543 50862 52550 54825 49555 49558 2899 49622 51343 53782 52628 49657 53260 53915 29934 52260 48931 48286 52632 48556 53324 55445 55714 51653 49393 51271 49293 51715 52725 49725 59146 49453 49771 49308 50890 50209 52267 22943 54834 49531 53957 53498 49825 46518 50891 52806 5913 53773 54173 53971 49635 50553 49923 42979 51794 48329 53520 55452 49690 51809 47548 47811 54859 51785 51303 52653 52680 53982 47752 52271 5999 51603 54061 52657 47734 52307 44818 54069 49332 47810 48346 53405 54209 51372 50566 54112 14575 49360 51371 49710 47770 49462 49820 48094 52708 53536 53008 73727 49937 49964 47967 46752 42873 50219 53439 49735 46596 54950 44893 49751 51382 52417 41295 42961 50222 51863 43042 49568 52292 28054 49523 51689 49965 49862 42315 49526 51894 41366 49537 48386 42700 53660 52629 48219 50595 54902 49872 48616 46996 53135 47709 53494 46958 54311 50045 52013 51749 48658 43076 48463 50658 53517 51868 55747 55815 2612 3994 58612 43724 56062 42508 46921 48502 53592 49534 48387 53325 53424 49969 53318 56990 22669 49786 49544 50275 54234 55633 2616 48396 51935 41963 49817 53197 49638 48008 47345 43218 51575 42002 45309 50007 52736 4527 19160 53156 52800 53434 50061 54926 53794 47855 47862 50328 48979 53601 49689 47897 53673 51798 49728 53269 50661 53367 49399 49012 49140 49839 52476 52465 56161 50382 49550 53608 47912 45339 49880 51663 47930 52195 53739 49772 50025 49552 49575 50074 58779 51356 48239 45285 49671 52169 52922 48886 53574 53245 49881 410 50787 47025 50906 49641 49788 48518 50103 49721 1278 48529 52216 49572 49802 51549 49823 49882 50285 41749 49970 50573 50871 48266 49610 49521 42102 6768 44188 49899 53473 54519 50582 49726 49644 51955 52251 53442 50135 54320 56142 50019 50242 50479 50599 56908 49495 53276 46774 56111 45467 42267 51987 43253 49984 4641 50970 50246 32511 52706 44534 49623 54631 48554 51368 55326 55494 49740 51388 49738 48293 52723 48560 49629 49741 53621 42598 56299 49811 45675 48018 52715 55137 42359 49646 48318 50293 57084 45910 2204 39021 48356 56364 54098 54016 45929 49747 35745 30050 53474 53802 52232 51450 54379 53809 52737 48073 51466 58821 50606 49836 50631 19500 49670 50288 50020 58975 50039 50345 36755 50279 60330 53285 48043 56619 51737 50081 54342 53810 50122 52481 51584 51546 51871 50095 51386 49901 818 49430 49148 49838 53880 43536 49706 52040 53831 51503 48122 50323 48621 49866 52786 53483 48210 48211 50249 50491 53722 49885 50343 55554 44662 49891 56367 53497 51490 49997 32659 49716 51574 51578 524 55813 51475 52067 50977 48412 50102 54431 1771 45338 50663 49727 48357 53876 54654 51583 2912 50002 57139 51040 49015 49775 56499 59151 49760 3418 52281 52535 48302 50672 50004 48792 49797 47618 43537 49773 51585 50751 49827 45877 48981 41994 54433 49152 51745 51518 49167 50507 47131 50367 48423 50381 32861 48424 55057 50163 54549 43474 55981 49850 37383 53882 50635 54263 72125 53293 50708 49804 50494 51131 47665 49812 50395 50990 59211 56567 50299 1488 50171 51738 50098 49875 52094 50174 48488 49941 50427 50201 50570 42656 49819 16187 54510 50092 56699 50266 48527 43585 56110 49498 55584 48441 43803 56702 54777 46028 46850 51601 52552 49959 59431 50461 20130 50802 48454 53529 52824 45561 52357 4657 49090 50241 30226 51922 56999 50956 50080 50118 49041 48457 57466 51604 50089 52811 46922 49863 50317 50598 49135 49884 47678 52567 4646 7064 52477 49685 50611 53530 49171 49511 51227 48546 23541 5763 54531 53620 48493 50885 42108 30178 54287 50621 53383 49938 50342 48648 48565 52671 48482 54785 50828 48712 48566 57201 54326 49947 49960 43295 52539 47742 50101 50185 48884 49264 49202 49940 49990 44011 52572 53636 48637 40063 49030 52054 49144 50001 50011 16403 53904 2839 6674 53581 52655 53618 53716 52116 7192 54873 54833 54554 53762 50106 50349 48570 50844 50119 50846 50853 5817 420 5874 44759 48590 49195 54954 34576 58621 51282 52710 48716 51509 54559 49382 51541 50224 52861 50014 56778 48828 50378 48575 50996 52664 51380 48606 57558 48749 50028 50866 53778 55734 50043 46944 55789 52554 48629 48926 45710 55894 49427 50010 47961 49052 50877 48700 51646 50129 50404 50049 50601 54636 45619 3402 50322 42000 48622 52355 50064 51610 50069 56884 50477 5545 59443 53085 51766 50628 53816 50127 48635 54409 52661 51471 47822 50059 32942 42486 50445 44727 5274 48718 49522 51629 52958 53835 51322 50452 51936 50710 50176 50666 49374 50172 52104 53866 51656 52157 49639 53871 50182 47154 50499 50526 50251 55024 50947 49192 48771 50215 50132 51773 48774 50561 52669 54688 53848 55103 51677 54626 50087 46113 50634 53855 52752 2380 50742 48943 50677 50645 50204 54291 53859 50659 51334 53890 46100 50563 50684 50568 50424 51009 48784 54764 2114 53896 48802 51850 56498 51342 14808 44112 54829 52160 55049 52676 50801 55947 9096 53913 47330 52228 55077 53050 52011 42058 55194 59175 53151 49701 16739 50881 49821 50084 79640 50257 55750 21267 3472 50235 40178 52690 53683 51064 52728 35962 46473 48645 49624 53289 53165 59476 50773 51536 50860 50272 57353 543 6042 50282 53874 51025 49421 49849 52934 34766 50353 51077 836 53941 53181 51752 54938 52172 44059 4644 51090 43781 48928 50693 50291 53930 56086 52773 52004 49910 52692 50432 50874 52819 56890 44301 49932 52843 50329 50513 53109 51796 62646 50332 36 57236 52309 54952 53966 54118 57495 48667 55206 30800 50335 53985 52909 47843 52929 52768 21754 54054 50413 50338 53196 57621 9261 54019 50920 58049 48971 47904 49013 50632 55587 44313 50133 49031 54194 54042 51825 49778 50144 47554 50348 49063 54331 50079 53968 50313 60650 52988 49051 23675 49235 50960 52930 50440 53166 50351 50151 57002 50379 50451 54022 30470 50365 53003 50605 58019 59389 59405 50430 48077 55086 48795 53070 54787 53083 53022 34958 22981 51141 53949 50453 50113 50419 53270 49056 55182 50489 55231 49069 57695 50768 53315 50705 54074 55394 53086 57524 53278 57252 51821 47350 51142 50470 50711 49411 53969 54359 46476 49085 54013 52917 50763 48885 46977 53641 51877 55576 42687 54105 50149 55459 50858 53357 54055 54113 50189 50600 48013 49089 845 50789 49098 5094 50794 50625 54750 50639 51164 52272 55249 53172 54143 50436 54415 54919 57531 55816 50796 50898 5407 53427 53364 52848 49446 48672 52943 52341 48930 52359 47093 50807 32980 50961 48051 53149 51232 54154 51239 19903 54178 50779 50656 57375 59461 54226 53180 5880 51245 49150 49691 53215 35582 51793 56420 50867 48166 3491 54243 50978 52852 2632 4659 51938 50159 47715 55295 52447 51257 50700 42800 54438 49799 50168 52010 49810 49816 54290 11130 33000 55037 53492 48879 53573 6403 53089 51889 50446 50534 52068 33247 53104 52793 47216 51299 48209 55067 50217 4190 50496 52536 47314 54265 50525 3095 50702 52480 46815 50717 49159 50654 51365 55568 50333 54537 52833 47329 50578 48315 42906 50919 51379 52860 53645 48951 1519 49464 53119 50951 50998 53590 49172 47342 55191 51055 12151 52083 16257 50900 50921 50268 3424 50738 55308 53751 52294 53142 49423 50940 47799 50756 53838 6060 50585 34154 52890 51384 49016 53654 31709 8334 55287 57537 49128 50373 54440 51491 57665 51804 51510 49221 55329 44424 49887 50406 52312 53171 53226 15436 51892 53240 47386 51598 53264 59749 58279 50364 53958 50483 53284 54276 53522 55618 52532 54354 51075 55398 2642 53348 53457 1355 49250 51988 50502 49127 47057 53302 47512 50528 44469 49254 55905 53331 49428 47840 49078 49261 49163 50941 51096 51721 50762 49113 50586 53422 51049 52122 51102 1505 56449 50987 52941 52167 51035 57595 46182 15363 55310 53472 52515 47555 50765 53195 52317 54355 4710 50798 49303 48335 50809 53117 53305 44869 44885 47141 59998 50428 53955 2334 49321 7201 51121 53435 53443 54552 47421 54235 51979 54308 51753 51792 50629 52891 2369 49115 54371 51087 49326 60160 49170 30742 52091 54650 47532 51647 47673 52972 56661 52903 49255 51133 49343 51169 49480 50487 51840 53532 48543 53179 49888 56455 50817 56014 50612 58341 54641 17459 55533 11268 81067 43439 54304 51714 50855 56024 52379 50695 50622 60232 47893 53634 57626 54372 47831 49952 55574 49174 56250 53692 52131 50868 50811 51082 12377 50824 52485 49977 51864 51179 49347 38669 52043 53709 53465 51093 54279 57693 51898 50649 54389 50468 15945 61918 53469 53368 53509 23703 45584 51651 49218 49469 49540 56076 2709 56172 51845 54395 49991 55590 386 61255 52137 53514 50904 49507 50914 53747 53602 56776 11289 50652 36042 4173 50997 49475 53780 51188 49371 6196 27429 51205 42268 49542 408 55704 59856 51895 7374 50778 54505 54353 52163 53014 51679 51217 50657 53788 49458 53833 51230 51117 55867 54577 51231 51897 50128 50492 52695 52882 53561 54665 51263 551 50917 53555 43620 49617 51914 55124 50194 49514 50926 52919 47866 50660 54580 49283 49669 51923 49392 49988 50121 60983 47927 51265 50783 54666 58169 50880 54725 50955 11371 3107 56091 51267 52253 57712 50300 52193 54283 49832 47953 49732 49774 45220 35126 20048 55732 54608 53477 52804 51270 51277 56426 50574 53613 49777 57549 48727 52433 53533 51266 49830 30865 51278 51903 52101 50584 49468 48664 9618 54751 49913 55578 58321 53023 54753 54321 36166 51292 15384 49483 1165 57508 51330 52242 53934 31444 49973 51937 54893 51983 50377 53994 49856 50686 49745 52236 52269 16460 52291 50687 53569 654 56491 54503 23403 53595 50726 31277 55244 6431 50613 50620 49860 50021 51444 54452 56175 53703 54009 2425 56228 56249 52925 49908 41590 3492 54448 55596 31846 50965 37424 50694 50995 50559 37 54953 54460 56187 53752 51433 49541 51300 52444 50777 51038 49607 50830 51341 50022 50908 50057 52908 53441 50836 50388 52316 51448 56239 47292 50564 51511 52945 52185 50415 51513 49567 2448 53593 55631 49620 54898 53625 51050 57181 54044 55782 56525 50851 52308 54465 51989 53723 46115 53043 55637 50223 50243 52448 51224 53113 52319 51059 53646 24887 53724 49870 16786 49915 51053 54514 56617 49320 45385 53652 48108 56644 54804 53702 4732 53708 54681 53170 54910 51076 49396 54540 17554 54056 51394 56634 51085 54867 51115 30626 51670 6489 52467 57487 52523 51630 53801 50931 53758 52044 52534 53241 51136 53384 53572 53936 6331 55669 53797 50231 56606 53973 51163 49814 51312 48685 55761 4742 51194 54065 57525 51459 49432 55068 51289 51083 20790 58469 50713 55798 51422 13308 51181 53281 54881 55864 51007 51212 57576 50614 51061 49626 53633 57620 50854 50872 50911 48804 51316 51694 53731 51225 53998 51326 44485 51272 56527 50922 13415 44559 47511 54563 54457 53735 59833 55645 54925 48117 50538 53746 53814 49433 45113 50304 53740 51552 51273 53815 7381 54639 49667 52590 51112 51557 53894 52551 36885 58558 55648 50361 51144 49633 54687 51390 45269 51088 48084 7409 54245 55104 49719 44041 56648 54713 45433 50994 50187 51332 52592 51669 51068 57639 51172 56659 51192 53912 51221 49930 11381 49748 51370 51531 51387 49477 55871 52141 53900 49909 54258 51238 51201 50533 11494 50392 55153 53950 48118 57670 51547 2428 51665 54992 55707 54017 51683 52603 55849 52639 49944 51242 54605 51764 56639 57758 49981 24365 51966 54912 2583 47963 55159 54039 51880 51281 51787 51069 60559 51589 50892 53933 55110 57748 41473 50003 52650 51458 57847 54045 51284 52406 52858 55778 50114 50989 47971 50347 51381 51291 51074 50781 51287 52896 51413 37026 50918 50065 56289 51320 50952 50141 49614 56689 54027 55162 51307 55887 54633 58216 51335 50228 54872 3500 46278 54091 52077 51357 51111 53148 51378 51767 54094 1406 41337 49314 55888 448 52012 48160 57208 51576 60622 51127 51680 51393 51405 58193 53937 3507 44567 53372 51139 48143 54213 56584 57343 50070 54095 51587 56674 54239 50086 54157 33381 624 47754 51435 54288 54249 51419 54295 51442 51401 55233 42910 50412 50925 59485 51350 52993 51456 55375 51426 50124 60824 50425 55290 54315 55200 48172 51746 51802 52222 51208 56003 48241 51461 55254 51454 50467 51222 51276 50179 52777 54945 56037 6095 52165 48670 54000 51465 46323 51306 55366 50485 53922 2620 50974 52430 54718 51352 24549 50519 49484 54727 51366 53030 52183 51494 49851 50082 49854 51078 51107 48735 51348 57943 51499 52372 52681 48921 55897 51130 55928 57782 57407 52110 48976 55051 51505 53436 51434 43007 51425 13785 57631 50184 52266 51533 48413 51427 54416 52423 54984 57634 7673 52907 51553 51728 49917 3147 56694 56763 38597 51595 54300 56792 51441 53064 51613 54293 54284 48234 50261 6264 55064 52520 48467 3227 51438 58298 51534 52905 54660 55257 60094 50540 48019 51633 54158 53243 54857 63010 56502 57803 45664 55003 50213 55357 42642 56917 52445 51118 51154 56097 61088 51645 54299 51593 55378 54970 51652 68760 56057 51183 60122 51155 55025 2631 52747 54301 50548 51538 53961 49551 51253 51374 54717 52189 54855 51674 54316 56586 53452 54858 51813 50262 57041 50624 54432 51467 57259 51685 55507 57934 52553 52327 51661 50551 56263 52791 56223 7435 50554 51744 53916 4693 51170 48844 48999 51568 52201 51684 51704 50214 54081 46466 55539 56848 57963 52438 340 49642 51636 56019 55023 56453 56594 56597 70803 53344 51712 55748 56253 53650 51692 51492 50933 53979 54385 53999 31860 56254 33538 54407 51158 51815 55095 52825 52128 52143 10946 60258 50324 48847 51757 58030 51849 56709 51924 49021 52910 51676 55069 53118 50380 56851 48486 54418 44864 52226 56909 52289 51637 5784 58326 51925 54520 56335 55437 31574 54161 56995 56267 53185 54435 55529 54338 51701 4773 51733 52156 58036 51640 54177 49121 57067 50433 2194 54399 51708 5838 54583 55951 75 58448 54521 48153 50576 53365 58539 52241 4242 57405 46715 52261 51206 52273 54585 51947 43228 52279 52282 49954 55581 53487 55260 50590 56353 55112 50597 48277 51711 55148 54611 54205 51498 55701 14200 56373 54410 6506 51726 56518 60291 52547 57509 52612 48392 54596 51713 50608 50283 53423 51771 51244 54535 43975 53216 50784 49673 53480 50664 52449 51210 21628 53407 33727 51256 54006 53676 51310 50399 51259 54597 56438 5905 57609 50013 50032 55646 50097 48511 54412 54548 50818 54647 51328 52283 50418 56060 48836 50901 53431 54616 52624 52845 51736 56654 54679 30600 51727 53566 51760 55527 55169 51762 48995 56930 53575 2652 51261 55793 55285 58575 48877 55352 6561 56320 49386 46736 53155 50177 53679 54689 50216 60464 56721 51565 54740 55766 56620 17485 51806 54702 48947 52006 55802 51747 54703 56738 53704 44051 58582 52324 57004 53054 54449 54774 51189 58142 49005 2702 54809 54896 3269 51732 49753 51673 52335 52029 51765 58042 56860 57711 50567 56640 53733 56703 51180 51811 56705 14491 51700 52365 49126 50580 52663 51288 56812 45127 43489 51751 51297 54543 51817 55105 55368 56301 55772 54286 50120 52366 50691 2771 55780 53599 51355 50712 51814 50431 51820 49448 57070 6481 55657 48312 51770 55773 51252 50225 51829 50752 54874 23747 55364 64350 55239 50757 64824 54574 51839 52935 51354 50274 54303 52959 57811 51853 51835 53090 54915 54901 55843 55255 47101 9306 50774 51305 56951 51361 57886 50780 46871 47249 50508 30433 51875 54927 51881 44142 54561 54940 51882 54981 50840 536 55520 55783 55273 49619 51327 8449 55814 55304 55377 55402 55941 50902 50662 55034 57129 51385 544 51918 56865 50923 51911 62094 54629 52454 55621 56008 44943 32849 49794 55050 56883 52349 53126 58384 50556 52337 58063 51940 4792 5977 9243 57156 54958 52030 58596 52486 20195 55461 57555 56886 57037 54779 55059 51816 51831 53811 51855 25012 51891 51899 45271 50681 51905 51950 58083 51362 51931 4560 51395 56403 50029 54850 52051 4295 51321 55046 51962 52055 51398 49164 54604 8495 51415 60563 55259 52556 44144 8497 54319 51992 57564 631 51993 53707 54682 45484 51953 848 54890 45613 5906 52019 57784 51315 57087 53638 55014 81818 44462 53906 51333 51440 58411 32070 51980 52098 54758 54905 55945 51446 51469 58483 55873 57125 51470 55266 50775 44656 54824 55702 44675 49286 48327 58548 58140 52129 58152 34408 56141 53737 52942 54968 5220 52781 56006 51480 53952 52084 52047 56275 52015 53754 56070 52052 54875 58941 50850 52016 51056 51572 58535 53162 50050 52060 49466 52568 52089 56280 34540 51600 53805 53214 52391 3525 49919 52374 49189 51810 54870 25338 58583 55288 51447 56478 55032 50936 53065 2112 57722 52644 52048 52112 73200 52018 58331 52145 13651 57819 34835 52150 50689 57131 57946 55098 49587 52124 52415 55030 58580 55036 55044 51729 52032 50703 52132 52050 52148 52037 55045 52870 52057 53220 55902 56496 55100 52152 52997 50966 52588 52134 47471 52075 55128 53854 52879 56935 55048 58604 52121 43026 57615 55052 49936 56283 49091 55253 58514 52173 56282 56550 70894 55566 51008 57189 54275 56094 55410 55075 52187 20549 55258 27315 51559 55592 51836 56293 71993 53071 51193 53841 52136 3531 55114 53125 51841 1646 53235 47603 43685 52239 58076 52490 51856 62407 51893 52162 53137 52174 52071 50134 52186 51010 51913 55143 51062 48431 50903 52246 59163 60682 53875 6140 55451 57155 55483 52892 52248 54340 55812 45977 20877 56314 50310 52135 55481 54358 50190 52256 47299 55600 51047 55151 57219 61060 37799 4316 43492 6348 55522 55165 50316 51939 57852 33767 50984 3282 55170 50464 51067 55523 45992 53233 54366 52274 54277 50234 52418 59277 54729 49116 6490 53897 55177 51369 55268 55530 52230 55430 55946 57628 52323 50339 56577 50722 57769 50764 60920 58146 55205 49966 52290 53250 55536 51462 51160 52375 17654 51869 50786 55598 50981 52293 53902 55332 55317 53254 56511 49165 55349 52361 50816 58644 51964 55960 53355 58661 50420 57875 55223 51555 53774 51226 55765 57790 55922 51588 52166 51591 52380 54819 55699 52403 52025 51500 47173 50218 44988 55432 52339 51800 632 20886 47212 46636 51874 52464 55362 52245 52085 57721 55313 7152 50832 45007 52313 58708 59136 52405 56119 52679 55455 31691 55440 55441 58628 58158 51400 50948 51308 55508 43662 52564 52424 52257 66151 56160 53981 56359 52275 59230 55557 53921 45172 55804 50238 55484 56693 57887 7111 55564 57900 21516 53559 55525 52597 52340 52139 51138 58247 55990 59032 6623 7756 59038 52278 52392 51514 51445 51596 52494 52497 54109 55501 58593 58610 57347 55656 53953 55677 52399 57438 57496 53359 51608 57726 56000 58001 55448 30682 55263 51991 53975 52188 55705 50337 55724 52531 57523 5600 43115 1566 56215 46749 51229 50340 52306 55662 59574 52205 45306 50350 51165 27340 20970 57246 1678 51411 55544 54086 51618 53205 51301 32180 52951 55725 55823 56001 52300 55728 54454 53303 52971 60704 54072 46018 50834 55742 58086 3570 3716 58777 52469 58664 52175 58186 48375 55532 52598 21030 50389 3674 52318 55746 1747 51725 49258 55757 4830 52330 59152 62426 66245 53044 53206 52573 53557 55779 55599 58876 51318 55882 52321 57272 53632 52487 55856 9741 52404 50557 60740 54115 52586 55550 52331 57752 9571 51650 50443 52345 53667 51730 75742 52348 55883 58255 52390 55551 25433 55552 52605 52626 52468 50793 49363 58722 50354 49585 52543 6673 52373 58789 52398 54185 54487 51739 52441 52549 52310 56380 55796 46194 54003 59627 52416 72852 2701 57690 52421 58723 50721 51904 56004 51526 52563 54880 52301 52613 58793 51755 50458 4857 51846 50932 51944 51781 56467 58819 52090 52332 59994 55661 52351 59253 54049 52426 56382 58300 48691 56773 5263 55918 52638 51790 46196 52427 55605 55881 52492 54231 55672 56843 58624 62908 56385 50469 54305 52382 53107 53943 51948 52428 53088 60834 58840 55889 58289 51827 58884 51951 56061 62944 49769 58886 50725 52435 58986 51916 53651 50819 59429 54558 35108 52437 3753 58318 53544 51605 18019 51004 59070 57871 6679 55956 56574 63209 55896 45496 52439 3837 54333 36371 59545 51934 53116 51228 57926 51524 53224 52545 58338 55668 54582 57217 52446 53571 55957 55764 52384 58838 58461 46220 54034 51126 56093 50865 52716 55697 57346 8638 52495 7251 54240 52450 58849 55963 1717 56604 58468 19436 58319 51527 52699 2708 52856 55749 58481 56206 60317 52502 9759 56007 51153 52463 51943 27680 56067 59073 52475 57316 51659 55980 52585 53705 58551 52243 56230 54191 56633 52457 56234 56667 57931 52179 49713 56669 53729 52724 56261 52631 49697 58566 58882 51691 44477 58931 55026 58727 52739 53336 53742 52658 53775 53447 51984 56679 55908 52744 56271 54477 52516 53790 54644 54227 52544 50341 55834 56085 58957 54357 51990 55784 52677 49561 56277 5284 52720 54171 51235 54434 52042 52377 58989 54336 60004 52471 55991 59157 56025 6777 52491 51832 54572 53826 52097 53455 54590 52587 56246 21651 51942 54789 56334 51530 49222 52505 57978 53057 56339 52633 49169 56185 56585 55848 57977 57987 60067 51612 55092 56229 55912 52411 56198 50701 51660 54386 56716 51784 7468 82869 52224 19781 58102 52748 54346 53851 55447 56877 51963 53193 51063 58175 53853 32610 58428 33571 51996 52504 53228 52155 25704 54203 53460 60081 54622 51735 61390 57110 45935 59331 56392 54365 57396 52511 55919 58 52569 13862 74853 52021 56451 52519 52726 52652 59339 51649 54408 52731 52581 52755 52765 51819 56099 43691 56247 52607 52082 52654 3591 57233 55795 55810 52095 56117 51861 57423 52191 59458 57541 17953 59575 59589 52580 53887 49279 22277 64012 60879 38210 52617 55229 55953 57280 56590 52686 57256 55872 52582 52734 7522 55264 52298 55524 60344 55962 51706 52785 9839 51279 55870 55933 52763 52329 53542 47349 52479 51743 45851 53668 52788 55969 6963 21138 52558 52600 58506 58199 52750 52790 52770 46329 56390 58651 3705 51290 56571 62600 46401 38217 57554 52614 52805 53238 52751 55987 52346 52797 52615 52697 56529 56675 56243 54523 52753 52113 51403 52822 57276 55543 52844 51862 53852 54223 54349 58214 52619 1806 38397 52623 7871 56682 53995 44835 56251 59619 52866 58180 54475 51786 54021 63035 52682 46900 52766 52636 56028 34534 56152 36423 51873 49764 26144 57600 52264 11614 52641 51876 54513 59707 57288 56059 47406 52928 51973 52767 52865 54524 46349 47331 53825 55939 56345 58437 46599 52005 56733 59112 28838 51018 58095 47447 51602 54632 52637 56430 7535 54634 56043 52780 54131 56079 56736 54133 59767 38415 52667 32549 52698 52684 52855 57325 57420 47533 52931 52956 47718 56436 51756 63080 52914 54551 61694 54649 12291 52916 2785 52002 59893 54638 56242 53076 56304 57446 38695 54746 60412 56750 59951 52895 53099 2985 52799 53178 17520 52722 57618 32531 57249 54706 53141 52915 56300 52442 53094 6893 52733 56090 22499 56445 59614 52342 56302 11505 54373 4310 56791 54637 27 61576 56340 49986 58772 53927 54714 52171 51830 47426 56902 58508 53959 54738 57399 56135 53316 56308 56542 56104 58960 35010 58674 52983 66757 56469 52385 52933 53015 52809 54135 52735 52820 50462 52496 59820 51110 51844 26056 52981 51140 52754 58307 57643 56539 52764 14625 575 55632 52199 52802 54782 52509 52837 56391 56480 53317 52803 58714 52250 52938 54141 51042 56543 56931 51795 52812 56363 53211 53020 58731 53111 59225 59353 54748 51900 52333 48706 53081 52533 52334 53091 53124 59832 54096 54565 46177 51108 52003 52846 54441 49219 50301 53160 49632 1830 54826 52869 52835 57486 56088 52527 56576 54172 56583 52347 52872 60733 53338 54783 57674 52888 53163 47598 56410 59158 2789 58800 53390 60052 52893 63114 59479 63309 52026 56129 50544 55039 56219 52712 57503 6861 54156 51635 56632 52900 54798 56248 56507 50769 52583 51345 56578 57511 63226 53356 52789 64247 4874 55620 56122 63630 56256 54817 51789 59061 57651 53200 53209 56440 59534 56563 51974 8647 56638 39105 60230 56258 54179 57950 58980 53032 54613 61348 52831 2884 44083 53246 53951 52877 60114 52904 57604 53221 54836 53558 56326 56652 60151 53433 57723 3444 22251 53511 52944 54788 50864 59643 54210 56715 52798 54823 53277 6791 51997 36657 56127 54270 54844 10041 46619 54285 56861 53010 56370 54845 8895 75413 54885 56294 52954 56614 54566 53297 52540 53335 53799 57161 56214 56454 54899 54914 56629 49793 54988 56427 52027 22183 56374 51564 56862 52049 52847 56658 53382 21286 56432 50808 55176 75495 52363 56591 53464 53380 22300 52099 52975 58926 54309 54610 403 59046 42355 43880 52899 57724 52414 2154 56457 53611 46707 59142 57778 54348 59741 52949 53392 6994 59188 60138 54587 57776 53397 52969 52102 52974 57774 59660 52989 57840 52109 49807 56460 59172 53242 54993 52154 59852 52826 52999 52578 53446 53965 54994 61058 53500 57959 53147 51178 60161 56481 56690 53470 52621 56887 53398 53524 52198 6931 52625 76286 52604 55021 54630 54093 2433 55433 56748 57855 53019 52670 83211 56969 60268 54659 56758 52270 54674 53418 59780 53177 47638 60635 32803 56897 55062 55078 58012 59902 56941 53419 55081 52493 56351 54102 52727 56686 53496 53540 52827 53626 60502 47797 32869 59906 56601 58431 54827 63599 53898 53548 53078 50887 52976 55115 63373 46857 53713 55687 53191 59946 57005 52208 58417 54928 56096 60576 52876 35235 54778 53051 57018 55647 54705 49491 55833 53110 40247 54137 40661 59170 54841 49660 56366 53122 57261 57843 52746 57069 52630 53061 58020 53247 50988 52978 52940 52635 56731 56907 56933 51034 59321 53715 4570 53134 59919 2786 53150 1216 52774 57048 55117 23227 56984 52276 53248 54843 58029 58641 53556 52757 53252 59244 53479 53499 52659 54699 52987 57263 61408 53001 53591 52759 54761 47844 59552 54708 52801 56616 2887 56627 53562 58287 56147 52662 53011 53257 54104 53263 58295 56840 3120 52352 55166 56428 47871 54768 51198 52758 48146 53415 54772 56849 51807 59264 51842 57034 6943 52828 59929 51129 51036 53052 53266 62433 53506 56972 60636 60499 53322 52842 48178 53311 54211 53583 52689 51858 64791 55125 52522 53203 53518 56236 52776 55028 54791 56009 52338 56688 43955 56549 53352 53199 56112 56760 53272 59354 53376 54253 56753 52950 52830 58313 56729 60058 7305 53463 53379 55040 52618 53353 57066 58522 53393 47816 377 55478 52808 53587 52841 59425 58678 60079 56322 52668 55094 53073 55199 55238 53425 53839 59885 56324 60100 55185 53526 55240 56759 56538 51896 53275 52821 53609 55271 59459 45857 671 53619 56775 52859 50058 53759 52364 53741 55344 53082 59484 48372 53395 53629 53319 53426 56819 120 58659 53512 53631 52868 53662 60133 55274 53772 51166 52906 54920 56979 53883 55282 54949 54164 20335 58315 52685 56856 53678 53413 59050 53096 64479 48383 60235 39262 53822 56828 56830 53579 59945 55339 4847 35699 53929 53648 55319 51975 53777 8208 60753 52937 48445 55416 59501 3762 3537 58460 59616 55336 53881 55350 55360 55807 53313 56352 55376 53013 57080 53738 38917 54423 2797 53507 55379 58881 51763 52714 53377 52924 46637 60109 53661 56362 56952 57026 53669 54010 53018 54111 52854 18240 53698 57083 54860 52823 53725 53028 53663 53320 52420 54271 4909 53467 63391 55884 56769 55649 53748 60250 53101 53857 52952 58726 56987 53484 58332 53884 39849 52957 54508 56839 61578 52749 53036 46914 48243 55427 57112 55397 56879 36933 53693 54525 55305 53891 63519 54026 53755 60254 60679 57040 54876 56710 57299 33134 53701 53515 55916 57123 54041 54031 54050 52394 52992 58785 23302 55405 55588 53712 54961 53763 57146 57114 58521 58392 60272 52571 53525 53605 56813 58832 48389 53387 52570 60865 53007 3717 53907 52740 59639 52863 53454 54058 57614 55171 51823 53129 51237 55473 53776 53718 52936 56383 57042 52745 59044 52883 53132 55457 48915 56406 54169 52001 48946 53027 43989 55996 56854 53053 53901 57061 60331 56554 53914 52960 60345 57064 53048 60112 54198 56855 60377 3670 24500 60416 60124 53806 60534 57085 53173 53074 53066 53084 53262 4914 53842 57196 53059 587 58316 52977 59171 56858 53409 5966 53726 56818 55519 31106 57292 54655 53184 57140 56869 53106 58544 51048 53087 62125 10171 54189 50164 53926 59135 42643 56882 53840 53301 59569 60569 57330 55217 55431 53844 55570 47923 52478 51412 53615 53635 57202 54170 56888 2807 59047 57354 56182 57432 54498 53093 52017 54292 55251 53863 60611 53945 55453 59867 44244 54218 56846 53103 60673 58409 53847 54370 53734 59559 4995 59953 7078 57283 53131 53766 53138 57624 55622 4596 56295 53870 53585 52192 62161 44253 47616 53307 53136 54033 54038 39263 54330 50509 56885 53785 54063 53756 57275 51851 55630 7631 53154 54557 53888 55141 60360 56416 50523 54080 51234 52008 53931 53947 58669 53295 56905 52200 60658 55651 57109 44374 63577 53962 54696 57522 60727 57078 51324 57118 52678 55390 3776 56602 54068 48278 57302 59017 58911 56947 18446 54745 54443 53791 53340 59792 55781 55801 56074 53893 55495 58797 53143 56506 55665 60749 61048 60724 56912 55213 53408 58588 26292 53630 57532 50547 52521 61056 10 50583 56080 55542 64980 57536 60732 53938 52713 193 53689 56155 53175 53176 58961 59853 57324 53868 57853 53944 58488 52118 56988 52961 56981 55510 57605 54625 52970 53009 53417 48624 57136 54119 53910 55688 53781 54144 53990 60757 57138 56530 48661 60823 59982 58616 56452 54139 53438 52225 53753 56290 54015 56824 54648 54002 54195 7744 54018 53513 53157 56649 57194 54076 56562 61262 52231 56646 54077 53834 53123 65566 49696 53349 59027 53642 52181 53115 57866 54562 51430 58764 57667 60012 51496 53192 57015 53519 52296 51672 60691 52061 53697 53296 57662 52356 59199 52295 54467 59349 59992 57676 11640 55948 31491 55944 53031 52393 50670 45601 59400 57076 56852 57277 57327 55163 53414 53350 50264 53612 53309 56196 51778 56232 52470 44528 54911 56262 53551 53282 57731 54257 60848 54645 54362 54680 65575 16219 60078 52304 56413 55178 56423 53130 3587 56087 36477 54181 53121 54628 57088 57739 53680 130400 53327 53682 58967 59174 54694 56960 57055 53610 57068 54643 53346 53769 57014 54382 57894 14963 24776 57116 53597 54393 57728 57215 57366 57235 54697 44683 56789 55929 57265 48458 53628 56474 57556 58847 54937 53385 54114 61229 8139 53210 7127 54733 59492 6925 61059 47052 64489 53565 60772 53622 55636 57898 53996 6933 54046 52513 53639 57097 58879 55184 53657 53717 53783 53429 7337 48677 53674 57119 57282 58014 48714 713 57374 54199 55211 53225 44970 57120 54062 59593 94 57289 53600 54052 57143 57344 51420 53373 42690 58053 59197 61358 7395 59184 48781 54059 53711 54974 60833 54806 61580 54922 54516 54155 53843 53845 60102 53850 54422 57121 53280 54839 55018 54159 48789 53403 48960 57410 57414 41201 53471 54100 54064 51623 57148 58358 54840 57197 53504 53743 54400 60896 44269 59420 44558 54651 51748 61370 53869 57212 60526 53768 56611 55250 51791 61599 57213 52461 53432 26704 65036 53899 53796 64130 53924 54188 57562 52508 59198 57415 60922 54481 54846 53964 5516 47066 49094 54176 52561 21699 55345 33383 55691 60944 53976 54182 51489 26154 49181 53967 53323 55146 16033 54149 58855 58970 58246 30094 54951 59051 49151 57498 53786 61628 52967 50698 60686 55006 57220 44997 53803 61323 55022 57247 59621 55010 54066 58424 54810 53333 57637 61662 56123 54204 58932 54591 44837 58065 55384 8666 61733 23671 54232 54071 57195 53988 57230 58017 54361 54262 54083 59218 57434 57207 55019 53534 60168 54248 53152 54130 6951 55400 58253 57231 60192 61004 57436 57176 49439 51833 59093 54471 55038 57248 61011 53918 55759 53991 53369 57879 54272 54148 57377 53889 54075 45225 54282 55042 52106 66889 49536 57243 54614 54374 57925 59925 57448 61021 54478 54667 54289 22129 735 47054 57391 54222 61853 16396 53623 47060 61067 54092 55073 56845 67608 7669 57385 53159 53189 52721 58021 61896 16477 54103 50983 54310 51249 2830 57481 53505 58067 51655 59166 47224 55106 22344 59217 54267 61065 59252 54394 53462 54082 61440 59242 54219 59781 54244 52353 54879 52651 54401 59285 57572 53528 60086 58135 56561 54008 54737 7819 56599 53400 57403 57484 54360 53942 47110 59343 49227 55281 60213 59821 59327 61074 56565 55088 61114 52687 54369 54146 55099 54116 57411 48048 57612 50250 57636 55168 54428 53537 57090 60233 51926 57450 57463 54246 53984 61215 54120 54458 56360 53992 62616 49285 54004 58204 55768 54470 53541 54138 57441 61464 57401 53198 59356 57483 55179 58208 42785 51822 57488 54087 55786 58329 58212 20695 59409 55415 57491 53545 54488 62177 54506 54005 57462 57482 53547 4997 58219 53554 53564 53580 57675 53637 37368 53567 53223 57602 52743 22540 54123 10688 57551 59421 55927 57224 55978 57660 57560 54247 7160 55283 54998 56625 61223 62485 57678 25764 54307 60341 57689 52383 12393 58388 53314 52672 54108 54536 53279 83411 54497 50265 55198 54564 56398 61316 53684 53594 52874 55454 366 55964 53586 58221 59267 52395 54576 61320 61935 49300 52408 57574 58404 7704 58240 54343 56418 62518 52894 8276 53604 55967 12475 56002 57735 26209 57861 54377 54134 12725 53671 55203 54594 54398 56034 54255 6174 54598 54455 61514 55302 57581 54322 54588 54620 61491 54256 54765 47136 55311 53664 51103 47404 57768 54184 53292 54190 6048 54192 55418 46151 59599 53694 54495 54721 59629 55943 57583 54335 51847 18574 8916 26585 53736 54599 53710 54269 57791 54656 54230 54527 66363 57594 57800 56635 57824 55477 55219 54755 57744 60240 34020 60353 54720 59742 54796 53133 54197 57859 54627 55246 61489 56651 57870 62159 54739 55272 51274 55318 57738 57881 18689 51417 56696 56040 54278 54419 58519 55443 55663 56241 55850 54375 59456 58356 37387 59691 53046 53294 57027 54430 58713 62702 56728 71021 53714 55474 57956 57421 55234 34215 53721 55671 54437 49420 53310 55971 57938 53830 53341 57969 54661 54446 61625 54450 57075 56396 54468 56701 55710 75647 46262 52413 61762 54486 56047 54236 55312 222 54493 58369 54669 60447 54662 41356 49504 53878 53892 31572 60527 55348 56022 37525 54670 58790 57439 57449 65213 54676 55499 57361 56823 54314 54070 55033 64565 70336 55679 54700 54484 53345 55144 34483 62592 56787 43779 59283 49535 53960 59496 56211 60456 59711 30634 915 60299 57974 59623 8085 57809 57740 54084 58070 53860 59700 61471 54193 58254 54707 54555 58013 63032 61661 61516 55594 54496 54770 56853 57982 3767 58421 58075 59747 2870 54889 57430 53862 58130 57991 55422 54533 57469 56072 57773 60561 57814 506 54294 57729 58126 57873 58145 54281 61805 58799 57826 54526 54312 5001 53347 55444 47161 52913 54327 50542 54923 57837 61094 54709 53140 53730 58390 58407 56938 58046 53268 54710 56270 59795 54544 56558 53286 56238 61638 61494 63171 55730 60603 60885 54224 55515 54485 55800 54317 59716 57746 51003 51915 54545 686 54490 52507 54339 54334 12961 54939 54773 63243 53867 62597 59975 58081 57516 54560 52576 54784 55935 54983 61664 55354 55517 51023 4653 56610 53218 51952 55123 54570 54601 54786 54553 49573 56680 54849 56955 61700 49661 55827 57813 59797 34825 57507 54603 53919 55619 53298 33839 53501 57244 56066 53824 60626 54494 54512 54363 57869 54571 56071 58203 57825 55346 60324 58068 54581 51960 53978 54675 52528 64045 54390 55284 6266 54822 58443 52704 54241 56218 54657 54367 34984 56297 54388 59813 57565 58577 54511 58162 62006 54609 58285 57158 60637 54491 59251 56985 54863 57878 54036 57304 54962 50193 57882 56921 9390 54982 54895 54728 55640 54040 51084 53861 59894 63339 62097 55055 57901 54584 55102 54847 57579 132953 54593 47416 54715 57771 54088 52979 57904 57937 58165 51472 8661 54606 54686 55428 57335 54769 55470 18992 53308 54502 55134 54742 57839 55471 58233 53328 60933 53261 58455 54417 54735 60116 58459 54646 55041 53440 56201 57029 41422 53503 60973 54668 54132 58177 57427 55653 58003 55774 54776 977 58010 58027 56125 57927 54463 47385 61496 61704 22584 53538 56330 61795 54145 54473 54677 55535 54704 53527 52932 54752 60363 58170 58195 58182 57756 57552 53450 54762 54799 8849 56139 54337 54480 53563 58039 54147 55514 56327 55832 62107 57921 9652 54792 54724 54851 54530 54803 54814 55548 55549 2237 49715 54904 53265 42 53627 58470 54035 58339 41481 53468 55604 60121 55806 55359 57590 53767 54816 57457 58340 27799 57822 53911 54653 54831 2951 58351 51116 59926 53588 54965 57910 412 55949 59397 61798 53481 17556 58394 1825 54183 58172 53401 55063 58585 3016 56377 58642 53665 61115 56394 62238 53603 55119 44729 58223 55567 53700 59865 58478 54106 57603 53765 55476 54838 54387 57880 56151 58228 57945 60715 60570 66376 44 55955 54909 58804 54963 55998 57941 50183 56053 55071 54805 54921 53466 54250 4205 54781 54754 56473 57645 61222 58691 54261 55202 54956 59873 56421 58048 47694 57648 56207 62341 59932 57671 31594 61227 57597 51582 59362 54413 55224 58238 54073 60506 57705 62004 53412 59974 54518 2593 56217 62019 51697 55580 54913 56461 57960 54332 58271 54421 54882 55079 55097 55625 58518 59927 46 56092 54759 55692 54929 61232 58528 54930 58650 5023 55113 55190 56225 58540 54933 57730 58344 62154 63678 54900 60028 57755 59979 55090 54534 60032 54977 55133 53720 55575 62240 60649 58336 1047 53818 57892 51724 58324 55135 56761 55737 58054 56968 56259 58595 61751 47698 53476 54515 77714 62082 54507 58497 55717 54568 58949 62084 58058 58309 3749 58590 58364 62857 58852 55738 60091 55248 58645 62373 57709 61885 47849 57737 54942 58662 59367 45563 54996 60221 20921 55147 54999 59602 198 55321 60262 59266 51347 53075 37597 7310 79750 58665 56244 54575 60029 47942 59729 61242 58123 62726 59290 55013 58865 61569 55017 57764 57760 53877 57816 58420 54813 57864 57781 54943 60117 57804 61307 55054 54221 53535 58912 55058 58684 57599 54866 58280 5366 60223 62276 55222 61618 59550 53719 53928 56260 60285 55187 55320 57834 57056 59838 62281 55192 58686 54780 53956 55818 56838 55817 53770 53493 54012 62330 53820 55074 53727 58705 54658 56317 62550 55393 58717 58314 58720 55082 5123 55101 58976 52041 60436 55863 53837 58766 53606 58454 57865 54906 35184 62383 58367 46611 56107 47907 55126 7941 751 54466 56414 43311 57909 57913 19590 62439 55323 54406 54722 53935 63022 55355 58706 57074 54732 737 60395 57932 53244 54808 33984 55111 58093 3519 61309 55338 60600 58127 58711 58171 57989 10896 55926 55821 60627 51801 59849 60763 58354 53980 55582 54053 58375 54959 55396 60872 55518 62314 55401 58768 55109 54828 60766 55116 54888 60407 55449 54067 52070 52115 63429 52161 62334 55096 60420 62346 55342 52170 54936 58286 57096 4425 56949 55391 49833 55840 56133 58962 55403 44892 7489 54918 60794 54932 58798 52206 55936 58737 55156 60421 55196 63732 45267 60522 55624 58802 55423 56442 58471 57999 56156 747 47966 62419 54427 62617 55237 7237 55343 58498 55487 56484 59895 55157 60548 60929 56802 56523 26643 63774 55458 58106 55107 55150 55491 58803 58423 56553 55740 55504 58071 2163 54987 52233 55509 55158 35043 50370 58990 58740 58816 55175 55558 62634 54947 56766 26757 58507 55545 58817 49800 55569 56993 58080 58511 55383 58571 59971 58452 58501 54767 56875 46339 59007 60795 57205 380 55183 55167 61969 55127 55204 58875 759 55579 54812 58084 56424 55585 61633 55959 60162 59997 55172 64212 427 58536 55216 52218 58578 41690 55626 55160 58863 60055 58918 58530 55616 58910 55174 56100 55275 54099 55979 57011 61042 23845 49162 55741 4286 58935 3058 54967 58128 59053 61352 44886 56220 58839 54101 62712 63632 60803 62536 60194 58562 54029 58841 54842 60832 57578 50023 58843 26809 58848 58952 55399 61077 56052 60897 55674 52288 58872 55230 58888 54024 58567 55292 55300 60113 20044 55330 58372 58701 3925 55351 54128 54997 55696 61330 4215 58581 55324 56192 58965 54318 58592 54853 54436 56073 48082 52130 63752 58983 57914 59282 55016 62859 61405 45278 53306 55380 55347 62719 63788 56815 54142 58984 53997 53478 58991 55374 16569 45716 41876 61142 66608 56568 58611 55189 53578 58698 54579 54175 55132 56834 55708 55392 60076 26821 54883 5551 58155 60486 56077 54228 54972 55228 54978 62610 58159 56113 62865 61434 56837 54985 56579 55066 62928 58089 55715 55207 55241 54989 55722 55438 55463 54683 55683 57947 61610 54140 58715 58614 55469 3127 57232 50642 55760 55299 61677 55803 55811 56870 55513 58667 53047 59001 59468 59092 46884 58700 55072 58191 58933 55426 58194 54891 56081 59103 58097 59096 58466 54325 58516 60211 55083 58977 55328 20206 56041 62768 56482 55276 4778 54865 52387 55776 54852 57198 58636 8265 54220 46994 22650 55226 52401 63863 5308 56501 60591 55825 47098 55296 63715 58649 60224 55844 63025 27440 56755 56872 55341 55857 54207 55129 60382 56786 57257 55131 55531 58776 53905 55617 58993 59010 55891 46054 54347 56105 38694 53312 55188 47243 54252 58119 55301 38457 61486 55193 55879 59085 61739 58752 56138 7948 52436 57454 61535 56811 59131 56790 54935 53273 62088 55315 59141 55915 59104 52761 55877 51120 58765 54426 55201 63885 54368 58782 60180 54429 55917 59124 55353 54589 58261 56150 55152 56164 56895 63125 65027 58809 58755 38557 55356 63524 58792 57534 55370 34756 55886 61756 58293 54344 55561 56800 55420 58360 56864 55829 59159 59194 58760 55838 55538 35810 54684 59164 56532 58302 59191 55210 61566 55085 54489 52512 60263 59259 63916 54621 49757 60984 54302 56159 58901 55500 59207 6078 55537 53069 62973 57284 55221 59261 45361 422 56191 1543 54445 55252 55547 61789 61619 55424 60368 7760 26861 58464 58923 63944 67084 58652 59262 55363 59268 59177 60448 22767 55325 55462 28535 55388 55938 56171 55577 59023 54685 56508 55603 56140 55225 54756 56713 55614 59292 57652 6277 62979 2544 61690 56174 57132 59066 58197 55628 61041 55909 51149 56048 55841 59293 54663 55675 56145 58260 5090 39739 61764 48276 58534 56189 55678 55726 55277 61143 46055 64394 34962 55412 55479 55413 59342 60538 61210 55767 61832 54692 58796 55846 48191 59383 55289 58814 61293 57210 55414 59192 61530 1843 58870 56195 58573 5406 58653 54405 59302 58812 51283 58813 55385 55914 60624 55686 56035 55711 59312 57273 55995 17223 17172 55790 58377 59127 54556 55425 59359 59388 54578 56153 55442 3177 57983 51607 58378 55854 60663 47943 48104 58696 55794 63959 58907 56162 56893 55920 52574 60708 56231 60572 55754 62431 59313 68752 55858 59365 60643 58937 48422 58987 52616 57697 50484 56487 58007 55142 20564 56266 61586 54979 55534 59588 5160 56118 55866 59015 56942 60270 55456 55940 59408 54624 60397 63973 52849 55408 59518 55446 55910 49806 56292 55900 56226 60713 56804 56333 59524 52673 55901 64109 59029 56977 57095 48015 55983 54731 55911 60642 59373 54414 59160 60685 56725 3775 64006 56221 55924 58728 55411 34134 83049 55770 57104 55974 54640 57106 56387 55197 56240 59328 55387 55985 56570 58129 55874 54749 56305 58773 56268 58878 61842 61980 7805 5188 55475 56143 55808 55278 56012 56343 55989 55999 64195 54884 57734 1027 57133 56796 59063 34682 56939 5582 56045 7249 64270 54793 59075 52998 55965 59486 64521 56082 59089 55503 56102 62134 56167 48867 56131 55875 56190 56397 55968 55512 60821 59090 64286 55555 25892 59140 59378 59213 56847 55973 53396 56166 62173 26871 62645 58738 59385 58190 56176 56405 51678 59168 55643 56411 55546 62754 56468 62181 55511 56194 60426 56497 56306 56503 49053 54818 59215 55601 56015 54892 59341 54701 59138 56184 47867 54259 62813 744 56691 59521 59206 58398 55899 60542 62878 64610 59337 53616 59527 29363 61937 56313 56973 5130 61607 17511 55593 56200 59396 56237 55898 2545 59346 29877 59473 56477 87 55562 58783 56544 59528 56193 59418 5200 53764 12775 59544 60808 59224 56284 428 60878 56517 56546 57162 58542 264 57185 56560 63044 13410 56202 55608 57191 61697 54835 55634 56051 64665 56208 59269 60886 3530 2859 59655 76007 56212 55664 57303 57833 56216 55676 59391 57186 56042 60904 56575 56581 57206 59276 76527 56265 58930 58545 48186 50236 56609 61928 55684 56552 56274 60518 40482 55721 60923 55729 59533 13061 60930 27074 3944 52693 59280 59393 53212 56056 62166 59554 59585 55000 59394 56276 59386 69079 59156 59457 59515 56288 56281 56645 59407 56287 50486 59536 60583 55591 62188 59426 3893 56068 59612 59162 58943 51702 55731 61006 49543 55735 58704 55644 59470 54815 59557 59572 59905 60551 61922 56994 60639 3684 59576 56341 61008 13180 55709 64240 62938 56026 61973 59453 56298 55758 61761 8784 60236 48996 56318 55460 56665 64340 5251 55913 56054 55756 55775 56101 59637 49055 56337 59690 56309 59305 55787 59703 62269 55743 59379 57394 57443 596 49933 56128 53232 64344 54297 59190 55876 55642 56615 58613 57101 6148 60781 64163 63006 56737 56618 67132 59722 5347 59758 52772 62055 5396 59477 56310 56311 62874 56134 55698 27202 56626 59782 48311 23048 55791 59531 56315 62283 55279 56181 60945 62412 54869 54306 63165 54726 3957 59308 62291 5272 55930 49971 2229 63193 59798 59806 64321 59323 63261 53437 61213 59814 48698 58920 58229 56321 56726 62179 64214 64329 11239 56331 60651 56348 56323 52729 35004 5586 56735 58716 55788 64400 59398 56402 56378 56342 6322 55450 62993 55718 55853 59837 56346 57059 54763 56486 59839 55819 56199 56404 56472 59883 61137 59193 54378 62224 55988 60957 55977 40936 59948 56534 61237 56592 57504 56595 62743 63354 61495 51857 3617 56347 59210 58368 61264 56417 59452 35085 59216 53274 56369 46215 54794 62298 55027 63753 62310 55694 54821 52705 55809 64450 56350 58676 59740 51982 56986 55138 56358 55733 61009 59516 54402 60123 55997 53828 56393 62213 56075 61890 64217 64362 56115 52182 48827 58572 56657 57032 60744 56608 57515 56400 56106 417 57278 54924 64366 56109 41329 59309 56412 24233 59488 56120 67156 55792 57529 57279 53489 55958 64634 61027 63100 59542 55852 56751 59042 56121 59455 56419 56630 48287 49574 59563 56490 53829 63202 54990 55868 59754 52984 56422 56425 62430 67421 64645 56124 59999 56338 59940 53072 55824 7995 53582 62483 61031 56475 56793 64421 56767 61913 56801 63247 58625 55007 5097 61518 41927 64748 56459 61084 61470 62606 56810 57341 61543 56144 3075 59570 58946 59568 59219 57071 55465 57571 59944 56857 59955 2959 56656 61994 62321 57386 56714 8990 54976 59474 60167 61620 37891 61069 62888 63799 3585 56510 60774 52009 61076 56485 59812 55797 57187 50571 56500 59830 11751 89759 58998 59921 57209 59843 59937 25015 56514 54411 57619 59963 56825 10903 58850 46860 55895 62007 65615 64016 56605 53451 3720 55256 61683 60010 56395 59587 56613 56668 58805 55984 56505 59617 56257 64784 57296 57632 56180 59970 55502 52092 55015 56900 3734 55093 59831 61012 56685 59255 56711 56926 56483 55080 57376 62036 62947 57308 59598 54652 57310 5107 61110 64828 59658 56429 58869 60022 57062 60037 57492 57563 56628 59595 48317 61140 60253 4431 57216 61119 63289 55836 55235 48391 61703 64838 57408 48818 58820 55136 56673 61188 56637 3739 55232 61120 7622 55155 53112 68274 19628 56655 53614 59918 56719 53139 57199 56742 60177 56146 59633 56898 56269 56940 2869 57669 56203 65346 63399 60361 56431 60074 56444 1621 60274 56170 59286 56272 55906 63327 55309 52425 56677 56516 60433 64792 57081 57610 56945 60095 60172 56997 63407 62073 56745 56672 64114 60470 56739 59351 57091 56730 58900 57704 61892 59366 56724 61195 60334 64115 56528 56765 59669 52537 49270 56559 60580 55261 60140 10995 57023 56255 56197 53846 56569 1907 56771 58905 57440 56927 59680 61302 63340 58927 60340 59942 55682 61341 57147 64913 61411 59360 57044 7838 56662 56746 46277 60198 56108 56794 5437 1232 56030 64991 62725 3945 23758 56273 57489 59387 56803 57627 56881 57152 53049 57530 59009 62961 57573 55340 56681 65113 66023 61452 61325 48924 59185 41133 60476 59624 57157 63396 57691 56233 54461 61577 55373 60247 54462 59439 5656 57717 56934 6216 42465 56285 20046 56821 59698 59977 63404 59766 59746 57686 56943 61588 56779 60511 18001 60425 57596 65190 57682 56958 57580 55845 62049 60129 56372 1513 61626 56756 61567 56808 57767 55270 57701 56991 57052 55293 53813 56476 56446 56814 60550 55830 57094 61487 59412 63408 61490 55885 60555 56817 64373 55337 59807 57151 1415 56336 60011 59683 59130 61582 57806 58125 55498 60610 56386 56826 56827 62143 56867 62524 57134 57184 60245 56401 56375 56433 57727 59835 55307 62601 60098 59772 57965 61713 61776 62535 58999 55406 56384 60581 59736 62091 56832 56448 57228 23931 59808 57998 56891 53105 57255 63422 56573 62069 57685 56892 63423 55485 56437 59743 56874 60625 56441 57238 62296 57211 60200 57732 56889 58415 59201 57072 54934 8949 55382 57086 56901 770 56866 65127 56521 59065 57856 58108 60227 56089 56443 57262 16528 63644 57307 56876 56911 56470 57851 65355 57170 56494 48861 57178 60501 55553 56928 61235 3747 56903 61886 56495 64937 57024 57251 57271 55407 60620 62072 62126 61946 57629 56537 60629 29969 63729 57702 50252 57311 56547 57291 56971 57994 58156 56904 57305 53879 57883 56005 65292 57373 63740 64801 56044 54532 57321 57342 57417 60280 56906 92129 57968 60558 57200 60770 55409 55435 60305 60069 57214 57846 59858 57060 56148 54743 54208 56978 60592 57221 56307 57460 59497 60630 62178 57033 56603 58045 59530 68280 60387 62117 55563 56458 69239 55903 56910 60549 60807 57053 62870 57063 57582 57479 60646 57328 59911 57241 63892 56492 23223 61561 56520 63773 1667 55439 53167 60608 62977 62349 43460 57358 56641 56354 58944 62244 57107 61882 56524 57270 785 58958 62053 57128 56509 48929 57359 57045 57360 56018 6511 58031 56642 58074 58121 58207 62228 57254 56157 67381 57586 53416 56535 60659 60661 61277 62669 60695 58346 60669 57297 55610 62345 55606 62253 61565 57218 62658 59222 58245 55638 57153 53239 62387 61324 60150 60181 61515 61375 57903 35205 56541 752 59558 62477 64938 56291 60706 60709 56556 18056 57364 58282 57169 56664 57654 56698 62866 62268 61573 63983 57468 54830 58066 58453 60645 61079 56913 3834 62729 57980 65187 56555 56557 53793 59234 57384 60696 54862 56918 63653 60220 56687 57362 60414 18373 56572 61616 58101 55693 58132 56961 62463 55753 61602 57684 57433 57476 60599 59892 56580 60717 4177 57930 58291 60719 62872 56700 14042 58418 57381 62842 56732 57159 58248 61724 62342 61746 14157 56588 53362 60730 65399 54960 56589 50296 55560 57470 62371 35252 57193 64659 435 62583 5156 55214 58553 60257 64952 56596 62436 43491 57281 61224 62391 61815 58296 57286 57502 61583 55061 57378 56600 56587 55799 56774 57397 52577 62868 56983 61830 63658 57402 56631 58697 11337 59275 57404 60667 18549 59961 57412 59291 60119 58374 58410 59582 53795 57680 62577 57315 6989 53411 59604 67714 56636 56663 54079 61321 56816 55417 65432 57017 56976 18888 57382 54125 57519 57428 55755 60739 61837 46580 59662 56252 62629 57039 56678 65012 57743 65052 60746 57057 61888 65098 59428 55654 56666 57442 57455 62972 55001 57497 57510 57710 62150 61891 57716 59779 62686 5240 60819 11405 61899 57512 70835 60835 61901 65712 62152 56777 57569 49023 57539 57694 57173 64222 59235 65721 59769 57592 56683 56707 59913 57750 3113 57126 57329 57798 27346 56708 60201 57395 6595 60271 65797 57351 58403 57144 7882 59306 57829 60399 57635 61381 60836 59670 60736 57540 58419 58474 57658 54324 63085 55294 60870 60357 35509 57546 57165 3828 57673 58181 56757 57725 58052 60480 59370 57780 57406 2953 56744 57174 60751 61924 57548 57416 66173 55822 61932 63749 55826 48978 69627 60881 57830 62059 52432 60841 62075 57422 56312 27715 55828 56798 50679 63232 57623 32071 57429 50627 60517 62654 57437 57862 58243 57478 6338 65112 63269 58537 62792 55842 62060 62559 3145 60818 56720 55859 60552 60164 59857 55468 58263 60586 60589 62100 49130 59954 60018 59786 62906 61970 60308 60598 62024 57787 59586 57203 65839 57561 55865 62511 59591 57589 55923 57608 53381 57915 57908 58103 56734 5539 53021 58178 66017 61073 57792 58006 63895 57225 57490 57001 55685 5398 57799 59395 63277 56782 60693 63295 60981 57801 60915 57314 50915 62191 20085 56328 57500 57239 62289 58222 59597 57828 55992 57517 60859 6990 57226 62516 45854 60919 62327 55862 63474 57644 60925 57547 62664 62307 60186 58258 61001 59640 57753 56741 60288 59657 58311 60061 58476 58327 58538 60723 43408 58406 58414 58479 60725 66268 58677 3108 57054 58719 60735 57832 62898 61080 2460 56349 61086 58262 56780 60942 63382 58671 59380 54160 63572 59499 57633 58325 59708 57317 66306 56017 57568 62720 62343 65159 11671 58427 57319 57006 61098 56841 56842 56899 59689 56029 66356 57661 57528 59592 63754 60893 59451 56878 49182 58489 52634 57929 55655 60755 57952 57687 57707 56932 44096 66476 54048 59625 60784 52973 57638 61095 61109 62528 58685 54163 62222 62922 53486 5470 54214 57663 7709 5040 57371 57957 57322 60147 23412 51032 57664 57890 62984 56754 54165 56820 58495 57720 60946 5716 7198 57770 58405 54215 65160 822 58062 57911 56829 61178 61209 63931 57309 60777 58113 56365 56967 57793 57550 63030 57812 58408 63412 57713 57845 52832 57007 57849 61149 58699 57733 49784 62989 53108 61003 68480 57985 65259 61151 60800 57923 5530 58543 58922 49217 63790 59737 63692 63298 62992 2007 56844 63791 57986 49813 57831 57817 13270 57365 55892 59739 60822 61392 57893 58556 60949 58015 62529 63324 56948 56980 62668 3159 56996 61245 59815 57895 59829 57897 62631 56957 66451 57858 44398 54600 60484 61154 57028 58138 55690 58598 50284 57971 58281 58432 58563 61538 59840 61807 58005 58657 60491 56836 57584 57285 42417 62232 58217 57896 55716 60825 58463 64830 56989 58811 62644 58679 59914 71502 59472 58682 63964 6626 61254 58485 59041 53378 57387 2256 30225 57905 58504 57966 66130 62649 61389 60843 67746 56998 14719 56873 59762 57973 57906 58531 59810 57350 61413 51081 58547 57113 62544 57818 51488 58141 62670 69691 57135 49014 57979 57003 62968 57051 61373 56033 56011 62673 61436 60020 57418 58050 57424 59526 56038 58011 57598 30370 63899 65161 54711 58209 60239 61173 63906 66174 57593 58000 60275 58022 58242 58043 57992 58024 58721 831 4239 50826 61430 56049 57444 60880 64032 62713 60082 61523 58828 63772 56415 61180 57907 58774 23928 61544 57117 57919 58561 62994 57668 64106 58251 58795 56050 44484 60343 57749 54313 58433 27718 60193 57030 55869 58096 60261 56063 58099 58060 57124 58124 59564 58770 60310 54464 57587 69822 60529 57958 58278 59635 57369 25100 57379 63016 59730 60909 49327 57164 59819 57092 58751 62801 56149 57035 57145 63018 62551 35523 58871 58148 61252 57269 49510 56450 57294 58444 58482 57340 60953 57356 62886 56479 58523 53502 57409 57372 28466 57475 62114 58605 61029 58615 20255 51901 65196 63021 58622 58640 58818 61270 63802 58211 59828 63929 61438 1656 61343 35560 61191 61463 61369 14419 61572 64831 49949 62582 58655 62556 4600 63962 5488 60899 64531 49957 57222 58736 56488 58044 62594 58928 63071 59180 63979 61036 58658 59822 63122 57759 62897 58902 57163 60671 57494 19077 8360 55878 56914 57223 56512 63136 59907 63180 59850 58232 62604 58837 63235 57506 58747 11485 57513 64173 44597 55008 3021 56564 61269 60461 58703 61276 63471 58244 58051 57520 58355 63489 58899 58709 60901 60939 49989 62890 54538 61279 57625 61551 2927 57630 57229 57655 60978 57172 58184 55496 57268 64020 61285 61731 58234 35753 58110 58914 63539 59916 61598 58276 59265 59326 58500 6414 57642 57988 71579 5176 58919 63020 58268 57659 58924 64028 61043 59256 57996 65314 64034 58929 58732 50088 57703 57036 64817 56513 55139 13824 58940 59879 50344 6450 65385 60631 58301 31135 28700 58950 61053 58116 60705 60714 62954 83484 54802 58948 57681 58154 51902 57242 57766 7904 57775 63144 64787 3900 58337 62015 58361 64049 66191 61630 58164 58781 64056 5777 57332 63189 65400 59311 58739 63141 20837 58786 58951 60787 52020 54541 57250 55070 57797 61361 60565 8049 56356 57258 64071 53358 63000 57714 58963 51586 62655 58188 58769 53827 60963 64852 54607 58200 59319 65402 59930 58227 59957 57696 63238 57334 62032 57688 63241 60884 59371 70944 63037 61637 55970 56540 58435 61395 6382 3913 58966 61631 58306 58330 58973 57380 57997 59441 63249 58525 59630 3632 58239 57575 63270 58995 65091 60910 58823 56582 61045 57426 64266 59991 61075 57477 58250 57253 57763 1690 60712 63550 61081 56598 62121 24252 56624 58035 61475 50403 65333 63569 61085 38637 58826 59048 5245 58371 60837 63460 52209 63402 64072 59442 56154 50325 56371 58041 58829 61111 57765 61332 56186 61753 58887 28114 58903 55932 11886 58591 61517 61665 50714 55089 58877 57788 62632 58954 57527 9168 57234 57745 61139 60761 62137 65875 60008 64078 57533 58934 60002 57617 57808 57718 61705 57400 61785 56227 63808 64181 55972 65429 63571 58218 58056 56650 72316 59014 59101 58959 85068 58979 54775 58275 60844 60826 61123 61146 63756 61774 56670 58187 59011 57783 59033 64264 58724 58386 60111 58992 59028 56671 61163 61803 57538 30589 57719 61810 61241 62691 59176 61298 57820 59083 64407 60924 55994 57884 57543 59094 61779 58294 61168 62784 58198 63817 58412 3187 58451 60700 57935 56368 652 61849 3968 61253 60842 58492 56727 59013 60867 55291 63291 51716 64261 61184 59610 24370 71089 20117 58224 58994 61273 59016 58284 61311 63590 7925 58299 56795 55333 58560 59178 10022 61280 59248 57823 62185 59098 3959 58310 64284 62207 66212 60145 72671 66750 60883 65214 59082 59208 57499 62236 55361 63480 58290 61052 68668 58303 62365 56924 57544 53420 63518 58347 61062 61315 59060 59240 59043 57912 61866 58365 64480 60900 60195 63363 57902 58370 57566 64510 57577 57777 58391 59322 63605 58002 61349 65431 61907 57692 57854 64235 59257 60297 60934 59118 61326 61975 58609 61449 7273 62103 59114 61996 58449 59097 61329 58602 59062 61925 61455 59099 61460 57047 61169 2871 57786 59121 63097 74387 65443 59126 64548 65499 58897 61497 65505 64526 59649 62083 56439 63157 61966 63852 63365 58118 61967 58735 58393 61500 65538 58416 59329 57802 57848 59067 56519 59498 58623 64552 65517 64716 59347 57742 56531 62443 59132 61574 32364 57141 52305 58425 61347 55658 57860 59254 59364 56676 57099 63908 60009 63698 8290 58434 58502 50827 61364 65685 65630 65725 61461 60110 60941 58467 60125 57961 61741 59315 58484 59969 61035 65912 65809 55497 61192 62192 57805 57810 61575 61103 56036 57142 63797 57940 56046 60607 65798 59723 61272 61484 62067 56743 57874 61525 941 58554 65552 57150 60099 63842 65696 57841 5432 57964 61687 61136 59500 56747 61291 61778 1072 62109 55993 65984 62198 62767 64943 63041 60217 61318 66029 7960 63850 62041 58038 55831 50924 57245 57990 59789 61504 57916 69494 57981 59513 58105 59406 56992 60286 29221 71452 66414 51092 57058 57891 58830 58589 57154 58938 3923 62123 4479 61365 56835 57942 62724 57951 59816 64422 63777 58894 74765 59520 59195 59522 61781 58626 5546 62160 62822 63937 56434 12112 60443 59236 64014 57970 65795 66440 62187 58112 58632 59133 60374 58550 65806 58072 60120 60979 58078 57953 66255 24535 59827 61550 63975 61552 62881 56762 60451 64599 50962 57976 63713 65942 58073 59155 59232 58633 56013 3987 61536 66358 5694 58257 3129 59314 23508 63984 57274 33373 65881 64436 199 62450 58077 58620 61557 59338 59868 56158 62196 657 51124 58694 59357 58115 64027 59139 64327 58114 61584 11181 63393 62999 58122 59571 65974 62257 61678 63004 57465 9403 57559 58750 59297 66063 64042 61863 61228 58091 5264 66393 63441 54944 58763 64050 56784 59296 60988 62313 58953 58985 63825 3193 59884 63529 60026 64104 62410 59238 59344 56799 59369 63602 61715 61024 15241 61128 58094 5732 58864 58134 58023 63182 59372 5793 58117 60005 66808 61595 58988 58304 61658 60492 59419 58767 67148 59445 58442 59847 61716 59056 64182 7352 59596 61685 59435 59447 58857 58055 57656 59069 59057 52362 59628 4581 64001 65562 66503 66120 59502 51428 58136 64153 59086 58143 54586 60256 61693 61363 54014 61112 66538 61366 65818 64041 12272 58487 58166 64575 62445 60041 52947 60047 60039 63459 59352 58317 59427 63510 59606 64047 61898 60153 57872 64269 66586 58465 60053 59507 59375 58153 62955 59509 58493 64377 60369 58880 50992 63575 58201 57795 58328 57021 57077 59641 63476 58150 65079 58202 63534 57318 61906 62476 61728 59618 63214 60743 58353 63090 58357 58617 59519 64443 58436 61131 58858 64383 200 58174 58756 11900 65144 59382 66615 59553 45054 61473 58477 62978 62461 59430 58009 59535 66622 51772 54698 62506 63681 61414 65840 15067 58978 61458 62482 57082 66644 57368 58206 54856 58859 61532 58183 60075 57300 25052 56210 61749 57944 52400 58265 59000 58269 66642 60348 62543 36859 59577 68923 58274 58292 58505 59035 54020 58637 62454 55486 64622 59613 57331 52642 61872 20473 7979 61780 59665 60473 62552 59676 59709 61200 57955 58359 59622 57336 62652 66672 59091 60089 58499 62593 64625 64539 59481 57967 63052 66633 18821 59759 61593 57182 66678 58687 59653 60478 61934 57102 59462 58380 58079 61216 54202 59760 57493 58524 59687 62009 63317 63974 58090 59102 64632 62598 58896 64254 49943 57338 57683 60531 15171 52014 61782 58555 63923 44464 58690 58520 59491 61346 4598 20948 16003 59203 56264 59037 37736 61792 5812 52530 60139 58689 62309 59150 61809 61622 67474 58568 58734 58532 59972 57370 58594 64661 58549 66026 58308 60490 57425 62701 58844 56286 58557 61641 61217 59726 59229 63545 59200 58220 3195 56361 58259 60127 59490 66771 64505 59732 66740 59684 64608 62609 61337 59750 58565 61445 76824 59790 56379 65592 59768 64867 57545 58231 59803 57606 60158 64164 66699 60241 60797 61822 61646 65044 62163 62335 60303 61372 29332 59495 66700 61378 58702 3773 59288 34022 39203 46895 58111 60306 59811 58205 63076 57920 58759 59851 64993 57772 52880 53004 60362 61379 62711 56471 61663 3070 58845 64689 58387 59938 58775 58264 51508 62675 64188 3207 62319 51250 60106 62791 55689 55140 60698 58413 29715 61695 62033 58131 58576 21010 61446 66030 57924 58587 59823 59645 65334 58600 59738 66803 65008 58157 59294 59581 5771 55736 60699 55907 56245 66746 65043 59307 61740 57995 58273 68992 440 57431 55805 282 58462 66815 69910 59298 59650 59304 58778 62879 64272 64218 59947 60786 60512 65065 57933 64287 63181 13533 61889 65611 67046 58061 58173 62090 58607 60798 61709 82468 62186 61350 60450 59330 58288 67070 59667 61141 58323 64315 63119 64406 56692 62360 64316 58656 64376 59556 61768 59818 58856 66763 51429 65074 65056 62378 47192 59181 62379 62648 61441 59333 62513 59438 59454 61836 61843 64446 59751 58335 3233 66085 60574 6451 691 58808 61961 75471 2679 64393 60403 62533 63641 60640 59460 61736 3167 60025 9219 63741 60868 6708 59763 59466 52033 58586 60913 59508 58515 56788 62671 65064 58230 58383 65101 62717 59449 58925 59834 62891 60065 60405 61905 62746 59825 62758 56296 60687 65220 62388 58399 58672 62599 60711 69058 59866 61845 30195 61186 62732 60815 5313 58270 18025 58185 61201 58226 61904 61926 59511 57105 60394 61943 60204 58008 60071 58807 58681 65092 64413 59794 61880 62101 59299 58529 3184 60404 58754 64424 61897 58835 52627 59981 67280 64560 12153 56807 58942 66804 56922 62803 65275 58842 39362 61912 62911 9444 67141 67380 63887 60442 31137 56966 64426 56982 58862 21069 59896 58964 60319 59561 59608 59450 31233 6518 65339 22029 61976 59529 58569 60446 59059 65434 58040 62812 58241 63712 57009 59692 59548 52119 66933 58402 62934 61207 62475 61981 12175 65212 35774 63150 63303 60756 60507 57622 67192 59600 65208 61927 61989 58866 58445 62151 711 66158 63642 21128 55904 5881 58064 61992 62820 67809 60571 58513 58945 61990 39974 57715 62676 57435 56177 58974 56222 58982 58109 11665 60149 59539 62020 65266 63288 60831 60992 59631 61450 54730 65306 59934 62035 58151 58458 67412 58312 58634 60453 66378 25686 61954 64463 60782 58889 58971 60152 45473 59006 58997 58382 60322 62825 58675 58447 58564 48437 64528 62538 62831 63721 58161 58654 65387 59039 63618 60809 58680 59058 66412 57127 59019 63005 61963 67432 60471 62071 64774 67858 61983 62208 54903 58473 67260 59664 59054 47437 61068 67465 63064 59679 61221 59095 65422 65647 59134 59167 60174 60199 58771 62618 59245 62054 58695 59064 65474 60557 54673 59697 62856 64530 61539 64569 61117 57388 62003 54678 59036 60587 61199 41192 58579 62210 64454 58225 58438 67491 54110 58630 60452 59731 59765 58688 59078 57452 52602 57301 59345 65493 67811 59055 59638 67379 59087 60260 70931 59753 63070 57815 61541 59776 62022 62039 62229 61643 64502 59941 59119 64520 65661 53236 64586 52646 61148 59778 62018 59695 59966 60001 59143 65961 62752 59802 68484 59848 58947 62860 59212 60458 59237 60767 65516 62766 60096 59863 58742 59107 58825 62877 59223 59663 59706 60595 62241 41718 62905 54341 66048 10226 57348 58788 47442 58486 64647 59148 57741 59165 58606 65287 59922 53153 67143 62294 62068 58608 59228 60033 59316 61914 59788 60339 56389 59350 59258 66727 59392 67535 60829 65872 59898 54124 67556 62508 58744 60657 59233 60489 63645 57984 8079 59973 12704 62386 62104 60092 67561 62913 60146 59414 53399 62047 59939 62272 59284 62308 64871 59752 15580 58426 59493 60066 58780 62925 757 31245 77330 63262 57794 62318 62323 63702 63738 104000 62553 62336 62353 7403 62557 62965 26590 765 62983 58831 53523 59704 61760 58939 62347 52864 59775 58827 62385 62357 62366 62382 61220 60515 62381 53644 60350 62990 64712 67282 59510 63307 59933 13572 61278 59018 66692 67749 63042 63456 63794 60163 59432 3164 64627 62406 60169 62608 60237 60144 62415 73838 64894 60175 64715 63751 60182 54757 63971 67326 56593 68564 58833 60208 64682 61144 67410 65379 66765 58666 60132 56607 54917 59116 64931 58853 59161 58834 66138 61072 58028 85250 45395 63045 57115 58981 61725 60156 62465 35811 67592 60273 67653 62490 60396 58712 63335 60252 54957 31575 58348 57390 58854 13917 65427 59100 67586 59804 62741 58836 62010 65483 64023 62507 63175 62537 59334 64742 60226 58936 61116 64160 61328 31697 60277 60282 58860 59433 65764 59836 57413 62153 60535 58149 36124 60613 66904 67742 67434 60365 58490 59844 63981 64629 64178 60726 60278 59862 59899 62807 59538 62942 59525 59049 63046 57736 59915 53169 68188 53024 62808 61282 8312 60298 58362 60219 62547 65574 60228 69565 53784 53068 63049 62492 70264 58491 62892 59068 60391 58496 59374 62986 60309 58517 62451 60266 10796 53531 59579 60406 59541 64290 69662 55195 59204 59551 60267 60665 53187 5911 65494 59920 57557 62555 62694 60811 56643 59923 60520 62685 57640 64367 4946 62102 64783 59935 21642 57453 60882 53077 4025 57607 60312 59108 63077 63394 66921 54136 59567 59401 60840 71798 65140 61018 60003 66214 59318 43507 59153 62394 61334 64295 65488 67803 45652 58603 61145 21713 63099 58668 64359 60338 62493 58874 60668 56717 64802 59573 63056 61322 64755 67599 15330 59475 59332 63103 61362 63104 65582 60234 62501 2453 58647 8178 61680 64345 61051 64825 53760 65601 64507 67643 59517 67609 59113 8384 27302 62588 64808 60619 60701 59117 59279 60648 69114 54196 60401 60347 63535 60692 5279 61456 4647 59605 59609 63375 69866 59642 62515 59187 58683 59950 59417 64067 64971 62190 32611 60874 60242 59659 62011 60895 60410 66147 59446 62615 60459 60105 1692 62540 59566 33379 57130 53475 63126 64658 64518 64633 63128 64687 64979 67859 63140 60790 58670 57611 62251 58915 60905 140013 44629 61478 59603 62030 57666 62681 60205 7485 57917 58861 1295 69209 70030 58660 60980 60943 60681 62699 59959 63501 63470 62750 63147 65701 60468 60479 446 59995 65577 63522 59376 62263 61164 59214 61040 63050 61172 34072 62397 60509 62806 64759 65616 59189 64877 58745 58851 64803 59084 62836 63137 60336 66424 62733 63800 60521 63143 59202 62206 36311 60799 54200 4980 32 68074 59289 64848 64921 63196 64998 63095 62744 63207 26041 59336 60207 65145 62056 45305 60802 62834 65619 2515 61511 60950 65201 61587 59209 64092 61481 59220 1086 58597 54442 62845 62587 57137 65233 58619 65645 60494 58867 58883 59483 59693 62958 53543 9417 59227 62293 70549 59295 59363 65678 60023 63633 60752 59701 59727 65249 59677 59543 60249 60532 65364 73883 64191 62456 63244 58891 61953 59239 63001 65683 19195 59705 60546 64911 59713 29521 66387 61251 60354 63139 60218 61881 60810 53908 65403 63145 59607 61260 59448 61959 65692 58026 59647 61299 58648 59003 47612 59301 65652 60845 59464 62044 64887 58917 65055 60402 60562 63151 62839 63156 62458 64909 64920 59415 61406 61429 64953 70635 63259 65664 60575 60653 59546 59555 59002 60437 62850 54152 70631 59494 57677 59471 69819 62749 63271 59744 62300 62575 59989 59715 59303 5772 58906 64319 64959 63907 62816 60986 62590 63260 63344 63387 60364 59403 63294 60861 59106 58376 66562 53744 60996 55745 58037 62843 59514 65066 59120 60852 60246 65085 55880 86263 61007 62197 56785 69226 64954 57093 64985 60855 60862 68143 59594 68394 3213 54380 61433 60051 62625 59626 68082 59632 60989 60805 61014 59656 59668 59718 59748 65870 59755 59686 54931 59721 59678 60487 61020 58629 62155 7275 1724 62889 63578 63068 65002 59784 64088 61102 63328 59688 65669 59154 59719 59733 59437 59734 63287 51520 61157 59796 62896 65083 65693 66721 57306 63024 33729 68421 59469 59273 64994 56279 60858 61176 63296 8469 59757 67516 59226 65838 63160 65734 102 62941 60496 54043 65689 59770 50094 66206 9388 51839 61806 33227 61218 63118 63062 50062 59785 5278 60710 33161 68489 61057 63201 63082 59243 63172 61160 59799 65109 59674 59487 54051 60813 63479 63187 61553 60505 59681 62667 60524 56684 67547 60560 63203 45488 59547 60176 60769 62704 68607 66417 63333 71251 60678 59855 65697 3035 61290 65782 59805 65018 60590 59274 21802 60373 60537 60817 62748 59549 61247 59870 60614 59402 65167 59882 59877 66698 63213 12273 60178 60269 59841 9687 59423 62158 301 59845 59904 59917 66035 64459 59580 8542 65981 63315 63227 71765 59936 60621 63237 59990 59960 61968 63672 59012 59869 59467 63088 59560 59652 59952 65909 60084 62574 63420 63390 60612 59976 59675 62627 63737 65245 68696 61181 63093 59583 60791 60171 61303 63819 59123 62887 65203 63319 60641 61314 65760 59891 60814 60684 59993 63585 63148 63200 59783 62710 63127 66779 63231 60203 65424 57313 58601 63251 65941 60864 61540 63870 58092 59636 65952 65253 48940 59712 63417 59714 59745 60225 61231 59793 62795 59908 59985 63342 59984 59986 63253 60917 60731 75020 59988 62931 60921 63353 60928 67616 59887 60014 58252 61336 22275 63374 60016 63263 63280 51953 3782 61281 69417 63424 61339 63462 60017 499 60030 63330 59901 59968 60183 20912 59761 67159 62372 63883 60742 65257 63478 60773 63498 61002 60043 65833 61355 60750 63875 63233 54396 60847 59801 61388 60049 66703 61611 60932 60775 63246 63647 60850 60281 63073 60875 65917 59861 60937 3787 59079 3840 60321 63351 67704 60936 46089 58762 57835 61649 60054 63893 57899 60902 19209 59411 61412 59931 7411 59773 4065 61061 61066 64621 61828 59842 67729 64002 68208 63628 64145 8164 60967 60985 60034 63398 63268 60059 55245 60346 59980 61205 6785 60352 67763 65446 63425 60072 59416 63465 63485 66837 63755 3247 61089 60073 67073 61407 24472 59996 60418 66015 66110 46966 58333 61723 55369 59875 85253 64161 59881 39493 58082 54459 62827 63112 63304 56697 60975 60987 66140 12862 53095 66770 63216 61345 61669 2565 61118 63718 59889 60130 60185 60316 63308 60379 60035 59791 61945 63313 60006 60038 66820 63439 61054 67784 60243 58457 60430 60222 59890 57754 61167 60013 62021 10864 68106 61424 60031 61022 63648 54969 62029 64508 59249 61466 63509 66964 63504 65315 52034 5312 61233 61263 61817 61121 61100 70652 34209 63541 65963 61360 59910 60097 60328 33835 64758 61287 66027 61147 21973 65525 61467 65846 56871 60101 61787 67793 61294 59964 71989 64243 60389 59310 60060 48395 65977 63673 63250 56718 58342 60107 59728 61198 63323 60857 65294 66555 64048 63669 58512 55472 61310 63367 66334 66181 57100 68559 63418 63508 58510 63385 64055 64093 54771 62782 63457 66465 63520 66630 52117 61155 61150 64347 60063 61400 63573 66009 24485 61831 60466 63594 61271 59903 66971 65418 65398 67039 59615 60329 62936 67935 5287 59654 60335 67861 66001 61161 1114 57293 61166 3173 63611 59909 64186 60108 64781 60064 64417 6573 60155 75465 61581 54971 64116 65570 61833 27397 61858 62249 65390 60307 64209 53485 65527 63486 4073 62045 61171 63492 60477 61931 60311 60533 60068 67002 60157 61374 60062 63516 63837 63616 60602 60609 64493 56055 60375 63708 60754 65643 60170 62061 60765 63538 62165 61013 65663 4143 63528 60670 60314 49744 55012 61629 68620 67153 60333 2602 60428 66042 62133 9133 61477 57312 3851 3894 63576 61506 61526 59410 62167 5978 60376 35293 64024 66482 34176 56937 60088 58801 21537 60415 60419 59978 61331 60190 60830 60877 60351 60104 63598 61397 61342 60434 63625 1210 63626 60965 60523 63620 58635 62234 65442 60210 34248 61401 63640 75601 66512 61030 21777 60440 60206 63689 66225 67248 33231 63695 60457 61090 60493 63963 66077 65654 60536 58663 66139 63274 63700 62384 6845 65716 58733 61647 60137 70742 64111 60553 60264 60444 59532 63711 68625 61267 63275 36139 63717 63728 60287 60290 64506 60449 60349 63804 62514 63781 64652 58892 65621 70586 3864 64244 63378 61427 55154 61634 60454 64819 67807 1223 27526 61353 60148 61493 66613 66166 60510 52429 70832 68640 64122 64251 66616 69980 47159 59756 66782 63814 19515 63833 60530 64155 66748 60027 60516 61092 68679 59800 60196 60209 65637 63815 66838 65759 62950 63855 60215 63442 60605 61650 65803 62255 63836 67790 60674 64842 62264 60688 62408 60519 60318 61106 62952 63918 63862 63826 60255 66274 63891 63038 63348 64843 63910 64273 59846 60634 55505 61670 63767 63831 62479 70402 67272 63925 61666 33776 63926 33417 37105 64399 60747 68155 64013 60302 63607 60771 68305 61383 59021 61730 59874 60866 61502 65705 60974 62539 59912 67312 68325 63911 61416 60355 61689 63914 64857 61239 60424 65824 65308 61814 66277 65482 61727 61507 60504 60539 62417 63917 57616 60990 61419 63449 64725 7414 61015 66907 64036 61083 60541 60871 61711 61107 48693 61138 61039 70616 60276 60295 60573 64955 61091 61732 63358 61793 60441 64875 69895 60485 60544 5510 58168 67376 61706 67484 60918 61720 61512 61521 65542 64879 60585 60616 70073 64033 61613 59105 63938 64738 60617 60304 64934 61510 62641 64074 34461 65826 59876 61818 60628 56165 60313 61862 65246 60655 19620 64069 61841 68050 61875 68367 65763 60497 66357 67056 61699 68883 61108 62001 65114 64162 62025 62223 61903 63928 64076 61938 64174 64189 60689 61443 57290 59361 58494 61133 61174 65740 63997 63177 61193 3197 66372 65832 66612 61528 61531 3991 61642 60801 60993 64460 60356 5625 60429 62473 60488 64127 68388 61236 60676 59897 58639 1639 61462 61644 56388 60315 60498 62304 64025 60556 64144 65849 60568 64187 64097 62581 65950 67057 64206 61546 63063 66553 64447 61750 60722 60579 61871 61958 63676 56407 64030 68887 60734 64475 64194 61417 61911 60042 61250 62042 60690 60604 61257 61283 61472 61158 62678 62731 2012 61212 60656 62043 19613 34951 62532 65844 66634 7444 74058 60593 64846 55641 67499 64274 60384 60820 61485 57323 67111 52459 34489 60660 63998 60887 66395 66168 61292 61492 61555 60720 67638 69294 64226 798 64509 61748 61570 60664 65772 61214 61675 60615 58638 65811 60675 61691 62162 66047 66868 61571 63386 64019 68078 95 66180 60956 53490 61261 61420 61266 62215 6211 63727 60970 60040 47238 60694 76779 5325 72317 63414 62390 66197 64119 60728 61286 61674 52620 68080 61300 64196 61289 61296 64236 60046 60729 64058 61688 60666 60991 52499 60697 57535 64255 65106 66683 67500 61710 60759 61955 60792 61960 60894 62124 65901 60760 36097 61933 58791 64485 62260 61627 74604 38133 61488 64060 64650 60916 1674 60999 62333 61999 60398 61312 5813 61368 61025 5739 67181 59278 67406 65037 64293 67214 61676 61549 61404 60997 60839 60716 64278 61835 68087 60856 60828 95193 8570 64128 62046 5935 61692 60435 39846 61377 69868 61071 65907 60889 60898 61775 60911 61851 824 66241 65021 62735 61865 44108 62013 56408 61393 61099 64101 61527 60804 64080 1833 835 64308 62031 60721 65029 60090 62425 67407 61668 58968 61847 61469 64728 10963 3267 62586 68880 61431 65813 62396 65931 61624 60935 61513 56612 62122 64737 65183 60951 64280 61614 65071 64075 61026 62175 61821 61893 61870 48965 64864 61093 60926 61708 64332 61648 68128 72009 59031 64095 10854 64585 61784 60952 61152 62364 15368 28607 60413 59384 62201 64168 62696 60962 62519 39552 66292 64453 62697 62975 65216 64134 61382 61306 64142 65340 64246 64325 61655 62087 8597 68214 68284 29051 62149 65096 5951 57785 61503 3272 62756 64135 60927 64573 64098 29223 64780 66153 67513 67527 5971 58810 65105 61735 60103 64810 64496 66639 60785 65165 66776 61895 64940 60214 61505 22327 60748 64813 67302 64337 64201 87114 64438 64474 60964 5834 64467 67649 64412 60093 64804 62776 63736 61202 60143 3244 61183 67669 60142 65951 60764 61920 62168 64313 65348 63468 62714 67691 28523 60776 60914 65251 60976 64267 66300 70876 61385 57850 61046 68788 66399 69670 64152 61295 64326 65041 61942 2604 62182 64333 62940 69011 66339 77544 30402 60358 64677 65179 64175 65277 63043 61524 61391 61758 31198 66407 61603 65122 60960 61305 64183 66570 66690 61766 56749 61304 61772 61187 56946 63746 61038 60768 69986 67711 65198 52839 60849 61340 64448 61344 61883 66247 64630 61403 66415 61162 61351 70935 64185 9425 62245 61437 64309 61063 62773 60159 62266 68323 4161 62285 61534 61606 61501 64483 67429 34492 1815 61421 65511 49206 64589 63880 64514 66446 34551 64314 57480 61196 84896 36554 61284 3246 60179 60165 66287 64617 9491 2933 6240 67781 58815 64419 62355 61987 62393 62620 66509 61426 60853 61288 61949 61786 65675 61554 1803 66442 65202 64375 61560 62420 62995 60187 61457 77593 64710 62797 72981 65006 58893 63491 61418 62810 61672 12823 61609 65146 62740 62012 30988 5936 53550 66716 64772 62356 69049 62871 58379 64858 59523 60890 63762 66736 66543 65226 64915 67730 61979 60465 64192 54941 61078 65128 61988 61673 62534 62793 41474 61799 71110 62409 65261 22320 61887 60508 62496 66909 63081 64224 62687 63948 61308 65373 61696 69441 64706 61804 62798 61747 57339 59169 69001 60229 61719 65089 59281 61483 61783 61548 58366 61594 60383 65158 61211 61993 63707 61759 60238 62023 62561 61632 60423 65357 61037 62076 64066 64522 4643 63256 58913 60908 65394 77780 36370 68623 61701 69488 59620 77919 64523 66581 34681 64544 65273 1925 64928 50803 61757 64762 66571 64553 63849 65821 64265 66304 62105 61811 64037 67894 62211 65861 59702 64968 53624 63349 65467 64361 70111 62548 65751 66498 65372 64465 66936 62098 61049 66502 62894 65837 695 61439 64387 65391 65563 62180 61087 61797 62429 11083 64433 58381 6009 65883 62907 62472 61824 62916 69085 68299 64556 64593 64602 64568 62777 61204 37009 61813 61005 64125 62957 63428 66550 88257 64470 1261 8064 63106 61819 65719 61568 61447 61453 63211 61769 61096 65888 67799 37123 62231 62183 62974 64131 62230 61124 64981 62981 61825 62254 62270 59434 67915 66324 64611 2673 63488 58137 66873 62578 61826 79990 60514 66684 61519 61856 64642 65062 64471 61869 64669 64533 62292 64582 3278 59880 61834 60554 62662 59436 62814 60467 64616 66551 61788 40286 66884 60931 62700 59505 67769 66003 70002 72501 71751 61612 60500 64770 65264 64603 61900 8781 47278 62847 62635 62796 66043 61852 35516 55720 62853 62273 63666 60577 61919 62830 61082 8705 65987 48040 66953 61459 61134 66956 62457 62278 62541 64694 62488 61940 60632 61636 62753 62497 70298 66328 60472 62572 57939 62901 61010 34179 61923 62092 65990 62921 68690 62585 67507 71166 64108 66558 62008 62656 61579 60982 63272 68382 59771 61623 63714 61197 61249 8747 62903 68066 67144 60863 12685 64638 60503 65704 60540 62573 62915 68163 60325 62227 62148 61936 66640 66169 59694 60386 64651 61653 61234 63763 66965 64445 35712 62017 67847 61044 64662 68384 19657 2040 66202 66055 61654 66661 62174 64702 62111 52886 61425 62966 61451 68430 62976 61394 59672 61244 61755 7003 47655 61995 62325 69264 59735 64992 62657 62116 63497 62982 61522 56098 62037 62734 72994 69197 63002 54447 61559 66673 62778 61957 63069 69074 16401 64198 66231 64757 61402 61596 66713 69364 66403 68167 64704 80102 66348 63039 63292 63536 81565 63284 67854 62763 87572 66436 64756 62851 61681 61635 6025 62026 29566 62204 69425 60000 61659 60745 61047 63111 64939 61974 68232 58396 37269 63115 62118 66477 62079 64720 59764 62141 62414 61796 64605 61868 64631 65296 51424 63619 64820 64837 61156 62184 60793 64733 4034 62677 61246 64919 64962 64736 63134 64257 66715 60475 60860 58533 65644 63299 66753 66751 61023 65255 60741 72148 64124 62771 67012 62095 64769 62216 19714 62119 62787 62402 66484 61175 63347 60718 61129 63370 68202 66044 62252 64778 59088 61686 62444 62259 63649 65707 64899 69213 63120 61698 1839 62261 61717 65045 65850 66494 56868 61268 64298 63138 63656 66723 62277 64660 65276 59817 59325 61297 61398 67028 63065 61399 65384 61930 63757 53035 61604 72205 70825 66483 64745 62460 62286 63215 60083 64926 64763 64786 65447 72613 65072 65230 67719 64789 61465 66788 60816 53361 69275 61744 67034 56965 7508 61878 62262 61335 67049 64986 81687 64995 63828 62295 62220 62128 62480 68634 61499 62344 68267 62826 67054 64988 61000 65039 51 65401 67172 67067 67079 62885 62466 62745 62505 62562 62679 62985 65048 67075 63123 62287 62832 65081 9513 62564 62884 61591 62413 64859 28115 62320 1885 62565 65084 61765 65097 60543 62489 732 65118 60594 62689 64904 58908 67128 65979 64885 62243 62775 69485 60903 5434 68304 62016 65061 66492 48 65270 67129 62324 62584 61722 63166 62066 61034 61601 63222 62919 63436 61190 61726 65124 61773 67211 63835 63229 63780 63051 60547 78458 63014 61423 65415 61319 67138 65524 62130 68437 64914 65003 63023 62464 65126 62603 66504 65115 62498 69905 63240 63028 68324 65137 63248 61840 60948 65142 66089 8764 61855 58144 67213 65603 66600 67217 63301 63662 59854 62929 56974 1304 67269 63502 65147 67271 13037 65557 70027 22612 62708 60966 69550 68618 68093 62943 65180 54456 63503 65151 60971 65191 63845 65173 68732 63886 67286 62829 62350 61476 56954 63058 66609 3419 61097 68829 61617 53448 67295 61902 61592 64276 62469 60191 67451 62523 62858 65227 45609 59928 65358 63067 62937 63078 69687 63084 55029 62611 14065 62176 62568 70238 7226 63108 65344 65195 61770 38060 63185 68154 62377 62040 68962 65417 60567 62331 63279 63900 62579 62399 70650 59860 65185 67154 4182 63952 63131 62619 65581 62361 62156 60513 61894 59949 61032 68706 63036 61153 62202 63282 61608 61639 68290 63047 65223 62401 68736 65281 59696 63031 31990 62622 67231 8800 873 68129 70910 29764 63326 65392 61707 62643 63188 65215 68808 63075 62138 61225 68792 65660 4091 63337 15857 61159 65175 66105 47514 62554 61409 66008 66726 63380 60044 67337 41537 61908 65508 63194 66154 63527 63434 65236 71148 65278 59685 62660 65748 65722 64043 57013 69169 66624 62638 48354 65534 61816 71662 62424 62427 65353 66559 67288 63902 65283 67403 73531 60584 63496 63276 61265 61844 65726 63281 62706 62452 62432 67294 65285 69170 62203 65428 64084 63533 61422 66359 62624 65304 66794 66859 62435 62666 65523 69721 63332 73564 67332 7616 63110 57038 61879 66652 63336 62448 73758 19888 66864 63230 22631 65178 66877 64091 66911 63499 63583 60662 65667 65420 65773 66718 29839 62299 63366 62434 63369 62772 61884 64402 33861 63635 63512 63444 65568 62781 62789 60683 61947 65732 65783 62306 64117 29929 63395 62794 61909 65433 69426 61950 61480 61537 62074 65668 37200 65596 66645 65606 64277 63523 63454 67483 60128 63530 62819 63554 65607 69876 61917 67539 67389 62823 68245 63739 62545 62569 62080 62077 62835 62502 67399 62317 63113 64312 62520 65396 65805 65662 63540 62089 65469 62722 62129 70255 69461 68874 62139 57043 64416 62359 62576 63789 63466 61474 70977 62580 7412 61800 62607 62279 62239 65461 62811 61482 65687 65545 65544 62453 38640 67641 63860 64346 63549 71243 64138 63861 68225 62623 66998 61944 59774 67401 62233 69566 62437 67408 48969 62247 66918 65530 65624 62621 71299 61965 65858 63514 62840 63601 62996 62844 61597 63559 67775 64442 57149 65674 65887 59967 841 67442 65915 61679 66976 62591 60597 62637 62462 65708 61978 62474 69600 67041 4187 65694 67462 60778 74497 60780 48086 62964 62510 2689 64595 69694 65549 2366 63943 62880 65735 63562 65640 70999 62650 62275 63596 62738 62883 64698 62960 63606 65929 67918 65876 63651 63939 65933 66919 67221 64910 63858 55180 63236 64636 63419 65681 65769 66066 63977 64157 75407 60259 63661 80267 63495 65770 23096 69547 64452 78738 62663 59878 71330 66730 19660 63660 64749 67490 66935 62282 70773 4199 62571 62846 64764 62821 8808 67756 65836 60783 67774 65804 89164 65860 62596 66983 61529 63008 62288 65670 62909 62863 65903 62737 68410 55611 60846 62682 64466 62683 65928 60873 63682 69699 38744 69754 65463 61802 62305 62014 62867 71388 67050 65975 66817 64151 65706 67808 64018 62970 64133 63566 64990 63117 62946 1689 66073 67175 62953 63667 64208 64179 56078 62988 73390 65988 15816 69921 67183 66905 65921 67255 6053 66004 61600 62338 63643 63677 57167 66034 485 42592 67937 67338 66018 66796 63796 60134 66045 62997 62613 65780 63941 67944 67094 62751 61380 67993 63854 63865 63693 64835 61982 207 62392 66879 62218 63696 60891 63868 62038 63003 61547 74224 64640 63694 62639 62759 59983 61915 68079 16331 67879 61442 68146 65023 66159 63142 63221 65132 63163 1393 63830 59962 67114 65937 63922 62440 62760 62248 66155 29966 67660 57264 64796 69781 63007 66067 65771 62447 48262 63936 66135 63588 78749 66183 53495 63725 62110 56695 68060 3307 65943 61657 61734 66205 66243 67202 68961 18027 67531 62217 66074 62478 64881 56959 68150 62328 71433 63060 66088 61590 66186 49362 63839 63884 66266 68278 67778 65024 6778 71565 61185 68064 64311 66988 64891 5749 64888 69851 62352 63146 48274 67253 67285 33949 63245 67340 63744 66193 62503 60652 84981 64901 63778 60680 63346 68368 67001 57355 69171 62064 62065 57392 63942 68393 65219 60019 62688 63102 68119 66318 67384 63130 70116 67301 70260 62817 75085 61956 67324 68483 68177 66204 56859 63389 62566 64029 66273 49292 67101 66288 9502 68318 64906 64197 70036 73591 3322 70205 60806 66079 69211 62707 63956 62358 66148 64051 57467 67883 63186 70046 64948 66230 60370 63149 57050 63098 64221 2113 60906 63197 66319 63224 71091 62779 61791 63784 62838 67363 71632 63897 63748 67352 65491 61808 67400 66198 63806 69371 65157 65540 65885 63877 53757 62221 63152 62481 66283 63199 67366 66297 70257 70311 65925 67636 62135 4072 62873 71984 63816 63614 58456 67830 68096 62157 63205 67435 63368 66882 67840 63371 62395 66355 4537 63239 67976 64478 68161 58120 45343 64935 62875 70320 70360 63264 63953 69667 64089 64177 68884 62237 63787 35082 63834 60998 62998 63318 70261 66323 66337 67198 67163 57807 70884 64944 62899 63867 63945 69118 880 66421 60907 64515 70383 5229 66217 4704 67265 66425 66315 67425 68420 67453 56163 82990 68158 67455 68376 60702 66367 64538 66485 9529 49417 62400 63961 67562 67901 62848 65731 62438 65953 68221 66443 64974 66381 68526 63384 61652 70431 74205 66013 63851 63924 63312 58104 62271 68363 64572 62487 72080 67458 64841 70583 64003 66249 63951 66007 63406 55227 65182 63967 67946 62967 62290 64872 64008 36079 63960 64112 72326 68432 64077 70350 66489 3336 68138 62665 46969 63506 58599 57672 63591 60135 63982 65221 71013 65766 63463 56919 68616 5534 68743 67472 65938 67949 57175 69515 66495 62340 3339 70605 54741 60300 65075 71723 62351 61962 1346 66327 70427 70434 67605 60972 64129 71126 63930 68131 58916 22692 63356 45621 57179 4220 62376 64873 42596 65053 59115 3355 63950 65199 3310 8877 66404 68798 63621 69439 62971 60378 68457 67007 49410 49655 62647 51402 68140 68599 62757 63531 62442 68240 68242 12964 66011 66506 64085 64600 67044 64079 66087 71180 63026 63033 68505 2685 63990 62674 66505 11194 59720 66024 4355 66430 49018 66520 66521 73722 64844 64207 64165 31111 60244 62692 64237 63869 68339 65224 66065 64096 64118 66394 64620 68300 62799 68243 62855 64534 67503 63350 61055 63219 70939 63719 70993 66547 64252 64341 7515 67536 66493 65250 65856 60385 35170 63469 62504 63132 67648 66115 66567 58210 63544 62112 65303 2795 62512 66150 66117 68181 66573 67764 68899 66126 66196 62695 54999 68864 68346 72568 67568 73467 67617 64052 64167 78863 64172 64355 67655 65286 60438 61444 63447 66096 66598 66522 64210 66177 64776 68348 64408 64102 68601 67550 68357 65060 72375 63733 64672 64409 63556 67957 64799 66631 4882 68174 64233 64053 63341 61509 72389 66210 81380 63377 62558 66597 60812 78945 63477 63612 71907 63584 65311 43461 66657 68389 62517 63954 62924 64259 63029 5635 62428 68653 63629 68395 68414 62861 64335 64455 70496 64184 63438 69580 58627 62567 63557 66360 67656 68429 63683 64535 62602 61520 66656 63048 70000 67796 70707 64203 61101 68557 64260 68804 64065 68746 63957 64296 67823 67844 23138 61130 64231 68608 60400 68770 62715 68994 62642 64141 9856 64279 62316 451 64683 63595 68081 66680 66455 63622 65366 64336 66835 66602 14843 64121 64462 64352 66663 63568 9040 66685 68823 66667 67628 13190 62339 63155 69019 68840 62730 60024 59122 49826 62933 67735 64370 63650 66675 63267 64975 67862 68852 66688 67670 63168 65412 66693 6263 62930 62727 64297 18599 63061 61745 48609 64343 63472 64397 63587 68647 62945 48540 5448 69034 61564 60876 59179 62127 68666 71312 8842 62815 63686 66514 65490 59221 66774 64435 51560 64437 80519 65067 66237 62423 63627 63634 65211 66789 66228 52600 64415 68988 66739 67816 52783 64469 64500 62764 59404 62980 68498 62783 66738 65495 63208 68549 69082 66834 4449 63273 63690 64461 62876 68577 63290 75618 68586 64503 74290 62824 39447 69017 60292 64880 62145 64351 67003 64890 66664 69103 67870 67414 66937 79718 5794 62200 67842 64551 64718 2736 63704 65555 69742 65519 64382 63013 67875 70098 64823 72611 63927 63995 62446 66321 64484 60432 57505 63094 68595 63297 64564 40295 63105 71311 68826 62235 69124 68151 66773 66539 64855 66756 63074 64537 69126 64554 64578 67045 53895 68169 63096 63765 64724 67261 64007 63091 37759 49443 63164 64892 61977 5800 68749 65010 36215 61179 63169 36393 65325 52769 71349 64861 60838 64922 64624 62267 63302 63513 64423 66564 66566 71108 6334 72731 65595 63766 63734 64517 64464 61170 64473 64491 62368 59250 69610 65080 64527 61338 68807 68828 69614 64679 60141 61763 69051 67943 66099 70758 21470 64543 4074 64700 71357 67436 66758 66325 71442 63306 61972 62862 72738 80815 63331 63805 75655 68805 63174 5983 62902 58693 66344 18389 64761 64015 68011 64966 64576 65247 62398 64978 63844 73086 65347 66865 66449 88046 67119 62491 66823 66799 63107 71447 69184 64601 65015 66825 63894 67177 66832 67885 2124 69332 63133 65254 65365 64613 741 62132 73098 70220 68815 70405 63392 66855 64579 66468 43883 62963 62969 69363 67717 65073 59422 893 7544 70417 63190 67441 64635 62509 60959 63198 69634 64766 63027 37723 65265 63947 63225 67895 61986 60968 23379 67753 66649 63316 66560 65300 63426 63206 63792 67900 62144 4607 64782 68827 66916 64031 73158 20407 73994 63546 71484 64132 62193 63846 66928 66812 68472 6092 66819 68869 64149 59512 66966 67224 64862 70509 68170 64614 62315 69234 64815 63293 64654 66839 57585 65020 67505 67317 65756 63212 64845 67615 64021 64667 61997 70608 68216 21274 63305 68873 62809 63909 11139 63017 66454 67466 57601 65597 53017 67130 65793 68966 62274 54166 65657 68236 62926 70834 63057 68024 67635 61243 48602 69268 63798 62761 68254 71516 64680 62280 63555 64793 69307 62755 71852 69136 69393 63252 63646 62904 54329 67328 62800 4116 61367 64202 69002 83353 67972 63913 66848 63135 66883 63170 457 69217 60327 64684 62802 63086 64930 64685 66583 63970 85155 69649 68862 24647 62948 68986 67983 63286 63314 64691 67994 84807 61410 33758 65090 67402 64717 65288 65828 62718 69237 62096 65337 64768 69432 64773 69460 66523 232 73207 65368 34969 63582 64707 68084 63034 63416 68222 62106 66619 68261 61435 65290 67428 64205 65361 63059 63173 66891 53461 7554 75627 64818 69359 65382 68059 64241 25723 72108 63204 65177 64836 71097 63500 61498 63283 65404 68612 53823 64840 64571 67240 69241 66636 66898 64889 35821 68262 63334 69006 71794 69538 66929 62369 70643 24704 71531 49539 65954 63360 67348 67477 36380 66968 76759 62199 63905 63631 63400 64248 63183 49611 63191 68067 63401 9151 71171 66671 64853 66052 4297 68698 70924 65411 63320 69265 68247 71857 3381 64779 69480 64886 62805 64893 64619 63405 67478 62910 19719 68291 68754 66945 66743 67043 63490 6007 68328 64967 58559 65051 66980 1305 65069 67725 64249 65437 63437 6005 69463 68445 24666 11202 69391 65473 66979 66950 68178 63453 63532 69700 65116 68755 37480 68219 85486 61754 66749 67017 63440 71567 63484 73242 63935 69745 64972 67496 67566 62411 70684 63451 64283 68477 63257 66780 68407 68939 64714 65152 60015 64059 69413 71538 903 69871 64747 64081 69008 63483 67019 69292 64289 70677 64777 66119 63526 64989 63285 66271 70685 68479 63265 65156 64896 64063 64291 68482 61656 24932 66892 64285 62526 63735 54528 69576 63494 64310 63809 63586 61867 63593 68492 40580 67630 67738 62709 6132 68529 63383 49666 71468 45424 66970 67208 63505 63668 67634 57962 69703 63684 65475 62828 69094 60525 67848 70032 65465 67930 67027 61829 50034 63589 63623 63663 73875 68514 52127 62147 62833 62265 68525 65225 66279 63597 73359 64798 64884 64428 64883 63547 68566 36418 64292 64395 64596 64984 68569 63388 65485 58018 67573 70183 65641 61640 59272 62723 68580 68027 59025 55572 60737 67701 64902 63452 68790 70788 67645 63608 68600 62303 63431 67812 62329 68645 68233 64318 67902 62900 74562 71570 69647 64699 69397 64950 64997 50723 63726 65031 65239 69464 63558 63638 69782 65496 71055 63859 65553 63446 63564 69793 63592 63742 9163 70221 65658 69837 64472 67626 39585 65143 63747 71212 69639 63178 63770 2660 67131 58363 67029 68285 63771 63615 65235 64701 72402 65042 58025 63775 67339 65512 67813 67835 65996 65688 63409 64743 63266 63443 67378 65244 71652 65892 62374 64925 49975 68662 65310 69892 68824 72743 67903 65543 69096 65130 68648 77104 31642 71746 16557 63458 55208 64969 76869 70525 64374 61921 64751 64811 4850 63636 481 65349 2998 62418 64961 63639 65715 65189 66071 63994 63637 69105 64753 65352 44044 67511 58004 64353 67112 68700 65497 62108 65059 62914 37895 69804 65537 66982 65550 71903 62375 23410 4369 67979 67093 67167 69862 65108 65319 63680 67852 70325 63655 65509 65040 64054 69354 62728 67904 71643 64123 9512 62932 65586 65894 70028 63345 63730 64086 70059 64951 63965 36162 67299 38524 67237 15031 68657 68854 59465 65188 68001 50886 62633 65263 63701 62052 72042 6038 62661 68944 65799 51657 72122 64148 65327 68715 59231 81972 4330 65639 65001 7558 82153 68764 69157 63779 64963 68031 64976 63652 71577 64741 65232 65354 69644 65367 70209 64851 62987 69134 64499 67646 69250 9586 65947 72347 70808 58395 68813 65405 68800 64869 64364 63410 67242 63810 62690 69546 64158 65986 63795 65786 68860 65889 63083 64324 38681 69865 65007 63664 64378 53097 16954 63821 69313 63697 63940 65863 69149 64588 68901 1728 63706 66235 65448 60296 64750 69430 69873 70362 63092 66282 58047 63980 62837 64882 90171 65134 67519 61105 53787 68794 67268 67393 63720 21938 64159 63987 63716 65238 61194 70514 63993 67397 65102 60056 67525 64064 64300 64673 68872 66621 64227 42205 61248 66993 65470 64126 65206 64675 21587 509 67257 65336 68879 6867 63824 67014 65205 60131 72139 62140 68914 4376 59260 59355 65520 64430 63750 66143 64171 63760 63978 67256 55589 65484 923 65610 63803 69886 66413 62672 64927 67022 69899 68889 65369 69922 64180 63764 64256 65636 64529 65028 56023 71658 69100 63793 64356 69950 69422 65940 72176 65650 65642 65501 67037 65656 70903 66187 66836 67674 12846 70607 66350 66200 65815 3388 67125 68039 64294 67909 64384 25422 66578 61384 6560 58710 73292 68918 69969 62742 64322 64381 77782 66259 69141 65955 61396 43785 68927 71220 69909 68947 65659 63921 64219 70907 65820 66264 65551 72367 65305 62171 71611 67528 65698 67681 65218 65237 73899 65301 71280 71705 63829 65032 42494 68017 63841 77642 62920 63376 63985 65700 67551 64005 64204 64562 67278 66996 68032 65730 64494 65436 68010 67375 67347 64305 65376 63430 63124 64230 67726 72163 65316 66058 70053 64947 62818 67422 61448 72065 63955 6028 64038 65613 64225 65714 69525 67279 67447 64228 73929 61812 6567 63561 64268 63192 67621 64282 67357 65736 62099 71309 67411 65738 62404 68965 67497 65322 65332 68315 64323 67728 68061 64386 69806 68974 69978 63946 64044 65343 65617 62869 68094 69916 63710 68101 66604 63255 60283 65375 64643 67760 65381 64087 65765 72750 65830 66002 63359 69163 67850 64418 65407 64468 64501 61301 66061 68316 66072 44077 64609 67449 62721 63361 70337 69486 72645 66620 67042 65408 66095 64070 69003 64739 44344 63761 74321 63116 64317 64775 68981 69928 69628 7560 70104 63986 64090 68991 68114 67358 16961 64022 65153 64666 65749 67851 59601 69514 63812 64140 64581 68758 74902 70989 69068 4348 67374 66686 65426 67787 65000 1762 65046 43351 2849 65068 65421 67878 69164 70156 64726 70231 64330 72771 9592 61605 62172 65438 5258 71038 65873 6388 64232 68428 64668 64253 9635 64169 64039 64612 65453 67892 66301 64239 67955 65690 64137 69072 69168 65440 65835 65070 64193 64746 64342 65150 67377 63820 63838 65269 69098 70039 64525 60189 53946 8009 64354 66142 62189 68118 69316 44712 66322 67236 65386 67966 67582 66760 69543 66368 82580 72145 68134 37561 66176 64767 65612 64147 54032 64591 64358 64371 66841 71040 65435 69119 69651 67521 87960 65456 73692 65457 65905 73780 9634 59478 65622 64516 72193 64690 70199 64594 64379 66722 68135 66216 62780 69035 65632 74979 58235 63121 64389 72789 67386 65682 68707 64390 65677 70225 64411 68809 65166 69065 72817 65711 70658 67996 65477 65479 64597 65854 65451 54186 67508 65733 64238 69121 72848 68103 60050 69063 69143 62205 65486 67916 66251 69145 65057 65458 62531 65635 67606 60294 66930 66565 64103 64849 64414 65750 70070 69147 67928 72271 72217 65757 67673 64444 66275 65504 64150 64898 66280 68110 66314 69193 65702 64431 67723 3437 69325 62698 63254 68175 66326 64449 69718 66987 65459 70376 70258 58822 74141 67544 68136 69174 70371 67105 2053 69220 62455 64734 68197 70306 64385 70764 70335 69445 67765 8335 64795 13627 65498 66308 68255 71136 65184 69760 69155 64905 38812 67837 67873 67694 38978 67252 62525 68301 66320 65471 64457 73155 71806 65920 65676 66343 65857 65778 64481 66336 67876 71158 65513 70396 64546 64211 69179 66340 62895 68180 69334 66362 70400 68327 68237 71195 65529 68310 70664 66618 69227 67978 66384 63053 26011 65554 66397 65556 44858 63352 60367 70877 69240 69990 43412 64547 68334 65476 44945 65559 69331 66444 64492 68314 69992 68335 13214 65560 63397 68793 73909 67383 70129 65587 68378 64816 69442 69160 93882 66452 69455 65609 65791 71305 69505 64512 70420 15468 64561 69518 65845 69604 79899 69247 68417 1336 66487 63089 65011 51258 67931 64170 64580 65506 67744 68628 70459 71778 67779 65743 68353 65867 69188 4574 70010 67961 66410 65936 70577 8391 69617 68287 68319 64584 69648 71191 63467 66471 63782 64559 65614 65025 66056 64623 66064 67391 36900 65864 70696 66595 65634 70064 64878 73481 71234 65063 64220 64498 69574 65754 66747 66076 64234 69350 64656 66420 67984 64555 63158 45392 65573 64637 73216 65627 73353 65930 63161 63475 69204 64663 65880 70703 65629 69731 69302 64807 66525 65680 69521 3453 68358 1800 68404 65005 65564 50158 65649 66080 70499 63853 4901 65784 8533 4185 58729 62530 68403 66107 68533 54453 74254 69584 64000 69840 65695 67941 64271 64590 65671 66146 80657 69315 67633 67995 71588 62636 69340 63321 64607 67953 67662 65572 4349 67473 65792 58397 68544 70106 67415 65684 65718 24288 70127 68091 25435 70148 742 64357 66728 63338 65970 65737 43704 699 65579 65879 38349 65808 64827 66195 63511 67016 64929 66211 65819 69678 68399 62739 66563 71016 69375 68547 63403 70688 67052 70453 65976 68013 70252 63343 68018 70501 64258 66218 62589 65823 66535 69308 66236 66012 70585 68218 67171 68464 66223 67517 66676 66910 66934 65739 1458 68065 68550 69406 66234 64671 66959 68571 69477 63481 66270 64676 66524 64977 73333 63433 73759 66544 67567 63515 64681 68578 69931 67223 65164 62348 70152 63493 64709 69509 63364 71306 68030 66240 63553 3300 65088 66540 55607 64788 65825 68650 65914 70787 67676 69570 64719 67578 68204 63517 64721 63856 70022 62769 65009 70588 65865 70197 65871 39808 24372 66969 67133 70245 63580 54946 68326 63542 9389 65192 68349 66299 60393 66353 65965 66370 50939 9680 3464 64348 65973 70945 69920 63813 70714 63827 69599 70973 70596 63688 68591 67476 67675 68664 68727 55161 64441 64200 63840 68768 63932 68597 63705 65242 68500 64832 24157 68496 63570 64566 68774 65155 70223 69563 66136 67241 68573 70676 65884 65787 63857 1263 69709 63915 63882 70727 67724 68699 66499 66347 65133 64730 70847 68737 65962 69349 63579 64302 69553 66668 64987 68555 64765 82608 68776 73470 74206 64744 66352 69934 70849 63617 63525 69015 66592 70275 64923 68822 69620 63659 65703 65256 64957 68931 66366 67782 63743 65978 65745 66677 2149 66103 6464 73475 65022 64800 69778 70976 71669 65747 65561 70296 67954 67683 70370 66289 70415 73488 64812 65834 64834 65082 68594 72172 3512 64009 70873 65985 66516 72305 64826 67251 66629 69996 64615 70895 65788 60431 65248 66638 64860 9752 66392 65297 70483 70005 74235 68719 65802 74414 64703 68720 69810 68744 69946 68045 3477 65851 78635 70978 66972 58885 66309 9365 65193 74495 65852 65859 70191 64458 69379 66607 64790 64897 66679 62770 25511 62882 70409 64360 65874 66405 65898 71001 65271 65441 66995 74511 68767 55492 56116 66709 68190 67342 65272 70710 68373 8872 68963 65913 68971 67417 69433 22159 70052 72213 68978 63604 66997 71101 66745 149172 66764 69929 71287 66742 64900 65960 66847 68940 63675 64641 65234 66531 4464 71320 66298 72223 68987 68333 68602 71359 73742 69207 22192 67698 65313 65274 72421 68478 85319 69047 64035 65004 65893 69225 71360 70751 71382 65329 71017 59052 64805 65916 65335 71059 63087 71483 65035 65948 62939 72470 66329 70076 69266 60633 69054 70099 2156 64729 1900 64839 59071 70640 65038 66574 65968 65993 3407 66053 70551 66752 39998 71112 65200 68830 67139 70639 68677 9379 66070 69201 65591 64794 69454 58430 74530 67789 65163 66081 70739 64865 69482 66681 6080 65638 54618 66778 69206 69086 74666 70763 64082 65013 71130 70457 66020 60762 72254 11361 65209 59111 66010 65078 13844 66094 20323 70299 66097 70117 59859 71509 67005 66427 64903 65410 64829 67011 60085 66100 66123 64263 54251 65980 66118 69624 66365 65672 74093 65217 70202 66164 65723 65500 66199 66253 69776 69064 66028 65742 65034 65231 63687 65284 68738 68391 63888 64368 68929 4203 65746 66041 36335 63920 6103 67822 66144 65317 65413 67032 69503 65891 66184 71592 65777 65241 70015 68534 70188 60789 68406 69083 5472 69420 72692 72146 66814 63933 63703 67263 69801 66346 68354 67557 70206 68779 64907 71627 68932 8845 66037 6086 68295 71975 64398 71162 72245 65086 67863 63968 65522 67975 69108 71223 65899 63723 68670 66402 66429 66472 67026 71853 65991 66491 67794 66050 67006 60969 63072 66233 6096 66949 71590 66129 65967 66530 66084 61122 63999 64933 73903 66104 69524 71962 66112 67228 66843 71656 72249 67250 71041 66871 64057 65377 63843 66447 65125 66113 69377 52555 70345 64941 28051 64046 66040 66156 70126 74682 61274 69120 69310 67825 66437 52614 71733 72027 66185 65547 65181 64497 65154 67066 65419 66479 76071 67874 74770 70175 68537 67456 66170 71186 67625 65464 66201 69407 52589 67917 71752 68615 66922 80837 66161 69151 72323 65633 66537 70174 63848 65318 65049 65228 70875 66396 63218 69828 66172 68003 67100 65240 66439 65229 69947 66901 71008 67142 25861 66291 69987 65371 63966 74988 66209 67933 66284 65466 66554 66312 61386 72998 66338 69190 70365 66377 65472 66704 67085 64664 64113 70214 68125 64456 69436 57789 66490 66409 64154 72165 67239 66591 61645 66423 71922 70330 70084 65790 69591 64339 68853 66766 69583 71173 69434 71247 10110 65480 69593 64488 65510 6192 66617 72256 67173 69915 70613 66433 66687 63448 63159 68710 70718 70125 4430 67631 69989 69367 68775 66441 10185 66580 66208 66480 66648 65279 55556 72266 6474 66500 64674 74971 66844 65345 66529 65406 66887 65605 66466 66705 65326 67088 65653 63919 64388 65489 67117 69869 69500 65149 67680 66674 66606 70937 65536 69205 70387 58267 65454 71185 38088 66696 72397 54122 26694 71760 49312 65665 65709 67689 72422 3541 65533 68783 70219 68379 64215 70160 70180 3039 67792 10060 3558 70702 3486 66852 924 8562 65567 69218 69320 66888 67146 66863 71254 70273 64139 61667 65356 69267 66759 66226 66915 72592 73951 67856 69611 71770 64549 70200 70394 69923 72709 71862 59565 67463 84140 66708 67199 69956 66714 3442 65710 66792 65628 66769 67036 69427 66828 64964 71939 26747 63989 67266 66369 63228 61050 71272 64646 9639 69107 71344 2857 75164 71179 64696 80883 69589 65781 55627 68844 66872 68184 59340 65514 67889 22467 67291 70673 66881 65518 7562 71872 69657 4604 70460 64099 66897 70033 72289 64604 72808 70398 67287 67297 69269 72032 68209 68385 67833 74901 68423 65252 1912 61468 65801 71882 64213 950 64299 66886 67158 66899 64752 68832 67311 65744 67336 67103 67367 66552 66438 66610 72679 66920 65267 72299 67563 37856 65779 64304 63679 66931 63482 66938 65862 38125 70270 68238 69677 65868 65896 69447 71455 66957 68848 61742 70882 65590 65602 66960 64403 68332 68893 64785 65541 71659 65812 67518 69335 65897 72926 73502 75003 67030 65992 38297 70124 69679 67600 69686 67632 65829 65900 67189 68375 68504 70826 64713 67716 70058 72365 70292 26791 67912 65910 65330 65927 471 70757 72352 64856 63991 69602 65608 66927 72899 70140 71508 61135 71897 70147 70384 2906 66046 67514 64771 71908 66851 66190 14292 65949 65956 75189 70446 80011 65972 66659 70537 65569 72717 21217 65982 64912 56723 67191 962 34798 69823 58320 70310 67877 67038 67170 67216 69025 64391 72472 66791 65997 36466 72418 67303 69705 66222 72420 27507 80462 67610 2996 66000 22311 70700 67068 67249 22334 65620 68561 70340 67104 69548 66611 69901 68495 64482 66375 70406 69736 70456 64732 67405 4266 71084 64040 67588 68193 68621 66260 70494 54690 66582 66497 66386 67404 64434 67709 64536 70533 61948 66031 67721 69346 66785 75206 65014 64563 71981 72510 68019 65414 72431 64223 66108 65758 81131 70226 67533 67732 66083 67227 66416 66991 11321 70730 69078 66057 24402 67047 66831 70902 67553 66809 11389 64740 70565 66665 70632 65679 64695 70574 67247 80917 68631 2175 68711 64705 75264 64427 66069 73575 67055 70659 68718 72737 68518 67091 66488 81038 65532 65774 62370 66546 67113 66869 65033 65827 70686 67589 66669 88541 68567 67613 70990 67526 68799 67121 69470 75390 72502 66781 67289 70705 61203 66829 66867 66874 69030 67720 70647 59666 70233 68722 67166 62027 56850 69618 72012 69792 62057 65999 66093 73318 68741 66896 76241 71529 69312 66912 71068 8936 66127 69795 66626 71188 70756 72017 72585 65110 65017 70779 5392 3202 71403 67176 71215 18018 73673 71230 70740 75182 65600 66131 65307 68035 66978 70743 72707 67766 67722 67620 66501 3206 65100 67024 67062 72033 68784 72954 68786 61752 70701 66132 4843 67973 63768 70512 70728 18298 70791 72967 77538 69857 75458 67306 72906 70863 71113 72096 71586 68802 67145 67179 72157 71390 66149 72977 66145 67174 68563 65172 67180 67831 66175 67033 71125 64863 66710 70869 66178 84175 66923 67327 63101 65842 67201 67313 9604 69863 55020 70753 72237 73036 10404 68878 73921 71615 66229 71065 66267 70253 72812 66510 66517 68721 73133 65139 69140 52412 68521 65558 66157 70754 66276 92756 67120 66171 70410 66985 69894 62131 70946 67868 67354 67945 66330 67330 67147 77918 67225 65321 64380 67207 72201 69148 63786 64440 67165 68095 64476 68000 66408 68022 69156 70816 67194 73131 70013 64524 9533 66213 67246 64557 71070 75468 67259 66335 70804 66122 68055 66926 74007 67364 72507 67446 67300 67307 69896 67323 69396 70817 67365 69504 68641 67396 55091 70375 71911 17794 71135 65843 67468 67494 62219 65430 59724 67335 60359 75474 65908 67270 69902 75520 66589 65210 65107 65565 66462 62653 66422 73926 64618 67991 72408 68075 6574 71514 64511 10092 66513 68085 45881 65625 37 70824 66426 66232 67703 70904 69139 73261 71124 72411 67232 70979 66221 66316 68089 64797 69999 70913 52756 66428 66475 71114 64678 70474 67757 72526 66519 66989 66557 67471 68659 64693 70923 64806 65585 71527 67530 66254 1778 64306 65026 72767 69567 66257 71004 67552 75670 72917 67800 67351 68910 73140 67368 74326 55751 73856 71169 73473 71034 70042 71035 66585 62956 67394 67464 68542 67805 2688 71204 68859 68919 78 71571 67577 67604 14086 66593 68144 65919 65971 69904 70880 70767 23224 69224 36746 67849 71619 72565 70089 71228 66798 67690 72878 66006 6252 61859 60528 66605 66811 66646 66261 1926 65093 67727 70606 65323 73535 66448 66650 66994 71064 67283 67601 68935 70380 68575 71232 66695 68105 68123 69444 66474 67234 64657 9927 64895 67333 72412 23466 67515 69472 67314 71319 68941 68026 67597 15827 66496 71052 71425 66697 65548 67642 6350 67752 65162 71066 41431 69016 64874 67325 64960 67881 66974 45121 73659 72586 67025 72970 70122 68102 68048 71100 67488 66265 73141 68435 75764 68005 7576 66682 67618 72702 72775 10207 67048 66568 73272 66460 67086 67737 68215 60588 67666 67712 5098 67200 67806 74197 67258 64190 45920 70720 70014 63421 68058 66720 66373 23495 47348 68256 68289 71391 69772 75795 65351 55306 70737 3483 37897 64692 73900 68152 69516 71119 68099 64708 69926 69586 71242 10410 67839 63873 63551 71219 67554 68166 68989 68606 61238 70845 66049 67092 65388 70137 65717 70611 68212 66390 67890 68271 71328 69725 70021 68172 70827 67098 71546 71168 44198 71677 2191 66162 6904 70009 66527 70938 70530 68771 72806 65389 67178 70858 65762 67275 72525 68361 66731 66286 70746 4358 65077 66596 69023 74648 67315 66762 67747 66262 73315 71505 71626 66478 65526 25248 64731 107 66878 67593 70783 66548 52996 67416 65222 73476 66767 66281 65268 63811 63903 69975 53940 68126 67009 26917 70068 71633 67804 67345 71697 74798 65289 67543 67308 67074 66754 66572 67320 11125 66768 67498 73771 67549 76261 14222 67469 66310 7018 1361 68192 70943 69037 78513 72810 67570 90507 67109 68207 69596 64100 74473 73889 67190 69055 70839 67555 66784 65796 72819 70114 67650 65094 72083 69535 67652 71802 65378 66826 71236 71297 67155 68811 67668 69084 67584 71641 66632 69104 72814 73920 67911 55931 45564 62170 71689 66805 72841 66579 66434 70954 67219 70138 67590 68227 68419 66772 68387 70141 71871 68275 71231 64120 70155 90936 67696 66842 65095 66875 69882 58236 65452 67212 73958 6419 70162 66419 68851 69259 72931 73983 72845 70165 67956 11400 67443 3637 70182 68381 75631 67542 67569 75288 67678 70620 76089 67815 67777 71333 73657 70997 71304 67083 67150 68416 67964 78212 66467 66060 71952 64973 68250 60596 71424 61313 69276 72115 67622 66795 66944 70995 67685 68447 65460 71651 67986 64242 19850 72949 65111 70761 67506 68780 71009 65120 71687 65121 67160 66777 68199 69092 68279 67739 65807 68281 71753 72360 72968 67692 66947 70212 64540 45922 68053 70424 10477 66651 68303 66761 71920 76313 67791 69376 66457 66973 67824 65598 68997 69592 65583 67773 68359 67594 67651 66790 75115 8957 66984 65651 66807 11784 68510 69603 64541 67841 71663 68535 68680 71957 71368 68585 12257 69673 68411 72534 67008 67058 66853 65741 67061 76341 73071 65720 65831 68448 61240 65724 68531 67853 67385 73989 68785 69395 74108 67860 67614 74769 68033 65729 67188 71315 73080 74080 71767 73101 68506 56551 66269 67932 68592 72916 91279 70918 76434 3693 66850 67071 65767 68007 71073 65148 68626 69625 67843 75346 6370 68637 65713 26778 68440 76191 67699 6875 71291 67072 73205 81856 69636 68330 62790 76331 74126 74607 64301 69295 67437 68540 71499 68068 73775 67197 71709 17917 2196 71761 73327 69317 76440 71544 71840 66893 9677 68639 75220 67218 67968 6942 66914 69336 71266 67205 9135 68635 75399 79519 68689 64697 10248 62864 69423 68251 79759 68614 68726 71345 71371 66856 73105 67206 71878 65341 67090 68009 71346 67770 72296 73199 69672 67097 69711 69474 68933 66932 69380 71919 64328 66954 65775 38525 61256 69746 68329 67619 72618 68795 69595 68902 27179 68034 67795 73020 68062 74970 65794 75403 65924 68076 66014 67290 71695 78454 69400 70190 38083 25634 73284 73907 67802 68109 71525 79703 68108 72636 59864 6936 75724 66977 71905 72016 71422 68056 66845 68636 67623 74033 68476 64727 71498 74828 69682 68806 66861 65848 74137 65866 50959 65918 70386 66295 64570 67089 60460 68979 71616 66331 65393 6975 67967 72135 68223 70198 68127 67162 45964 66391 65922 67893 66121 70449 67882 67448 70450 67493 68130 82430 71727 68562 65946 69726 68908 74268 70992 73307 68730 72463 39228 64392 65785 71394 68148 71834 68351 69415 75791 67244 68756 68930 66536 68583 67276 73377 73337 75856 71925 70486 67292 68176 68198 75447 68412 67187 72366 66902 68982 72104 67304 67427 68211 69189 71972 68231 68392 65966 73445 67707 68288 70532 70558 75963 69951 66594 68936 68843 69045 66078 66248 70011 65170 67433 73495 69070 66021 60582 70250 67184 66786 68572 71241 65131 64628 65171 66059 74139 72403 71717 73520 71930 6472 69203 71426 65176 66102 68293 65789 68338 53102 30036 72150 67926 65571 68340 68203 19863 72762 68370 68341 93429 71758 67243 71534 68343 61864 70591 39723 61354 71910 74073 73636 74099 67754 70996 69414 67452 68371 71099 65054 68397 67457 71974 69807 74154 65409 55516 67965 67359 67369 67426 72007 74179 65521 71521 66939 71734 7035 75725 70619 68205 72040 65197 71549 69536 73606 62326 72052 68434 72061 67051 65395 72089 69811 66556 67492 66128 68452 35697 67495 68455 74198 69955 68488 72136 38141 61415 70118 66603 70697 68491 70906 38291 70615 69178 40738 72809 69490 69597 68493 69230 68693 69235 12816 64655 46376 71735 71024 72153 67504 72134 68511 67350 67564 76397 68494 71638 68589 67136 84742 70143 72218 68953 68588 70734 65439 76111 72298 72295 4750 67545 71800 70151 11373 76562 71028 67574 11864 67440 67819 66082 71866 71123 66354 67559 65444 68611 72308 69244 65959 68622 69293 69453 68643 69142 67361 67575 71846 74369 66038 68646 71429 68502 85556 67060 69386 69467 65578 26233 67546 68656 65580 72023 68581 72137 67076 42513 67661 73957 56136 68855 68604 69162 66141 68876 83362 69243 14787 72090 68751 70905 71551 73655 66614 60854 69607 71075 68655 69345 68627 67845 94168 76668 74629 74109 85668 68672 68681 67971 63066 66303 69208 72329 76800 66821 68757 74138 67981 72616 67907 67702 30435 62367 68888 68773 70251 71081 64916 66167 14987 69630 73151 67687 68302 71564 66227 68905 74722 70822 67387 73710 74569 69767 72410 66628 73770 72424 68701 66258 64401 72373 72177 67938 67814 71255 69478 71334 68396 67450 66285 68801 69768 67509 74687 69783 75860 72479 65890 67169 65626 68909 68678 69549 71704 67161 65878 68975 66224 88567 68728 68911 67705 67708 77639 67713 32641 68812 68866 70035 73002 71480 66943 66311 69575 74063 67346 70244 74578 72043 68551 38638 66278 60955 71737 65350 69129 66955 69260 72192 69797 68892 69577 69459 66382 69813 74222 67836 68735 67373 67846 74397 61790 71895 68012 65753 5735 48088 72557 70333 66830 74246 74688 66406 68868 72221 24344 68870 70886 67906 66411 68021 72832 68885 65882 71738 74221 74239 68906 22515 70692 9851 67980 71748 69898 68714 69949 4378 69062 69608 63670 55429 68132 68943 67864 71528 65450 65944 83567 2227 70023 68957 67942 62051 73252 60961 69652 68976 77211 20284 72656 74792 66215 68797 73266 71941 71103 68985 68104 67990 68043 51162 70367 70917 74282 66623 72798 67392 66801 67398 66453 68937 74322 66418 72882 68028 67078 72304 68684 76758 65604 76296 73170 73160 68054 69688 69150 83720 72322 71964 72453 71779 71983 71801 66533 70476 67475 66725 71874 65761 73314 72928 67487 69539 69365 4474 68949 66507 61177 69007 57383 69005 66816 66903 71341 74739 72018 66981 69551 69077 3019 68092 67501 69626 72178 62470 67510 65964 69177 12851 75919 65599 68818 68117 56329 79933 74608 72307 69717 67647 69036 72147 66948 69306 69738 68835 71115 87006 72768 74199 74641 68122 3515 66967 72315 66545 68142 69799 293 16217 74696 69040 64477 68072 69066 7214 72387 66561 72462 74382 72029 6381 68147 66584 67082 66735 68654 72327 70097 65576 69855 40362 5533 67866 70321 72496 73391 72361 67534 70103 70392 69127 65957 72777 49207 68160 3672 73015 68882 59824 69824 5922 66032 72037 68165 66660 24635 70461 20804 73400 72635 72063 40485 63685 70936 66662 70654 72171 69757 72241 70425 66068 68113 69864 61508 72469 67817 1103 69713 74764 77604 70971 69233 74556 67321 76900 69784 72117 69106 56376 70451 72538 67891 66109 70792 73108 72206 71062 72118 70798 68213 71072 69110 66114 67099 61651 3495 74842 67424 72840 68224 66694 70482 14529 72503 71238 68913 66741 69131 41320 68226 72155 72393 67537 74931 69254 79810 66627 72170 69154 68173 65135 69812 66707 73208 69196 69977 79754 57521 73534 67700 72593 69817 65810 69402 67910 85939 72654 66005 66787 72487 69014 66724 69832 69116 67959 69279 72665 67558 69889 70029 65282 70008 69280 73388 53249 61857 67226 65989 72537 68230 70682 74299 41852 66824 69712 74904 69284 69775 58277 69216 67684 7209 76919 66833 69288 69291 75982 49476 70495 70511 66999 72506 47155 69798 72222 70575 73049 74477 7229 66846 67869 69816 69219 27430 70161 77167 72247 65207 72631 72788 69311 73494 66062 73602 70130 75985 67952 72250 68276 75029 1444 3568 74422 68265 68248 68272 72663 72545 66917 67992 64550 80096 66160 71418 69299 24806 69152 76163 70922 70196 68297 66900 68360 74719 68528 72830 61876 7613 73072 67310 97 68652 68683 3036 74587 68972 67124 68821 72527 69351 42140 68311 69826 71457 66940 73039 69787 67264 71006 15596 66894 66207 72676 67460 69405 69965 67209 70357 68960 68998 67888 67063 75006 68307 69053 67096 72251 68309 68355 69867 72577 1428 66942 77251 62486 72288 69091 68356 69982 68374 71085 62078 71622 70072 73241 69248 72426 67962 67595 69360 59381 69028 57761 68365 56831 72301 72328 73244 70592 69333 73330 72887 69013 72905 6693 73550 69540 69848 69878 73924 65280 71128 71187 68107 69995 72396 1945 49239 69542 68263 71022 71361 76586 70709 73799 62849 7295 69914 72632 69322 72429 75010 62093 68049 69270 86036 69252 71434 66189 67107 70159 5929 66963 69991 66469 94206 68266 69382 80641 68443 68386 72898 72539 66296 66924 16083 72913 76821 72461 72909 68458 67818 69088 68269 68277 33154 69093 69095 72932 69337 67925 55609 72974 71104 73340 73255 70341 75197 69408 94930 66194 73336 66986 69581 71420 67461 73549 69326 68765 66992 66305 69362 68503 1422 56833 68257 69587 62146 69479 69663 71340 75111 9865 69215 67004 74231 70355 74593 68408 68038 72719 68418 67305 72356 73720 74701 72446 94917 74827 66961 78220 69492 69936 7620 72993 69948 7776 68466 73865 71771 69993 68441 68283 67454 73008 80127 67059 69123 66256 6473 69133 46646 69242 4539 6215 67110 68364 62246 73343 73354 69952 69263 74966 67343 78531 10545 73752 46885 64598 70418 76943 68661 68112 67532 69493 69666 69698 74087 73009 73372 3700 70374 67122 68350 67126 66401 73763 70204 67151 71518 70055 69194 70397 78142 74758 66577 68467 67185 69253 72489 71533 69529 71578 75499 2230 73128 69272 71109 72578 69561 69343 67013 68508 67023 68515 73477 68590 69285 68401 62893 73044 69287 69697 68206 68402 69373 66641 71202 70500 72594 75011 6891 68532 67360 67186 64754 41865 69506 65449 73378 75024 67884 69578 72902 71581 74136 69761 7329 58748 69998 68605 69368 71203 73553 67607 68413 75689 67467 75525 68268 69585 70655 47344 67196 69520 70422 62962 74200 70208 70601 69404 75045 68695 68008 501 68425 10731 71209 73662 73115 535 68509 51209 71248 80323 70675 74313 73621 69579 68740 72721 70083 59076 67658 72590 73123 77314 71657 66706 68658 70604 67080 74760 67164 71256 69431 74261 67611 68660 53202 16029 68070 71719 66294 72770 69815 69452 71375 71668 69747 69289 69732 74845 67331 73689 72935 69743 74332 69342 68687 68609 73215 73035 75762 77322 70689 76235 65539 62494 69497 67293 74589 73183 68894 70447 75054 71276 12157 69381 68426 74835 70723 67210 66431 71413 68697 70778 46932 75091 67322 68153 69765 6514 41918 71739 3123 70638 86337 74910 67922 3526 71416 70480 67349 79152 65099 67329 68708 68517 67344 64649 72452 68729 69827 74899 67395 69613 69501 67640 72824 2272 77333 65822 70759 31278 87838 67663 68519 30629 69321 78190 69856 68264 67409 66341 68442 70942 68444 69935 69517 68769 73712 69537 70523 67664 10531 69970 77392 69327 70146 71757 79669 97684 66653 68545 70829 68587 68633 49287 68470 62991 72589 70274 73612 69646 63184 76944 69338 66729 67420 72606 70090 73766 70836 67524 53330 69513 69654 77078 67439 69633 68560 68713 70864 69723 68427 53428 69748 68791 73130 77625 49597 72628 71774 69766 68723 74942 69841 68182 75138 73701 71417 75167 74684 71260 67459 2029 3704 316 68731 73789 71454 73713 71810 75196 79463 72820 68433 61919 69637 73197 3824 69409 72677 69874 6553 67671 75047 67538 68475 73220 70912 68596 69642 73703 66371 69416 68831 70587 69879 65853 69918 75198 70941 69440 67686 68734 69967 68579 68759 70290 75229 68956 73739 53819 70142 71456 74602 70171 105382 69885 67480 66364 70690 71475 3612 68598 77631 71555 66655 70698 68796 68638 66670 81063 68810 68787 75241 73940 73803 73825 68834 66854 63040 69655 69305 74447 23709 70210 70521 67596 70561 75270 70961 68845 75304 75310 69020 73986 72689 70256 69081 71594 70185 67541 71037 71808 68938 80759 71671 71828 69658 72723 77749 73282 70774 69419 68903 67718 68934 70871 967 75323 68814 69942 68115 70094 69438 71154 77148 66701 74663 70729 3683 70356 64653 68642 66711 72838 70891 69693 68954 62115 68904 68763 67767 71026 71080 68249 68069 68772 73331 75378 68077 68964 73121 70017 69496 69716 27890 68969 70888 68220 67485 68817 67602 73773 71839 68838 73341 75432 71210 71784 67715 69907 69912 67751 69344 73334 69526 75491 73384 12288 70998 70019 75898 75188 3238 63543 66702 69569 71048 71121 73923 70285 67693 70775 71843 71867 69033 73567 81707 64866 68837 65895 73346 71156 75425 66800 42968 68803 71217 69706 70024 71873 69708 73355 66106 75758 68313 67786 71947 67788 69601 73149 73368 60623 70075 77816 77972 71918 70279 70348 67748 70259 70026 73394 69756 70201 16472 71943 73815 64936 70047 70267 71279 67523 75473 70878 75298 67797 70040 68863 67580 73985 72724 69963 70706 68980 77932 70087 70091 66880 7334 69616 67010 67677 70120 69039 70145 66849 67195 78004 70020 69674 70228 68833 69099 71959 67832 66719 72825 68996 71966 70060 75948 74848 56803 71991 72872 76016 69844 95094 43814 4567 77165 73908 63759 70063 79772 70782 67665 3623 67489 69031 68460 70240 73437 71257 68312 68907 11315 67914 69122 12966 26306 70898 72976 71994 73944 71151 71409 71271 73982 71325 67745 78748 66775 77179 9158 70373 10932 70399 66383 70168 67828 63234 69172 70297 21028 67940 68469 73999 77332 78009 10993 70301 67762 68921 67963 72694 70928 2303 63818 69964 68014 69210 68347 68916 24181 75511 70163 67886 75148 70179 72867 68352 69087 74085 26801 70346 68071 71520 981 6492 73906 68194 68945 75539 75556 67896 71277 1154 72057 71694 88018 86529 68023 75759 68097 77184 70421 70794 66813 69221 69192 70266 74444 67920 72087 80987 69115 69024 68116 71706 76026 70092 7891 69038 72291 69222 69456 70393 71282 68298 74526 70272 69643 75672 70455 7453 69629 63574 70820 86419 71754 68456 68474 71146 70464 67000 64303 71370 70366 74541 73607 74662 75430 72338 70513 67998 70283 69255 71408 47186 71766 44289 77187 70960 69090 71490 76027 73122 63325 73134 69685 69138 67939 69508 68952 69195 71524 73670 70303 77221 67137 3532 2037 74092 70308 21324 68052 69229 68539 67667 68073 68968 71548 69277 88574 74581 71956 69097 70136 62362 69048 69249 72344 74019 77239 67905 57514 71914 75573 67988 71664 71584 68548 72888 69389 70531 73321 70369 73243 67149 69282 67309 68481 63872 69683 73246 72686 70315 69676 66797 75570 72442 16521 9881 72896 319 71308 67334 71593 75638 67040 71077 70181 69283 73262 73499 73018 69300 73693 70218 67921 69339 72051 69071 74713 76323 77243 78059 71613 70401 69358 69314 60080 69137 69954 74768 68124 70744 70493 71222 71702 69200 57166 26929 72075 70909 61545 75692 68617 68320 73269 72191 69458 2346 71924 78084 68497 69159 71725 7909 75175 75240 68139 64958 69256 71321 71376 70054 73290 73278 70929 73031 73533 56920 70248 69329 69471 69755 67688 71088 53939 68453 70293 69774 67697 70507 71118 70331 67741 76018 73301 67820 69786 70364 69638 71381 89274 75837 74050 72697 68541 70249 70556 71729 69251 67969 53546 71237 74105 71401 68613 69202 70324 68157 3616 69258 69352 71831 75731 70048 64996 73296 69809 5964 66860 71863 69843 68083 69281 70339 78189 76096 70316 67982 4960 73280 69353 75278 67989 954 67936 69927 69274 68025 70564 75293 71458 71295 71731 71513 68624 63507 69401 2220 58673 71265 69403 76024 80079 68040 70131 68210 70193 66890 73298 70224 65076 1481 69297 4272 69361 67115 73480 75309 71405 71926 75872 6360 75884 9267 69448 69507 68042 72445 69328 68716 73790 68098 2835 69532 73826 68649 73310 70007 73374 71823 71267 75066 71796 77050 70227 73421 68111 69533 70134 74069 78079 78451 95924 75910 69556 73546 70344 68983 68372 70572 6937 68246 69534 70516 70581 70602 72960 69437 73547 72390 68051 3676 63167 41946 71769 75913 76061 68063 74355 70390 59956 74857 68686 70361 69859 75290 73558 68235 70432 72620 73322 73618 73631 68877 71415 74586 68554 69446 69552 71775 68191 73543 68241 73851 71949 71522 72062 69690 69468 70538 68692 70241 76355 73454 68270 65262 73386 70467 75444 69870 69032 63195 6554 75918 75974 70284 2183 73744 72441 72962 75596 70080 76047 71562 65841 69522 70408 70600 70471 68259 3077 63153 64068 70527 70441 68970 74873 7978 73882 5189 16745 70515 69605 69740 70403 69753 73560 55629 70096 72447 68704 66691 70012 71935 68282 73674 73864 66737 69554 76103 68663 68724 9602 71642 65934 75666 72644 71980 75952 73896 68725 75992 68857 74118 70541 81098 71478 10955 78676 56752 70545 74042 69573 71901 483 76116 71595 77561 71921 70590 69779 68977 76075 73583 70614 69656 74014 70621 70752 68424 71923 57461 69794 81293 68739 74045 69609 70247 70563 73469 73348 68183 73676 81612 71629 69675 72066 68867 54180 60869 71998 68900 68201 70618 68036 68950 69696 70625 69010 69744 72095 76051 62136 74132 70681 76169 75827 70108 72232 72467 70566 73723 71932 74881 68234 72101 76176 73040 74918 70669 76216 68486 70553 72156 71624 74260 71506 69046 76192 73960 75988 74147 69645 72784 69562 75998 69763 70674 70503 57857 76076 70717 70719 72105 68520 67470 70413 70789 71954 67479 76209 71743 76623 78112 68244 68536 76361 68955 65087 70542 69825 76270 69830 74089 75221 70338 68984 71286 72002 60958 70802 70437 72650 76290 4492 69572 69130 69852 63881 68565 71569 72846 8074 73839 69621 70721 68846 71937 70841 75417 70889 67481 74103 73057 76112 25996 69135 67624 69692 33469 70569 110903 69735 71095 70879 65103 71580 69971 69988 42681 70440 69021 68322 58057 7457 69770 5547 69884 70617 70932 71043 61208 70725 71781 70269 70031 70006 74115 65293 62297 71583 72190 70177 58087 76455 68593 70641 69026 72005 76471 69771 72473 2055 70712 6902 76365 74027 70732 65998 75612 68362 69789 76340 74163 70735 49782 69803 47257 72060 70800 78936 71050 72286 68369 70444 69805 62301 70769 70806 71968 69849 27183 76446 76520 65299 68471 70034 70823 70994 72498 76474 68820 72811 71317 73869 70313 72826 72162 70056 76476 72831 74259 54273 70855 72203 70473 69041 66456 71002 61333 32368 71032 76217 75307 71060 67116 72333 68459 67736 70660 71618 69847 70828 72395 74186 71441 58895 63300 65425 69883 78221 73880 71076 73702 70044 68733 57204 72374 2624 71591 71086 78943 76344 63958 70838 69144 69080 68490 53267 74169 60495 71444 70557 70892 61929 70948 76493 70317 71087 71117 21734 64004 74172 70454 32938 73902 69959 67430 66990 71793 70522 69061 76207 16876 71111 17403 67077 69111 69113 74183 74194 70353 73116 77583 77778 12368 9666 69831 71132 76578 68507 69128 57122 7004 6992 72827 74373 70069 54736 69960 67087 79135 70683 76587 15812 76614 76254 71858 68556 72956 76338 73431 72280 69175 70465 62389 73094 12832 11025 72386 67755 73267 72492 69734 10026 70123 86743 65462 71133 76283 77995 71141 69968 55650 70095 69231 70239 74360 70584 67772 70747 67118 68558 69257 69997 76291 77591 71845 72958 71174 67482 70850 78134 73375 68576 72008 72911 72982 2233 69271 74208 70469 70004 70121 69232 70061 68574 67758 77645 72119 72229 68669 73717 74227 70276 70555 72619 68568 68702 70286 67267 72252 76354 73500 73001 72430 86792 69752 71259 76356 72438 73881 71194 74238 71182 68990 71249 73700 73938 71809 69290 70560 760 74243 70377 27544 70851 70385 12845 76767 71183 71603 75880 73398 76678 74374 77737 70157 71389 76684 70598 70414 111 65487 74276 72554 70603 69303 74301 70865 70071 70189 18169 75149 71056 73829 65138 73874 68006 69777 73025 74363 74467 70629 70940 73053 70102 73891 77024 73127 76784 71221 9161 70158 72111 71294 74493 74002 70195 71833 73698 72508 73893 71460 69355 70166 64870 71467 70237 74317 70933 74365 76349 70271 70294 70262 76529 63521 76743 70609 364 56660 76550 73503 71909 76775 27748 76880 71300 68871 70755 72216 70288 70438 75244 72267 76575 68781 73184 72688 70302 72483 9319 70972 74008 20270 73894 70265 72633 43028 76463 74394 69370 73490 74543 74395 70958 76525 72528 71007 69374 69785 71404 872 65531 72657 76662 74405 74606 68524 12975 86967 76695 71010 73915 72661 73270 69378 65646 70305 71014 71229 71307 74652 72553 71343 13053 68761 73249 71029 71042 73517 69392 70326 64372 76906 76974 74685 69022 69384 73524 71036 72730 72658 72570 10057 67316 71377 71474 71045 4577 76903 65295 69411 72001 74410 69388 73948 71448 72718 74731 71888 76935 62403 71358 70065 73414 11317 71214 71380 65298 70442 67759 76713 69888 67801 72729 69590 71507 69043 43683 72516 73508 69187 72792 78217 76823 62522 71515 76621 74006 70334 68673 73640 74425 70322 74733 7864 71539 74833 73646 71608 70352 70358 68973 69612 73650 68675 75609 64942 70372 68273 75028 72751 70797 75464 51278 73660 72110 71411 73665 80266 74847 69410 73695 71636 38975 70419 74067 71561 71487 71489 72674 72862 71510 67908 71675 80617 71536 71049 71367 67152 70443 73699 70462 72764 69176 71094 72818 71744 69762 4986 77057 72273 71053 71572 71069 69301 69814 71741 68766 74445 71568 66858 70470 68993 73204 68842 63310 70439 74875 71078 72747 70466 67950 71598 70287 69714 73971 69483 77012 74465 59144 70458 71106 70630 70506 3274 71683 73283 77072 71621 77174 73990 71623 73980 71646 70481 78550 75130 72759 74574 73405 72274 69751 70485 73783 70508 43941 69758 69976 72857 70519 69780 73853 68915 72297 71144 71762 71428 76855 73973 76272 78793 71298 72980 72912 69858 74096 73728 71684 4282 39205 53458 71363 76864 71756 76886 68286 74584 73736 74162 72335 69429 64061 70518 69531 65503 73055 70497 73058 72941 70666 68020 69462 71836 71805 71851 69872 70479 64275 78828 71859 75102 71889 73706 71799 71891 73708 70812 65618 70536 74596 6694 68159 69466 77261 71894 68850 74187 70539 76907 17126 75251 68959 68086 70693 57447 78364 74598 57472 69715 71934 72010 73462 71971 73750 68856 76911 71585 71942 62354 70695 71759 72920 72318 71992 78590 74680 44742 69943 70001 77660 72355 70540 70488 27893 69484 77852 74718 67486 79147 81880 73461 57553 73761 72391 73483 1392 96067 17066 69887 70856 77899 74863 71296 76949 74234 73897 59072 74889 71599 70578 69511 70594 74030 55673 72938 73808 70626 73073 69984 73601 69512 69027 74149 74090 71948 72141 71649 70597 71172 76992 71960 74291 75289 70637 68925 72142 70363 71285 6565 75094 19021 69925 77018 72054 77088 70648 74181 39389 70490 70041 68168 74895 74286 53686 70651 79442 10328 72133 74795 74035 74295 72988 66051 70534 71883 69523 77052 72406 47293 79476 70711 74492 75980 73006 71486 72575 13597 77137 72581 71672 77740 69681 71303 67838 76794 70667 77063 67565 71318 70680 72605 75176 22816 73092 70870 75238 43313 70049 75157 72626 79689 64946 62549 13970 75273 74934 33378 75112 74496 70105 74329 70668 73095 75299 75328 77082 96647 77757 73087 70785 70132 75140 74359 72623 48755 72672 77223 74443 73113 70671 71543 70687 73818 74370 77111 73124 72144 65728 70192 70281 64567 70885 77127 70694 73126 71348 77092 72048 73147 69684 72198 73161 77103 75008 70893 73129 72077 66116 74508 73212 71378 70554 75419 73513 72026 70715 73188 74401 70172 71431 5992 74412 77128 71711 70966 77172 72085 70987 72097 72100 74420 70295 74218 78047 70312 80386 71553 74418 57570 63581 14151 78417 68891 66133 69615 70731 54762 69702 74245 78280 72919 71614 75186 74257 73221 71915 73965 69330 67865 71936 70722 13673 70748 72214 57647 74430 72199 69730 72039 70805 69394 70784 72056 72637 28170 70772 72168 77232 77224 75228 70524 77139 73217 72680 70793 26172 68252 69900 69944 65445 71000 68308 68896 70236 68942 78852 68946 62570 69443 68897 72126 72269 77164 71653 64606 70810 72197 73669 77185 72204 72068 4654 68922 58033 71481 65800 73794 10205 74371 68958 77777 70846 78869 71030 73806 72076 66033 72451 73820 68331 994 75537 8026 74426 70526 73358 70468 70949 3087 77268 64833 71025 69973 71540 77319 73366 70814 75247 23544 72695 70510 71138 70176 74316 75501 73247 73305 71701 72936 70861 75541 68405 28009 77208 82953 73110 74626 75306 77226 72239 68543 74714 72219 69499 71512 69695 75313 70854 72188 75322 79296 68553 73458 72194 77345 74054 70883 72255 62614 56381 77295 74438 70242 75023 75316 78421 73667 77382 77307 77138 71393 70874 70896 72227 68951 66203 73478 71163 73969 74434 14190 71707 70025 70897 68200 75331 70645 67987 70951 74524 63563 79046 71410 70926 75052 70050 81161 77342 70670 70713 81334 77804 75250 75375 68762 70967 71044 71058 23739 71724 74539 68999 72795 72113 73367 71772 71526 69012 71018 77347 72385 71067 71074 6032 69109 74001 2087 74016 74456 73666 72855 70724 68217 71039 75388 70953 79098 71003 73922 92106 68747 74091 70416 78156 79185 71552 87774 77373 72149 75648 49431 73679 77376 76763 65058 77454 71083 69510 71582 71192 72228 71783 23924 73696 72238 71818 77456 74129 70435 74142 74029 77461 68917 70750 66588 74490 70964 72903 71189 58256 72761 70970 58904 1486 74657 6402 11335 73288 72282 74927 69167 75061 68044 79432 74167 72287 73309 50186 71205 70433 77667 73312 6960 69347 69183 71098 69724 82519 75603 69729 72476 71726 69741 60977 63357 77471 74559 75961 71811 77788 71893 72904 71835 72785 72314 72940 72259 72074 71826 74464 72336 75319 6695 70078 68895 71046 73572 77484 14834 71293 70187 73772 74242 88387 73795 72257 71054 71096 65104 71137 71150 44809 72407 72961 66124 59644 71856 77829 74627 79469 77555 71473 74630 79492 71145 75679 72262 71176 77867 74474 72520 74522 70452 72532 75368 75736 74381 75440 75449 73955 3951 68436 79138 73026 28290 71982 71178 45649 72504 77879 65362 73350 74762 72320 70766 73813 74072 71181 75615 73363 69773 70610 70983 71848 71190 74632 69009 69180 74097 4459 66793 72542 79082 71880 77871 63992 73148 11451 73410 71270 82592 73447 75461 77432 72558 68121 71216 60483 71665 73597 152722 71955 75283 72524 73604 75551 69186 71273 72381 72401 66374 72073 75658 70520 75606 72529 70535 59682 75678 79650 74826 50200 74419 75691 10279 75969 74953 72535 67020 11448 71500 71193 79482 74253 65141 73114 73139 71327 72550 87819 69846 73505 70484 70781 77132 70843 73997 69191 70985 71329 77928 79747 12718 24469 69286 75698 71547 71969 79768 69298 71200 80739 79561 69304 71988 77520 73523 73562 71383 79818 73174 68145 1011 73159 70848 28444 73628 72595 72950 70149 77570 75743 71999 72598 70018 71213 74628 73143 62640 71120 72607 4651 60566 72050 70901 72319 72030 74954 74173 74631 71384 65169 57821 69821 79761 71235 70852 83563 77587 72659 75031 69881 71386 75864 67215 73796 66137 72612 73814 75783 73822 71233 77287 73843 25024 51723 69356 74056 74639 67785 69893 70517 75818 69476 77900 69366 72433 74523 45444 70859 73493 65374 71288 70868 70919 70969 74485 73203 77976 73972 74741 73846 71589 72070 6699 48075 77982 74528 69473 71324 75927 68777 75964 74785 71167 71011 74487 70796 72640 71337 74065 70576 69958 71211 74538 71356 77589 72741 71225 73879 66569 78003 15461 74744 69966 71347 74797 71445 71602 72646 73107 67388 71679 69487 74784 74240 75744 69544 70100 71650 67413 72849 73218 75064 78080 77986 71366 81339 69594 77772 71153 78175 69834 65492 52274 71850 70813 71674 71369 77584 73287 71268 75369 5540 6705 71491 71302 77606 73308 74432 70230 72071 74746 72258 77614 73389 74936 81376 89570 74763 74549 74568 71331 71530 15283 71488 77802 74131 70277 71714 73527 77689 72078 74038 72641 71612 75819 72091 71253 71804 73381 74571 72121 69853 73932 71715 70101 72699 74153 78137 71654 75470 74314 74165 78525 76234 72234 74594 71274 72860 72230 71676 77890 75015 75083 80053 70113 17428 75790 68292 74174 47481 69424 77619 74036 76020 78255 71278 74972 76469 71661 69489 74507 75836 69498 77624 74780 72666 75048 72710 72236 74811 69622 55286 66242 72399 70580 74580 70981 71374 72713 71423 81277 61182 75843 68344 71292 75917 61259 71700 71716 71244 71535 82943 75402 4476 74590 62786 69632 74973 69641 74417 71336 72804 72345 75168 71396 77626 77680 75437 67612 67734 74226 4359 50899 5016 69660 69671 77683 69680 74603 51761 71063 71379 68400 71462 72086 75185 45520 68156 22881 71402 71421 74051 75261 88692 72728 76033 70347 74707 56031 33790 72861 70169 74885 75088 74233 75547 74605 76065 71869 77834 70359 3132 75931 74613 72910 72485 75336 73344 27894 74937 75956 71597 76090 71660 50837 69502 77847 72272 72736 72791 75117 70391 77856 512 38002 75506 75958 74263 72886 71461 75976 72844 51179 71071 70411 71963 71777 72752 72432 76922 72566 4007 67826 71745 71338 71027 71350 71463 71844 71469 74661 70857 71785 76113 74117 74888 74977 45547 79579 71855 71116 69707 10557 3685 72041 78314 772 73402 78077 71031 73432 11893 72285 79209 103752 75937 71197 68691 69631 72900 72046 74665 75141 75854 76019 72138 75540 74667 71373 70280 76074 71392 72660 69788 69808 72610 72140 97472 24568 76107 74469 73042 74366 75183 71496 75152 78088 71464 74296 74686 74298 71385 68431 72263 79892 74335 71258 79588 68446 73595 74790 71437 71427 69749 7629 78183 73608 72357 72268 73085 70472 72668 72303 78266 72020 73620 75004 67867 68836 74274 72382 71269 71477 68898 71157 71523 70423 26501 71240 74520 73074 71928 71692 70463 75256 69387 72341 71573 74703 74807 71558 71587 76114 72380 76154 72915 78639 57657 17355 71605 71412 45614 68462 17451 71985 73369 75424 71631 72210 70559 75308 73554 76199 68002 72871 79259 79307 72417 71451 78289 74812 66941 71503 71466 74720 79749 74379 72957 78313 69932 71459 74437 71728 70475 70562 75101 74820 74453 82230 71645 71542 76155 72500 69938 72602 72440 71670 74861 76812 70570 74460 77640 78348 78208 63019 76203 73954 75518 75335 76208 3687 75354 76211 73091 74504 82826 69800 72700 77672 74883 70323 72603 71682 76218 75263 10656 71566 70582 73100 75325 51537 68570 71494 73093 69919 70968 77005 73195 89698 68632 82949 79912 72419 71666 73096 74561 72511 76309 28613 72712 72732 73109 74516 76157 76448 69957 73136 72025 78400 75967 66252 45796 79791 70738 68651 73690 72627 2257 14142 73382 75002 73823 74521 69962 71609 75352 71485 74717 70426 73117 62917 74655 71678 73840 72744 76125 71493 74868 71791 83232 75370 75510 71691 67872 68473 71720 78231 75516 63904 6714 8060 75571 73210 71557 46716 39402 70749 66302 77646 83732 6718 73705 71750 79859 72278 71576 79888 71822 4307 62471 71352 75225 73230 58179 69689 69941 78389 76494 71696 71825 6748 73232 71699 87062 75055 3630 75630 78299 74840 4548 70492 78438 74752 70780 73279 72746 76267 70589 73852 77681 75422 71892 70984 73303 76249 48939 73235 75412 68671 80019 69961 71732 69983 73236 70144 75532 78604 74933 71718 3748 56235 70975 78542 7044 28839 71829 71755 74804 69850 68948 78446 80071 72404 35141 72560 4819 72802 72591 70963 71495 24750 78571 80996 71967 69979 62927 73250 73260 66379 74947 73345 69029 71776 73638 74856 89848 71015 76401 837 72856 70016 69323 81482 70819 72864 56950 79489 11922 76160 72682 72499 70842 74565 72664 69369 72821 75701 69067 78483 73861 69465 3648 75683 71079 77023 70037 71876 71913 66463 71886 71970 71667 71107 71122 105 72000 4568 75729 73349 76731 73641 76509 75542 72486 76388 75588 74948 73656 78950 74094 71773 76416 72533 71792 76389 54790 66450 74773 71830 71841 70003 70656 74832 12838 4450 72925 71861 71780 76786 74952 75641 67529 72512 70153 52964 71951 76222 2144 69528 77452 69739 81401 72685 79162 71563 71620 66508 72946 71879 70821 71797 71953 78625 72690 51545 65515 72691 72727 75120 76882 79165 78650 73256 70489 78679 72829 78703 75755 71625 49213 75423 71703 74956 72883 84034 72843 48298 73274 78718 26653 71860 73276 7481 79997 74958 78687 74101 71885 75100 71906 74017 72850 70636 69769 72019 74100 75624 7743 69435 76499 77709 71635 75485 74913 72889 72035 70254 73760 75122 72569 78492 70282 74486 70328 75746 73834 73425 75519 43990 78100 73785 67629 71896 71987 72072 10700 75846 69102 71147 72875 69481 80195 73311 73817 71884 67834 72973 72120 78695 71887 75170 74106 75849 74992 71713 75025 17498 70622 78124 79199 62612 75081 72969 78655 71931 72670 75855 73516 73622 71131 73281 72011 3706 68253 72987 76153 72014 70662 76612 61682 75033 76293 73933 72022 72842 73947 72031 76512 97929 75009 80278 790 75124 78129 73871 73014 66576 71673 75067 70663 73892 73978 71790 70762 73992 7561 75559 75916 73012 75160 73993 73914 72102 77718 69557 75215 75874 75924 72279 76516 77840 15314 68306 73118 78711 73302 70235 73289 78931 76715 6898 76255 49554 72107 74064 79333 71690 75936 76368 75105 70853 72143 73120 72116 73285 99150 73317 73526 14251 72160 76122 71842 70726 71601 78204 76757 75145 76942 76951 71207 82220 25265 72209 74062 72183 71648 77685 72181 78853 75110 46511 75161 49365 71768 72985 72212 72283 74034 70760 75166 76868 72044 75159 72284 72253 63223 75246 71787 72346 2108 63889 76350 73304 69588 75200 69619 71870 70777 73328 68296 75320 72339 71789 75281 31815 72189 75363 67929 80871 391 73332 75420 72175 72196 76963 72207 72261 51624 69845 79917 75558 71803 73339 75301 63445 72572 75966 74185 75575 73383 99044 76432 70354 76040 73406 9343 12500 70319 73422 73428 72265 68819 73451 75986 76299 74330 76591 76640 77353 76050 79127 78692 70342 75216 72215 73504 70704 72302 70866 72354 76699 72220 77476 75184 77010 68538 73023 72348 74195 72202 14276 75584 76728 72350 76733 72277 75513 96412 70776 76077 3273 74930 75237 69890 2482 76927 71815 78970 70867 79216 66906 78952 76145 73137 76845 66733 73658 28025 73541 79443 75684 80294 73089 64062 67880 72722 75327 74048 79382 70429 75621 76848 11977 63890 72362 63537 49871 70436 72325 71899 6771 71470 67695 77738 80401 72725 71877 71973 74339 76454 79552 76141 70128 67102 72363 76213 68422 79264 89853 69623 74049 76004 1171 74950 72376 70899 76302 79034 74535 72233 74077 75018 72370 72853 72132 74076 72371 75041 76377 73165 75629 73548 74867 75453 74130 57474 77003 72378 67140 75512 74592 69568 79282 72379 74897 73566 77112 74166 52168 76651 70351 70207 73187 79939 791 76936 96538 89766 53034 72394 75776 75548 69236 79293 76938 79956 71261 77413 75421 72388 75680 72435 76142 77616 80437 79175 83426 67572 75651 75125 49419 69665 77636 72437 58440 74203 74358 76521 72448 72466 68512 74300 76318 70914 45668 73582 72449 71432 75675 75210 76371 76795 72475 74409 72609 76950 77775 5815 76967 72458 71965 37250 73190 70653 61356 75401 71471 72459 70765 74171 63912 64229 74637 70925 72480 88365 73196 77056 73181 70795 72505 73598 80111 70430 72471 75463 70988 40258 75489 72493 73229 97107 71890 77020 72509 4580 74424 77944 72556 79319 74213 75662 77950 74232 72465 72518 72567 71472 72484 79617 75280 72490 76400 80192 70448 73610 72643 72246 77025 75810 25794 81729 77117 70799 71617 74175 72248 75735 74389 76095 73647 69412 72517 81950 72264 28858 75699 71142 74404 79706 66862 71977 75677 71607 79724 73157 78230 70959 73342 73360 84035 73226 73323 468 76960 72275 57868 75321 72541 73552 73648 75704 71837 70957 67761 80272 79777 72561 79321 76976 73784 74436 72004 70477 75380 73625 76526 72579 6957 68685 73571 72597 72038 72573 70107 72281 6969 76143 12110 73385 76186 73685 75866 72929 72069 72114 97207 72698 77070 72625 72574 79727 72687 73371 73691 72582 76190 68858 72588 73482 73704 69835 70154 75387 72638 72164 75720 74024 77100 75737 72624 74439 75727 77154 72515 73185 72669 73429 50411 80388 11455 73837 72681 72655 73472 64451 74461 70974 72696 77293 77983 77267 77651 98436 77303 72166 76536 79864 77755 73967 77155 52918 77989 77193 68928 77337 74294 75007 74383 51071 77205 76596 74454 71978 75552 79330 75875 74484 72703 73768 72169 71092 75040 75775 74757 11173 75728 73408 73434 72662 72667 71177 79869 71245 72714 74482 72675 75741 77515 76221 74009 72180 2129 92704 75778 78512 39410 77517 75841 73738 74079 77255 73974 72716 75410 68709 79977 75733 72312 79417 78120 3168 72398 73753 72755 74406 79003 76475 8238 72049 71817 79995 76631 75434 73444 73489 72562 72760 78133 74472 76233 76396 74489 80299 76803 77581 77388 74551 55719 73797 80042 74098 61615 76489 74356 72583 79549 75865 72098 72749 56975 80302 75439 75902 72774 80532 72123 70381 73538 63603 75815 74450 72756 70991 75904 72608 74512 79730 72776 75922 72358 80009 76810 72793 64486 78136 74646 76383 72834 74677 80537 77396 72799 77771 73804 77414 71184 75923 69527 75925 75303 80052 79376 53258 76870 75467 76428 75942 73570 75315 73578 49598 72813 67899 80579 72324 74609 80112 72127 27198 74040 76809 73590 80640 74225 73805 75478 68552 58100 72415 78186 73975 1005 77444 75087 74057 71290 3708 75199 73593 73611 73979 75333 75462 74311 74644 74649 73626 70222 76517 74192 76707 77453 77621 75981 80160 72330 67970 75076 76551 72828 70487 81194 79609 6858 76384 72460 75989 67273 70263 80316 83425 76251 79587 75560 74678 72837 77774 73928 71997 71362 80420 74343 47067 72854 47357 72513 57888 73299 78201 39720 81344 80776 71482 75954 27534 76303 73630 78232 47931 73645 71314 73730 74546 74554 78252 81526 74229 72881 76012 72340 75579 72859 74572 80434 77516 80497 72873 76030 74802 74806 73863 74575 329 69937 77638 73745 77668 71537 64558 74466 72497 68849 87528 75562 75611 74886 72885 40239 73373 70428 14951 75944 74616 72195 72564 70404 75090 80606 72836 68890 72544 74650 72343 5024 61702 73984 76084 72847 73138 71532 64686 71407 70571 76953 76690 74022 73152 73439 71550 80136 71604 69000 72901 51202 76716 28886 13927 77797 74670 81054 72292 72651 72868 79796 64420 26139 72604 75223 2301 70644 74104 76011 73436 64847 75657 72549 74698 946 76087 80397 72914 77719 77575 70661 73213 71640 72927 72942 78694 72966 72596 74032 73925 74570 79616 25582 80474 78298 77869 72622 74004 8281 74817 84082 74066 74083 69994 80525 72979 71023 77124 80366 73032 74711 73442 7124 74112 72311 41894 80557 14699 76101 4582 74217 76724 70085 74898 73486 75765 78413 64982 75888 74975 70699 75693 72615 76269 71944 74771 73515 74866 74877 73887 73661 72034 77469 72383 77472 80642 76060 75972 73000 71559 74244 76317 73099 75050 74262 72332 72924 14976 67560 76001 76863 79861 7140 71511 78405 75788 76873 76139 74909 77507 80568 26232 78022 74020 76009 72428 73046 76385 72757 71541 77819 74870 73715 71764 76194 17627 70243 80753 64432 72639 75726 72800 65019 78305 76014 72933 74791 56465 72952 74872 63972 2141 81081 73731 23570 74284 72739 64821 78569 28027 76057 73048 71033 58345 74803 77725 74855 76381 80879 63724 75721 73491 77059 77085 76220 72801 75633 88807 78471 70246 77542 72971 81246 79901 76968 77562 72555 73734 79298 74878 74912 72992 73059 73225 73764 78101 75780 76413 73845 73653 78725 73132 76753 74879 76172 3740 73868 71332 78243 74285 70809 73198 73904 78149 77926 81406 82107 73952 76257 78763 78258 73119 73917 72807 72869 76856 70289 76426 74046 77952 68141 77648 12755 73934 71554 73090 72587 76124 72353 71749 73325 82108 72989 74005 1502 81596 73743 72522 79944 72364 76360 76148 76167 72997 73681 78155 77704 74476 77710 73416 73492 77118 73077 76482 69075 72642 74011 9781 73726 78824 81642 76497 71574 75774 72835 72649 72653 74905 74293 73146 89039 72082 73156 72551 73935 82122 25022 76369 74478 73842 70830 78327 72106 71820 73962 89620 72630 76422 67659 71868 77720 37857 80979 73860 74932 71175 72745 79953 73201 3778 80678 74935 3842 76506 74531 74829 72683 77140 73291 78341 76720 78311 75953 70066 73507 71698 28963 77195 72769 65168 75644 72939 73163 82121 10787 39162 73167 72948 67798 81094 8267 80625 81684 76540 78831 74914 75039 81356 73047 75073 73180 70900 70911 75133 39648 99179 77818 5839 71816 72972 72995 4625 76393 73005 79583 69875 77006 74010 74012 76394 78158 73577 73169 75142 71316 77876 74943 73028 73013 74031 69101 67871 78884 72701 74043 73231 72708 74982 73206 73211 75086 81084 71152 73233 76533 72711 73755 84953 73253 80380 90549 77546 78160 78176 81307 75005 72897 80853 74583 72766 73191 77937 77206 75209 95588 75814 77249 74945 75311 76867 76555 72833 76770 99444 64908 82532 4639 72783 73407 71439 73219 76920 74068 78893 75000 74694 76403 78499 75258 74081 77572 75139 74643 78540 75035 70329 78541 74664 74095 68196 75339 73412 72839 69132 76899 74123 84079 72084 74015 65847 72179 76937 73227 74968 72893 77305 73021 78177 78191 26014 80450 76945 76182 78599 75343 75146 77125 77662 76657 91655 78450 73189 73033 70081 7012 74612 71940 1781 73069 58749 77402 75032 76580 42226 75013 6145 73234 73942 72495 75051 8317 75154 80826 73240 74692 75509 65324 73300 66054 74880 74759 73084 74480 69261 78605 75171 72184 75997 74747 50180 78498 77873 75566 77663 73441 73446 73518 81429 73403 74761 100156 73587 76989 76603 70529 76082 73258 77652 78882 70379 72152 73022 73038 76581 74107 50366 69199 77941 74113 72454 875 78193 74160 76633 1147 76441 73448 41983 77166 77482 77991 72978 81432 74044 76606 68088 75099 77617 75155 69908 69238 75329 75165 70543 73609 65359 78250 72918 71864 72519 74957 73452 61743 68465 99412 84256 73387 74822 77426 71517 72599 73617 74962 76970 63624 74070 74177 53288 74891 74128 73668 72947 73747 74150 72964 73396 79111 70045 4664 74890 73754 1504 72128 76246 73404 78603 70665 81971 74302 81212 73525 75192 72823 70623 71610 73065 81446 72863 76661 77658 74896 80036 81450 74668 81513 73616 81259 75475 80039 71090 73707 77670 73779 72547 74124 76685 79404 74772 81197 76687 38292 73786 75162 74134 77717 73913 84493 74854 73423 79478 75829 71647 73781 75219 71143 69475 72975 81776 73788 77428 77735 75373 78549 12782 74161 64532 74929 73066 75561 58758 73751 79907 72922 81878 7030 77786 73792 75191 73104 77001 73004 71655 74411 74871 77812 74135 75226 85011 78035 82204 77866 77230 74159 69733 78322 75078 78326 76351 82219 73145 77865 73306 73848 77438 78107 51267 76689 75635 28525 12879 73774 73737 73918 74985 74544 75268 78337 73835 73106 71986 74170 76327 77064 76329 58873 62028 76462 72937 81540 86150 73977 74309 75847 7469 59004 76602 42123 77209 1012 75030 76853 73427 72131 79922 75344 81639 72313 78889 77231 74202 81431 74323 82292 69737 70930 75234 73112 69750 77903 77278 71996 65593 73150 75515 78403 2213 75242 75243 73927 82567 80140 71812 73956 81901 75893 77925 75043 74441 75522 76739 75255 28780 75350 74983 50318 79580 7041 3718 69790 72548 77108 79969 71722 77134 77391 74656 79979 82136 65817 77971 75359 80219 72963 73154 76619 74463 74963 80406 73043 75935 77981 74658 77406 75715 74248 82092 10834 73010 796 75257 75450 73083 76686 74991 66349 73172 75500 82337 75669 70672 69839 3741 69930 3799 73176 59008 75939 71849 64945 71838 80264 69906 72959 74292 77431 74312 59026 72021 76080 81686 66461 100053 73037 76109 73866 75713 73056 75104 78595 74470 77910 75286 75279 74505 78607 75347 74499 2549 74275 75106 81476 72880 71904 77492 7766 74219 62085 74228 74509 76783 82144 81650 73995 78485 74013 74249 75361 80438 80475 73166 74633 74061 74288 72036 73175 46079 77673 56770 10424 73041 73418 76851 15054 78798 74116 78495 74525 29011 73877 76117 73767 80900 74715 82198 76875 76813 74676 78394 78623 77843 81173 82213 78651 77437 75026 65911 74237 73776 72211 70745 76877 76147 73177 77849 75392 74168 78904 73088 4720 82182 75396 76910 77447 16434 72748 69838 74775 70579 78441 73051 76260 73443 76932 73054 19293 77147 68228 73873 74615 74368 75472 76913 77405 76535 8839 82227 75169 78925 81453 75740 71047 78681 76957 77996 77505 77496 75555 75557 77938 62113 70860 75594 51828 72235 4713 74433 68366 78366 74428 75797 78686 1271 73192 74446 76979 76988 74451 78940 78948 74176 74625 3673 75477 73888 113 76560 73968 79013 73514 74654 77705 70736 77545 73257 68619 78999 78448 75269 78629 81572 75600 74196 74712 81676 71710 76980 74749 78734 75625 13035 75173 73884 74777 75640 74949 82343 75690 79024 77682 73449 81621 78696 71165 73876 73061 74498 77013 77997 80552 78117 68149 80564 62242 74212 73568 7051 75205 73248 78138 75712 72306 82356 77043 259 74774 82446 73574 74673 73457 77503 75723 71218 75754 78719 72983 77046 77048 79121 75941 82610 75940 79150 74258 75027 78380 77066 30533 74266 75878 99450 73599 81798 77893 73329 73686 71275 75297 77904 74809 75224 74278 75391 75806 73078 87911 74834 29087 82380 80058 73223 75946 72369 75235 78702 75995 79156 73277 72923 78039 75254 75879 77054 74462 75063 75730 75668 78858 81844 1894 4730 73286 78121 75284 79631 79166 73714 75608 75887 73251 78879 79554 79161 91809 73555 78753 73946 73347 92702 78949 78661 14081 78181 83113 18017 73435 82654 73678 31960 70768 78767 73964 74517 76630 27165 82686 78126 77093 7580 78769 73592 42413 1633 81939 75900 73998 83570 7641 73186 74297 91833 72372 74021 77159 74327 74823 74344 85540 75959 72260 73297 75984 76000 75314 72423 74825 75227 74564 66810 76021 78184 77188 83040 78345 78294 74858 5133 76618 73338 72024 71465 82045 73362 73468 67277 74737 77203 74151 74347 78312 77129 76052 73580 78135 70133 79601 69924 73509 74634 75371 77799 73836 77126 73810 76055 7067 68229 74348 83611 78144 76135 84726 70173 74776 2312 77822 74378 74653 76129 78210 66643 74455 73600 76185 82968 75820 65945 74635 78840 77825 59205 18235 78906 73365 76137 77947 76227 7079 75408 75929 75276 76168 76013 65932 76653 72099 74726 71575 77761 70840 79300 76700 78966 78841 73380 73433 79045 75971 77569 74681 73581 78214 75682 77219 73228 75414 79379 76594 74610 75794 78927 74617 82100 74704 74705 74088 77282 73466 62468 76151 74907 75409 74724 77016 73438 69939 72439 75415 78894 77150 76215 82183 106145 76039 74864 70184 76159 74423 76028 75996 79635 77320 66272 77157 82994 78967 79062 77334 73584 73263 74727 72443 74920 73485 4373 74272 75426 77199 86228 82272 77242 7099 80589 92917 76228 83117 75179 78387 78958 78974 77344 74730 75446 74307 77349 82757 70211 74748 84307 77350 74277 73632 59137 83119 77385 77399 76179 73589 74753 73268 68294 73537 77410 79074 74756 74767 84752 70388 77592 75036 71865 68337 29157 29961 72693 77643 72094 74788 76643 73540 78262 70349 79397 76252 76751 77245 77948 75089 79131 77422 73293 79032 76647 76237 79289 78223 79328 73605 3836 78239 77463 68377 66219 79078 70079 76102 84923 76652 73623 75134 77826 73684 78013 70567 76298 76161 74911 48022 79103 13964 74789 73415 80834 76239 83620 77416 78426 70844 42568 84296 75595 84326 70595 78233 77296 72866 83265 79229 79793 68449 75507 77457 79139 3254 76078 78480 77474 78025 77615 81205 69161 68665 78274 73637 76308 78352 76174 79178 73613 83004 75044 74793 71140 78398 73320 73399 73642 59270 75059 47884 74794 68742 74851 73694 80513 74810 75833 77859 76729 2756 79176 71637 81620 29412 73420 74908 82077 77490 77498 76098 76312 74479 83984 78447 73237 85098 78572 74532 73725 76200 74121 80607 73732 73245 86278 73802 79348 29765 75695 73633 78617 76704 70599 75049 71206 78683 73379 82289 8248 11457 70624 76274 73455 79177 73858 73487 76755 75851 73746 71201 77707 74710 76229 76842 76844 82208 74986 77857 83379 74837 72129 83725 75990 75592 78516 69319 77313 70649 77974 74778 76748 10922 76321 77987 74869 79375 78624 79401 82732 70628 82421 76276 74984 73426 4696 74839 56953 76460 73453 73831 85176 73910 71199 76054 50937 73663 69372 76345 82607 73519 76852 79822 66958 75218 73991 84348 76301 71708 78630 74846 78705 73724 74993 76236 74075 75074 48027 75626 74475 74157 78732 15145 75656 78317 83494 79411 83397 76908 72787 74588 75038 74536 75761 75093 75771 73857 75156 76244 73565 74380 79547 73740 75769 76871 74735 76304 78375 76127 76914 77744 76787 77487 82485 74903 73506 75781 79414 77351 73573 78982 70887 76305 74922 100561 76097 79545 74923 59317 74448 78462 71950 77510 514 76925 75060 83187 76347 78030 76574 73800 74944 75265 75222 76983 76339 72226 78671 79557 13094 76170 73264 74624 75230 72494 74830 75204 71127 75267 79564 59348 74669 74976 75334 75353 72891 76352 75374 73579 82561 73741 82650 76177 73551 76202 78539 76378 74766 79608 79575 78826 72778 75395 77197 75493 74941 69428 8389 77557 78612 74178 76370 76407 77566 78573 78235 48037 78564 75779 91360 74708 71149 76421 73886 76392 77235 68782 75796 79634 74781 78568 76962 72161 85283 79188 79675 72240 73411 76884 78581 82557 73905 72416 73939 10210 73787 71264 73801 71322 79636 77524 75688 74969 73603 72450 53970 74996 72546 80683 71414 78288 80048 74055 79145 76712 75012 75097 79434 72444 76430 75022 76459 79167 72617 77563 77634 73460 76500 72779 75158 75057 74082 74519 79651 73624 75070 84420 68865 7656 79683 74144 75702 78346 79226 76788 75252 77448 43211 73769 15202 77659 75429 75207 75072 80855 79663 73828 76501 75792 76545 100706 51908 77844 75798 76597 76933 73677 76362 21214 4756 75108 73777 74553 87677 79760 72584 77028 59399 68705 43443 78618 75275 79233 74786 79292 76604 82836 71596 72321 71639 78634 75801 76553 73634 76263 79808 76996 81192 76641 75056 79261 78795 76412 76829 11332 74041 71353 78797 76425 79894 76435 72877 80858 76860 75808 74831 74611 75098 77697 79838 79369 71693 91713 68336 75823 79468 74919 75858 75109 62852 73916 1341 71824 75933 93179 76205 79870 73588 77182 93903 50394 75129 79734 73627 79891 79882 73762 74111 76679 85549 4589 76036 76437 77758 79887 78659 73943 73821 75194 75127 83403 76607 79474 7144 83557 73898 83213 69398 83594 75831 75312 77722 76108 78851 74640 78584 76726 75332 66398 75195 72892 71946 72990 79897 77727 76738 75248 75442 71688 847 30180 80067 80412 77036 83588 79945 76457 82691 93103 78649 75881 77207 75271 77061 79958 75291 69469 75253 78854 72580 76513 75454 75217 80029 74651 82698 75326 68717 78685 75351 73949 75143 77850 79935 75360 76761 76515 78866 76530 78118 77099 53687 78891 79072 76333 73919 73970 75484 77741 81187 73060 77742 67672 76531 72648 80142 76556 73981 59413 84781 7157 76357 76859 76158 75294 2852 82878 7934 67919 75372 66975 83653 76878 79576 73635 83020 70771 75366 73680 75911 75367 70916 79426 74114 73988 79506 43034 75364 75999 92959 68195 77694 59480 84899 79077 75514 74003 84093 79184 80880 69564 7315 75590 59611 14390 79947 76583 79196 79967 75394 68610 77248 74053 76408 83609 74084 74119 72965 82920 73830 76573 77746 77198 77250 100750 73937 73064 74158 76615 74190 75245 75646 73688 79586 80415 77713 77361 69390 69661 72782 77548 75262 76836 76181 83087 80094 75356 79219 81488 83688 77750 74204 68523 51439 79536 77632 79223 74750 77760 76629 75524 81278 75431 76895 77370 53000 80174 74214 76196 70921 77768 88450 75292 8420 77493 75526 80768 71958 77828 75400 80226 78757 79239 59787 75341 52086 77501 75527 77763 77553 74220 75636 52212 76409 75533 77559 2239 76015 80038 8332 80119 7715 79458 77060 77773 76632 73816 72786 76636 79372 76659 75824 79392 74216 66263 83068 76616 5033 78785 94704 75705 63709 76609 8027 77915 79668 77633 76638 60036 78224 67069 78847 76649 7527 78241 77120 542 71821 80326 80120 71813 67934 74023 74230 83890 84117 76669 80919 60251 80567 69704 79840 80126 81470 74236 76032 549 75535 78295 82293 72986 85086 80598 76672 73030 77776 80130 70498 79927 80091 78878 74850 74529 84882 82860 80132 76901 53098 77820 83208 73361 101302 80134 3818 618 75386 74320 77908 78917 80602 74252 75317 77912 73239 77940 76806 77953 80546 59656 75342 76681 76197 74255 76701 71342 79394 80147 77190 48668 96440 75544 77960 79551 73697 76815 76709 72943 77779 74917 77975 80639 76872 71435 66783 9340 81317 52660 85395 84327 18540 75554 76718 76802 76367 75732 7259 76727 75568 78195 75567 77939 79459 74256 69833 69917 55982 75418 77192 79235 75572 77204 77541 76941 74367 74614 74961 77789 7288 80596 78760 77270 75580 77792 80173 71819 75583 78994 27323 77870 74990 75840 60469 20264 70965 81492 76954 73275 71881 8588 60115 79238 72951 67168 75591 76772 80020 74039 77990 83228 80182 76765 80186 80203 77864 77269 80255 71976 79569 76053 75599 93818 80710 77556 75653 45125 76958 78908 78937 79278 75107 82897 75427 76993 77946 77008 71501 74431 72185 81712 80083 78076 77073 78939 78043 80298 84344 75711 78355 72208 30843 75620 82899 69166 86286 78951 83804 80942 76822 78093 76477 77090 80953 81586 75404 77565 75622 74824 76073 75853 77317 78365 73833 77372 81653 80330 83006 67193 80296 72559 74384 78955 46868 75623 55054 20589 80368 73259 79050 76773 78141 80424 81005 81765 67370 79057 75504 79058 74481 3742 78585 72359 78586 75114 71281 79359 80712 84351 81108 80699 80285 73859 80370 72488 80709 76524 67581 74545 76248 75717 75749 77901 75694 77671 80390 75637 76854 76825 65935 60279 77077 78297 77715 80789 75734 78157 73271 53685 75302 48182 75338 84495 74336 75920 72159 76790 80400 9 77149 76857 74340 76391 84931 73966 75564 72293 78524 83007 72477 74751 75645 75760 77007 79023 78032 79466 79620 77153 8036 77144 74341 81130 74047 78199 78284 76883 1980 78306 77845 76940 80395 80510 72523 72706 75767 73424 76250 76592 72481 75770 74951 80543 83031 75817 77384 80470 79654 77033 38582 59805 72521 72720 75772 72552 78236 79473 78320 15302 74353 72765 84533 74874 75545 77894 83951 78386 74385 83037 80737 75805 75826 75602 76969 79367 74814 74408 87194 68603 84821 75014 7126 79717 67390 78145 85113 79067 69495 3759 77424 69933 76896 75844 76253 72715 94474 78597 75870 74582 81385 78443 75722 77171 75928 75863 75890 77980 77055 72780 82177 75915 52262 74354 76230 79100 78669 80738 81207 72865 74429 78456 80491 76029 79491 75932 72876 79132 76891 77698 73401 74457 80551 70109 78457 78056 78459 81244 81788 83236 71289 77470 75977 75663 77479 75807 16 77071 78185 74500 79390 74577 75128 70307 52510 79518 82348 80779 75483 76947 80720 75549 77262 74506 79148 75899 83070 77113 74427 77582 81322 70445 18120 85320 77310 5135 78261 77445 75700 95873 78001 82614 86092 83276 76295 79430 77397 73034 96068 74388 84429 80827 101905 69836 80528 77404 83383 73474 83876 80724 80725 78091 78095 72540 77122 78165 76008 79543 69842 80530 49569 3844 75973 79567 77178 76505 77051 79488 78354 73824 76507 83153 74647 74697 75914 76144 79000 80780 78991 80610 74398 79112 81377 73464 85321 74599 76166 74558 70043 78196 75065 7708 80832 80647 85344 71339 74876 85461 75745 77145 76002 67583 84528 75926 77097 7823 62785 79505 76656 74659 79740 78240 80849 79605 79936 81404 79720 77244 78247 77176 71440 74915 70082 74503 79688 72874 80621 77246 86830 74893 18134 77434 71082 78244 80663 84647 79643 75178 72740 74377 77814 77985 81509 78249 76006 30952 5136 80846 78475 79767 72734 78799 74552 75821 78344 77102 78052 75187 74674 73941 86107 78264 52980 75822 74452 74693 80673 78113 76048 78293 75862 73319 5522 5150 73052 74974 80850 79115 80852 85432 76245 77191 76259 77264 73168 74468 76003 77459 74502 76486 75607 75233 83262 75365 76104 76150 78302 557 8039 77381 78582 78619 77227 76034 74125 71372 82674 76518 2315 76663 78328 76232 83555 79786 73529 74699 86888 74844 77477 10958 75113 4758 75842 80897 74978 80857 77537 76284 78351 77266 77868 62747 78336 78384 54121 81396 70119 77558 80973 78271 85491 77605 81647 75096 77684 77277 78601 3857 48251 75274 77299 84733 79712 80864 74706 78867 73528 78404 74483 78408 74518 8043 80906 78453 77335 5187 80115 84552 74563 77595 75828 78715 67740 81007 75868 77315 54602 2452 71399 77390 74671 75896 74738 76572 74709 77696 76134 76599 78198 79774 80044 77331 76294 76537 84514 82424 76195 30976 77872 75123 79831 74251 71449 83332 2353 78746 78482 76617 74800 76324 79399 83421 76206 72984 74267 73024 78755 73559 77291 76224 79835 74819 73294 83651 73313 3151 77340 14954 78804 77430 70178 78473 78245 77336 77736 77831 74860 78873 78510 90336 75994 77497 80889 74728 75438 74925 76023 7778 81077 82353 78915 73585 78290 81135 84581 76247 74821 31055 76282 80754 75487 74849 78538 2368 74732 73162 74695 75578 73316 73563 74303 75889 178731 76306 75017 78833 78782 77753 79294 83578 86264 73409 58898 5210 77358 83672 97268 77327 75079 7349 76326 75095 81106 76332 77957 74306 85515 79020 73629 78834 76374 73664 83646 76348 74736 78321 81139 76666 77412 77588 73782 59987 76375 82626 75757 75659 75151 85576 76464 81359 60202 76697 8199 77936 80080 77377 74882 30205 80337 75136 74357 76045 79021 73749 80926 67829 81124 77655 7843 55011 73735 76398 74928 73619 75448 76342 76736 76418 10706 77781 83681 80109 75714 78849 78304 76542 78128 76741 75546 74940 79738 74264 81201 78493 80964 79677 60371 81234 74396 73561 77571 77965 102509 78870 75071 79637 80172 31287 79048 77793 80183 76066 78562 66025 76735 53804 80197 77500 74965 77854 76548 81378 76093 82739 76754 80202 79101 76063 86915 78615 77523 79418 81394 81006 81312 83741 83761 81508 85661 78633 76433 81442 81136 68439 76552 75718 78517 60381 83837 80240 76184 71239 79054 71301 9764 79841 76173 76478 77848 76805 83472 81141 77767 75876 81554 81325 76541 78334 81641 83279 1369 75001 79174 68409 74416 74621 86412 81176 73765 81535 83896 1013 80484 79306 76634 79874 84115 76508 81660 76544 76201 79337 78338 80305 76447 83170 80684 68778 76165 60366 76210 75696 79423 75877 77603 83659 76214 72884 75075 75021 77411 78037 80310 85737 83671 76579 75894 4156 79454 86427 76319 83718 76567 80321 78349 668 85726 78367 76846 76850 79832 76916 79988 78372 85742 74622 81016 70203 78859 76279 78690 83866 1314 30551 81883 71453 76673 11680 77000 80456 76766 78912 81043 85804 80343 85826 75451 73872 81547 75116 73683 73844 83882 71419 77045 74074 80421 79641 83974 78504 49242 76921 77429 74955 80828 75708 75135 703 80541 77878 79107 77042 78699 72754 53885 75131 83987 52579 84032 77885 30907 78574 77627 81331 80246 78015 75710 77863 80570 76952 5285 75481 96330 71479 73890 71814 77630 75232 78620 73459 81233 75709 80108 90446 75282 82232 78919 54501 76424 77540 75456 75457 77218 78701 74273 26187 78026 77610 79513 81962 79527 83966 101369 78377 72895 75287 68584 78444 61070 76593 75469 31298 76510 80744 2003 75324 27347 77687 81326 71504 16851 74491 79225 76826 83928 78577 76539 9906 81452 77902 73498 80282 68513 84288 61998 75907 77810 80618 6206 84353 81543 75912 78665 77678 78163 78020 78929 76990 77891 78602 881 3998 76622 75802 78660 74557 77821 75330 77839 75441 77927 78842 76466 75839 83728 74636 83731 75882 3198 77294 86003 78463 73709 78068 80377 79698 76473 76010 78698 73895 77635 79736 75517 75529 9532 76561 75536 76995 76484 75550 92384 49785 78560 554 31500 78723 76519 50008 79893 3858 75581 76571 75921 79680 73911 78743 74527 78726 86164 3904 79025 74638 75587 81806 75934 79780 76874 62951 80555 77030 77062 78203 78789 78759 75983 78972 77086 76081 76600 81249 8071 76892 16470 75605 76674 76912 4766 87016 79919 81355 75673 77650 73961 81368 86034 83793 16413 81381 80442 74675 78965 77306 76677 78781 76706 75593 78222 75137 77238 78347 76538 75147 76204 82057 81938 75345 75597 76918 84037 78505 79965 78277 77695 81906 55017 78411 77706 2704 78938 74164 77297 77877 77730 84857 80010 78815 81549 79819 74734 724 79102 78986 1040 73430 121 29556 80718 76273 79172 79218 76406 81580 83943 81559 31629 75616 79221 79011 78418 92482 85909 10984 79254 79220 81637 75181 86629 81998 7386 87050 74723 77318 76315 78907 75357 76924 79256 80416 84179 76119 71933 81626 74805 77906 75650 75664 78984 85911 76645 83375 79247 76335 77514 77525 75671 76146 77362 81666 75305 78506 77594 86100 76225 77988 73496 77728 60411 76928 55215 76395 79704 78996 78074 76281 79339 82131 31802 76132 74884 84001 77784 76402 75358 86106 80446 82156 78425 63311 7405 77743 75685 86254 79262 76740 74645 77800 77907 76410 79312 79366 80818 81672 81292 86528 79069 78370 80983 80562 91303 82724 75716 69146 79047 74745 81709 76956 79104 75949 76696 78226 75466 83961 83399 77521 84212 79354 84237 79076 76405 79416 78621 79347 84340 11934 73931 11985 82966 78130 72079 74140 80018 77151 78153 74052 78215 79137 76714 77273 76595 59590 82833 79160 81046 79441 81699 96779 66317 84367 73063 78910 77451 79267 78529 79037 79497 78461 75208 76902 73719 16541 76417 78259 76436 76445 84431 78479 83129 78269 76650 76732 76452 74271 12470 84460 79790 79191 78589 78675 74690 78437 11165 74815 81573 70217 76978 80078 77096 79697 75452 81730 79274 50027 77970 77465 76149 77842 78758 84721 35384 78819 78771 76262 78164 13138 79522 75482 79694 84979 77734 86158 79227 6144 77152 78530 83963 77527 78556 76467 78283 75498 86186 81123 76287 81754 79407 76760 78558 75852 78930 73841 77923 73733 74071 79461 76300 78178 78219 79265 82164 73793 74143 76793 43456 79815 79778 76110 78292 77791 56102 78820 78006 77240 76577 76804 79898 81771 78829 5901 1065 75756 78072 74315 77861 75318 73182 79053 84744 80990 79852 81787 78309 75747 76582 81020 76843 83197 78316 79826 76588 79133 77968 78308 78340 82206 76188 81866 77029 84856 75773 2351 73996 75383 78161 3981 84316 7294 76705 74319 86630 79231 79855 78440 77286 74960 75777 83382 5617 79056 81127 77622 78371 84071 78396 78627 81916 75799 74393 97068 79949 81949 80162 80236 76777 75906 55121 77462 23667 78416 80615 80007 80151 81040 83541 80289 75503 7748 74028 81919 79277 78656 77665 77348 103386 79731 80586 80290 79453 78836 78780 80218 81865 81970 86310 76625 7427 76044 75748 82246 77935 84095 75502 86606 15458 77356 81899 81200 46565 79959 80131 75521 80632 78845 79284 78005 79451 75930 79215 31819 75538 75565 79073 13937 80371 19329 78420 95149 79255 74862 82318 75786 79562 76768 78251 77823 77486 79361 77499 76226 936 79279 78028 7432 79465 81668 77357 43957 81078 74184 77666 75574 81582 81174 27093 79388 17785 4047 77729 78034 4776 76887 79770 76585 76917 76923 79449 79224 78040 80396 81209 85061 77833 78051 76939 75857 82417 82018 4053 32674 74342 85090 81213 81930 71927 10810 79360 80159 77929 84173 78890 78045 55218 85143 78055 74349 78083 74386 75445 80318 78087 81661 78096 77075 80334 69318 78468 79814 76984 79444 77143 77037 85197 79821 76243 78058 61562 75617 75628 80645 86561 78188 77783 74375 79324 76022 86168 69558 80410 2373 74900 75643 79457 78964 75190 82491 79486 78872 80502 10157 84540 79377 76415 30935 78098 78813 74510 31924 76346 81272 83624 84160 77963 78487 76780 74102 79828 78762 76043 78200 20688 79403 87075 79546 78154 74566 78476 4103 86476 78857 76626 86103 78861 77328 75908 81104 76930 72337 76511 76975 78871 86590 79490 81957 283 78880 43731 75634 76799 76390 81671 76115 74618 81750 79163 77065 80700 78522 76789 76189 74513 78319 74591 81718 75180 75277 832 87151 79515 79985 77354 81340 87207 78343 78920 81363 82266 80228 78963 78592 76420 76439 78924 79603 70167 76977 77759 15601 79857 78942 78023 79860 13671 4839 80099 75962 79878 79528 78995 77943 78998 79606 78361 3303 80797 77098 75249 31987 78363 7446 81894 80927 74813 80481 80548 79016 80535 77969 86288 9872 78922 81817 75213 80448 77133 84596 70278 82511 84629 76797 78552 80628 76961 76642 82433 79906 79913 78373 79514 75861 75975 76613 76648 75951 85228 77142 74110 18295 77378 76480 78637 79921 77228 50644 80974 72405 103572 74210 79925 81515 76676 76481 3860 74600 75260 76242 82605 82476 72468 81982 80634 79733 76703 70215 74514 79624 75979 78392 82033 85310 75376 76792 81539 97132 78742 74548 80623 83628 79182 32167 76749 71827 71283 81905 84873 76680 78520 69069 76488 86134 77079 87269 84297 70478 78976 80637 78613 78424 75436 74679 73987 80014 86620 84920 81150 79955 76750 74816 66345 77135 76528 76031 78657 79002 86626 81934 66435 76546 83225 80649 80646 35527 82703 76183 77380 78428 85144 79019 79523 7905 78714 79059 2493 75763 64410 75092 78466 73017 76328 79091 82705 83642 80105 77181 78543 82041 97660 80687 82525 50667 81365 84364 77069 87327 52836 98725 80313 77398 82046 85236 79143 69728 78554 83922 79180 84766 84783 106376 78570 82542 78591 82073 8120 80185 76774 80150 73511 70642 80353 78721 80252 78632 77443 78744 78654 79960 80706 79556 77647 77512 75177 83772 76330 77253 79151 75530 78768 86430 77495 77109 79208 78790 70150 82154 77254 82161 81489 86161 84555 63009 50938 18468 79206 79618 83337 85588 87596 78470 81534 80715 78776 77679 82440 78788 71246 79628 80790 76601 83807 70573 97283 77450 76046 80747 106619 80766 83941 5370 78827 77716 78983 77256 77874 79006 78567 81064 80344 71898 74331 79715 76888 71545 63322 79672 8203 74843 78169 77599 77815 80842 81563 81575 74742 72242 77260 78707 77276 79169 78731 77284 76667 76819 79213 75348 78905 78962 84412 78832 81753 79350 79070 78528 83002 82880 79362 82523 82596 77289 80062 74337 74964 85639 87579 82609 84797 77480 4816 79799 79438 80445 78765 79464 72200 77367 74887 85654 74415 86541 83390 72225 80500 77723 85700 81105 74537 79987 317 81895 78792 18511 80865 76893 76118 77827 86717 77600 79509 75479 52840 72858 4849 81229 72425 75019 84684 76128 77880 78209 78662 78735 82166 81756 82574 77882 79129 77618 78787 76722 75397 76744 84089 75496 77931 80748 70708 82664 75214 78928 77966 76865 68164 76904 76411 80453 73675 71912 86854 79991 78673 84075 82499 79241 87124 77656 76905 72436 77202 85830 76549 79412 66152 80764 77214 87229 82619 80944 79687 75497 75505 81242 103575 73144 82284 82679 79498 79435 79798 79437 76929 63372 82687 81350 81726 80765 55118 77785 79460 81026 79419 79868 76419 78002 81558 79825 79140 60427 51522 82738 81585 80875 76136 85841 83742 80215 81920 81116 81598 78360 78791 76764 80515 78042 71365 77409 80013 78802 74547 17769 82746 80031 81624 79422 78689 30418 77212 79190 81189 81258 80981 72543 98936 74818 84142 75674 53087 80350 10818 80773 51592 75068 77836 78806 81659 79470 77446 11625 81964 81663 87034 79483 1073 87716 77967 80122 80527 63413 56331 82797 76934 79531 75362 82843 81157 80808 84954 82128 84387 75943 79571 79837 85986 76219 87212 78856 77984 78921 82346 78975 80604 85458 78065 77509 84559 78110 52100 79154 79010 78060 70633 82389 80940 75153 81711 79594 86127 78825 80550 77686 75435 78883 74619 77711 80276 75460 80841 88509 75337 76557 79836 78980 81721 79538 79886 77567 79619 79189 87180 80866 84574 82934 52871 11724 76565 73068 80650 76894 74000 77693 73007 73179 78061 78070 73194 82895 4853 80975 79976 79986 79027 87369 79982 79992 83088 77035 77038 103580 80675 32479 80201 80891 79630 83566 1126 79642 76745 82146 79653 80005 79846 79622 75965 85464 87717 82871 77074 36032 77081 75563 97971 569 81274 70646 76062 84978 81870 83130 79246 83260 77752 78108 80622 82149 84590 53190 76682 29753 77794 76266 79930 76285 80980 78111 78114 84640 83280 79093 75991 7297 79666 82169 85838 76778 870 76427 75589 82914 76035 78119 60827 77271 79036 80887 80116 79071 80040 79086 80227 81269 77114 75604 84636 79097 63822 55316 80145 82170 79118 68750 78125 81217 30595 78376 77116 77290 79484 78445 70915 77338 77130 81799 76487 76608 77121 80998 77162 79755 81036 80336 80599 79686 77798 78237 87332 75508 79109 77364 81057 85721 80367 75585 58921 83121 79120 65407 77889 76121 76534 66689 4159 84728 79701 76876 63876 85131 87244 3880 82186 80121 77136 63866 8097 76627 72448 80032 78926 80199 98215 81095 78956 80212 78287 80229 6773 80428 79122 80452 78368 61718 69089 76310 80489 82245 82151 79795 76628 84834 80046 80608 78401 60892 81062 76492 74435 78409 82197 78553 79902 82160 78465 80221 75832 77892 77403 80233 79170 71438 77200 78481 82447 81255 88894 86221 78488 86369 75968 79248 56456 78903 67318 72474 81299 79171 76646 81826 52920 82074 76041 87485 74265 76858 83138 77916 80244 75610 81471 80504 87829 76693 80644 75490 76730 79043 83282 77978 72621 76889 73326 80030 81101 78048 74333 80522 78502 81156 75632 74442 77407 77304 76897 82464 78527 77309 74449 78167 80566 101597 81100 52956 80274 76998 79708 78533 79008 77031 80348 53397 86137 65309 76835 77427 75768 79030 77039 76320 75782 82277 70733 79060 86227 78713 80365 79253 80279 86289 76849 74623 77027 77466 79746 71560 14008 77481 80609 78356 84846 77602 81498 80685 79276 77040 79775 81341 90174 79085 83259 81167 77325 77543 82935 80399 79096 79105 56132 79776 87711 87720 79197 79202 82530 81517 4210 77032 73854 78031 85009 79313 80295 76366 77049 76801 80698 78534 77623 77067 77041 77369 74390 79911 6301 77911 67444 81546 4227 76807 87864 84060 77087 78722 80693 80322 73370 81391 81910 79244 86646 81193 76839 86557 77105 79290 77708 78019 75667 86664 77374 80862 74576 78033 78796 80898 74689 82218 79340 82537 80345 78691 82062 80303 80459 82223 79099 87871 82280 106840 83193 76569 78427 75703 80061 79344 82224 77301 76776 80909 77044 77106 77580 77393 83301 82495 81552 75809 75785 87883 79251 77913 79830 73082 77585 78021 78106 76981 80471 79875 84096 82286 82694 81839 73465 81923 78736 80666 76404 81864 77394 82319 83345 31486 81581 84732 81289 8399 84773 82742 82940 81935 81291 80914 79288 73901 77123 83388 74796 76972 79326 74838 79928 80516 79114 79900 84915 83126 78082 80931 81295 12512 4906 83364 86823 18768 81408 78536 79908 81622 83268 80398 74122 75812 1277 86845 82594 77324 32937 71736 81584 5419 79173 75789 56894 81747 79346 78814 81023 91065 76083 82039 79983 78085 81096 81304 67445 81392 80593 79332 80694 79363 77731 57019 79374 82103 104033 77417 87908 44648 78745 4370 78116 82341 82132 79079 78166 943 78206 79989 53553 77076 80825 78636 77628 74987 80726 75811 4164 108978 79487 83414 77177 81440 77721 84970 82226 78680 81441 80704 80417 14029 79380 77855 78478 78911 79535 80320 84504 79664 80439 87142 78682 78918 82290 80049 83082 82359 82381 75905 78216 76372 82407 81484 84809 78272 87309 78139 83427 79408 77210 80613 79971 74994 77186 79164 81828 82957 80447 81495 974 79659 83219 77506 76985 81545 79186 80098 80455 87931 79228 83438 76997 79813 91327 77830 80493 80635 76256 79994 9182 79409 77924 7452 83756 77237 53375 75825 81720 81050 80392 59358 78362 73556 71634 102695 77458 80592 75838 70980 85786 80729 7119 76292 78140 11747 73153 105052 83097 84125 78752 67750 52965 87328 78580 3315 81912 82442 77323 82091 115581 80736 77898 83314 83453 78644 85025 78053 69182 10275 77058 79550 79420 73748 87453 78256 81497 80025 77733 75753 79926 84860 83444 78281 81768 82328 79258 91627 75960 83133 75883 87965 71102 59077 79520 30641 78406 78407 80682 82403 75144 78932 78057 79052 82436 87614 82467 75150 83603 8288 98227 77468 78508 87705 77535 77285 80000 80553 77513 80619 80463 78901 78547 46023 79090 78332 81528 77355 80671 83955 80848 82478 78265 77068 3926 79978 80703 87519 77015 79146 77194 79681 80002 20931 80668 78678 79696 82320 81170 80707 83481 75938 83605 79792 74188 85030 77529 80719 75686 77311 74281 77886 85020 78551 85032 80746 75947 75891 85209 80793 77196 85257 87795 79847 84934 79268 76094 80084 78774 80047 79854 77573 62421 80545 84069 79429 79884 76005 80800 85276 76336 27057 78430 82506 85270 80761 82357 80801 85374 844 80104 56822 81980 83616 80805 79195 77770 80838 12035 83466 80878 55635 76037 79273 85107 81060 76038 77326 76042 916 63665 81800 79475 81211 80881 18897 74345 77577 60166 78434 80839 83969 79904 88014 84735 31080 1636 79153 79462 76064 82409 85368 89047 81790 78835 79285 87532 81900 78323 75804 84136 80845 80894 88272 81568 81697 79526 75897 77887 78561 82461 80896 80139 79539 78179 81571 80913 79291 77917 76017 75950 254 82548 80941 37686 79305 77712 77215 8431 18135 80901 67857 82384 80117 84111 80963 80741 77955 79563 80312 83600 79931 79452 79342 81574 73097 81701 80435 80750 78583 81809 84090 75202 78923 82549 79310 83636 85375 88087 79134 77220 80349 83661 80170 76187 5373 82463 78036 81975 80907 82007 74392 79938 80978 84206 54350 79570 83777 82387 72173 7306 87944 78622 80549 8130 823 85436 80782 77418 79541 80633 80798 77644 76564 85954 84151 77801 78838 80253 54397 82543 79998 84605 80063 77949 78324 79507 81066 78086 77959 81588 81751 3972 79204 61964 81651 79317 75970 81888 83842 72300 79572 2059 88248 19458 80824 80093 84031 78335 78640 38591 77962 76067 75349 80819 82588 85551 79555 79269 80874 78094 79325 80269 80994 81210 81941 82022 85577 3306 76289 7495 82581 80526 77700 8150 71310 8614 79582 82657 76085 59634 82759 73254 75553 77115 80892 85138 79607 79116 74289 77483 82241 81783 79358 87890 79125 81725 81001 32555 81179 82792 80230 81804 77994 79400 81003 79364 80997 78641 88321 80627 80722 73594 85798 65648 83908 81008 81851 4896 78104 81840 79368 82665 79614 78402 74494 82676 79499 83957 81010 82888 76566 81025 84000 85538 6401 75706 78415 82829 71139 82911 77745 82264 78172 80419 66734 85689 80235 79398 81029 81263 80291 81115 79402 87977 79644 81191 73672 74601 77998 82973 71443 82299 79345 81903 76322 84189 10902 62500 82975 80243 54719 75813 83165 63864 60173 76721 85255 83999 78062 81068 74721 80835 75654 81841 79656 54792 78751 81128 81927 76086 81936 79331 80915 88351 80064 99432 78817 85628 64711 81159 73950 67810 76752 81215 78557 81286 76106 76120 86870 80065 79566 81070 79711 82030 88101 74782 76828 71730 98371 84235 82524 82681 80196 5449 85955 78268 80381 79521 74127 79678 76140 74921 85879 8170 79769 88256 84713 77252 74716 76719 77832 78431 79533 81943 78151 79613 81357 77888 81079 81306 78152 78598 80315 76831 84283 79335 76275 80378 54403 3979 76343 79600 76238 77298 81961 81858 77532 88258 83009 79779 75752 76363 78197 81037 81103 85265 3989 78248 80231 81978 79673 78756 77534 82063 79685 79800 80016 81154 80265 77568 79809 82065 85971 76399 78192 79612 75993 81872 88265 82749 86290 81330 83069 77674 80648 85441 78778 75886 80384 76465 86101 81379 77921 2873 82070 81166 82344 79615 79820 77992 98456 78067 76523 84903 71740 85701 74980 83406 81021 82544 76131 79699 82702 78628 78638 78109 79633 86095 83310 78257 83186 78664 82174 82791 81221 78350 78864 75084 53144 88409 80393 78865 79744 78267 82116 81387 108009 82669 64490 79639 84097 77692 78008 60482 78839 79370 85848 81181 78855 77701 81395 78876 79903 78881 78170 78439 82006 81238 76162 82052 81423 86262 79405 78359 54942 88033 79665 82377 78916 80755 78378 81459 82432 76861 79446 79424 82064 81002 78944 82086 81009 82196 79494 85736 77308 79502 79963 71519 78393 4793 69650 77837 81389 76964 82571 79477 79984 84465 79585 78422 79611 82633 82071 82721 81190 82168 80409 83471 78961 81397 76164 78388 77047 81469 80364 79758 78496 79702 80001 76353 78509 92144 74287 74328 85079 80787 81608 76691 85505 78969 79811 76490 81052 79629 78616 85865 84042 78523 74995 80444 82672 81795 77999 82737 89044 85096 81460 78395 82207 79801 76456 80485 78985 81232 75850 82783 82209 81044 81268 80574 81092 80816 84437 81300 76485 77312 76178 78626 54546 76449 82736 80758 78652 88076 75869 81557 82786 80756 79595 7513 76532 79872 81439 81110 76563 76212 82085 82992 77726 86113 7683 81645 12681 80129 85401 81480 80004 89466 84243 81412 3996 24651 81805 80146 79695 88593 81897 75895 86454 87652 79087 82056 79591 78658 55612 80821 78073 82477 79834 79705 78990 80772 78097 86172 80823 62736 80158 81623 81555 81739 80662 79873 81854 81995 80277 72705 107880 81859 81422 76180 78653 86555 80340 83022 73273 81438 82278 20949 83216 77699 89792 81633 77234 80794 79532 79975 80423 82021 75082 76620 88642 87734 80461 80405 80070 79012 77751 78162 82088 80711 78229 4897 79042 76639 77275 88032 85859 83063 83074 85923 80241 81462 64722 83056 79932 85093 80284 76100 80910 12624 78273 88044 81613 73649 91876 79905 83485 79946 80920 78666 1049 80925 80995 83132 84703 84337 79807 77379 83509 66165 81603 78693 3323 76470 76816 2904 83311 81028 81644 79954 78472 80962 8291 81143 20312 84381 76820 83547 82276 1256 77951 81455 81491 76665 76811 82553 77383 80982 82696 79889 81000 81473 88442 80144 82261 76814 71902 84571 79123 79845 82282 78697 82361 80314 84658 80327 77790 81514 79234 76832 80505 83161 82376 81662 88652 81673 81011 81018 79909 78503 83522 81654 75103 81741 79823 81748 80012 79308 80037 79039 80088 82399 82956 92279 80524 78717 80402 80355 77274 77080 80100 78038 77508 4959 80480 81973 82049 78593 79871 80154 64110 77607 80050 78147 88713 83028 83321 79323 82667 81022 78808 85931 5496 74515 76307 82202 15839 80073 82416 88129 81550 81618 78850 81665 81667 86700 27373 78050 69545 76264 82492 19035 79415 80581 81846 78706 88055 78148 4028 80177 81553 86732 78885 93598 78282 82117 8351 79431 81111 76258 82055 81874 85110 80483 85178 80499 84016 83849 80156 107043 85437 82005 78285 81646 78310 78739 79548 80188 80198 83511 82503 75069 84224 77009 81027 78902 78993 73351 80992 76386 81041 86259 80757 81945 81604 76879 78741 79537 84706 83162 80210 82239 81999 84226 82587 78809 81965 84589 78645 82768 68029 78997 78684 79662 81674 8216 85741 81042 81099 78369 78733 32634 83572 80234 75266 79951 82635 73963 70890 80155 64809 79709 79007 84927 85535 82010 82013 77609 83439 80775 22294 54897 82059 32647 85961 84734 115763 85220 78822 77629 80242 63079 82383 89011 79455 86730 82098 79018 81908 80259 12548 79126 80161 81134 82125 4993 79784 77669 88790 79017 85077 82148 88278 88423 82769 80521 78399 82550 86883 82256 82704 82155 79590 89975 85560 78783 75385 82651 77724 76502 88811 84510 79858 8491 80563 978 82042 76491 78646 83136 83243 64822 76280 20269 82189 85404 82322 76231 79179 83036 83284 82688 78747 82176 83254 77222 82253 77756 79187 85623 86138 84553 82715 79471 66962 82352 80307 13407 86825 83255 83266 81133 77375 76358 83306 81716 78764 78818 81072 83385 8233 88785 82367 85456 81051 86573 78078 82194 77809 79028 82391 74145 79075 80636 82840 86975 88908 54964 80351 80358 78775 85626 83381 71600 80659 81071 76605 80171 80496 76973 80339 81146 86197 77258 82362 77263 80667 79203 81145 80205 77084 88868 75494 81208 79638 79729 64949 89852 81275 79214 81634 76635 86393 80319 74346 4983 83392 82386 89627 32288 91316 12237 82775 80743 82837 82870 87049 76734 82388 80247 82411 81678 80369 81850 88086 56332 82795 75892 65174 82457 5032 76885 83391 75433 78830 2640 80905 76503 79661 69519 81107 78794 81991 80449 18537 83707 80727 83395 80749 81240 78194 79863 89757 82796 82429 81252 79885 82192 82458 83419 81710 80740 949 80847 82400 81288 83540 80251 83495 81303 83610 81013 78263 79848 82845 81311 79217 79194 80283 80465 107539 83544 81273 81345 78018 8587 99454 80938 81507 86024 88432 78374 81171 79249 27579 73019 82470 79865 81426 77368 11668 83697 82907 80902 65478 83552 77519 79881 80638 56956 79910 82877 76423 78773 82228 72088 79080 79940 88390 69913 82884 82489 81364 33172 76966 79252 79948 46992 47241 85127 82237 82546 81366 83111 79201 82591 79212 6406 78807 82067 82604 79999 75528 11816 86755 61019 77688 80164 77765 82250 83774 82612 70234 80324 81733 83790 83824 82646 80359 77107 68546 84693 82330 25275 82658 73193 84635 83595 82267 82371 80966 79973 79260 82678 82462 90178 81386 82712 81436 82683 82730 81086 83051 81802 81842 80934 79250 74155 79081 80807 79280 81456 80178 82748 82611 83559 84754 82764 87389 18845 81510 82945 83998 29185 88545 82879 78875 78843 83641 83125 80106 81409 82944 17858 57345 78897 84756 88608 81493 79371 84685 92775 79113 82285 85708 74725 53158 78898 2832 79287 79996 85269 82496 79275 88902 85800 77977 53884 93637 82890 77979 80308 76598 82621 80066 83924 77460 79004 83708 82955 89107 82252 80829 82582 12336 80991 80413 82938 80861 72331 76498 80075 81742 85940 81511 79005 78414 5706 98724 80454 70872 85484 83805 79192 83021 79049 108123 78779 89403 81873 83057 83748 77795 83612 81313 89084 83838 77119 80877 88466 78934 79299 76624 82265 80077 83151 77930 79384 81520 80261 80275 81175 76658 80404 94341 82291 80273 79327 83977 33313 2165 57160 82393 79095 85634 79395 83686 83024 87002 8680 85772 5035 81519 88516 82600 75598 80352 84188 2563 75739 80418 86747 75793 692 78300 84046 79158 79421 82304 87396 81521 82023 75121 4939 79334 79391 14962 80478 77146 81832 83011 82575 80375 81530 78069 81570 78546 86098 84975 83099 81448 80882 81587 83698 80921 81745 86479 83560 84087 83032 80403 80095 75203 76660 79406 79439 71155 81522 82309 83101 83103 87276 79481 16534 84011 77168 75871 83108 80501 81523 109205 84146 81921 82680 85807 12306 3005 65528 82603 84880 83114 80101 83156 85031 79495 84238 81030 81837 78146 88057 85664 8695 78887 85873 80588 86000 85600 78159 80959 81059 79508 89125 18765 79679 82726 86801 88128 84263 77316 19128 81047 79428 84124 81538 84302 77180 81048 82720 79510 81594 79512 80411 73352 83203 38401 88693 79525 63415 81595 76694 81708 81656 81703 26262 81931 80539 83127 82753 77225 82951 84284 81082 77401 81893 84335 87380 47387 87490 79524 82798 90455 86041 88867 78888 88739 88397 79565 83175 84268 81144 76138 76373 83217 80414 86943 82313 83209 79168 68522 83238 80626 79303 81845 82930 79581 78946 81728 34658 86187 81869 77420 79610 86012 79625 81791 86022 83591 78960 66163 78515 83252 81163 77421 78435 84343 86236 81165 78987 80730 5512 88718 81926 82152 76380 81039 76737 83734 79560 84345 76438 82625 83285 78521 83267 82706 82314 81976 86267 79596 89248 79038 86229 82385 82727 77909 83241 78507 80430 82349 77423 81814 84440 19818 86632 80436 88929 81602 82942 83300 80168 77439 78511 83815 2248 77612 81097 38798 77489 79266 83386 88561 79648 20151 81986 80288 78089 79061 83297 80293 86864 79756 83809 14045 72151 86253 33435 81821 78526 85091 84272 79066 81177 33970 81889 84310 80580 79015 85906 99003 87234 80451 83500 79621 56130 81989 76756 82009 83847 79877 93477 82315 55047 86260 80802 80600 81225 79647 80022 83005 79671 83059 80814 78611 81112 68451 84681 86510 86353 77504 81253 81979 81256 75389 85951 82040 81619 77518 80595 81257 85640 78246 83389 78935 86389 84644 84313 80601 70934 88716 389 82172 82203 77611 84211 87573 79623 77530 89160 82397 79816 66 83492 83431 77183 77554 77189 76769 79088 82025 7392 3119 71012 80822 83873 81630 81786 80620 108909 82027 75885 80665 84279 80391 88843 81648 82410 81713 83270 82413 87577 82636 83877 83469 83214 81219 82297 78576 79124 81860 83684 58350 82441 7946 90659 82347 79690 85142 80487 81270 77201 84350 83289 7587 88893 78205 78704 81778 80033 86641 84365 78720 81785 88879 84388 82460 83416 55053 83727 81282 83035 83318 88928 81117 83436 81862 34181 83894 86415 81297 79700 76025 82733 86570 81309 86494 84451 77601 80035 83899 87645 81531 83352 81314 92153 80270 83451 82735 78419 82507 82079 78770 76092 79710 83967 77279 81315 82242 86423 78532 12197 78677 86544 83461 8788 76817 77613 86667 82471 86049 81321 81329 86931 80745 76771 86371 99010 12667 76847 83498 87828 82302 83272 89173 79732 83222 4051 84563 73413 81548 77641 81564 78132 80306 6021 78333 83261 5041 58743 80785 86686 53619 80023 82279 86714 77883 83358 6508 82404 82333 23545 80300 78544 71196 77321 3333 79748 86217 82255 80689 81335 73419 81347 86468 79593 55076 79243 81577 59247 82472 84311 83340 83480 81351 83767 81354 4871 95037 83973 80357 84895 88953 82363 76994 81749 81823 80812 89330 81890 26249 109467 81235 85884 84929 25508 82408 83368 87018 79741 81917 80027 84775 89350 81898 80863 77386 83482 80476 79373 80081 35029 82123 80936 88093 81600 79743 76059 80107 82498 79447 80176 77441 79128 82521 84675 86827 81847 81362 79142 84546 84312 76099 81969 87023 78784 83490 82620 80495 78566 83479 85211 79311 81929 83502 78823 83514 84494 77653 80520 87045 83881 83520 86488 84363 6698 80575 77302 86874 82772 83524 88905 88933 83663 84720 83685 79789 85325 77442 33900 84511 31607 76105 80831 77754 83525 83779 82838 80885 81544 89751 77945 78844 98700 79159 87004 81373 83986 43017 82725 78092 79599 81933 80986 35116 8775 87120 80890 4442 88314 84548 87136 81967 87088 83884 87146 81981 85346 81993 79181 82017 40037 80538 86828 79802 84038 80193 86559 81760 82531 84044 79862 73463 76337 81437 78102 82866 78238 83536 80924 82962 77455 82864 79393 82058 87826 76611 2333 77021 79496 88959 79183 80578 80584 83526 82601 80587 81454 77817 83811 83814 82011 83001 80692 82443 560 79957 78412 78500 82016 88356 86734 89026 83543 82069 84678 78860 84837 82535 77475 83561 82211 83054 82517 79503 81560 83615 81444 87132 89184 80624 81178 83148 8266 87850 80594 77813 78988 81483 83690 77478 2240 81075 79230 81327 87163 85040 82606 83721 87192 75416 89040 82526 77841 80654 82564 77964 83640 84900 89291 77690 82090 76644 11220 78519 81449 84557 71351 82559 81479 80629 80123 79879 83196 78301 79237 75459 84977 76376 82997 81628 78886 79540 78896 83199 85000 79968 80695 83655 78895 83676 88678 83677 83759 80714 87159 80731 5525 83765 84346 82395 82140 82579 44160 79433 83868 77053 89193 80732 89547 87254 77551 82653 83816 87316 77884 78909 83775 79950 80723 83833 89394 44472 83257 81669 87336 80799 89265 87352 77485 80795 86489 79286 84646 80643 79646 81886 87413 80806 88358 80856 55082 79338 83836 85285 78218 7826 83303 80809 77473 88743 84366 80904 79493 82031 78642 83312 83828 80082 55292 80929 82637 89548 81731 83995 83776 78596 88997 83840 78614 1398 85452 81761 82178 82089 83888 83112 85100 85660 82426 75488 80166 12796 82693 82281 1007 87500 83841 78913 81816 99736 72514 82095 81088 86300 80190 80817 84708 81631 56178 84814 80945 82728 79803 80961 84715 79222 83909 81004 79812 89618 84868 77769 87979 83855 82150 82659 79824 83338 5053 83859 67095 87468 81055 83905 89331 80916 82750 79829 8358 80922 78973 78727 86923 6296 39052 83367 8496 83396 81114 83654 81155 81185 1279 77805 11716 85003 86514 84436 84892 85083 82565 31947 5075 78027 77552 78046 7540 83889 82301 82311 81664 86930 83948 53886 82630 79320 83918 87024 77560 78992 83190 74939 83921 79349 81162 53920 83926 81430 79356 60677 95047 99783 67108 86532 82761 80211 81015 82649 82222 84217 82697 81164 82452 89635 80382 12723 87489 82760 73532 79501 82803 7568 80208 76717 81833 59324 81881 79357 83931 84568 82729 81199 82316 78750 83932 83447 77574 87501 80669 87055 82925 83143 87522 89648 83405 83949 82874 8831 83546 82903 84753 81214 78837 82950 11997 83683 83944 81053 77590 80245 81080 84779 71875 79022 78049 80387 80237 80422 80965 81680 89879 85525 84464 85108 82980 77649 83753 79797 82494 82019 80968 82374 83938 79065 83467 81693 80509 83065 89885 83985 77664 7915 78081 83585 73536 84933 89223 83871 83945 82986 81236 5318 80263 83025 83519 83989 87571 82080 84002 83249 85123 83598 81463 82961 82096 85053 82987 80977 83102 88089 27721 80051 83171 86550 81698 83206 77747 83247 65886 81496 84329 26444 1288 80354 80670 84009 87082 84017 78227 81113 81913 76698 84048 81527 87089 84072 77395 81250 83675 87134 84468 78737 83694 83015 81770 82243 26745 79516 4094 83253 89886 80432 87526 87172 83307 81076 82599 84078 81264 86920 81121 80335 81243 8883 83680 79842 83325 81400 92837 86654 12729 90469 81132 84956 83700 82351 88011 83923 83990 81958 81576 66188 80492 87863 82104 81087 78234 83769 83705 84088 77691 81301 80572 89909 81696 84112 90022 6630 79534 84119 82628 82127 79271 80363 87887 87951 85175 5558 84187 82142 85356 87189 84379 79719 81305 81670 98102 84135 57098 79559 80523 81283 83339 79856 64932 5607 5047 82979 76069 79396 84710 4283 84198 80660 82419 85187 81349 84564 84201 82002 87534 76468 89310 81353 86877 81685 84019 82200 56622 84141 83723 84083 86321 5631 78874 79866 84176 81402 89347 82497 100115 83250 83341 82262 76240 84577 77620 79110 79448 84149 83012 87658 81287 77875 84220 80735 84435 84606 81298 80993 83784 77934 81410 78429 80534 88056 81390 89285 82996 80565 82263 83026 72894 79480 81360 4503 81500 83071 82515 77942 84738 84232 84242 81502 81505 84987 83394 87770 80652 83852 81477 84153 80734 83719 79485 73202 79934 14156 74836 17067 78452 82500 80661 82558 87255 82518 81777 80869 83747 78514 82306 79626 84717 85840 84854 85047 81411 73930 12252 78099 78213 79721 85252 82545 90081 83408 80571 81125 85088 80672 85372 78105 109152 81424 80791 87232 84881 80762 83030 84195 84229 83858 81677 79627 84270 84303 83763 4209 79200 79670 86817 83736 82584 84967 84352 83302 80923 90371 84299 79972 62854 81490 88360 78024 81532 86696 83486 53993 84473 84357 84281 117492 83760 85207 80008 84380 85594 82640 83812 77958 38166 82288 81447 80943 88091 84447 89426 83857 83042 79752 84487 81533 78648 76496 82685 78090 79149 78464 76991 81705 79783 87246 81216 82689 81468 6709 83092 85106 80948 78545 80069 83887 81338 85409 83422 83432 83900 85438 83678 84490 85212 83902 67522 89383 79781 80149 88150 84998 83904 82771 79351 83912 90521 79843 85444 85165 85221 87809 78127 82321 78143 84517 55925 80124 82061 82540 79632 4170 83913 85029 85037 13003 77161 85239 82326 82474 79355 89896 81512 79880 61064 79764 88609 21101 84492 14443 83531 83224 13266 78643 82522 87026 87182 83962 2457 81542 84407 87971 90099 83457 83523 83917 5753 82700 89743 83934 80191 81569 85262 82707 89127 88161 88025 85046 83160 40121 107738 83322 85297 83975 78647 14595 88049 77973 81627 81609 83568 85301 83991 81056 85347 11143 88058 84578 75163 85543 84338 12817 83463 84368 79929 85064 84371 92324 84397 80957 81915 85050 84039 74458 80216 80958 35614 78131 80408 81629 84593 82012 87280 81724 13356 84062 84094 84538 80249 83929 83176 81638 82716 81784 82773 83290 82024 78555 80425 80611 66400 85469 81605 81203 77993 78260 83562 95342 85946 78989 46892 61848 83982 78981 81819 81855 93384 2439 85564 88236 81732 84021 91668 82790 80658 84010 84077 81247 80163 84566 92168 81487 85233 81797 82809 8815 81610 80479 72455 81342 85308 80970 82857 3356 76359 8937 81218 84101 84452 89906 84699 81829 55667 81887 79106 81861 80783 90079 98113 84588 85678 82875 78329 85208 89917 4964 81358 81891 87296 1160 80833 81302 83201 85373 86018 14977 85598 84130 82811 81562 91181 82335 84604 85463 79425 84109 84544 5826 81918 84524 86347 82815 63567 86414 84769 87237 8684 79941 82078 81591 73652 5511 82109 86613 82028 5870 84164 82048 82554 83349 85722 84174 77835 84551 85057 78667 87399 79943 594 84186 84650 78339 82379 81820 88313 85532 79568 81058 80507 82420 80498 81738 80686 83590 55861 84393 85622 79974 81625 78180 83278 57333 79993 85723 84656 84598 8844 82817 84674 8864 82455 85184 77862 81822 82271 82820 88627 86719 82087 82821 85647 76568 84576 84204 78390 84413 81635 80733 89435 78410 84245 82094 113835 84817 81714 82097 85734 83372 82114 81843 87333 84271 85813 80804 85490 90179 82217 84725 83412 85341 85511 79343 86797 9242 82887 82954 84289 78342 82881 84774 99598 81752 86840 88353 84789 82274 79381 84602 85545 80713 81757 87460 88078 82053 86359 82173 85665 85684 78016 78382 79723 57363 82184 80225 76655 81763 78017 81475 81375 13365 71630 7604 81691 79456 82327 82959 82350 88264 90331 82905 80949 81852 78729 82287 57397 85814 78803 85573 78754 95345 83980 83716 82969 84826 82556 83503 83000 80585 92180 89553 86980 84180 5916 84594 83038 81824 78559 78761 83597 84791 5113 31733 81813 93842 88305 82210 84654 81825 37087 12848 84424 80301 83608 87492 70086 82991 87205 81922 91537 67898 83081 84831 78892 84863 56814 78957 5126 81884 88357 81700 80034 78978 54233 85903 94058 82060 73357 87803 76702 81827 85016 83061 81109 89288 80577 84798 78469 79009 81892 80690 79040 76675 79031 82439 38937 83076 82336 83695 86868 80786 90027 75406 87654 85215 85340 87338 79041 83137 100129 83886 81772 59888 85245 81464 80441 85620 84951 81928 90202 83614 5367 83449 77858 4202 84275 90338 84835 86047 3366 88451 86191 83601 84053 84457 83738 16031 79026 84864 73173 82480 82634 87674 77 7724 84290 83144 90418 81494 85251 85956 95910 84400 91036 87418 80691 84889 87481 80591 82752 82375 84936 1291 79193 14583 83098 82513 82613 83104 83853 85268 81940 84964 84488 87943 85335 82147 84535 84808 79387 81032 322 82912 79385 78489 84976 86241 79472 85621 84986 85006 80056 85034 86893 79063 90470 85036 82201 62459 77703 84033 68015 85376 81983 88369 82214 76710 86206 89449 81974 87752 81807 81992 80870 85103 79542 87529 85078 83221 85662 84584 89440 80760 85080 12763 83248 88589 82188 90013 82510 81997 83865 83258 78123 88345 80843 85120 81606 15032 82216 80893 85673 84836 81083 85125 87981 82325 82690 82844 87781 80152 85160 82731 80167 81142 16545 887 84597 85154 87640 80935 80939 96011 27988 82520 91225 85870 84796 81049 82339 85892 79136 82390 78477 108089 91100 80209 82765 84177 82072 88016 85589 80950 87531 87831 85162 84280 82590 82577 82883 80329 57518 85171 82368 88734 84306 71685 87886 80389 84334 19151 7881 85201 82412 8989 88001 81727 84448 85279 81767 82105 82437 82777 82008 80630 78491 84893 96562 79083 84619 80015 84428 90136 83275 76808 82157 90596 7666 79117 85288 81877 79413 83458 65328 82029 89739 81948 84521 82593 83713 88072 85293 86269 79833 89673 87178 82547 83305 85691 79558 83174 21575 33782 84595 83687 87956 82624 81599 81149 64320 83223 77914 81147 78565 58107 82509 85779 85284 85330 79574 83140 82415 88391 85332 88152 84599 79155 85382 80514 81702 85313 82482 82000 88361 85311 82583 83499 84894 82020 3370 87909 12946 89590 892 82800 78606 89704 85358 80457 79918 79577 85885 82802 10433 88504 39080 85584 1443 88596 86299 79674 2944 82839 82813 85822 82616 80988 79257 78610 82717 997 80999 85363 85824 84617 84621 83233 78663 82454 87681 82661 58139 85898 79692 82807 88137 88306 15185 82830 79817 82615 35495 84672 75803 83506 85925 83800 85364 80055 89059 84800 84938 81085 85022 84655 85434 39787 81118 85949 88182 82670 82617 85921 83874 83891 88428 82296 83152 79578 84898 82435 87046 85617 81153 87303 85198 85052 84878 83744 27103 82643 83808 81977 83167 79853 82859 89477 83239 78777 87958 82723 79716 79592 79964 82785 86315 85473 85367 82894 83240 84886 81308 83602 82638 20171 79691 90860 85400 85041 82675 67644 82710 88809 83242 83895 80960 82734 80937 66342 78800 82886 110281 81736 82740 82032 2533 82044 81169 88746 84825 84036 85426 85995 82868 81202 88447 84320 81231 83576 86341 91236 84066 80086 83940 85996 85474 93091 89719 90653 82451 75835 81265 88503 82832 86056 87039 80110 80026 80653 88647 79693 86413 85633 78041 84657 80045 82896 84712 68463 93471 82050 83263 94455 86011 84147 82901 79713 88704 88063 82922 82873 82051 85509 77241 680 80972 86144 82112 78381 60606 82819 81319 9083 83782 85916 90946 82851 88130 80153 81089 80886 88507 84163 74459 85557 81336 88522 83342 89939 86023 81318 80222 86170 91222 85539 82984 83820 88754 85256 81119 85112 5648 84170 82902 84911 82787 74660 81316 81399 77806 80180 80256 85927 88215 80206 87713 81775 81343 84926 87895 84939 79130 82684 81759 65631 79742 83593 86176 91381 84945 85264 79804 78631 61714 81369 85275 84430 80304 87187 88220 82124 84659 81794 82799 66712 85572 82917 81417 79915 86052 82076 78276 59129 84671 81152 81445 8987 86446 79937 63210 82119 88477 86214 25628 33927 80271 85677 85405 82486 83645 82135 87499 85043 83862 79033 85790 85782 83668 82854 85692 30095 85749 86251 82639 84687 81867 81944 85044 47070 82921 85766 84676 84709 82985 86275 85852 85418 82745 28999 78497 82891 88855 83956 85857 82529 86076 85910 86526 82818 81370 88736 80125 84948 82159 86284 86530 27121 4429 9146 80360 89535 93866 81374 82047 81160 83670 84950 5081 86327 80429 80346 84057 80213 86409 70216 88945 82175 83701 88527 86108 85853 85706 9 83029 84875 81427 85343 86114 79144 83008 84799 83704 82185 82221 83778 85384 81254 82193 82199 78358 83034 63258 83359 88259 108468 86617 81518 78728 82235 82215 84247 84181 86457 82762 82236 86009 83046 68016 81567 85757 82238 83773 88019 82360 81689 85869 88979 88539 86434 82958 84813 93995 78900 86274 65686 80187 84003 84259 85901 100439 28845 79157 84962 98171 82847 90904 84454 82910 91388 82972 82882 82247 79315 88562 88575 83357 84749 109425 80223 83010 84718 86035 82763 83060 84682 79210 84085 79044 81332 82578 82794 86437 83062 82405 82648 85485 82652 86081 82788 86674 84731 86136 88675 82754 79302 34294 81014 83079 88612 85546 82258 6874 84390 83757 80467 84845 86205 86277 81388 86329 84423 84890 84787 43820 84293 89002 88420 91438 83016 79309 86196 82939 87411 80021 67679 58133 82449 84902 10541 81566 90216 82270 85844 78862 79329 86340 83179 80254 30033 19136 82998 85018 85922 82862 86440 5110 83751 86941 82916 80297 84917 81636 110448 83462 81405 86422 86097 82308 80059 72081 85394 91626 82234 85111 111224 82329 84891 84434 87012 80811 79389 88465 86343 84467 82928 4280 80517 86238 80374 88636 78225 83354 81643 79440 96519 82342 83100 85994 60136 82450 86444 83039 81280 87849 83044 89056 15422 80655 82406 85408 82974 83215 86346 73209 80280 80742 5934 88684 90046 84161 80820 83064 15676 82434 85128 81413 83420 81415 88542 6387 81536 85430 82806 82501 88551 88771 83048 86391 88586 83164 80697 83443 82789 84449 91484 86252 89090 83802 22065 84491 24988 85609 85141 81435 82861 82394 83256 5611 86436 91544 78357 81737 83091 83124 3376 88656 79242 81793 84558 91024 7887 82508 82527 1401 85645 86364 85381 84006 85013 86375 68317 83053 83128 81034 84928 90028 79511 80494 83078 1539 79544 84610 88951 85429 82538 80338 83086 81658 83269 83168 83107 80716 86382 83516 85937 86471 85260 80955 88786 82534 83529 41585 82755 85024 85591 83533 55419 88745 34360 88795 82964 85028 83139 92293 83150 92307 83158 85135 16894 86475 91184 85097 84746 9105 86480 84764 80511 86496 91545 41743 86506 82366 86518 83172 84935 81478 10667 83191 83903 84194 86699 96670 85592 84884 3433 86509 85651 12599 83277 85655 80317 85973 86513 83093 88870 87211 83207 85666 82842 85148 84324 86523 89009 81279 80792 83220 89200 81692 36557 4284 88806 89600 75034 90162 988 90304 86542 85328 86021 84949 83537 74787 89031 88833 80427 83287 85377 34568 82758 86583 89334 86621 82816 83294 83058 35584 81734 79645 76785 89042 83116 83227 85001 91546 82401 89139 92216 84701 89380 89254 4296 5623 83237 85005 83271 84047 86659 120099 84716 2843 85629 86712 82536 88950 86067 81808 89280 86725 94103 80774 97130 79529 85183 81348 80508 92536 90159 44587 63552 85062 80440 86710 79667 83329 81024 86677 86691 86119 83331 90758 82662 83819 85202 84317 79676 85682 83336 36834 83316 80518 81953 83123 83323 83351 69418 85133 84793 96653 84318 86154 89183 83766 85703 89558 83131 80569 86642 84227 82465 81719 85007 75660 86776 34610 83363 4023 74892 90906 89316 79295 90313 83348 89015 90838 78716 83551 83370 86649 90918 85234 86718 45570 85246 79827 82793 83384 84322 85387 81735 79980 86785 89269 58761 94379 82858 7290 101734 81537 83400 66840 83869 86181 85158 58147 86740 81281 88925 295 85065 4499 86866 82539 81879 85410 81589 72093 85423 83147 86765 86880 83424 79304 91588 98245 85729 79787 86904 85751 86916 83163 100362 78709 83448 86837 80631 82560 85087 8013 83582 66313 89028 2527 85205 84724 78724 87108 82568 89353 84406 83907 90921 82929 84466 86287 89045 85799 83417 92060 86354 63776 89934 81766 85487 89171 83110 100711 17264 84474 85586 37189 83437 83355 89054 89069 83586 78740 85431 86465 137 85470 82952 92121 85998 81914 85740 81320 86735 86910 91712 84905 81614 90069 85471 93291 89454 85533 86843 7855 92334 85547 90865 111795 85608 80679 1021 86822 91060 87092 73417 83892 85544 85745 81419 83475 87184 86311 89503 81769 83639 83452 76590 87685 85762 83371 83478 87273 83118 85817 79602 82823 83788 85699 84963 86492 86959 84507 85331 83387 80781 80708 83527 76926 124 80583 86421 87715 86965 82586 86972 82066 85663 85605 87224 79658 86997 83599 83532 62284 84526 79707 63878 83574 83549 85147 85580 83575 87321 84565 81679 83442 83434 87029 89616 86999 85121 83623 87064 89088 82569 82856 89296 85828 69060 6641 85715 89221 81990 89364 87153 82867 87170 83635 67064 88892 76833 87078 82145 89112 83634 87993 83647 83291 88070 87357 86757 86469 85095 79737 83440 80157 83178 89143 93294 87186 87109 86805 84572 5253 15270 82699 86243 84055 84736 87066 92014 82054 94538 79753 86078 89478 84582 73479 91237 86109 84632 84730 82784 83587 70062 94860 80472 89482 83714 89425 85513 87233 80006 80651 83649 83468 83737 91263 80932 92615 85724 83334 86280 82835 86224 82825 86594 79739 90295 9194 83729 85748 80542 90374 83528 98447 80287 13470 80547 6725 83787 81682 80705 84061 85812 83709 87131 83712 87290 87188 83583 85972 81834 59030 92096 79849 82853 91370 97057 84739 81129 89530 64216 80796 81690 81694 83618 22929 87441 83691 86819 83510 85847 85166 87506 85200 85854 85237 87199 80752 85860 93333 83441 87271 97486 17310 86713 85947 89660 4602 15407 83377 83446 84748 86775 75193 85232 87206 85769 83613 80912 9233 5745 83739 87298 79762 84063 67053 66333 89240 86313 82354 22977 3468 81762 80068 83735 83188 84114 80559 86737 89588 79598 86891 84126 86317 89945 85292 94540 87801 80250 83413 83512 89682 85963 81764 89640 87454 82863 30662 100798 86323 87370 86157 87378 88960 83826 93256 84784 86820 84755 83781 84172 86325 13231 83534 79055 83513 83797 82623 89731 4380 83535 86848 114866 89989 86392 83517 83542 80143 89768 88770 84823 91357 83264 90026 81904 89827 83897 86504 89732 81801 89582 81909 82909 86029 83771 84841 92119 7870 86131 89067 89832 85433 66134 60014 86643 90541 82872 89771 90121 79245 80976 92191 83827 97356 90283 89773 86838 90383 83662 84236 86365 86066 86875 87133 83556 73544 86572 79714 85502 81966 77011 87235 83648 83830 79850 86709 84139 81946 83715 92310 89737 79684 83579 62380 86860 83936 82656 91384 84250 81017 82810 87382 4578 83673 4300 85492 81045 84376 87402 77091 90000 66637 15908 83831 90328 87459 90042 85534 90138 83832 2555 66473 9408 86142 89317 67627 87274 83430 92404 87557 86901 90428 82163 83630 85190 81061 81091 81140 69635 68162 96961 85552 84867 83573 85531 83867 85794 84210 90345 84339 34759 85630 81196 84906 80041 54878 86724 83633 59110 75955 88851 87152 85266 89442 87222 84012 97646 70229 89464 93109 87588 86450 85650 83743 84073 81831 84118 79751 90393 83755 16060 86132 725 87279 83768 87627 86902 91465 83596 84843 91498 71900 82294 84592 75978 84122 87355 80573 45802 81383 79805 87171 86607 90197 87379 80503 86189 89174 89834 86935 81985 80680 113612 84248 82101 3967 83911 83650 86226 82812 86075 83914 87408 83937 84480 81988 83652 83762 90563 87077 83785 85658 84925 87692 82317 83473 87198 98669 89716 5949 87542 45807 85019 97478 83658 83791 86726 82848 87613 89220 87510 87266 85595 83692 36341 82251 76079 81830 83754 84481 87629 82976 81074 80860 84633 87525 83023 81158 68321 80260 83717 90263 5798 85780 83970 83018 81578 83872 91510 87223 84005 80024 90267 87570 80114 87576 83141 84018 89979 36570 84853 87210 88118 86179 83758 87589 85035 90572 82115 87621 84120 80311 91579 89999 83803 83589 88805 89233 83806 81168 79297 84086 80529 83854 84518 84128 5816 84054 82300 83958 80281 83521 80554 68861 89865 82075 85354 85115 80333 83786 82448 87636 90003 87226 87324 85124 83067 3549 87638 85646 84262 86237 87343 90074 89976 86336 87775 79924 83770 82469 83450 69582 84541 80379 87698 9092 85157 86600 78600 62467 86809 84070 86976 85185 411 80576 87538 101073 82307 90241 43 83960 84092 90249 90225 87661 85783 86355 86604 54980 88821 91840 85789 86611 83860 82106 80490 82719 87228 83823 84634 86390 82001 87582 86363 86614 89262 83885 86478 81019 87325 82310 83105 20274 59263 83212 83906 84200 84323 86447 85196 81182 83794 84586 87744 82331 85861 82373 82113 87702 81907 85867 81416 90937 99697 116985 81228 90285 90348 6239 86537 5120 85933 85797 84624 85199 89507 83835 84129 91707 83930 76152 90448 86552 88427 86799 87569 90480 86903 83981 83558 86597 86485 64010 83145 87786 85816 90224 90343 84028 80179 90362 81597 82402 86720 83483 82082 85206 83296 80556 84040 86619 87649 87816 80464 84402 80590 84183 86087 90388 89630 82427 91943 95661 84695 86405 90474 87350 86401 84897 83154 85015 73807 66590 84199 84267 84758 90571 84811 89849 86633 84651 81875 82923 109108 81012 85214 86121 82257 85953 71644 81601 87807 80656 84249 72243 83669 86690 85241 87827 86762 81188 83920 82180 82233 87669 84041 86962 83844 82295 681 84384 87477 83722 85273 85274 101967 84133 84844 90396 55013 84240 74998 81227 86983 80721 84983 85876 84190 83166 89940 85193 76683 87728 84924 84355 83538 82473 80612 84433 87758 85983 85042 86836 81294 90110 85365 86133 85900 84295 83979 87057 89356 304 87873 85988 84839 93656 87837 86851 81372 87811 85296 90488 84058 87852 82038 80676 87650 86145 83361 84369 80118 5157 87841 81425 79765 84004 80224 87371 84208 84051 9756 82971 89257 9172 86798 84098 90582 86932 87070 85482 91126 87859 85140 90730 89485 86953 86316 85151 82483 90746 3644 4366 93354 55491 82488 77536 35135 84116 87866 90808 67768 87880 84294 82093 89297 90184 87893 82552 84155 84341 10274 90884 83292 84370 80728 86973 80771 101646 92036 94266 86019 16298 87882 92214 84359 87885 15561 86037 85280 83689 80784 87330 87483 10893 4531 83330 87079 88098 77329 84852 84308 83177 86198 84395 8250 82275 80933 84159 87990 83730 89780 85353 83829 86688 73721 86505 87888 84287 82627 93432 93741 81223 84702 84441 84729 55680 87897 84399 81433 87099 84501 92263 86231 34831 21188 82555 90543 84401 45933 82572 85776 83183 25418 86993 84471 76747 92678 84405 81266 86334 84992 87907 87010 86569 80175 84850 46257 87962 86638 87105 90910 84427 90928 88051 84567 82618 85329 88123 84660 87927 87115 102126 87998 81260 82644 91281 82655 88154 84244 88125 84362 84439 87942 86879 82824 84301 83850 84100 83733 83843 84952 80788 84601 87149 58584 84607 93950 88164 83373 85378 83947 80859 90579 90584 87166 84442 84258 76838 84539 90932 84622 84616 85819 84277 80830 87430 86135 83415 80200 64583 77896 82913 81262 81481 85402 98031 90594 83993 84045 84623 88168 84476 88205 88005 83846 83878 82641 84138 87306 84505 84410 90784 84614 84478 84043 86071 84444 84209 86099 84523 92801 85192 88212 84628 84314 85449 85888 84643 83953 91116 86271 88024 77346 91160 88172 82563 80347 89041 85489 87001 81529 80867 82846 81504 86148 55763 88302 1448 87021 82941 90674 87514 87377 82663 84545 87439 81583 86695 84252 86190 87503 85081 73855 86426 83515 85225 21668 91176 89559 84483 82673 84719 81590 87515 92860 84530 82428 81593 87417 84661 82566 84298 80954 91205 87036 55937 81035 83445 84803 86576 84550 88344 79896 78064 84579 87463 84612 56325 84477 91079 85242 98330 59126 84866 59369 85728 85512 84690 86855 86249 13492 83604 92290 84052 120574 86432 3656 88249 87939 80918 87550 86201 89866 84714 90687 74133 64924 87069 88469 88355 98395 84585 86215 72310 69198 56355 81310 98718 78953 92896 86788 82963 85351 16446 83992 63129 84683 90067 82774 92887 84737 16065 87434 87566 85278 85770 84691 84627 87651 80876 86379 84767 8020 85352 84569 80985 83454 92382 63455 87304 84711 90749 84680 84795 87091 82999 88453 80060 81782 84580 81868 88362 85805 90800 90601 86490 95281 88102 87137 82083 79014 82776 90525 85177 85370 93792 81996 82808 87619 88062 4788 84980 88060 90629 92461 84013 80361 85806 83470 83043 84613 8424 65119 84743 84662 85416 82110 93135 746 84500 84110 84008 90819 80443 91097 88109 84750 87625 82889 84790 81271 87319 81361 84832 88533 84014 47956 91406 83530 86499 85033 94495 1022 84760 88449 82780 87462 90700 9196 78766 85217 86657 86716 83115 90777 87653 80895 95762 83200 98921 90213 87272 87683 88243 92899 88803 65423 88166 84765 81617 88554 9141 84794 88429 93281 83548 13346 87527 85935 83298 83553 82932 84219 88738 83710 8253 83299 90822 85451 91432 83632 87578 96102 4734 96293 84331 84778 5861 5873 82134 85843 84228 100663 83335 58899 81248 84266 81285 85984 84786 84816 90828 92675 91857 84029 90947 90900 87138 86770 84234 88198 84788 87406 84723 84804 88433 91150 87714 85258 82885 109195 84818 88303 84315 86381 86772 81204 86889 96401 86914 85507 87238 81352 96899 18545 86040 88337 84822 4752 86861 88444 88359 84862 85122 84869 84827 85510 85928 91440 87144 88491 86291 87743 86940 84829 69309 91532 86715 82268 85159 84840 84358 5933 102497 79890 84901 84858 91241 48267 85060 83665 84872 81722 87521 92902 93826 84049 72773 90961 84940 81467 83703 62527 86708 91135 87784 86947 3675 84995 84848 84763 84908 88756 88557 88031 86985 83813 59504 84099 93899 87169 82947 81284 85105 1542 84342 88460 88472 81835 85101 100099 88475 84673 87747 88948 88479 81428 98587 87174 81506 4139 87214 87443 83418 91259 88094 86064 2529 84966 84361 63807 85194 85593 86968 87552 82981 93154 84394 85614 87755 84496 81704 99284 92274 85306 85465 91479 87452 90972 85649 87766 85970 92231 84512 84091 90945 4878 90974 83080 84913 84859 753 84549 87877 84916 10996 91027 84543 83870 91003 91039 84768 88463 88521 85126 5828 91037 85210 91044 85259 85743 87680 91105 91548 86508 91245 69720 82983 4953 85307 63874 85504 84909 84974 85976 85277 86320 84561 83631 86028 84626 73003 86031 2566 7689 86124 91289 42476 66090 83230 88517 71450 85520 56419 81715 83550 84143 80466 88640 85322 85561 85238 88036 87969 84919 87554 83656 86153 86946 88208 74324 88563 87815 87855 91117 83711 87248 87879 88708 85619 87983 84947 87275 85067 86579 86177 85624 84861 66717 84575 88227 89904 85004 85058 88564 81849 85132 84178 84015 85137 90844 79051 83810 28102 82081 115374 84870 91159 84192 87032 101606 70593 91711 84583 82120 87084 84239 88231 78899 88837 88090 84973 72186 74270 87929 88820 86123 91304 85156 87260 11009 85179 92742 85287 91726 83626 88114 98517 85399 86650 27161 88904 84667 1700 88104 90587 91239 36560 92810 13441 89158 90187 87284 93188 86038 88122 85462 88140 84067 87935 85010 80702 89182 88669 84076 85483 86420 81963 97487 85523 80851 85191 85583 85038 91083 82827 83398 82187 85226 36297 87867 89051 82212 85229 82231 82305 48596 85675 88181 85302 87878 87033 40094 88989 88406 91112 85303 67923 84994 85698 91330 84669 85027 84103 85855 93238 85985 91120 8073 91306 84193 82137 85750 88588 85760 81524 85369 4120 87978 85039 88683 88711 82358 86203 85104 87129 83880 89639 87318 82398 85186 74207 91331 4085 88318 84108 84197 84887 89707 82459 90275 91565 82541 82418 85688 85389 85309 85514 86147 88762 84776 86900 88737 88882 83096 83861 82444 85575 93943 63949 64587 89181 87326 89070 82493 89399 83106 86155 4400 87160 91247 91866 89735 87415 84930 85230 88214 85130 80903 81323 88194 85180 85579 87011 83564 35352 85249 89218 86586 85094 87181 85585 90406 85109 90602 84347 93319 85339 85590 83916 82682 85422 84349 90708 85390 91363 92388 85222 83493 85555 90636 90032 89267 89272 82585 62659 84214 84961 82195 85443 81683 16037 84375 86455 88408 85596 85618 5301 85667 84741 85282 88772 102647 73912 85379 91574 5304 87340 85440 13747 90703 85164 87869 88038 74683 97272 88792 85398 87420 83935 559 88899 82708 109494 91578 87428 85195 93229 94063 88064 86230 91134 83580 85445 4347 84207 88918 21381 81649 84218 88004 91378 91408 88919 85453 87249 83169 34842 89361 116247 93322 85294 85530 85632 84392 85203 85638 91431 89098 86919 87553 60248 82622 82598 85493 87073 85642 84689 84403 84937 87617 83508 85243 89097 84408 85392 89207 91772 86046 80204 91613 29492 82036 84246 91148 85644 88594 87437 94256 81222 91784 83667 84233 22068 91607 4514 94566 81688 90064 88111 90890 93380 91216 92808 86938 85671 93681 88148 89373 81403 88944 85494 87366 87660 88697 82225 82779 85519 45375 13761 85674 85216 89195 88530 91042 84007 84418 88787 86349 87494 81925 86602 115495 89376 85082 37422 31149 154771 39519 93757 86483 85298 83308 86199 84455 85224 46995 16642 85566 91346 85548 30886 88188 88888 89438 85680 85652 88822 73811 84782 85172 85755 91224 88217 89490 91493 79322 85835 88230 84479 87419 85397 87559 94652 17449 82631 87097 86333 87670 83746 85403 99650 87123 84497 93682 91501 86637 82254 85801 87646 88864 74283 84461 81337 85304 84508 91679 88637 81102 93727 83749 65124 87502 86239 82364 84516 87985 94267 85312 85316 88705 88998 85775 82260 2288 88065 86693 87830 88293 91383 85345 84645 91576 74540 88371 84801 94359 81758 89494 86639 83799 92337 91838 89134 85581 90415 83950 90771 88124 86761 85084 566 83320 85587 87684 87923 83796 81418 82191 84865 82668 82804 91597 88376 85967 82865 87200 95977 92066 84991 87154 82801 85735 89215 85597 74542 85697 85777 88380 90126 84876 8314 81984 82139 89746 56663 87984 20297 85414 83404 83380 88204 88828 85569 72 91283 91350 91653 92508 88133 89196 31635 85681 67540 85610 83954 89210 65923 81461 88431 110611 83627 84020 88510 82915 89392 74567 81561 87155 84132 85810 75800 85912 96199 87323 87344 89749 85648 85676 85337 91871 85359 82936 81755 82181 86438 88897 47805 82355 86257 94763 85831 83856 86826 85788 86324 89236 25952 85704 56704 90461 83664 86831 87690 85832 89409 89303 86348 86945 87339 87436 94299 82841 74740 94395 91696 85570 81382 85578 85396 103433 85012 80911 89479 89231 74755 85679 86512 87307 91698 85711 88480 88485 89418 85182 94805 85761 85787 91791 87351 89457 91732 91590 91917 85811 88457 84802 66239 89413 99879 22123 94408 88672 111710 95169 85866 85021 81224 82453 85694 88483 89839 87475 91610 88490 3018 76762 85872 94463 83879 82919 77547 85821 89871 88860 84025 85754 82904 88035 87218 87148 88969 90135 85707 26982 85891 14035 88498 89419 86729 88991 88923 67743 88935 87551 88163 85895 85116 85823 84810 85719 67438 85174 88341 40221 85827 88982 84944 83149 81810 5946 86804 88549 85318 84542 87392 82965 85501 87364 9169 89433 85657 39597 86850 93576 8180 91817 89001 85829 83925 87400 81959 89505 92273 91822 89102 85333 102203 91738 89614 5500 86297 84027 89718 82995 95213 85833 91157 81876 85871 93022 8255 85905 91704 85926 85758 85231 85669 95542 91830 85969 89270 85864 87416 85874 5987 86918 91841 85997 116586 68004 88173 88378 85350 91705 49876 84664 85820 91939 83014 11 91761 6761 85763 85834 84068 49979 85518 89066 89074 82516 83157 90227 88536 83234 88966 87974 84059 82298 94562 87626 83013 86335 85902 83893 86885 86954 82931 101452 88714 83017 85732 86345 87429 85357 87536 94596 84325 91495 95117 86453 86384 67927 87548 87586 89092 88497 89551 86424 89554 85878 85886 77019 87594 91697 91922 85424 97006 94654 91797 56764 85271 86042 91845 5008 95320 85045 83045 85448 104730 85529 83235 85541 86960 84074 85808 7718 91968 86428 85567 82632 85897 89748 89611 95327 88388 95344 87695 65380 85889 85896 86443 88559 87602 85890 92136 89305 84105 85907 576 3590 85713 85918 84107 85480 84056 87656 68189 87708 89642 89329 19517 82340 90322 85774 84156 92710 92819 82576 88434 87472 101671 92006 85965 87723 1031 89722 86520 83971 86477 87794 85904 85342 83120 46986 85607 87842 89636 86738 82852 91793 85793 85919 83317 88280 95467 85696 87894 89672 12747 96225 5575 83464 89103 89811 74799 91867 87037 90242 86964 75058 76364 46578 87901 69659 88523 82068 96677 60578 85932 95098 89368 92037 82993 88793 87584 95557 31252 86482 89585 88288 86991 85914 4168 90350 92050 72224 85759 85615 85796 85934 118418 87072 86538 84168 85815 90394 85899 97896 87007 85936 87616 85631 84157 85938 88871 94462 85989 85428 85850 56964 88906 89964 83182 88006 91860 90443 84202 68454 85945 90297 42848 998 85894 83181 89487 85950 86002 86059 89677 66481 95496 85908 93093 89670 11021 87953 104635 89179 87610 87031 89970 89201 5943 69764 85478 88955 89612 92287 82323 85522 83195 91723 85527 89685 91872 89972 87074 89216 86445 94833 91195 85915 83245 84506 87185 89724 83565 83978 88500 84222 84230 86748 83202 92207 7694 83251 76782 84608 88986 9179 83244 71019 92225 88041 91913 97375 84278 89691 85952 86577 85960 83293 5954 90005 90017 86083 86085 92301 96812 86093 73644 85643 88571 91676 85979 89232 85733 85685 87810 92304 86073 87225 85391 88850 85738 85920 85942 89776 89212 88339 89424 88531 92335 84286 86001 91944 92114 88115 86587 85990 83706 95545 88119 87283 89342 87412 86016 82162 95803 97976 88120 90083 86005 87756 87865 87253 92505 9217 86026 85980 85767 95336 85977 88994 34873 84819 89687 88595 92158 87642 82766 86250 89876 91878 88968 86051 93222 86043 59320 79785 78977 86054 89765 86122 86125 96095 89910 92196 88607 123986 92368 86894 86089 87313 84874 84985 90095 85991 89519 86126 84611 86008 89058 61258 84386 92318 86055 89596 90056 83994 86063 83003 86128 84309 86167 91412 88221 84382 88633 35051 89709 92653 90111 88223 87361 86149 88621 76495 86090 89762 87414 89027 86057 57442 35124 81466 82369 89012 85450 65535 8679 30363 40670 84649 92199 90127 69820 90442 86094 98000 92228 92651 86068 84679 88247 86070 90169 98341 78242 83465 93076 86053 84162 86207 87025 86143 21989 49990 87426 6041 84600 89369 90244 13355 84282 86171 86175 86104 92372 86281 86086 89770 95548 86202 91947 86220 92395 90518 67220 91962 89105 86151 62226 90144 83033 86044 86115 86301 86102 86160 92853 89607 83845 7765 83972 85752 90181 87727 88750 86733 86378 88634 84498 84432 90798 89423 86069 87240 84203 89831 85612 92441 86452 85792 90250 83274 62422 89467 92498 92493 75080 86697 86728 92456 88578 84409 83295 89828 82273 87447 86200 91970 92784 82414 89857 414 84727 86261 86225 86110 86233 89992 86495 89108 87904 86322 4690 84698 86511 66567 88707 66549 86515 82365 84509 86244 21660 64156 95845 88327 64199 86516 89994 87052 90245 92519 87906 86116 92490 89111 84537 82425 83333 65900 86120 84556 85851 10261 88074 87455 86173 87087 86234 86303 90007 2626 76986 81251 89372 88254 84570 8201 89389 83344 88802 87968 86908 88075 86276 86525 88827 90139 86283 3678 86332 84216 84740 81556 95630 86163 88699 83066 88703 47872 86727 86305 86296 86282 86519 84265 88131 6776 89135 87102 82303 88260 98501 90941 84771 6067 86608 90953 93087 88839 102252 88273 84050 84677 88755 91109 86609 86169 84941 91433 81796 86342 85056 103524 95647 84653 83346 92581 90585 88363 89024 86636 87161 86302 88859 17081 88426 83327 89154 96889 86521 105158 87469 86188 95649 85476 63242 90062 87251 92610 86328 89484 90152 90158 86208 86362 86651 86673 83401 77586 49548 66178 87457 92080 86374 83429 84965 90463 89508 86240 90164 86330 85943 81485 82445 90131 83545 74865 88336 86707 86152 84988 85014 86463 85981 90290 88400 88579 92527 83476 90603 86736 87518 93248 86010 86723 92787 89311 5634 102330 90547 86268 92835 88896 81611 86358 86246 88000 86314 89555 86079 88417 96211 77598 75062 89346 6558 90599 84757 84762 77732 86739 90260 88003 27305 88153 88349 84912 83488 84274 84847 86339 89172 89374 90410 85076 17107 102348 82533 93285 89624 93363 93640 85070 6075 89451 86473 90619 90298 88776 91979 92499 90329 86370 90302 86784 83822 86366 27850 86554 83501 95709 86373 89029 88274 85114 139 90333 86272 86558 86497 87633 94707 84080 86939 85419 92184 88958 86350 86045 95425 93983 87278 83356 89511 90269 87285 90349 84849 57459 86368 88775 93138 75569 86377 86501 84946 92716 89192 43994 86383 90439 85085 92605 18187 86852 95738 86065 611 88382 83496 86882 83577 86922 78331 88459 90359 86753 115193 85150 93089 90385 86575 85054 86927 84106 81695 90478 19488 83818 90655 86387 86407 86595 86610 91111 85421 86397 89209 82551 86082 87476 86612 85836 86524 85048 83487 86546 90479 86441 86933 86627 86685 87754 86568 85411 95881 93146 81955 86948 658 88568 59872 85446 86631 87287 85472 83489 88638 35652 83185 87535 86399 82422 88823 66946 86796 90699 83959 85479 81723 85388 89033 90289 86129 84084 92764 86404 85837 90618 83497 85488 89579 89654 92613 86681 92771 15356 78423 95948 84261 86449 90483 86456 86416 86722 86356 900 92621 89124 90788 80328 86460 67502 86665 86279 57877 90803 82570 86417 86752 92413 86408 92525 86459 85153 86503 85503 91901 13904 84411 87288 36765 88158 83584 78467 94020 86531 87311 89099 95759 88903 88538 90076 83693 88956 68516 86545 90501 89197 83821 83875 84445 88332 88666 86950 89249 88317 86971 92790 68630 90531 3688 87331 86326 82647 86547 61327 86376 85435 96008 86571 5859 86596 96138 92692 91103 85959 44404 86487 88698 71129 14228 14633 87383 89304 90167 87544 86180 86647 89178 95386 72342 86992 88599 85281 86652 82695 78578 90347 86178 95773 84463 88663 90952 82741 93456 84292 91972 85055 93787 82782 86701 89309 87047 85427 85102 90562 91389 88700 91122 87431 4472 93705 7918 10540 7936 97473 73778 88319 86672 110628 86679 86803 92799 57796 82814 86589 90583 87139 93753 92250 86425 86648 90792 88973 87541 14307 75172 87028 86705 87549 87085 85149 351 86694 86183 95905 97559 89043 86744 93760 86806 86491 86248 86470 56929 89575 88723 85286 81276 86842 90586 93413 86779 88366 86522 91975 86331 84065 82855 87564 86467 93802 86786 86994 87051 86781 82989 90888 74967 92717 86787 86898 82466 84104 91131 84127 87591 80072 95964 89235 84144 89521 87056 88817 82900 85299 92718 86352 88791 92703 86808 51035 84484 90837 69117 85516 86764 86703 57885 84148 86536 86361 102474 86849 92829 85323 10615 91005 87709 39485 86193 96024 86634 91061 92839 92608 83134 86986 8252 89500 86721 20188 88826 90979 104925 87003 86298 85495 86433 88829 89277 93870 93999 88922 86645 82677 64307 83055 86996 86871 93552 88841 92820 84603 89007 87580 89427 86884 88832 87611 89324 83089 86912 97946 86212 92354 86956 83159 86896 91482 87059 69076 92834 87145 92852 87090 87167 87742 86995 62120 91990 84185 86928 84485 2574 86750 86623 84486 87740 87013 0 90008 85204 90606 84167 83180 84591 85526 90915 91123 83184 89378 87030 90441 83933 85565 92631 85863 87094 89560 89224 86548 87135 87015 92460 84213 103383 776 97148 92894 86768 94078 92976 85731 87750 86990 89388 96442 87053 89417 86778 69385 87778 87195 89462 16348 110929 86789 84692 88367 88917 96148 90916 96937 86899 86396 93251 5180 86410 83194 89524 86625 88393 84697 84231 87227 90450 87789 91207 85887 84255 86862 93276 87118 86242 71398 90977 87219 87106 10863 89577 90462 91093 103127 36810 84166 88798 83952 90104 85528 86599 103541 89517 84241 86050 94895 87113 84276 86680 92827 84354 110938 88398 86675 84372 87122 86814 98596 90607 92760 92209 87618 87143 91137 90204 88412 91188 96383 91243 86756 87157 86978 88010 84374 84515 87020 90969 86656 87035 84960 88876 87250 91299 87231 90967 162 89533 93560 86439 86411 89603 91300 89377 89615 90534 92881 92712 87671 11085 91268 89697 6088 87710 89736 85611 93696 89136 90495 87305 83369 87043 93334 88581 88930 90222 87394 96317 93615 87191 92817 87242 86318 90273 85300 83326 89777 93720 90625 86431 94002 87666 87263 89837 87423 85334 17140 6881 87060 87196 94289 91416 86451 84426 86564 85355 87989 97243 87724 97139 88690 91193 91474 102951 89137 87432 93686 84990 87179 89649 69953 86662 80407 96876 22704 86790 96276 89817 91700 87098 83674 85568 90986 87262 85739 85636 85785 88139 88975 82701 122565 87096 84389 83410 87103 89653 87216 87315 87110 96895 87282 86502 86749 87291 84609 92929 87699 89686 86816 86769 98001 89840 86493 86873 86773 87384 5143 86865 75174 87293 88246 87387 86895 87936 94072 93000 11207 92805 86917 86682 87295 84443 17214 87949 84415 89141 87725 89259 65370 87641 89540 91326 11257 87349 31698 87458 86182 93367 86881 96688 89401 98150 90300 93736 86007 84398 89929 5295 104562 84024 87410 87347 67018 91371 89676 87164 90090 89565 91373 88863 84459 88037 87474 87917 91435 89576 85659 87100 89177 91227 86702 111667 91244 9323 87435 83456 86774 105113 88052 90166 84642 96896 86911 94151 87448 87480 87487 14375 88570 88976 88984 89593 91251 84081 86211 89598 92974 88695 87071 88030 75236 90177 86961 89692 87587 85049 86780 93069 98048 52325 89705 87486 97344 87365 87597 90319 86974 87599 98523 9455 86977 85716 88141 88146 84470 5673 83927 118517 87177 90294 4140 89752 11292 84838 89699 86500 91555 80488 87173 1548 88980 69640 87920 93373 88156 89775 92877 105165 70502 89725 89728 89375 88611 86556 86839 87372 96092 87093 92879 89756 88171 88187 87933 87213 83504 87241 93458 92912 85072 98077 88196 93534 87317 91450 84984 19516 86841 99404 87422 87623 89931 88780 87427 85119 89049 87111 91355 90669 88348 87703 89281 93562 90186 87664 87245 86258 96122 83592 87243 86835 87491 84522 89151 91256 105602 84529 86549 90724 85842 87268 84696 88384 106076 92022 84554 36839 92968 87342 94165 91280 38184 87498 98266 89772 90002 49008 87701 87299 87359 86886 86824 89774 8274 90794 88436 88484 85944 89430 43717 85161 84751 57975 91017 90018 89328 86921 88537 84618 90148 93020 91293 96988 86936 87512 67771 90765 18225 91314 87444 87507 87800 84383 4524 89781 87388 84625 87009 87376 87425 87833 87368 71323 87524 87898 86624 90316 86266 87433 90545 70051 92954 85958 97045 1640 87540 87451 93034 87019 97347 91605 91468 68047 89146 89155 91359 94292 87442 93209 84777 94345 66458 89176 86759 88540 87484 93613 5333 87505 88576 39964 68825 93745 88180 88203 87076 72600 10947 89802 88631 87513 87488 93670 4181 89842 91740 90564 92349 89920 87560 97066 91483 93235 84663 90031 87632 90182 86678 87644 87972 90492 93756 94425 93237 91513 88744 87520 9274 86952 87530 87404 80688 88269 80946 87704 90047 87729 83726 84971 84665 84785 97475 90638 90198 1024 90326 97073 95346 81811 89918 88632 87735 11598 64735 106032 89186 91754 87561 88039 86273 86367 88752 90685 93839 75259 90722 90839 87782 97161 93280 87080 84842 90752 91858 85248 82084 93414 78688 76837 90054 86958 89203 111717 90168 91318 86689 90217 84806 88877 94201 97710 93445 93404 18155 91514 97176 88108 86783 93368 87556 87567 55331 89336 89710 87607 87608 87780 88617 93407 819 89712 85168 91023 90229 85295 88628 87547 91989 87759 89352 90163 87583 87585 87504 4397 84812 97717 83745 85496 99560 89476 86185 90041 87590 86955 3101 76193 87793 88767 87008 89586 84851 87601 94241 90286 84921 9830 90892 93282 87771 90757 87017 91057 86815 93453 87125 93468 22404 14113 93688 87190 94686 89655 87844 88648 87606 90314 93480 88658 87456 85218 87812 108970 91522 90183 87221 89942 87202 87822 96274 91658 75534 85189 98568 104686 90296 90911 94924 95451 93622 87612 91976 87876 91709 92000 90253 58349 84958 5027 89250 91114 86304 88808 91719 33 87950 83780 92099 89268 88232 36238 90951 90278 88846 85145 89971 89437 90310 86209 85536 75873 97192 87823 87817 87631 92028 85553 89661 89217 68133 87787 87639 92246 87655 87261 77281 84688 80928 89159 85290 88869 84999 68345 87733 92481 19150 87732 93406 89678 88682 98942 87127 89556 91183 93586 84918 87832 91323 87162 3575 85263 97744 83435 83075 91311 89667 97750 86218 87860 93510 92026 94404 90308 89381 94733 1449 90378 90070 87870 99110 88731 6677 89264 86338 91925 93600 87659 926 91571 88083 87824 85051 96451 89393 88099 89003 87264 28300 92486 91749 87294 86385 87300 3146 91375 90363 88687 59022 89397 87470 79962 87393 92164 71961 87928 86294 87335 90365 81744 86846 88242 89422 92178 98975 87693 76414 87739 95146 21701 83848 93990 88224 87537 86394 85616 99263 77371 87760 87354 1033 93476 86442 87847 88765 28536 85118 89053 87903 7528 89472 19315 86418 95208 21782 86398 28806 87916 85627 70395 91985 89017 87848 88965 81848 89730 90513 88229 95321 86466 84955 88985 89065 90368 679 87792 87905 88830 89128 86751 11145 90741 87938 93807 91345 87959 88992 51262 90801 92253 851 94339 89072 91047 83607 89078 86951 93662 92267 88134 90035 95395 87694 86458 30183 85683 90106 94006 94059 92271 87963 86970 87947 84968 89557 65673 84972 87797 85702 86981 89619 92684 83764 83817 87575 93856 94298 93628 96459 93685 87997 87970 87987 87999 37542 86540 88021 89738 87407 89758 90375 91886 94402 94134 99346 83898 89167 91755 86876 85366 85825 89800 88192 9309 86462 90408 85765 33209 87682 85152 90913 89767 95501 117859 83942 86622 92595 89888 68461 89778 88022 90155 87239 96588 80952 89980 88061 87310 87360 2617 87605 91347 69173 83996 86924 76610 69185 84997 93828 94062 94565 85407 93343 90157 88043 16553 88370 87373 88071 62716 91390 87761 87449 110701 87562 124651 83569 89185 91427 88315 89214 90424 85073 53168 72652 87668 86580 90118 90591 90842 88107 88116 88121 102687 86669 98373 90188 91428 33432 88159 87686 87712 90856 89799 89225 89226 87689 84982 87835 87719 88068 89854 91007 89833 88394 90467 88167 94055 87925 88175 89251 90309 88097 100286 70594 89443 95559 86926 87320 89856 89897 40866 99283 87603 83606 88853 85002 77961 102759 111068 92001 93915 88225 85978 22575 111244 93930 76692 87857 71721 83901 92027 94817 88012 88401 90535 78455 89219 97889 82205 84855 57190 16199 4445 86683 97083 85881 85613 81924 90485 91855 88252 98008 95184 111608 72815 85571 28872 88079 95994 93659 84828 87312 93302 86989 85695 69421 86692 852 17301 91517 88425 89978 86763 90209 94159 88235 69449 81932 77236 94228 90939 88282 92074 98454 89946 94338 91480 85773 85380 91908 98035 91542 88285 94199 88300 90389 88386 88143 89241 99474 88478 87730 91051 87107 89998 86020 86795 85846 90592 87737 85219 92142 88165 87868 91792 91589 88403 93660 87932 93667 88310 86039 91802 87738 92133 99844 87940 89516 92741 89260 86140 22634 86481 88095 85913 89321 93850 91973 22752 88301 82034 14862 90834 85247 85326 86887 89984 91052 90533 86934 89428 88352 22964 77467 89452 90392 418 99514 88454 91592 88309 85074 87622 85948 87563 89536 87967 90091 90481 84458 88526 95460 91601 90554 89208 89578 87672 94196 94278 89526 19612 93963 89580 92232 94601 89583 92042 92346 86834 92386 89587 87600 95293 88458 89689 94208 88251 87471 90760 80956 88127 90538 90101 90569 88513 87063 88304 87637 90092 88157 87834 92393 76558 19665 103366 87675 88331 6051 90786 89786 90789 88340 90165 90862 94129 86025 88169 90575 88528 44419 91570 83968 88183 88441 88591 88661 87779 91856 88461 94337 8320 87358 2623 90817 83997 91516 98006 36325 91062 94362 91138 88338 95313 87574 87696 87845 58034 94575 90468 97631 90206 89830 85386 73809 2629 85455 87941 76830 85099 89246 4463 89528 98156 89861 93728 87697 85457 89755 98284 92085 87381 88443 91881 107055 91660 98396 90137 89313 91266 88681 87628 86013 90593 91984 82167 94613 99640 85272 85459 87386 88487 90600 87058 91285 94193 92713 89323 90595 92210 88474 88342 92598 100536 85467 40083 85559 94519 95102 88375 90116 91132 95048 93042 88040 88694 90559 96958 130105 57445 87788 32495 88028 83863 91219 91091 94693 87391 91702 82487 89908 92435 88974 91900 93809 94116 90254 87768 93060 85941 87914 87818 88186 88335 87678 73222 15515 90231 94323 96037 88482 90315 88399 92501 90094 85601 90413 88455 89948 90634 85497 91290 85606 88749 94694 93072 41652 87479 87843 91718 88550 87948 91260 89696 14319 84113 89951 91835 96049 92757 87846 87482 89911 82767 94731 92226 89550 90423 89961 88162 87511 93139 90006 71854 95266 92233 84134 106491 103649 94764 87081 92634 90063 91902 94769 88735 90565 87209 91366 87688 92259 58914 88486 90433 15512 91399 90661 87772 81073 122237 88838 88524 98602 84137 78254 89370 95367 66486 86162 88496 88502 94865 92374 90688 87691 108983 89566 92308 87165 118850 91650 94788 85625 111616 91505 89083 88601 95657 87851 89391 96051 88639 88759 88210 88290 88763 85653 88377 6886 86235 88193 28914 72530 94870 70115 88228 94902 92219 76982 88842 91986 88719 88845 87267 89488 88875 89646 90119 91282 94909 90734 92049 89014 85725 88234 98540 90192 86156 92535 88970 100038 90589 86655 91788 87722 100697 89100 91879 91912 88866 90646 15644 94400 91434 90233 99702 90268 97086 88911 8353 90339 88277 87496 87858 85637 88298 87785 88508 4541 91904 94940 88620 92556 88381 87952 77811 88934 90879 87718 90436 88396 87736 88422 96076 89608 90873 89798 94026 92664 93052 69530 14481 88518 87964 87767 53779 87802 82324 96295 87973 86687 91341 86853 73079 88473 92392 98619 90556 88085 69158 92661 89153 89106 89190 94954 93178 3214 96472 88092 119800 90631 94386 92031 88649 88027 88261 88199 4791 89117 92127 88494 85468 87265 91092 93918 192 27922 89263 91466 88553 89147 92040 89170 86957 85756 88584 88592 91931 96222 88276 88411 84254 86745 87773 84360 86565 90087 3567 88660 87545 90652 89242 92767 98561 83109 86166 87546 88662 88915 85781 88891 90999 90683 84152 86184 87783 92788 94993 89969 87840 88195 94432 84904 94971 89623 89244 91491 90445 86194 90889 2682 93182 93397 92402 90677 66086 102216 91934 84022 92765 90353 93816 90732 88077 95120 84191 84196 30610 92236 88598 85880 90894 91568 93938 85964 89156 92776 109129 87667 94366 90690 72045 90739 90806 89032 87814 87854 96531 94438 88419 86077 95128 81746 2340 87986 86963 95125 89300 7834 89429 81186 4473 90813 92056 89868 87676 73324 6112 88320 89326 88515 88603 93469 82595 87874 91717 91937 88520 89318 91152 89669 96567 69653 92251 85670 88706 88292 88492 90482 92822 88350 90071 92824 95249 119618 2648 91048 94440 88374 23126 90825 100740 98409 87595 99842 82756 84223 87820 88614 70067 87706 87721 90195 88499 94457 94521 88546 89497 92793 88275 91644 87764 87183 67134 89382 86223 90251 90835 88295 85709 86653 95314 88912 98002 44446 88629 113398 88679 89340 92068 89694 90809 87924 95380 94511 88379 88471 91232 86635 92840 52946 97932 88185 88501 75903 87896 88650 1194 66658 84304 90896 78672 85517 88308 88709 90282 3634 87825 92857 95388 87995 11248 90373 85718 88730 88913 90288 90715 90570 94370 94545 87726 90303 92130 30699 90680 96894 95436 84260 88794 87856 88007 94031 94567 88511 89407 92532 95490 90578 86285 95517 92261 81324 91286 87765 96676 81414 94995 94578 95896 90377 90754 94711 77954 89573 88773 95497 88053 92936 92007 2650 70716 89650 83094 123117 90675 89094 112861 90581 84330 88921 90748 89348 90783 88931 95522 88113 91831 88149 9682 57046 2687 91129 87861 15967 87919 92913 92264 88916 89956 90827 77494 88990 88525 89384 88495 78594 92266 97280 88144 87921 90885 92379 83343 84378 87044 88664 89114 95571 95699 88535 86666 89785 3469 89465 92530 85362 88844 92169 103854 85744 122813 92020 86088 92697 86357 12761 87937 92389 86130 88920 90775 95758 90859 94799 92971 90923 84453 87930 88558 85875 92103 696 73510 94614 81503 82138 84475 95581 90908 89797 94071 91298 91321 91013 90532 88768 89474 91629 91905 86741 88048 87982 92011 88577 87954 92132 16332 93113 89826 115037 89829 90641 100238 88009 95838 86139 87798 88190 91369 88932 95622 95941 88886 88026 88213 91320 89314 95463 88907 95707 85305 88333 88938 94187 84573 100265 88939 91177 91189 92398 98854 90693 88957 90701 87934 94619 88964 89859 88059 98017 88219 95962 88602 90644 90907 88995 99006 93007 89475 84620 107065 97801 92873 89870 6176 88066 94671 89581 88241 95777 89509 88322 88673 87517 92137 87647 92983 89561 84638 88797 89006 94189 92558 90719 92032 89884 84824 91473 89633 89928 112020 92325 96203 96972 6184 88800 88630 88988 88105 98047 74926 123255 95807 88862 89715 88238 88253 82229 90709 92186 98924 89018 91425 90851 92078 99449 88676 88962 94239 95814 92816 68147 22213 89085 90912 93014 89726 90416 89120 95831 86245 90762 92432 74391 94415 98304 93027 94380 88389 90870 88262 88289 91402 88284 88686 88296 90866 89073 94888 84694 89091 88325 89075 70881 84932 36792 91654 90971 90998 88783 88179 89089 92715 88142 98337 89900 11320 88160 86247 14541 94477 88307 89930 89960 91332 86818 90909 89745 84883 91339 69891 85026 4907 89162 94853 88983 89965 89938 90431 90033 74946 95816 84885 93118 97118 96614 85244 88329 8886 99429 94170 93110 88651 86146 90764 96537 84877 92069 89202 90075 88668 71788 83834 97362 88883 96719 93164 93181 9232 88936 94812 81871 90993 89168 92433 88505 89109 88267 88741 94697 92204 88717 70074 88191 90989 86461 95155 100199 89194 95091 91020 91125 89365 86464 93255 100308 88316 86213 89371 85803 88330 90150 91242 98415 92303 90848 88197 89016 89023 92451 88226 88769 89104 90872 89801 91657 99744 88347 89405 93171 91049 89345 1453 91084 85562 90108 89229 98424 91118 92466 91153 89468 88372 89110 16517 89116 92546 91436 89471 88774 96457 91141 90812 3691 90929 8346 23517 90931 90120 90978 88373 98426 85883 72991 92163 91572 90173 90980 93390 92341 89983 90355 1475 93448 92720 92523 91794 86292 36729 93338 86295 89510 94750 88799 94312 89239 87104 94816 89501 98464 90256 86448 86794 98475 92772 88810 85635 86517 94830 92996 89123 90122 86527 91582 88392 81525 86833 87119 25705 9434 98042 17317 89283 94388 86312 91185 88402 85924 44143 86543 95936 89572 91459 91180 93266 90214 123953 88819 17410 88849 88413 92564 95133 90434 85717 87297 88421 93763 96544 83915 93055 89142 88506 94938 77528 89545 91022 96070 89144 89191 88901 125645 85063 86581 88448 196 90988 91380 89591 89606 86857 91001 86061 70077 92166 85134 90459 91308 91046 88978 90248 54225 91249 90466 92952 88898 90558 89213 95942 97435 89228 85466 89289 88493 93120 89253 73265 89628 90034 91196 93571 86671 87915 93393 27127 115057 99153 88132 78933 94957 89569 88881 89295 92179 88580 91018 74180 96636 94715 89818 91274 88452 98498 91277 94964 96781 89010 90635 93332 95992 91343 87663 90503 90323 89230 85317 92655 89276 89298 100341 5101 67587 54323 88996 86982 86141 86592 88667 86869 92227 89299 91362 89046 73070 85235 92369 37978 87892 85163 87065 90045 14459 88674 90153 90965 89050 91070 89245 4512 87375 90696 89631 94982 37464 81812 95167 86628 89312 89335 92454 91367 89055 98504 91063 89445 91217 90086 88726 92475 91609 88788 81853 86661 86890 88462 89681 124960 90379 91080 91424 86582 88456 90520 88605 89292 92628 90763 88177 86598 88512 82037 85747 87926 88824 91481 89434 88857 89363 89386 89750 92831 96117 91095 93573 93821 90829 89592 90597 92391 86746 77808 94896 82822 92377 91340 85753 70110 94533 89824 88529 91539 90102 89315 90397 89366 95020 91462 97437 91200 90318 88874 93518 91315 83407 91230 91714 89898 91777 91335 91870 92476 88900 78397 93356 89395 95097 87467 91587 92743 89063 88532 90049 91250 82898 89814 90211 5727 95192 92496 89404 89415 77933 88961 88552 89126 92269 42344 95785 88112 91066 91270 91387 89327 91611 89432 91875 90914 85413 6180 92931 89338 86791 91681 93652 92539 96905 86892 90938 91511 92754 82937 107352 90611 74308 91146 88813 97662 91633 97721 91724 98091 88547 91102 59145 125906 92578 95305 4590 91400 94539 89456 91557 91758 87314 93399 92981 91603 94582 89459 95329 88604 89595 92940 95394 89473 94785 89481 90697 91854 88548 88685 90435 94843 91158 91451 89513 101485 91892 89844 92620 90451 88625 89071 96218 89845 87493 96521 90472 89486 89506 88147 91394 86192 98815 91382 93523 8688 87117 92680 96350 78436 89537 88250 91616 89541 89087 91445 89493 88385 96551 88573 79064 93482 90706 91464 90948 110184 93008 8487 90051 92711 91486 87409 79281 82378 6346 96558 89601 89666 86668 89175 93595 95562 93030 91512 89542 89564 14846 89199 89688 88721 89923 126799 78385 95578 88728 89093 27423 91880 91812 89621 5853 86937 89734 96542 89791 16335 86754 103895 9479 90023 85795 91699 92763 92977 90793 97781 70268 90608 88732 93145 85845 30772 89431 89514 75443 104657 89322 91527 93428 104685 91903 89855 93709 96572 70186 98322 88740 96021 97562 85477 89808 89968 92611 89823 100818 87150 96778 3735 92045 92871 91454 89851 95632 90950 11329 89625 91562 7969 89458 93451 74334 92949 92075 90795 89597 92982 91584 98748 90855 87156 89610 93495 70309 89862 90881 87348 89643 88782 72392 85327 92104 96794 92173 91472 90919 22430 92257 89645 89657 92038 90124 93735 88489 89711 91604 98349 89893 92101 87748 92994 86802 87910 90590 88777 90962 89723 89742 90667 92890 90963 90698 89747 89821 89922 90194 91767 88643 95046 89892 94998 89850 90125 89937 93434 6900 88646 72813 89662 90220 89460 70552 90756 87374 91873 88981 96746 85521 107610 96824 87918 98886 91163 92998 89954 83052 100648 89952 83083 88211 89822 98890 91795 89815 91618 72955 90208 82043 6856 91620 100941 88688 83173 92053 88812 91624 3292 89858 89944 42916 96908 91715 87067 96917 91652 87390 90679 91786 89675 99207 89532 89926 70952 89665 91843 91911 94724 90805 86813 93877 91863 90725 93011 93514 91980 89867 83204 98900 91750 885 99016 85982 90009 87466 92079 89950 79436 89518 86829 87872 96849 22814 40823 91010 91072 90517 88279 91868 88818 93935 88831 88884 90230 91687 90246 93046 83988 88291 83571 93243 89149 899 85868 87912 98793 90011 92107 99042 89981 88856 93131 89695 88909 93143 68912 88924 5871 86859 90065 102236 97587 88972 96944 94872 93159 7983 90325 95039 89647 93555 92123 91069 90043 91518 96981 90544 90066 89057 93220 84026 93174 102677 85993 91725 91734 328 89986 89703 92177 92019 89294 99604 96858 91751 93307 89877 88311 80113 90109 89733 88514 90085 89835 91771 71160 92262 88534 88600 91800 91074 96352 88680 86014 86925 89883 95671 92380 89779 71406 96129 90626 93604 97363 44157 100681 92299 93675 89538 97117 93348 90660 89782 88047 89118 109348 91101 91164 3653 86878 94983 89789 8621 89887 95072 67603 89891 89894 90055 77034 92419 93733 91874 97183 88927 90080 91818 91210 99000 95546 90258 89131 92547 89339 92312 91894 90115 105369 90146 93201 93666 98906 90215 92439 86897 95674 73497 88615 89784 91885 89367 95549 87141 88239 91915 93674 71436 92403 89905 86084 86351 88657 88701 95078 89841 100718 96163 89958 89803 92585 91896 91864 88937 92614 89020 91301 16360 90093 90721 89552 92062 95512 91941 91960 90058 89048 90082 88710 88151 87346 79378 91999 87257 92617 93512 3766 91946 91337 93254 86204 92023 6945 97254 64876 90692 58032 93779 95684 90097 3830 90733 90895 100788 97426 92092 92627 91348 90098 93832 96156 88757 82396 90123 92892 93185 31763 93365 92565 86603 92630 91215 93275 92657 90129 90132 88946 92152 93590 96480 92669 92683 5890 88240 88852 89966 89813 90203 93820 92010 91220 90753 90020 92035 90134 93742 89077 89869 87796 90140 90161 89927 90787 93419 86210 86987 92089 88914 90191 91997 91336 96405 95084 90830 89152 84150 87000 90221 3770 92733 92825 90237 93083 93751 88764 92100 89973 92008 93822 90060 92252 92446 92039 71795 102799 90262 91404 92283 97287 88804 91410 87478 79914 92897 99967 72112 89794 90141 90266 90845 97541 87301 93433 11823 92327 90332 87038 84225 95177 92260 100947 87175 90370 90232 89286 93212 90346 87516 70811 92332 89113 92017 6326 90234 101301 90238 93207 71712 93838 99073 92197 87334 87258 100960 89204 90438 90252 93774 71945 86195 94321 90522 90240 5899 84123 93587 93852 6453 97618 7795 93063 93450 58352 80394 83365 97670 88943 73542 98990 88184 92059 89613 95563 91449 101162 95949 2664 97697 92689 90650 5421 90432 88430 99026 87353 95206 86232 90351 89354 90369 92198 92557 94823 91452 97431 89307 90264 91136 92061 91708 89188 91455 89337 89140 95790 90276 95688 90440 97450 94099 88622 65312 92086 95673 90452 90281 87401 5737 92288 87593 83374 95698 109442 9236 92146 92762 90767 93863 89955 89165 90486 90381 89982 84422 101016 92270 89414 90387 105959 94047 95054 89180 90843 93239 93127 94113 90491 86858 90050 93513 92783 5928 93676 91811 92206 73335 86319 87450 86979 94067 93292 90084 91637 92797 92596 88910 89189 91463 90876 90311 74400 90528 93317 88 92220 92855 99347 90317 99434 98934 92696 92105 90555 95859 85008 97457 90096 98414 92321 92254 93770 90113 92328 89237 90903 93883 94576 92721 93730 92175 70897 90193 54617 89838 91490 91201 94069 6986 87804 93801 91204 90917 89278 89271 125753 92791 89282 100140 40219 95939 94136 90402 54723 90360 87048 93929 40853 88202 92280 99228 94183 90623 93029 97528 88880 89402 97708 89410 89398 90272 95364 107840 8371 131236 97779 92847 95871 3131 90306 95378 9949 87385 90376 89492 44281 95515 92862 91234 93558 94233 92190 89308 28075 90678 15 85442 92866 91523 90384 91170 89333 92869 85447 75053 93459 89498 91278 91031 91145 75231 92418 88926 101313 91497 89021 96700 90401 15229 87203 103849 90342 76058 101066 90609 93040 90454 89875 47917 89933 92948 85975 71681 93632 95537 92967 89436 107296 91499 95564 95951 95713 92424 90643 91292 93378 89132 96488 92284 92442 89491 89544 87421 92378 97718 99131 89644 90364 93403 90407 92211 90797 94226 37618 91333 99300 90411 99565 91727 97890 92406 90457 86584 89161 89512 14564 55506 90403 89234 92988 89387 90943 90154 97746 23154 91213 91503 91526 91009 33468 93541 90576 89783 93567 92344 87555 89469 90718 89349 87259 37986 91561 92438 89446 95650 38122 87620 93099 44900 94399 90577 91262 89396 89953 87657 99155 87508 94238 89406 89421 89520 89890 90419 90405 90307 93153 89441 90414 87543 89962 97766 91971 87745 89527 90613 90425 89936 89567 92448 93095 90627 87662 99262 83637 87757 92088 93426 90464 89546 87836 92468 71742 93184 105041 90640 92473 93446 90078 57237 97843 71990 94665 72614 101095 87900 92898 4908 89584 5354 93777 93606 92453 93191 90651 43181 83983 86742 3139 93508 98032 95746 9377 104736 90130 91581 89602 90487 90891 91598 82970 90665 87565 92480 90390 89448 92554 89617 91647 90502 74440 94824 89652 99591 9771 88323 89659 93048 90720 92477 101567 90156 34437 90536 91067 90893 94252 96052 91635 77213 96086 93058 93846 99269 91006 90529 95823 84269 93641 93813 91059 92543 88758 95573 95922 90742 89529 120274 90744 88435 92665 90747 91295 93149 31484 92445 90200 90802 126726 87495 95165 87966 98051 90561 6328 90750 92244 91669 90212 93861 93898 92575 22901 91502 90772 94680 102072 91470 84489 92673 90218 93219 97962 94315 89656 94382 92188 92681 89302 90567 90519 87980 86966 90508 90781 91442 94884 93225 204 94403 2677 91443 90820 95961 87581 91671 93824 94423 97368 94459 89700 88106 90514 88023 82589 3786 90959 90785 93994 1318 38330 90614 92687 96198 86593 90847 90868 96112 89943 103794 92541 93130 94506 92411 115166 93150 112313 94590 92455 90658 102167 91133 6201 97856 90673 99532 84888 92485 98014 89455 95828 98029 15844 90358 82743 92522 88840 88286 91492 93306 90526 90849 83050 91504 11517 100183 90676 92700 11520 94579 90610 96234 90515 92449 91675 93905 96235 90382 96304 92708 96576 92843 90400 75411 96880 97142 93375 2716 90279 98066 92735 89319 91528 94573 88082 101177 91534 93997 93610 91324 93230 92580 99439 89496 92769 90682 84532 87700 107796 99928 94767 92844 90776 91448 94974 91991 90857 39314 87604 93860 92846 72945 90621 88178 95982 95083 95137 90726 81911 91458 91028 96993 90871 91623 92928 90421 92960 98083 44541 98110 94605 89769 90833 91614 90840 87741 92517 105343 93937 90471 91631 92533 89637 7049 89539 84547 94003 92521 93347 88364 91683 95201 86072 91640 93944 89320 103009 90779 107807 90898 1515 91034 91641 89444 94125 90642 89562 89641 87615 92990 91035 93357 89721 91686 95219 104047 89761 93047 90016 91211 99356 91407 93068 91688 94710 90143 93071 117489 94029 97003 97600 90476 94112 93121 99597 89947 101225 89702 100689 90846 92880 96256 88029 90107 96585 90926 91689 3245 87763 92910 89574 93651 90628 126925 93388 23169 11369 91735 92551 91651 94030 96701 91706 95856 89812 93382 89362 92672 94762 90944 90356 90639 92838 93902 89764 94849 94000 94160 91748 93425 89846 88054 91747 99649 46340 85023 85385 93183 91041 91376 72363 93712 93697 74550 90320 89941 103014 92576 93886 93487 99665 90089 93085 91413 90940 96748 90537 94922 96306 96750 90713 93094 59128 87648 94293 91770 89882 94761 88073 94779 6484 90499 90954 93112 90068 91068 90745 91731 4951 93677 92726 93823 90704 91783 92606 95279 88201 92004 90723 94670 88081 100092 108100 93565 89663 91441 93827 91825 5324 91469 10141 92698 101325 89683 87558 91801 90142 94092 91606 94054 84587 90105 94737 91087 92935 93176 91882 93180 91500 91938 94094 91560 100094 91621 92005 94795 90864 92087 98420 90769 94756 90869 90149 88136 91806 90966 93490 98005 91826 91088 94102 87598 91853 91940 88590 93593 94126 88725 93264 84560 91884 91907 88742 5427 90189 98442 93494 96030 92815 92984 98145 90500 939 91993 98484 91950 91615 90201 89901 92872 108459 90270 91000 90883 94173 89793 92015 112658 90970 88761 89680 90791 86913 88096 91179 91953 93341 91893 99706 91909 89664 88170 93526 5797 89701 96827 89925 101424 93298 72797 98536 94087 113443 99766 92044 101395 88209 91110 4978 91625 102541 6987 90799 91966 87799 91379 90850 88206 91202 92183 93389 93391 94310 92876 96043 89977 83095 96145 94383 96152 93339 96328 91645 69791 94106 91927 88836 94818 61454 94491 90886 90335 100182 90995 93568 10409 84722 90930 91223 92908 96263 98431 90324 93361 99877 94349 88268 92070 101415 92241 93362 98526 88848 92072 100187 92730 94939 93415 89753 90112 93791 88281 93536 93547 93418 92842 85361 96364 91969 88861 92002 6534 93566 74642 98543 23199 94365 90190 91008 94141 96286 100521 89987 90334 90061 98129 92081 92041 33719 88287 90922 94447 98185 92094 94819 94868 95071 94401 91012 93470 92861 98529 93505 83142 90341 90551 106539 4623 98652 96545 92200 97232 91656 88885 91053 91284 35989 92098 95238 102579 97241 94496 92208 1706 73050 63154 96351 92095 91064 91365 88326 90409 92102 93013 93708 92125 93569 93837 46574 101803 92120 95022 90077 91107 16124 75480 95122 94648 96756 90395 93619 88328 88297 94554 88245 91108 92147 91128 93725 93631 93579 72349 16381 88488 84830 90612 93957 98551 91487 68260 98625 93692 90145 94147 92830 90456 92156 90942 94169 92235 98629 86560 96476 90344 94249 75681 92172 94430 94826 90982 93497 92248 100212 91015 95566 93718 20108 109720 93594 93743 91798 96237 91130 90731 91045 89788 91936 1237 99931 65727 93703 87808 92973 100232 87821 93755 89880 96731 89991 93781 90823 94914 92160 92932 91089 88887 88873 96561 108414 3801 90657 92202 92272 90497 8421 95158 90996 94176 59965 93578 96528 92294 93739 76431 95617 92309 80054 88334 91261 108558 97353 77216 91977 91124 93039 92975 95644 88343 93793 92025 91319 90223 90548 96942 90816 89807 5205 92131 91192 89836 92306 110343 100045 96587 98763 91228 2724 92995 94847 93116 93167 94568 94894 94916 93370 90852 93841 88405 90305 93851 92316 88890 92215 98742 90964 93041 83428 92165 94318 91269 91056 96631 92238 91593 96668 89895 92224 20147 90717 91140 93974 91288 94319 93217 96395 91757 88977 80605 92626 89064 91815 91358 91174 91310 93880 90780 98784 94889 92237 92268 101135 92323 94023 92282 96955 91173 100785 87902 93873 91264 91194 89030 94375 92311 90580 78501 98335 95001 91317 93909 98855 24404 94109 97302 90015 4536 96358 91275 98360 96406 101998 93584 90426 91197 93759 81960 91171 88952 91409 43823 92320 92319 92313 92331 99116 92342 94446 95286 96678 101781 93985 94224 93031 97366 90853 89148 92350 92357 90662 104747 92376 90987 95050 94064 94580 91351 101349 95093 96434 93295 91397 94117 89531 99286 58401 90550 92360 96575 90059 93803 87749 91296 5028 45737 97827 91297 94139 178388 101767 98768 92942 91823 92410 92343 6868 103038 94584 91325 92371 94152 94167 101899 17156 90271 90437 94936 89957 102069 99197 92779 94499 94230 92385 107913 94513 92322 96965 90540 93876 93907 108444 90604 96693 91403 87884 90012 92353 96579 104429 88987 93396 91419 92366 97759 81421 95258 31503 96970 56188 80181 95445 91569 11967 92826 90670 96761 91139 92986 75576 94257 93981 93424 82512 92416 95294 95170 93716 88464 89095 76818 93004 87014 89344 97784 90649 94320 92422 93894 90716 91203 90740 58746 94016 75619 92604 99408 98260 94381 91467 94410 94025 94411 96844 100358 93050 91329 94549 94893 93430 90274 89115 88481 109058 92494 98118 92399 92440 93858 94427 91356 91364 92487 94508 100155 94759 92512 95776 91309 91267 91471 97127 91349 12810 97131 93910 91507 75816 90280 95252 1251 23575 108603 95110 88954 92795 39475 97017 98511 94420 102690 90630 95030 109086 92495 93530 94806 81655 99522 91762 83621 87086 94335 90654 91488 90728 92514 108862 90527 95265 98608 97866 96590 93649 102021 92503 93959 91248 89121 94445 92516 87140 91642 92529 91531 91785 90743 91353 84833 91386 98955 29083 91421 94027 91444 97043 93079 90292 91422 94588 93912 92544 90398 94244 93867 93663 92562 91955 94146 93968 92584 92734 93975 90151 91533 93067 82926 88565 91182 97184 92739 100517 95276 95624 89571 92623 93977 90498 93711 92851 73364 91564 91994 94600 16275 91460 89915 92907 91816 92407 93101 96669 95439 93137 92632 93108 76311 92570 90404 93002 92425 83019 92926 92682 88641 90766 91567 97209 96543 94687 93980 92859 93122 99642 85550 100254 16436 94963 95121 91586 96673 91515 90832 90330 90539 91395 94364 94456 73456 96566 92874 90185 93129 93986 91646 94466 93717 92622 97061 95300 8504 85227 3807 102281 94015 92633 91682 91437 92531 90773 87193 91520 8564 92221 94723 93090 98960 97214 92637 94041 94559 98847 72384 94043 102440 98285 94017 35992 94050 90689 89412 91692 93984 89919 93169 87395 2774 91720 89985 95370 92258 91519 94088 91716 94051 94324 90412 91178 93392 90239 91828 97170 94033 91661 90484 100447 88677 91743 91663 94079 89717 95761 85254 95447 97348 94796 92903 100459 88733 97261 94542 92641 88395 944 79682 66802 88659 90447 98996 87975 94203 16379 91405 90255 92185 97286 94820 94091 97316 93151 75945 99529 92659 89864 94100 88889 73576 91439 6359 99774 81838 78474 29292 94119 94662 95469 93218 1736 93170 88103 90790 91753 94698 91964 92774 94123 93754 97317 64723 91790 88655 88437 97388 83085 96608 48231 96695 90711 92891 94857 94148 90863 94191 91667 91899 98474 87991 92723 88294 99727 90504 73643 91294 82248 99058 91536 92709 93231 100112 94556 88438 94571 92222 94928 95499 99523 94716 91368 89163 46586 91935 89385 89411 93117 93301 91398 90656 92330 93758 94719 1036 94932 92927 92978 90796 94935 94586 91538 94214 88720 98767 92355 95498 92992 1081 93797 89461 92727 92275 85349 91524 94282 94587 99488 89744 82528 92744 96643 92749 96648 92428 29812 94283 91821 90897 92768 92593 93026 91677 93192 91602 94285 92773 91628 83319 92796 96066 92649 90934 92750 93305 99563 92170 88020 89874 90949 91988 94794 92836 94591 94781 11550 8462 94607 94651 90960 90975 91897 96923 98165 99257 94949 94793 92013 12424 101828 92821 47337 92247 93460 94973 96244 103382 92289 91004 92359 95311 97462 94361 92394 94678 96388 78518 97182 91837 92421 91556 90957 96705 91016 100466 103702 92823 93321 92858 76325 88702 92033 91844 89096 91029 90505 93005 91032 93206 97476 100505 91054 95536 93400 7125 88618 91851 96720 92868 95141 94287 95392 7170 91930 7827 94692 83939 87236 95085 5750 95043 91617 92109 97500 106 94959 93124 92097 92878 91948 93132 94527 16510 89995 91563 97564 92176 92914 103081 95159 94544 92116 92469 92124 87247 92412 91764 92875 92507 95174 98182 100526 98631 92921 94732 95634 91078 96333 95107 94874 95015 91055 95063 1567 92922 88722 93844 98282 95538 94329 89157 91765 88727 109369 91086 92256 91096 97288 104569 93044 93215 91959 95202 93274 94744 95205 91155 91965 76654 97400 92071 95404 95826 93286 23583 88779 93346 97659 115531 94875 12452 8740 96783 97447 97468 88784 92561 95129 96396 91898 90510 100345 95405 92122 94049 95672 99596 88814 100535 97042 94834 92513 92345 92589 100595 76472 95338 96726 95407 94879 91489 96622 94880 109389 97091 91169 94384 95408 93369 92934 95421 91729 102122 91172 96915 91890 23680 93904 92943 12579 107059 91156 89019 92646 14810 95755 90615 97299 91208 95148 93065 85809 67296 91848 95933 93385 100597 94161 59444 93262 14 91862 97410 97494 98334 98417 92670 94921 92745 108155 91258 92203 88174 100699 95260 94951 99030 94439 95008 89921 91209 102983 92956 95554 93411 91741 93166 91218 17 100792 96744 93114 94989 86015 91423 91926 93025 94730 95731 93126 93242 95138 92550 99681 92239 96997 93104 91963 91494 98681 95540 98346 90705 99711 29819 93163 90038 92286 88971 92528 102424 9790 109490 94451 93349 93136 93228 100709 94326 95150 92285 94351 90620 93441 97974 97497 97733 93200 96773 91730 90566 93115 90354 94265 97033 90810 93247 93273 90287 69004 95795 69560 91231 95836 92545 90647 80262 93123 97503 94969 110351 90475 97039 97648 98515 101562 92553 94453 97134 95006 67382 88858 98704 92401 92459 93290 93442 109770 95298 91910 95005 95804 8402 95160 89068 92582 93330 95303 4516 95830 94369 89996 90867 90637 100730 95415 91981 91226 93331 17411 93454 95214 93473 93195 93461 92571 92464 91240 94373 93485 169 93208 89222 95168 95570 98772 95060 88200 94494 109931 87790 100758 90887 110160 86344 95016 87367 93438 100231 93506 91982 95226 95183 93509 93520 97581 110801 97201 93522 92018 93511 95188 91998 95080 91768 91952 11377 8869 95216 93516 92154 94308 108291 92048 100688 92591 97396 89 92618 93525 92162 95115 92636 95324 67579 95637 94342 93548 95756 93601 93989 95434 93221 120638 95865 93245 92676 93618 90128 98705 94532 93603 103740 97633 95228 95576 95239 101375 95334 92230 92639 98823 100017 92338 92688 94535 95975 89252 93542 93704 93723 92003 98938 95429 92714 59506 93561 90981 1454 97819 94557 102135 94583 95045 91265 91276 92292 93236 92295 91119 100023 91377 94343 8167 102194 87679 97128 94667 104605 100797 99209 95339 95868 91779 91393 91477 92640 91529 91787 92361 92364 10035 91639 76946 80341 8965 83910 92077 92738 82849 92643 2805 92900 93574 90040 93596 91143 93661 92781 84356 100918 94640 100999 93778 90511 97667 99104 95872 95431 95062 93602 100101 95929 88042 97672 91302 105482 95593 113478 95441 98961 100942 47152 95081 93634 92809 92181 98965 93315 92685 95449 92447 92785 95453 95879 94668 97831 92686 93483 95520 100399 92690 89036 92483 95534 95190 100164 110934 95727 100175 97867 94356 91849 94703 91690 92905 102316 95605 93862 100177 101049 102344 88354 96000 99293 93836 90172 93871 3583 95565 94330 94705 91678 95774 98994 92540 76965 95623 92884 90664 93539 93032 88940 100152 94620 93885 94008 89079 97707 92213 100993 93484 93895 101142 95547 95645 91861 93927 94354 96185 92497 92452 94708 95925 89293 37504 73102 90694 103194 92117 93964 90666 92947 91865 95278 97200 95348 95877 89357 91401 89076 100528 92786 89358 92707 77415 110639 97685 92674 92552 92706 91550 96064 95454 95888 91737 92751 93318 93942 93556 6762 93064 90695 95716 95106 94774 95813 92500 48736 92923 91525 103218 95950 75042 91272 89470 95829 101215 95513 94714 97248 100253 95906 94021 87592 93621 92594 89130 95913 90736 91573 94725 24238 103379 93953 92807 117264 95927 93563 73178 89638 92770 100400 94727 95526 7816 91659 17763 95960 94052 92778 95973 91026 91127 100411 36179 93337 102581 104765 94848 94803 93581 94352 93966 95920 98028 98196 95848 92856 60231 60390 91199 98342 89360 91923 2775 93653 89450 91447 91933 92802 91338 89483 89145 97875 93678 91575 94417 94096 91583 91808 90180 93612 91820 94111 89258 97900 93765 92648 92864 101278 92895 92951 91701 93767 92885 92972 97250 93679 93625 8565 90312 95368 94144 96188 95018 93890 84652 89379 95532 92065 102685 89480 94815 96217 90880 93006 95979 92161 91212 91781 89332 94271 100558 97704 124063 93160 94980 89708 101320 98136 97610 92937 98468 47273 96009 92980 89523 91142 9815 94992 94460 93423 97908 75987 94098 93731 96029 90399 92989 99493 91674 94431 93035 12841 102682 93771 93746 111218 103578 91819 101087 94137 91824 93831 95035 93062 47563 104777 89563 61556 10159 92189 93028 94032 93845 93857 94835 97863 101189 48765 94464 76999 100822 47941 57757 93049 94155 91850 93066 100912 93096 96230 93924 92904 68062 100468 96039 91354 93086 92229 93105 93107 98149 98473 94856 98765 92780 86644 93119 103065 96050 14840 93436 96477 92278 95956 101242 100873 93270 93021 90905 93141 96085 96137 90684 96055 95131 91391 3819 92964 93271 89515 93633 1752 91974 93189 100614 99602 93277 93051 98167 92348 93193 95040 93917 95567 98777 101599 94840 101487 94551 103811 91014 93283 93233 92193 97705 92192 95172 91002 95681 102893 97255 92212 101499 93614 93908 89629 89589 94204 92265 181398 91073 94243 93258 94770 101627 99248 103176 96069 92658 89993 95181 93287 93310 96084 91385 92736 95568 94121 94946 97888 16724 101083 93278 103305 99657 92240 91081 95270 96125 90958 92351 89622 96073 94970 89355 96150 97395 95002 95055 103714 96135 101805 94245 98820 95223 93293 95227 91891 95289 92302 96136 101590 94269 101985 100006 93693 94197 74078 93312 93987 92924 68142 93313 103401 98369 96097 111526 5445 93325 91475 90496 95059 93019 98354 99825 93240 88555 98013 92370 96536 95105 91918 97699 96553 101901 124879 92467 7254 93707 93519 90088 91967 93288 93309 100704 102116 93785 96139 100269 102034 82722 68672 7491 97902 92583 94038 97386 94086 91334 100310 90030 93444 92397 89390 93336 97716 94175 89416 74182 94246 88067 96141 92798 95116 96143 92034 93582 94024 94273 93342 94274 89720 95166 96165 96275 93360 94259 93377 101150 89729 95230 96202 93481 93401 7945 95626 102537 104800 93402 94280 93447 98193 95179 101747 92886 93463 91198 89790 94301 93577 92939 103839 94598 101289 46848 101166 93140 93420 92679 95424 93466 100076 187458 91273 91541 92753 93422 94325 76458 96302 93320 89796 84531 117633 95917 96179 96213 93572 60455 94355 95189 95683 102154 16687 39653 92761 95489 92642 94358 91547 95331 93284 96247 94479 92218 96309 91632 48152 96359 23716 89504 95250 96375 91396 94360 93710 96398 88424 68485 91694 95255 93921 89525 94374 93499 96582 91566 97752 93713 95290 93926 13929 96310 94376 92139 97023 91649 102233 95399 96325 125794 93078 94609 84761 97848 93734 93224 91672 94412 93449 91691 99707 94389 93941 95440 102637 94469 94475 104104 93960 105024 101240 93455 91580 94500 108849 12480 94558 93359 83328 96409 93715 102773 94968 72999 103504 95264 95318 93472 97403 98387 86388 94625 88519 91742 93740 90236 93366 94570 92296 95843 94011 94610 5050 103930 92148 96357 95847 94514 93764 91415 92400 96654 91766 94520 81465 94615 92297 94621 96415 96321 93554 87022 97311 945 94641 96416 108867 93597 96232 98997 96426 92719 92677 93979 100634 94005 84416 92326 110744 94014 92800 79445 92429 93630 95508 94650 64868 102471 83638 98451 89609 95350 97986 102826 96428 94717 96040 94012 96438 87731 85017 94523 88724 95934 6072 97408 96782 92534 111541 98237 93672 95075 101943 94531 94046 94560 89632 89668 1805 92601 95284 93410 95541 59020 93761 102906 93524 94611 95291 91071 93478 93783 95304 92722 95285 91752 93811 96624 96060 93479 93300 101987 96490 95377 96724 94593 91733 93819 98039 92443 93865 94653 94831 101198 94745 96539 102624 84562 85454 92489 92818 96219 91759 373 96602 89820 94663 96690 95385 104246 96759 96444 95996 95397 95023 92524 92893 91595 111696 96075 102957 94674 91342 95602 91995 89806 92515 91846 96836 77259 4624 17016 69073 89860 5953 94056 92526 93636 86360 98719 93799 94676 97434 90175 89684 86562 74269 95387 95551 92911 85974 103549 102574 89889 50845 104901 89988 94905 98279 92024 9824 90205 92950 94186 95426 94192 96736 89872 95640 93488 93535 94923 95095 93762 95552 94172 95443 94248 95695 94685 97521 40900 98633 93015 91426 84700 95446 3325 103780 94300 100052 94350 96367 89211 1532 93700 99106 110158 90247 93070 77004 96252 94696 95687 9445 96452 93788 94713 94368 93624 93074 93340 60940 96771 92597 103884 94377 95478 93830 95511 95766 90737 95784 112109 99332 94728 94738 102876 93386 100148 1094 90103 95572 93106 95575 95114 95812 95616 96765 84805 96593 95692 94472 88445 95579 98405 92047 93168 96058 93398 92624 12824 99918 101234 98427 12629 103628 96920 88665 96925 100327 94749 94454 101304 96791 96672 96114 92668 95620 94486 90001 100402 97560 101596 94363 111844 93259 96159 92705 93439 95701 94760 95741 11584 93879 94721 96277 94791 101662 96774 93440 105146 97975 30688 88967 94808 100159 96195 95659 96814 94810 99975 126871 77280 94529 98874 88941 91956 94037 15274 94748 93443 7634 95833 101029 74407 94498 96852 96856 92054 96449 96329 93773 92888 94755 90361 90226 94066 94501 101751 93599 95664 96804 82751 94836 94734 3034 96331 95744 95781 97701 90573 90624 93738 94869 41611 94083 77895 45293 93084 96335 105077 95136 96618 3871 93776 2966 111140 96378 121228 102655 101140 96859 94235 102969 94797 92814 95669 90530 91622 69491 77292 95840 96943 96959 89082 94925 92794 96471 95180 95011 95182 92804 94907 97538 94945 96479 94934 99041 101258 95019 100655 101297 100684 95363 95985 93102 97052 93452 729 118449 92865 95033 93893 99165 95366 96510 93901 97761 94378 94886 94903 93216 94997 101827 69606 93913 95714 97906 92654 92970 15366 100713 95926 93914 96968 92043 95866 93515 96012 94906 93936 93956 94947 77436 95000 96548 95932 96200 94809 103105 95101 94890 96874 95007 94891 94019 86256 92055 95287 92963 92941 94035 95295 86566 90899 95010 97014 95312 94073 96979 93583 92110 84993 90955 105560 98041 95113 93527 11621 95104 8033 94510 96017 98512 103168 98390 1296 11719 105466 96574 3814 93900 90420 97090 96966 95140 92249 92126 93805 77766 98637 76288 5478 93010 103931 100157 93263 95326 95749 103184 92329 94517 96520 101866 94177 93608 95835 96596 94515 98393 97328 96121 95024 94901 92305 100840 97027 96560 93297 103531 93925 94623 96356 94929 102584 101328 101389 95152 77095 95144 96155 93617 92373 96189 108437 6460 96366 98710 75639 96514 91549 97034 91585 89453 94084 101275 97727 91456 3783 98988 86640 89913 85069 103764 97085 94093 109965 95176 97059 76442 99171 95903 97735 91666 95198 85071 103304 90449 94682 94518 93804 98045 14289 6081 96337 98435 98452 95372 95914 93638 98143 93165 91710 94813 87961 100355 8664 98730 96324 99018 94108 99195 98127 97070 74691 93350 94751 93654 93550 93023 91807 99237 94944 90004 92945 95383 90477 96272 98211 99186 95410 104045 77549 93043 94085 95209 96053 102670 102751 94546 112124 101256 96174 93142 82893 97097 94118 96377 97776 97189 93057 97965 96497 94130 94104 90176 93808 98336 96530 95221 97338 94592 96072 97998 102838 96207 94182 96626 95154 94166 95224 93387 97112 96569 93928 93412 93155 90560 93639 41259 93564 90210 97165 94114 3808 90117 79920 14718 93345 98398 96133 86616 90807 95413 90811 91025 90073 101321 97179 97188 91612 94068 101344 93158 95432 95430 93493 95444 86711 99258 95477 95245 94179 98164 90291 87440 93198 90100 75751 94777 91722 92128 95472 91804 93680 93701 95488 97218 96641 101376 97106 101942 88543 96638 97080 94205 95229 95262 91206 93684 99279 90874 9976 97274 97275 104130 96665 5948 103310 95680 98111 94218 9255 99334 93719 95500 105521 95516 94219 98503 91094 90261 98509 92150 98546 101396 94599 100852 94776 93213 92953 93835 91166 87523 97534 103984 92084 98548 99324 97298 91773 99421 76070 97569 93355 96901 97119 98581 93906 96322 7324 76971 105851 90299 90490 105636 96363 90557 93395 96369 91253 90357 94188 95487 99443 98583 96754 94194 93226 90506 56470 104073 95299 96450 95271 101431 112432 99340 91322 97392 98711 91774 98212 103381 97702 93498 94778 96581 92182 96489 94213 99468 110115 91803 94217 93244 96687 113559 93304 91852 103311 91919 92223 97334 96598 97160 6899 120246 9710 5502 69669 95333 94634 91799 98219 2827 95521 94223 98636 101450 95597 96493 112679 95544 101961 94536 93623 30701 93344 93190 85139 94314 101968 95231 103348 96815 93629 98646 94242 95643 95374 104399 96494 94597 95652 9938 76271 17219 86969 91842 101467 95653 95705 87539 102037 23726 96533 91869 97384 101274 104116 31139 98516 94918 78168 93504 95720 95409 101601 93540 96632 86844 94630 91418 104848 97167 94371 98655 48269 96682 93352 94638 97394 90524 6916 92417 96712 98760 90702 93609 102991 92420 95381 93646 94729 99475 93648 96739 99969 48330 95242 96342 97196 94270 104205 94637 90925 97219 92431 96749 96789 91478 94394 93695 95247 95726 96541 95417 102885 94413 95492 93737 93795 95614 92563 97574 86472 104334 94766 93533 94467 96818 98603 95465 99568 93868 77141 93843 97713 102088 95337 112169 97398 95292 96797 94295 98840 92782 102176 94859 93806 94771 14389 92811 69880 98043 68847 103561 98192 87707 95660 96989 95786 98754 94195 274 95798 97101 98350 97147 94470 96640 97444 91307 90841 95663 91888 96448 95862 94492 10188 91552 95928 98400 97335 93729 94537 95820 112812 96848 81458 96799 96817 96954 90598 97223 95343 90714 93875 99656 43345 101711 95825 97259 93932 91929 94775 41491 96828 94941 95849 92506 104521 77579 70368 96963 97216 94798 93933 93780 77288 93970 94765 75750 91685 106285 90727 94202 104619 95855 94876 91693 94010 97282 94028 95533 96659 92423 95464 33428 94873 103047 77676 95919 96830 97387 94673 70505 97318 104623 90759 98490 96839 96065 102196 92058 11890 95382 94679 94681 96857 94081 93261 102300 94150 95032 92933 98624 92143 96884 94234 94097 95151 95858 96845 95577 99862 93545 93061 94135 94789 96854 95869 94007 96930 97029 96096 98850 79966 95466 96863 103459 94754 92073 94878 94262 97751 94561 96873 94163 95592 103210 93353 97829 106350 62000 97911 85439 95509 103867 96142 95519 95621 97483 94829 96460 94185 95625 94229 93409 96732 87813 95648 77578 95044 99682 92115 98856 96178 105444 93303 90632 7754 85537 90815 88100 94142 95897 94911 93054 94307 83309 106552 98892 95061 102342 97399 94247 93507 97425 98929 98963 99118 98116 95642 92255 90831 95921 89013 94950 95974 94221 97065 90973 95153 97159 97482 99543 90858 94960 6537 48351 93311 102352 97078 94910 96890 97507 92171 96103 8620 87899 103924 5378 94344 113482 25640 95678 95309 95821 71020 94718 96903 9996 93092 92849 101439 91957 77762 96108 92492 78012 94757 97512 95737 92030 92082 91040 92111 98493 97276 95156 88266 101923 94398 97453 104738 94825 94309 17201 95892 96169 6023 31210 97514 95161 93721 97557 46181 97454 96182 94952 96928 95222 92944 94275 99201 94268 106030 92276 102090 94419 88270 96183 96910 102404 96014 94277 97601 95268 103972 78207 94967 96167 94392 94291 104704 82312 8577 70544 94473 96190 94476 93152 104400 94497 99091 94504 97526 96969 96487 92462 3888 96973 95604 97246 92478 96270 96248 97640 94507 104776 5111 95733 95009 91744 95470 97774 96990 102514 93173 8523 101522 99097 96838 88312 96215 95204 95163 94524 96208 88560 102100 94550 90052 99784 97579 93316 94409 91796 94322 97008 98977 94563 97124 86578 110484 99008 94396 95937 97063 16490 94690 97778 97199 94435 94961 2463 95682 98764 94626 78449 88414 97798 99539 113654 99601 97941 97062 92510 95791 95272 93324 97295 96424 97490 92339 5153 91763 90875 97060 90927 99162 96916 95523 92567 92381 96027 112303 99135 94284 96227 95751 30392 94393 95017 96259 98956 96447 98660 93038 93698 91949 97300 97260 93642 92358 36063 94313 93954 95259 97115 17773 99270 85687 93329 95853 99376 95082 93431 97663 93474 97504 94433 96570 90992 97561 55353 95118 95867 96266 96241 96283 93457 92569 92731 71105 93798 93492 98140 97325 97931 99549 96299 96253 94522 70546 97785 95317 95325 95143 99535 96393 98897 93834 8584 94436 100011 97993 80258 105585 97357 4573 96312 96655 93148 99689 92548 78460 95767 97389 105801 97802 97996 99781 93197 94912 94458 94428 99848 94574 93252 97429 2861 98046 92347 93257 99712 96400 97655 99932 94478 95134 95145 99977 96439 93538 96361 97619 78587 7043 97168 92587 12793 94509 94553 2054 96443 99826 6068 92833 95874 96658 95191 97816 70741 99836 95390 97458 95217 95328 95306 94972 99778 96926 91038 97413 91161 94487 91115 95965 99632 91887 94569 93840 95885 92602 102391 99623 97508 102148 96041 95356 95654 94644 97639 106160 96603 96453 95854 92766 94577 94635 97533 95375 97629 93265 102651 96119 94656 112932 96540 96105 95506 90818 98909 93517 95886 104151 93529 96559 99070 96483 5400 100048 92883 97477 97336 92966 92484 95891 39740 95611 95583 102172 103975 95943 112939 88569 99140 95401 97882 96595 93267 96130 102453 96512 95686 99792 94675 95365 91149 99083 94689 94585 95689 85693 93308 91168 95376 95004 96611 95428 104804 95240 97546 96627 86117 95778 97881 94602 101445 97719 96652 93969 98050 95898 95958 105639 92414 78278 86270 98610 91050 101472 94036 93998 95162 93848 97909 96059 62194 104051 99303 94608 101524 97656 96291 96801 95796 97924 96753 94057 97928 94659 95806 96223 96061 94090 88825 96921 90633 95529 96433 71832 92463 102785 97980 76483 93323 90391 94260 95535 98069 93553 83378 96081 95539 98238 95481 102334 95596 96697 6102 93853 74223 96787 97637 93947 95263 97069 95918 106889 72414 108888 94528 101544 97691 96469 93881 99358 94154 7356 96307 79270 91019 94316 106724 94044 95628 96706 98295 98662 94444 97669 104970 97814 94657 94471 94101 97818 88878 79410 96079 95646 98020 96153 95697 96485 78379 99205 96721 96170 95712 99345 96793 95599 113181 99458 96821 96855 99359 93314 96881 104984 78700 96346 98080 94746 105069 13274 99677 97635 89022 97743 94646 95815 95283 92141 92245 93328 96985 91417 94712 96231 96036 88653 95706 97087 91147 98312 92151 96374 99788 95809 97048 93833 104083 94736 99809 97747 93872 93996 95861 113288 99886 91630 92566 96796 100158 98305 94739 97834 91509 94752 94783 100228 97414 94802 106073 90160 100185 95679 92588 96191 101752 10450 96387 94787 113323 94920 100237 98721 94814 102653 92600 49006 76637 90207 95651 97839 96339 113749 91530 1840 94348 94953 96243 98154 100276 20228 94942 94022 97501 95769 102699 101569 94845 106184 96481 94543 97760 93351 76711 95893 98944 78941 97868 97893 98985 95013 94604 102914 94701 96589 762 17526 95027 96128 97688 96413 98676 95818 104745 97805 93437 8898 95301 94984 95772 91559 95852 94149 99854 95857 97331 94846 98329 95907 98120 86944 94702 83789 96280 96919 86395 96840 99865 105091 96056 97103 92645 92314 96082 95092 79094 86429 97019 96289 99054 94060 94955 62214 102101 95899 91728 102750 113860 49346 97817 94988 96334 96902 98406 60323 96419 97420 98122 97858 82892 94357 62912 95416 96594 97729 96131 100324 98135 95935 96023 99875 94424 96462 95955 106926 99867 94999 93364 105179 98163 97916 97009 104160 97104 97842 98345 103368 99582 95029 89025 96343 98170 102749 96615 104225 96666 96365 97548 95841 97853 87116 104333 107004 98191 96288 92333 964 96578 93810 102993 94866 94851 91760 94892 97854 102545 93589 92387 92607 94931 3222 97820 87337 98291 95732 96134 97849 98158 95993 8528 96290 96370 98204 97122 62542 93800 95702 97857 23830 60967 96187 98252 98292 95042 94053 97956 97136 95077 95100 94881 96216 100414 94966 97050 87665 95760 96664 105350 95034 79318 94286 95051 97585 96684 98258 95052 96158 99391 96495 94975 98313 94288 986 94979 91769 94340 96563 71164 96236 72930 94987 103008 79916 95064 98878 83286 106502 94516 97865 95109 96162 103109 49278 96249 103693 100041 93467 96478 98268 98308 98338 96649 105415 93671 96384 96686 18068 99608 99958 96431 98277 98389 96385 98339 94346 97891 99264 96464 95130 97093 99871 95065 96355 99939 105557 93500 94449 91906 113565 86539 100088 100051 97926 95132 32255 96752 91608 98057 97621 95142 96386 95916 98422 92315 97948 91780 96763 109667 95096 98073 100005 100019 96683 95135 96785 97145 4411 99515 95782 98343 95031 92555 97155 98353 99542 7496 71250 100676 96513 80207 95966 72109 94480 97164 95187 96458 96525 101120 73125 98034 93635 100772 100141 1546 103058 93531 96811 97228 96080 101252 96813 8613 92625 98187 96389 98359 71226 96091 97166 97580 95196 94541 100075 102113 92663 99477 96048 100173 100271 100351 84333 98737 99571 96826 98377 92737 100172 94617 98404 104572 93891 95178 99688 96879 95225 95124 101666 99876 98423 80342 91775 107011 96110 96906 96953 88255 95236 98298 96605 95256 96498 95237 108076 96556 100371 92993 29354 88654 100361 95207 93911 92812 96418 97239 92699 96599 92363 95307 108368 101488 98425 95261 96371 95267 96650 92925 94919 98502 97378 97732 92759 96931 92242 95273 95173 100775 92938 95200 93726 95234 100593 98429 95332 96116 92409 96604 95274 95277 98495 104930 98328 98576 97539 141457 96707 94661 95475 96181 104186 109689 98650 96591 98432 96730 113896 95347 95875 98457 96737 95586 92415 94828 93543 104671 97056 100810 93544 101976 73671 96660 96741 97554 96722 92961 105030 96788 102234 99820 101737 102349 100178 95316 95717 97808 114425 98914 97152 91594 116011 98483 93024 94991 91776 36037 49453 98683 98455 103073 92987 95323 98086 95361 92457 104967 97193 97452 96319 1004 96184 96206 99379 96209 77300 102448 95335 96738 93699 92560 95384 98461 78442 113332 103056 91834 95389 97830 97880 33507 94209 98506 96517 102703 91895 98231 97079 96742 103077 101000 97181 90836 93156 96831 98100 95393 95412 94743 96960 94792 96246 100236 90460 105070 101625 97944 95418 92574 97609 95420 95450 95459 96491 96271 99621 96842 95456 36632 96509 6361 96516 96846 95800 96865 498 104221 95461 95482 89060 98522 98133 92112 97222 93749 100201 92592 97224 95462 96764 95486 97233 100319 93815 100465 94074 103223 95275 98832 80257 3899 98574 95923 93825 92281 114909 126951 97018 42472 88670 97071 24335 96841 95495 98575 98651 98366 11387 98919 105593 97306 5542 98257 97622 95524 95528 95014 97082 15121 92612 98139 96823 95525 102819 95053 91942 84527 96279 98555 97991 104298 92758 92145 10817 95560 95561 97140 93949 95839 95530 100029 98672 94867 91996 98585 6204 96869 97220 97191 106272 48574 101012 95580 95574 95606 97319 102465 105134 105126 92882 115575 92579 95613 96886 95610 3382 98216 92603 72870 93012 95612 93655 98217 101777 99838 93557 97355 96904 82129 95502 96734 95618 91951 105435 96077 102810 87461 96941 89805 96947 98270 96120 78608 101515 100451 96526 95514 98333 96285 100583 96568 128310 95703 92629 106317 80482 97651 90465 92828 91978 96303 136365 95748 98224 96132 97151 103243 95794 96597 97064 93961 8954 98697 95194 99384 98250 98606 92076 100592 98299 117593 98611 95636 100609 93260 98707 101755 94981 96610 97371 95257 95884 10007 95946 95665 2646 93111 97198 96242 95675 107109 74247 98674 93962 2841 78979 5222 90729 96617 93673 100796 93374 94001 93172 10530 95349 1587 93289 95963 96950 98698 98678 98331 96146 97855 102871 103323 82831 83423 100472 95725 93722 96298 96948 97343 96175 94406 95968 96301 98394 18407 97383 100405 98463 95724 96529 98022 95655 96619 96338 98722 95889 95969 97480 84705 96015 97623 105207 98467 96623 98614 98741 98530 96770 10029 105483 98531 94985 98708 96957 96549 95028 92159 107147 86670 100602 96949 92955 95099 104308 95967 8059 2692 97720 97351 101705 98751 95685 101172 92118 94075 96414 93296 107166 98499 96026 96044 97418 94018 96974 98795 93394 93464 97624 92375 97329 92408 76931 89903 97628 95690 97641 97723 92997 107216 95972 100863 103003 97675 93175 95246 104316 8652 95728 33877 96999 97682 105181 93100 97028 95986 91664 93546 103301 94076 97441 91832 98510 92691 25154 94077 104563 1039 98813 97740 98925 95302 97748 93202 98829 98097 93465 98112 95691 94095 95315 97772 95735 79341 95739 99490 95740 95822 105497 93299 95911 93381 99053 127183 96978 95330 92474 93627 99753 97985 95455 95694 97757 100980 95851 105252 92437 15753 95931 103535 101044 84815 92140 77807 86306 97094 90735 103410 98821 101203 97467 97105 97592 93491 97051 84942 96630 95710 95743 97012 79450 96679 94120 95764 97157 99107 96224 97031 93502 97265 97783 98844 95753 103660 93503 93537 97825 99132 97627 109783 104275 93687 94666 105503 62212 97035 101030 96713 95930 96691 96929 89062 100533 96313 73729 80238 95783 56944 96806 81093 98845 117905 83198 100802 92356 19484 99051 93669 95988 84404 95254 96071 100951 95997 97074 106424 4594 85764 97349 77846 93750 93162 6256 99216 8667 93772 98937 98639 101204 5315 96109 97792 95995 93814 101028 93829 93971 96166 96456 95763 96870 99234 77905 95351 96933 96034 1079 98179 99310 98946 89238 71284 106533 94080 96173 100353 97092 96940 106578 9029 96038 2471 95915 101238 98233 78670 95479 97874 97603 107223 97722 97739 10362 85862 89489 97812 94642 96035 97185 101352 96042 99780 100836 85893 95398 97915 97190 96373 98849 7781 96867 96467 100065 103480 97822 96420 98747 99256 92813 96554 98954 92427 101042 109785 98665 97844 95971 94138 98958 93864 92549 95619 96465 97847 94140 99365 98671 103711 101104 98884 96100 103974 92845 97121 99060 94143 10566 95734 96996 99772 99009 98497 104055 100110 8149 98680 100827 100876 98314 104589 93888 95801 89439 99024 97204 100509 95745 105830 99075 96233 8174 107663 79773 101159 96747 106716 97226 98694 98630 97156 86684 99084 110544 97862 98559 101397 97197 97279 96265 101260 92572 97804 98318 95978 95195 97879 89974 93896 97914 96353 93053 94164 97954 93991 96172 96177 93689 100117 101292 96180 101690 96047 97011 94780 96473 105282 98011 100388 99089 96336 103424 92616 93203 96376 114814 92792 97382 99117 98712 95483 96685 97294 101412 98381 101413 99993 96427 101476 97884 99227 96735 96176 96802 97920 89101 78063 21861 95824 97037 98726 48806 96829 98525 104226 93241 99309 98782 27184 96861 90814 90037 105322 97945 96486 95832 96193 97281 97958 101492 96934 94885 96296 101774 94174 78954 97361 96508 99335 97237 96348 95908 97364 104234 101556 94153 98978 93177 114905 97978 97401 97175 104250 105313 95987 100570 103473 103522 95553 99200 105360 96238 96210 96228 98786 89119 95288 98094 98562 105477 93549 73953 96394 101804 98613 96505 98808 98108 107889 99103 99136 95938 96935 98828 96860 97047 97519 96592 98745 11924 95998 93098 93279 97446 96962 97337 96850 63012 99463 99900 98016 98622 94180 101497 98843 100170 96257 100454 97982 98864 95860 105506 106365 101802 94042 99536 2882 96810 71335 95752 88346 39042 97813 98736 109877 108616 100579 99082 98827 96851 99194 98780 97195 94190 97524 86591 100606 97551 98866 101881 97005 102239 101280 98875 92662 97007 107383 93551 95041 97589 94128 96273 94747 97258 96239 97535 96892 92405 93559 100263 96025 99204 8196 98953 99471 100889 96893 103577 95878 93580 100427 96606 95887 105876 93643 86793 95244 104708 86867 94198 97077 98972 96922 94207 104974 100987 101933 96046 4626 97089 105914 96402 95890 99214 103581 97586 94212 98124 94132 94441 14039 99592 101070 100456 97588 94158 104266 103658 102083 97135 99717 99038 95362 39136 96258 96628 109928 97133 110868 97040 97110 97555 104268 94488 98010 99734 39686 98074 83041 86872 99292 99066 99213 101981 97595 94490 97285 94210 101340 94215 103593 102049 99130 96656 96104 96192 93691 97668 97345 97597 97120 97602 105934 95959 86998 96320 98205 97154 105946 106599 10579 96362 100615 94220 96945 98068 8720 96995 99208 99231 102353 96407 96403 105073 97129 98323 94258 103162 99239 97943 96671 1588 97163 94493 101374 97172 109589 89959 93702 98096 96882 90147 101086 99626 81237 94397 95991 97350 12354 100657 98125 96703 104386 100695 99338 96898 100762 97208 96762 96435 97542 93854 90826 99253 98839 101208 90259 96998 92740 97030 87256 100262 93732 99992 97072 102096 90991 99644 96446 6265 98206 98225 91175 101934 99311 99360 98769 3901 102174 94753 99364 97244 87322 100540 87362 95253 93874 99255 94861 101946 99275 106136 99278 101455 96204 5433 106883 99530 97647 98101 94236 105290 96454 93923 99757 99288 101966 95411 106139 81296 106248 74595 9841 98221 98835 95433 97277 94237 76781 97212 97253 1417 79649 97323 101502 98325 98987 97310 100952 97269 94758 102186 96410 98226 99369 97296 96496 106177 65050 98689 99318 94181 98261 101101 96584 105548 101568 87630 96535 98172 73569 101188 96601 99343 96620 97143 97314 101979 97324 96354 98873 94530 99321 99382 102209 87753 99464 99389 105596 94211 96646 97470 97606 101645 103423 97358 94254 98230 95442 96681 99193 99394 96696 94927 7537 96977 97391 97406 90293 96837 93250 98882 94448 25270 96809 96983 96311 15904 92901 94837 99399 99416 98272 101154 129213 104552 97417 94276 98959 97455 107038 96758 93859 98302 97381 97423 96784 19689 99547 12687 99316 91098 95666 97496 97698 99015 109974 101575 100179 97566 101273 100781 104613 96429 101311 28436 99584 1682 97502 110118 94334 8746 91414 96819 91313 98979 98256 99613 107407 15990 99400 105935 99685 96323 96952 101656 96866 94572 98348 97206 98403 94996 97590 94437 92693 97738 97025 98982 97510 97644 97439 96888 97088 99409 97558 99173 98430 95970 98433 115152 98223 100842 98986 99422 49459 92491 98480 74989 101318 91535 2973 101665 97513 99087 97568 102304 100783 96897 96885 98470 89634 98618 102320 97700 94594 99447 99467 99482 76265 82960 93884 101201 99395 99567 101714 101772 96436 80544 71141 96992 97756 80681 99476 97604 94505 97608 98538 96003 99480 94633 96900 94855 99573 96028 97764 97162 97376 97769 94688 13642 97828 99487 97010 96938 96964 92832 97742 81261 98935 95171 97415 99392 97749 99481 94655 98465 100921 101798 97616 97634 100644 97022 103361 99595 94699 94677 99500 103612 97782 99614 97305 98571 99684 97100 107232 98507 98621 99503 98553 94838 99701 3133 102531 97108 101137 95175 18767 63362 99891 94367 97790 99508 77175 97169 119310 98534 101983 99896 51687 95199 101443 96661 98649 99556 97661 104402 92915 97715 94862 17660 94434 2551 81657 95476 103602 94672 99898 98623 97096 97583 99232 95341 81774 99948 77531 99564 113817 96149 97658 97649 87126 96255 97793 99731 97796 92930 101441 101155 97665 99531 103699 51000 101294 99750 99017 99925 97407 103060 97824 99572 99170 98565 96347 98686 98027 97109 97146 94804 80239 98699 98358 99577 97687 94603 97221 93948 97205 107322 93335 100653 103647 4684 98209 97730 98085 99624 96482 91551 116612 99698 99764 97788 104808 107340 103252 94807 81781 98675 96492 96728 94822 97245 96164 93268 99675 90235 110851 101508 87791 97256 97230 97734 97495 99634 88616 101587 97679 99108 97290 102419 101416 93082 97252 102193 102063 99581 97321 99678 97686 94296 97354 96642 97845 87875 63731 95505 97859 97689 97380 96221 99799 94628 99818 97427 101149 97695 93125 97864 99191 97771 97471 87889 99740 99831 97703 98132 99593 96834 99716 102009 97886 97811 107454 101685 104304 97923 97935 83027 96698 101764 94089 97835 97273 97565 80097 94904 97821 98038 105355 99217 98756 101811 94391 99881 10173 98943 99756 103883 95396 97643 97303 111256 97456 98802 102039 88619 88671 98727 80268 97904 96245 39962 95480 97322 96503 89129 91662 97762 95197 97898 99627 95531 97918 111334 90044 97917 6323 102277 98714 98162 97327 99541 100027 99655 97138 97838 101343 97922 101546 99221 99835 97213 100138 101555 100189 95600 96511 99782 97694 98851 99905 94647 102025 101990 101592 97938 97067 105679 99904 99658 99816 98401 97981 97341 5431 100190 97925 99341 100898 97809 94272 100044 99664 98819 99923 98964 101192 6390 103918 104614 97963 101748 101659 97683 94887 96864 100198 87289 87891 105779 97960 99631 97988 96523 96692 97990 95607 95049 98880 98837 98049 98003 100136 106551 98913 101213 102335 98055 100453 43613 115061 102668 97977 10011 4689 102046 101723 97741 101903 95656 107462 100543 94333 97360 97767 99944 98865 81956 98114 95210 106577 107372 97912 100215 101780 101941 97979 98411 99313 101790 97242 98009 97369 98026 97840 97374 18 94162 97390 97775 99883 99968 97372 98152 95595 102507 91778 94994 95494 96877 106186 100696 102051 98023 95248 97270 106892 108103 94450 107172 99575 95484 94684 107403 102457 97711 96657 97373 111557 97397 95057 96644 102573 107125 102738 97846 93855 1613 97942 99897 98715 88050 102050 99960 94631 98175 79035 96740 99806 98060 31645 96769 98098 98885 93645 98130 96776 97445 99218 97877 106231 103938 98931 98176 6314 97404 100153 95069 99667 99722 96318 97997 96875 98180 98201 95638 95722 97409 98213 97499 98099 98239 17948 98286 100899 99998 110898 99724 98184 98933 99741 107240 102407 106111 74579 102446 100130 94264 107484 99873 102752 106321 107979 98259 98352 99814 102427 98146 101085 98388 91987 104305 100008 102147 93037 97885 99494 97505 105204 89150 102470 105836 98410 98208 107583 95503 121221 99145 97594 100288 100352 1104 74981 82015 1730 102511 93269 96907 3978 99098 104616 98089 99378 95070 100357 98939 99837 92090 93186 100035 102760 98107 101693 98151 100032 100042 92599 98402 100724 102522 93585 93327 95079 98428 98518 97393 97422 99660 98547 81122 102532 12690 106255 98599 98980 100291 97402 89205 98691 92187 100726 63769 98545 93435 100267 97484 100815 94735 97921 99878 109704 98052 97489 98642 95789 88080 96332 94222 101451 107502 103281 98142 97795 98307 97443 97522 101287 97451 130150 98174 105857 95827 107643 106443 103619 98870 97894 97095 99693 106122 98883 95090 98826 106906 98983 95842 101381 103428 96126 98992 106969 99506 98319 99936 96240 6325 97202 100037 100421 102555 97460 97491 104627 96397 92362 104492 104634 106299 100464 98177 98879 98434 96062 100061 102605 93694 100074 99894 100078 100104 97895 98363 97897 94525 102706 97464 99002 99160 97907 100069 93416 107616 94465 11223 101602 95952 103801 80074 98370 94844 113326 99947 105714 98460 97553 95119 99035 103933 100163 6485 97517 98024 101859 97936 94461 96088 75201 98472 96927 4814 72055 102060 94639 104321 99739 98386 107648 108026 102359 95108 103808 102076 97765 99163 100195 95003 103010 99057 111628 103017 99063 97531 98081 97947 95667 97544 97949 106112 98664 99396 104897 95112 102663 98103 12982 98195 116998 99125 82334 99198 99206 98477 18811 102159 96278 71093 100221 99574 100814 75016 110843 99123 99050 97545 99005 98399 97957 102803 100227 100171 99240 103509 107441 106751 105903 97959 102347 100085 96987 95127 111572 98418 108927 107806 10040 102081 100489 99381 98668 97537 103137 99638 98458 100095 108760 97412 102393 104697 98684 99013 101902 97598 81198 7947 98207 97984 96417 103188 100242 97612 99700 99752 6927 99065 99441 103650 92644 103821 97995 72092 100529 92777 99457 99242 104011 100496 99534 94850 102811 118325 102818 101925 107900 95056 96157 72130 99760 100675 93747 75613 19815 97617 99156 98485 99538 114247 98552 96101 97952 99954 98070 100207 102822 98537 100569 97173 98488 33401 100251 104340 98589 95147 100841 101669 100260 100877 100962 100018 98597 83073 114293 107504 98494 95900 97696 97186 100794 97626 98644 102103 99043 100964 106455 98728 98078 95203 91453 423 90 97678 97758 98667 99802 100279 100289 99666 104383 99298 95215 100047 100315 10775 98235 106648 98242 10949 100154 98930 97794 99159 106707 100196 100208 98138 98247 102491 99611 99099 112416 100081 105242 100974 16483 102245 90681 97777 98743 98830 97203 99600 100300 103271 98744 94489 98262 100892 92732 10152 108036 101533 101457 96341 97178 100239 102137 97234 100372 105786 95280 51337 78103 97607 95357 97807 100381 102255 102585 102291 97267 82382 102379 98056 98910 108062 12899 98791 98801 101460 95296 100385 17689 83288 93782 98770 98153 98779 83393 93784 109231 100282 102441 99524 100397 98265 100249 98186 95422 97271 102667 94552 100422 104490 112875 100261 100946 97833 106816 97666 83622 99803 99225 98838 97572 96196 98893 108207 101145 104829 20122 97284 104977 100723 100301 100365 97681 97289 115577 95066 96432 98294 78122 98861 64245 95310 98898 100721 98496 95590 98440 114686 102952 5515 98521 93668 95603 106928 100824 90902 97992 95220 99040 93878 97307 100448 94581 100473 97411 96468 98573 49479 108115 95359 51185 104555 98450 100789 101558 97841 98178 96201 107013 99843 95186 96675 102977 103338 108997 103012 98315 99124 98539 101509 109538 9432 95438 97852 108224 99282 98556 98968 95340 102587 98190 103030 99067 100433 100524 95067 96408 98123 102410 105904 98126 81501 100564 95373 105932 98920 98306 97563 102806 99297 103026 5036 99064 98324 97576 104557 99317 97873 83629 49501 99344 105138 93940 97671 99371 97709 99415 101588 98332 102142 99448 95402 100795 117007 91558 84171 101147 101538 97869 108472 100537 98438 99460 98582 101758 104779 99367 98443 103498 98923 100813 103533 98449 98326 105136 100549 97673 99555 104931 100838 98814 5986 96729 106004 98015 95076 100917 89463 51230 101043 103370 52081 103540 100547 18413 99004 100572 105221 99683 100550 100567 98577 74193 107699 99952 88439 100950 99587 96099 98634 2914 98641 94328 95608 96281 91090 100984 100581 64545 100631 95715 101003 95693 99759 97728 100584 78173 100668 100703 102301 99158 98690 98657 101050 105167 40056 95779 103416 98469 99858 98947 99425 96522 99855 97940 95458 97950 99694 98995 84121 95808 8770 99161 100580 107784 109447 9070 108478 98907 97850 97871 98593 101010 99034 97901 95810 99086 102809 16260 115704 105833 97930 99720 99735 101688 101062 100773 88556 10242 99033 96470 92848 99045 99546 97966 97972 107280 99920 116171 99126 113847 99182 98717 95708 99133 103236 10972 101788 102481 102877 109812 100768 99859 99166 100778 96269 108575 100770 98810 98376 99169 104475 91186 98998 101054 102169 99797 99175 100978 98706 95670 98598 105180 95406 98062 101056 99251 101117 87913 106394 99880 103033 95864 101182 95639 89499 95945 99398 52834 99889 98701 95164 72309 1121 99775 99951 99372 99955 105269 89604 7996 100823 101726 109856 99973 103512 84253 98384 52857 95980 99790 80090 99996 107061 95308 99997 97994 99442 98778 101184 29894 99791 100585 89963 106149 103245 96282 98293 101738 103080 103579 99157 98274 101582 101785 95485 99874 107985 8871 99189 101591 100867 99486 104574 107574 118162 95999 98740 97919 101209 108625 46131 108298 100587 88582 101250 95723 101854 102493 107053 100591 95983 103582 96305 102363 95742 98218 101817 101609 102375 76068 102534 100004 100128 103157 82505 94483 83825 2584 101404 98419 6642 102064 95750 94290 100307 102274 100134 103102 98666 80138 99212 103564 94629 98762 102618 95507 98962 98524 101757 99829 102450 99786 99553 97964 98695 88440 80512 99972 99742 5624 103898 93794 101815 101493 99817 100975 100659 98776 104695 100565 98012 95944 104786 98025 96515 100674 100708 96005 112969 98033 100066 119239 98785 91932 99489 103122 109863 98316 98862 98733 100845 96613 103216 101111 98940 100715 96020 98640 104560 100250 99919 102628 99267 92396 100165 100225 94827 100162 99987 94612 102665 99276 99129 99492 96284 98036 98087 27760 52966 100021 98816 100247 99319 101264 102444 99383 13743 102640 98673 103251 98528 115110 98729 96745 88585 107649 100025 101127 99036 101133 98541 88781 98115 98413 108800 100084 108397 98072 101266 99511 99603 106180 93869 100930 103256 5281 99516 12369 95423 96674 99331 9449 100305 94943 93965 11071 97367 98275 97549 110525 81937 98867 101165 99390 95038 99074 99306 40135 98822 98117 95631 102783 93887 98549 98969 87465 98976 101006 94965 100086 100255 93752 96349 33842 99007 98570 104954 95510 13326 114130 103257 100097 95902 100108 99570 100316 3289 4867 14084 101193 96379 100393 97438 103289 98572 598 103950 98887 100098 103345 99401 99046 84264 99417 108724 101478 99093 115146 95658 97448 102896 95633 95086 99094 103227 84525 40776 100936 102085 100188 103298 99411 99100 99413 101329 99105 100560 100725 101528 101419 105414 97955 110024 108838 100280 99141 105465 98750 104639 92909 10443 100323 100394 98109 101540 105586 98918 107703 102863 98853 99252 110336 99052 96772 94302 102111 98950 100819 98974 99273 98134 105685 101038 101593 103356 84922 15545 92919 98148 88847 103645 100203 99328 98214 102888 98677 99290 108156 99431 100428 100460 98249 98758 96555 99561 100283 18657 101427 100500 2759 105168 100332 94061 100493 2895 101707 95414 76723 103393 96063 17687 105618 88872 20355 99143 96074 113014 100356 100611 13408 99001 99812 99628 99247 43625 99470 98310 90133 100395 99021 103086 99333 102134 101069 91238 99077 90367 100219 101712 89000 1222 91252 19098 7118 98030 99641 101105 100252 101721 103904 100438 98766 101186 102479 76175 5637 99373 100235 100306 52187 99438 100486 93916 98951 98340 109088 99483 98063 99414 100338 99445 99451 100642 98362 96087 99095 109120 102059 101244 94452 100900 100888 98040 106352 99469 100531 101643 96725 101138 88947 101518 98902 103148 97951 102217 91361 103990 105803 99336 99339 99472 65814 99295 99418 99185 98592 102892 101432 100554 101207 99455 100624 114259 99479 99654 106086 77522 99672 96124 100299 100302 99326 94304 26661 101205 106384 99484 100562 99495 109122 101647 101664 103446 100643 106666 18147 99491 108378 114350 114567 103177 101214 102942 101243 103679 131992 95569 100312 96154 100369 101847 100555 100446 101281 103404 100680 100925 99507 150120 99594 102569 98228 99639 99235 103442 84291 99910 99459 99645 93967 5062 94040 99892 100492 94105 99079 100761 98471 4981 108039 107653 101713 23013 94622 93972 101729 96984 106525 95491 96380 99610 105761 114948 99314 100671 99245 105656 100340 95435 101682 101743 102669 100577 93982 108074 96090 96411 101247 106796 99690 100625 100638 100672 103484 98448 99337 103514 99965 103590 94048 101663 106842 96564 96441 96127 96326 102207 100463 77539 99287 89034 102211 101955 99473 96803 105681 101782 99840 99696 103887 5060 108272 100678 98492 99715 101691 98617 96423 97836 89080 100683 98908 98067 95591 101296 98243 104660 100714 100735 96550 99755 84969 12398 2907 102285 96634 108398 94297 8219 108326 99583 103855 96499 102987 98105 101692 99629 98591 108160 99754 96532 85289 64495 99801 106958 108768 95627 100743 100850 91392 103925 99342 99291 99599 101248 104775 105208 95609 102705 103669 100377 99708 96868 87473 99349 89169 74189 104069 98609 98106 102414 98647 109035 96699 95641 103956 98653 3822 103681 98679 10714 103079 97320 99370 99807 103164 91596 89325 101956 99374 99527 99537 89408 101800 100470 103744 108416 98723 100833 101308 99620 83084 98532 98682 100890 97488 100909 100866 99068 101315 105942 99984 103968 104009 100915 109197 109441 101317 99646 103767 96704 95700 99119 105678 101818 102210 89997 101276 100002 97611 100106 100938 95802 101792 99847 95721 6385 99325 102416 84943 99827 101330 99670 96714 101332 103851 99312 90920 100991 100958 95736 100135 99729 96847 97657 101744 100992 95757 100318 96546 98836 101342 97240 99405 101354 99673 99765 102038 102131 99705 101870 79895 97433 99647 101379 98869 102708 99767 11659 97652 80217 101948 98949 109248 101949 115386 99719 98276 104019 111585 101436 109485 99777 98957 96751 102475 2948 105333 113294 100995 102456 99845 131639 83360 99520 111854 83657 103868 99841 109504 96001 62560 108433 101033 66388 100089 102510 100590 101766 99824 99852 96918 102748 99512 99861 104087 99768 104096 99863 99728 100828 100903 99810 102086 89671 99363 72571 98578 101972 104145 99870 99771 99902 100539 99059 101820 101072 99839 99732 104906 100137 107046 95976 102140 103800 100613 3988 101152 101545 91021 99922 99679 101886 99749 100848 99857 96006 100746 100604 95870 102164 96911 100057 104189 99893 99406 14033 100927 99606 100126 104286 98620 100928 96580 96913 101736 104149 20129 96268 92965 101826 101077 103165 101511 101090 102180 100931 96946 100191 94311 99069 101134 91411 106015 99769 14233 100205 106919 100218 99244 109738 102263 101513 99830 102711 101333 109529 98731 99692 93081 90968 95452 100954 95696 99869 99940 101047 99903 99012 1756 100240 103822 100257 101001 90048 97000 72684 100062 99887 97530 99888 100050 100264 102777 100285 106051 100298 95704 99911 107041 103913 100720 110860 96982 107123 99637 85314 108213 99921 110216 109664 85066 100487 101520 102958 100256 93199 100143 104067 63815 98812 100313 100167 100335 98320 99956 98659 102604 109530 89847 115694 95518 99976 107219 102673 104331 95981 105419 102350 109788 100348 96004 103327 100626 105599 96057 104982 100359 85542 115728 101447 96089 96106 20140 99937 99941 102388 96645 98848 106322 98702 102786 99695 102398 103295 96123 101965 100575 101454 101783 101853 97150 97315 100122 97591 8926 100142 99733 99813 95711 91591 96197 101161 54174 100774 100380 94387 99980 115715 101991 99027 100186 96007 99202 101527 100322 87356 100146 99466 102979 80770 96294 99945 96967 100009 115962 101468 14281 98367 100408 130951 100024 100100 101190 98891 107263 100816 99950 100669 100429 96144 10790 99785 101261 96798 96297 103076 540 108569 100169 98374 99525 101863 100437 6523 101532 99723 14349 92436 108371 33930 5454 102433 100719 99586 99085 109818 104094 100944 26881 102005 80189 95771 102183 98535 94426 108423 101285 99299 99323 99981 102992 101345 90039 100058 96160 108639 101975 94564 101388 101549 102006 100967 94700 34707 100742 107805 27657 96871 105817 101071 100425 103388 107210 85167 105862 92991 110255 102833 102195 100119 8032 51442 100001 101607 102449 102498 97676 6531 72378 85656 100458 101687 102010 104154 100749 99102 94772 99974 109918 99745 100072 99327 101458 102513 99348 96251 102933 99352 101708 103024 107277 90976 104161 98928 101619 100450 100014 101898 108328 96680 99851 102484 107356 100166 101512 101143 103292 100336 97342 94768 99906 81942 100180 98544 98590 100202 100213 103372 100488 100214 104223 97786 99128 101113 108756 100834 101613 102518 96254 101169 96360 104262 104774 100071 103405 96445 97379 100436 101648 101709 96718 97636 47296 101658 101064 99946 96147 102697 101222 98773 103506 98131 94790 99019 100804 100600 102013 101874 100223 100835 102897 99959 106755 101824 102908 100897 102916 100015 99187 104263 100268 102053 100722 100969 29 101400 101122 105881 101953 98807 63220 18439 105528 107360 102014 101857 99686 100244 119303 103546 85849 106092 108827 80385 112720 99388 102549 102650 103149 101924 102707 101704 104311 106873 100808 108445 98688 41350 100091 102042 102146 102175 101324 99011 100339 98181 100826 96262 101136 96267 80458 55675 102044 122007 101877 109983 101144 1062 102250 100344 103757 100364 100515 103567 98199 99025 100116 102098 101964 100403 80778 90372 100054 116742 107623 99386 106304 100518 100530 106162 101732 100416 104349 101839 100424 101978 102218 99111 96629 5644 99453 104409 108562 104447 99144 99915 100542 99172 104243 101151 102251 99513 94800 100333 100418 6499 100940 100144 110393 86574 100046 100273 100880 104459 100290 105620 111907 99533 104467 100926 102015 102028 102041 101187 110174 40044 102438 92479 27568 102960 102709 110431 96723 94832 99410 97791 100959 100491 102105 104086 101168 100127 99949 100123 102784 100548 100707 100573 101074 104491 102797 110473 102973 96792 96466 104115 103739 117028 100800 96621 99983 53053 99528 108747 106932 95025 105951 97878 102094 94990 101176 4193 102091 102099 110584 102119 100150 102323 100161 100010 99427 113266 96971 101995 96518 96404 100934 99120 106941 104476 100311 90616 114346 100943 100043 99196 100334 99616 105976 73027 107852 100423 100442 103805 63691 110030 101218 6425 105629 97905 101444 100589 105081 99635 10002 104279 93272 20279 100194 103789 101267 102461 91030 110588 102095 104493 100628 53655 99223 104179 89481 96662 5707 101183 102132 95218 100630 101288 102625 101309 105661 100639 100692 100945 102187 102946 101631 101339 100224 98004 98264 102168 101002 113485 102302 4022 104468 100431 119883 103034 91190 104960 101358 102734 100067 5194 99691 102152 100467 97933 99307 110697 104482 102358 99148 99385 108774 96577 100716 99354 109 101007 109022 95834 101461 106351 103810 101008 100763 100777 101035 100483 100520 100490 103091 107570 108485 113541 100270 102395 95233 103875 117244 101121 101164 90301 102376 100478 84499 122196 102107 100292 100083 100557 6426 101370 96825 109055 106359 103927 102442 102630 100733 102572 105688 84373 101357 117329 100497 110953 99963 100326 99375 101922 117342 99420 96843 96775 101496 96976 100498 102686 102362 96716 100737 102741 99652 102807 106542 106782 104509 100349 106107 101310 100512 103228 100366 131751 102184 100784 101307 96368 101530 100851 110547 101385 99663 107919 99795 100612 100379 96891 99241 96986 100204 104942 104485 101408 103083 102726 8933 100217 102399 105014 99281 104138 98019 104302 103235 102612 100093 110721 106570 101484 101438 30467 15325 102480 106832 98527 5783 104550 114046 102422 116118 52318 102435 91634 102521 116536 50282 104529 29178 101051 100293 101531 104568 96607 98054 101616 106499 98288 102884 100390 64709 98141 104582 100544 104601 100321 102619 96795 102199 102256 99718 101944 104600 101543 110066 101448 104674 102812 97934 99465 101578 100977 106555 103239 102926 368 93326 101611 102693 93379 109335 100546 110749 102455 102562 105098 102746 100767 117726 101373 102834 102801 101449 96612 102887 97049 99518 101378 99559 103351 100409 100506 109343 100622 103332 99550 100821 120183 5254 86096 99794 105690 100666 99798 108699 100594 101398 102215 102366 101684 91430 96186 102841 96625 109137 101399 103490 106851 91162 64918 105190 96527 102898 100633 103349 100667 102487 98064 101876 105062 103439 99580 52440 105125 101683 100849 98234 101406 80194 102936 102421 102156 97001 100309 76453 96637 99362 100868 87308 102938 101557 102477 100894 8213 99648 99864 98876 100632 96709 100670 101831 100935 97225 16628 105328 97024 101124 100532 101801 101157 93383 102540 104675 100551 100588 111006 91670 18806 93775 104683 102961 100710 102623 95282 101123 100968 42838 99930 98271 101148 98327 103119 97053 100865 101871 101892 100346 103881 97054 100729 100895 104722 98355 102294 97041 18 107933 97075 74280 98658 102634 96399 100392 80884 97582 81148 102400 97102 103452 100738 103046 96600 101479 102325 97123 110970 83864 97126 100412 98466 100902 83524 93931 96711 101194 99709 94877 104797 95850 78187 100574 108250 102674 18818 100776 96909 102850 101228 84305 104826 101904 94691 34083 102855 2595 101456 101565 103048 94720 101507 113701 104843 101553 1310 97171 100599 104744 100745 101701 101931 108804 101474 101096 98805 87976 100476 81241 102428 101506 96727 104871 101282 103106 45387 102412 97177 106671 105020 96534 102867 87994 109145 96689 96757 102772 100780 97231 98160 104503 103517 104239 102337 4924 101570 18193 100494 101326 107621 108239 101536 104314 97227 99934 101977 101583 97339 103367 97806 105133 6600 97249 103134 97939 111290 101539 95297 100920 100779 101437 99090 101547 97416 100508 100511 105824 96013 93812 100096 104595 97247 105850 97442 103634 106975 102018 30517 107006 101005 97332 102864 102560 102473 107309 101717 96936 107269 117823 99055 100861 100869 100771 114366 100874 103568 105287 134528 93644 102716 101052 99210 99957 102629 101391 98365 98557 100210 103169 103193 109179 92009 103840 99402 101425 101442 102890 101759 100886 105048 105053 101560 100080 8982 97605 97424 103400 99822 103618 100233 103548 100911 107379 100294 83619 100905 100839 102719 105082 103597 101336 114756 101223 100347 98269 108316 101348 98857 108373 97099 107308 94133 105943 99823 98790 97292 103620 95358 102903 101595 103321 101765 97645 103644 102915 104178 76387 101875 99914 103691 103685 102922 101535 106274 100846 102720 97823 99435 103390 101409 100913 100514 95493 102962 104720 110104 107642 102431 103819 103815 97141 101059 103095 103818 91928 102489 98904 105408 103402 103847 99188 104714 19544 100908 97677 101548 102488 101762 101614 103406 100922 99294 101559 96094 94279 97313 107443 99674 99078 97832 102463 97523 41006 103055 100982 103453 99423 101623 98119 103415 64956 102764 101833 105115 105183 97346 97469 20474 101202 110689 93372 101806 88069 100971 100854 103905 98197 103470 99714 101191 103179 103499 107710 111767 103185 14360 104729 102615 101635 102976 100523 109379 102779 104021 102387 105244 97352 101773 103244 101793 102843 101011 96083 111340 103021 101227 103307 104256 99504 97837 98200 104066 105248 102798 103746 105476 100603 102982 101810 101835 134513 103011 94263 100957 97465 97137 101652 109817 97340 105256 98397 98482 109444 101637 107507 100610 101022 103820 101653 101032 91506 103853 107540 78494 110842 101681 101041 104858 103613 111691 93658 103022 100566 104513 92962 100407 104936 101695 18847 99181 105076 103029 92091 104195 74533 101249 107538 76514 81773 109520 100965 103031 101604 100107 96111 101702 101063 21515 108510 104261 103812 101053 103835 103147 5216 104299 101696 34925 105025 107706 107775 99789 104217 97210 74808 97527 97550 102529 98833 103395 102678 97577 101057 81857 92138 104693 101290 101918 103180 101880 97861 105615 101116 107686 101896 103171 65816 101986 100645 104477 84907 100973 101060 105043 82130 102561 100020 105747 112135 102583 75126 103153 105197 109400 97578 103219 70 101957 106211 5300 86174 101728 103186 95353 8986 101097 103708 1767 109477 103888 81951 2195 110791 101141 103205 109535 105279 8186 97654 97724 8116 103889 97937 98513 101808 97826 111341 102689 101108 104034 100475 102594 103910 100553 99211 103224 101872 101962 101410 101719 106445 103027 104330 97215 96168 103516 103363 101963 102138 101577 98519 101561 111382 98222 105089 97430 101197 105119 97511 92502 103519 105306 100090 100963 100003 103732 101146 101618 110211 103675 101020 110943 101628 102029 97525 100985 9078 100651 103958 100793 101733 100875 100686 31912 103965 103985 93922 101973 109596 103528 102008 101118 94347 94405 102633 105103 103054 107861 107969 5059 103601 111771 99115 97892 104052 97913 104755 91814 100596 101739 96315 99671 6726 102032 104363 103686 101175 100933 101407 103697 103844 104061 99846 105161 104103 65877 101689 107714 105336 104791 76725 102145 105509 103146 101787 102143 99868 7225 101081 98569 105338 102768 99192 103624 102700 101763 102566 103237 833 107731 101821 103028 107827 99929 97235 105812 97291 100259 102023 95629 97330 101230 109617 103297 105368 105694 108584 79726 4595 104329 105491 105549 99978 98263 105377 101838 101224 77233 105182 106885 99966 103860 103589 97999 98273 95882 114860 100114 101233 101235 101952 101795 110863 98616 102084 102598 101939 104105 105595 103306 80506 99436 97810 104404 101093 107951 100896 103636 86091 108061 101819 107832 5679 1134 92450 92201 101861 114980 158321 104380 117911 100073 101386 103116 102052 118677 102153 100151 97903 111533 102160 104129 102766 105820 103858 115138 102642 100601 104771 99215 101263 101392 105375 101988 101327 105997 101401 102860 101504 105420 97570 94742 112055 105231 20257 105520 97262 96115 103690 108114 92149 79806 105975 18848 104126 9095 104479 103475 14370 103643 102104 99758 98372 97770 4841 101844 108169 100677 101862 97983 100734 109647 101440 100764 34670 101295 104421 101246 88407 94882 105632 103097 102125 101475 103369 96308 109821 100765 103556 110969 97459 98834 101878 102188 105467 100211 99224 96502 101107 104496 99268 101642 102045 100728 97987 41565 104909 102257 105580 1386 94485 105655 102061 97466 103299 105243 101630 102374 101936 98059 104969 102071 100739 105588 102476 82345 102825 102227 102295 108715 101550 103654 104995 102198 104501 103350 101257 102229 98071 104203 109377 95555 102990 13624 93591 112225 100786 105707 112636 101126 100266 105987 100881 103723 105047 103886 104502 95036 95111 102231 100939 101319 97479 98905 47607 102282 92568 97593 102286 101730 106002 107831 105609 88544 102405 106176 102262 97989 100884 105326 102723 101984 102048 96547 105532 106035 80810 88410 102559 101579 97625 102121 102191 106210 94250 103759 102313 100956 106152 102293 98407 105583 102298 103434 108306 102437 100693 100885 94502 102322 103045 104135 101768 116193 114811 104328 102622 98090 98121 2932 101463 101331 103145 102058 102303 101338 92277 106236 105407 100914 104391 96430 103202 102551 102857 101366 102326 101277 102214 112825 102934 105474 103661 102638 14403 6656 101610 100857 102346 4952 39801 100386 105600 109657 102365 103963 99351 97780 108718 103182 102392 108719 115549 106678 103768 94883 101778 98058 104584 18670 104013 102429 102278 9170 118178 102074 92755 53745 100916 101019 97493 102965 102309 103066 86498 92016 1779 101045 98416 101639 106287 96853 101742 101756 100230 111308 103385 100568 98147 9205 96822 105631 101128 93223 103682 104441 109690 82602 102664 102075 102486 108737 105675 99726 104183 46779 106431 100979 102524 102771 102144 102290 102222 102775 101517 108526 101927 103703 75272 98915 104102 102319 98966 111856 102333 109722 101387 101158 103802 105742 102110 101394 100275 101350 104486 98932 102780 105783 101466 97516 106466 3792 109148 107544 103308 103413 101935 103124 98194 103474 103900 108794 102354 98382 105832 101226 99761 98296 99779 108386 108798 104060 108681 102383 101421 101446 105948 102235 101494 101279 77163 76915 101600 102413 108839 66338 99796 96975 109669 18489 94926 102464 99080 98317 112894 104636 102266 110041 103838 104081 102858 101079 104624 101657 106253 97693 99832 101891 105565 102525 104885 115059 100831 100245 101314 104110 115618 97613 104926 116547 108046 99882 102296 102171 101945 103871 102528 98321 104710 99988 106127 98967 104651 103035 103220 104134 104155 100769 101694 103175 102533 104180 108903 101481 99261 89004 103483 104276 102314 100853 95371 102355 101130 101907 112266 98368 106955 102590 103491 102774 2957 98412 101167 83740 105969 105031 101229 109933 84414 103534 102793 97910 99071 101573 26026 104652 8244 103492 102599 98800 107849 102500 104229 103070 107140 101725 103229 106190 101954 100028 101775 106379 54216 102385 104739 98281 104785 102778 103000 102782 104244 54492 100621 103143 108924 99139 97016 105659 102787 101809 101254 102002 106195 104820 100656 100297 102408 101334 102831 100682 105534 109756 103569 105006 102390 134232 99167 101361 101912 106470 101969 109814 103347 99280 101262 99833 102848 101403 89706 104255 98357 106207 115669 99353 103006 101402 97731 104823 106574 102852 111538 99588 97084 106225 25481 101731 101418 92538 104287 103068 106408 101852 97736 98421 104423 105035 102905 101884 98481 101974 102420 97803 86309 86658 15091 95379 98520 102430 102432 101429 101900 106411 112851 98533 103508 102445 92752 103716 86984 17060 92300 103719 80868 101926 104282 106446 101542 100791 104424 103266 101913 102539 99971 102912 103296 103469 105735 101581 103626 103089 102883 102918 102496 106534 104435 100906 101914 103737 84513 102504 98554 111992 104437 63785 87639 88468 103797 106242 105834 98558 97680 72716 100220 75770 98632 18466 102577 100077 98600 102485 56169 103258 105918 105949 100994 100317 102436 98871 115167 102505 102910 102972 103890 11408 102950 98661 104300 104828 109964 97144 101916 102978 110236 103481 103518 118189 97815 18792 134625 102580 27844 97872 103806 104865 105749 101541 98774 107187 102731 104888 109986 104896 101950 96816 104898 102495 8279 97927 89713 109173 101958 102506 102536 11521 102586 102190 102641 103036 102602 109052 103903 92317 102692 102593 104315 102538 101996 101027 9473 102033 110362 102055 104910 103793 98693 82850 100830 112954 99023 113104 103324 103932 21942 99322 105954 110001 102736 97211 100022 110054 102136 102243 100287 100105 73045 103816 104551 27765 103743 104372 112130 101031 105060 85291 97114 101058 105587 99178 103813 103412 112302 100687 4575 101100 95601 104544 106324 105990 81138 101634 98626 98188 100843 102597 101495 110019 108930 102999 103444 113364 102170 109352 100060 102608 102614 104874 108033 104113 101633 104915 103449 102070 103876 102258 102754 103960 98627 103001 7399 104726 106342 110221 102829 104322 114063 103536 101822 100893 83965 98648 102901 105159 19675 102758 101036 101654 90901 101265 112596 110325 100246 97532 6730 106523 93194 98858 100966 102179 106014 114701 5864 100120 95768 120233 102181 103037 100396 101353 103487 104781 101660 103023 102219 115439 101089 106628 102917 106388 106537 103557 104918 101300 105939 110143 105288 101303 115692 105051 1143 101414 9551 99397 102617 103560 103599 107817 102710 102672 110094 110388 102713 104008 93427 1123 102735 101678 106027 8299 98542 97870 97229 102205 103112 102649 103125 104920 98628 110412 100147 106058 110946 102742 102261 108353 102817 97883 114351 101132 103753 100277 110465 95805 102260 101850 102681 100360 106108 103826 97961 96820 98859 106694 105005 117363 102343 106360 104335 98818 102280 110256 98753 115812 110399 101574 83226 103734 101112 106450 104411 98911 115959 101917 109564 101236 103921 104032 103016 112226 103104 34966 103756 103131 41156 102840 110466 103207 104038 106778 5076 103152 98044 121326 5310 113670 103617 102270 75957 103864 100234 104171 108942 103877 102846 109381 92701 7476 101312 4011 115982 103951 102292 89902 102684 106049 98220 108391 110483 105071 100331 101620 104956 101084 36471 83283 121716 101015 103201 102336 85508 105079 98952 104002 100413 102889 102895 100504 103983 105059 100440 78674 103754 106075 101672 54592 102984 115543 56948 103994 101462 123827 112599 95984 9265 100563 99669 102369 95953 103159 100527 103191 103779 118393 114516 102635 105198 103222 2916 104259 105210 32149 100030 106288 102271 101674 102299 106396 106711 100623 98981 110106 104119 101699 101362 100660 101098 104089 106407 105371 104972 102995 101368 105417 103174 98761 102576 108951 104043 98253 104048 104064 109616 102341 101383 103195 108677 106872 103315 92729 108574 1953 101720 2740 104395 104150 104072 121125 110506 98144 76278 105164 104470 102717 103317 94045 104630 104091 97266 100314 102351 99366 98297 103221 104996 104345 97194 102357 103249 102370 101741 106569 109948 101784 102998 103238 103261 106449 20485 108665 105429 101477 104153 98364 97098 100990 102800 104070 100694 110023 103282 104211 104281 88623 103380 646 102377 101865 85415 111650 105649 103085 97536 94261 100996 98863 106471 23032 104082 106474 96633 103144 98792 101586 102970 121660 96766 106749 102381 104449 103274 103078 97547 100649 106484 101173 106157 44158 103899 106267 104114 86698 103704 83376 103259 102644 104535 99452 110451 98796 110572 96786 112637 66244 104137 99122 9542 104068 100701 103440 92 102371 102386 120376 98775 104375 98896 106647 98378 66175 98917 103891 102469 98927 98970 57357 99501 99510 110757 98948 100712 1377 102403 105194 102483 16579 106877 7571 102310 112656 106279 100243 102698 106505 101216 73512 8363 104158 116116 103419 103455 101284 102526 103952 103825 104378 99031 28961 47378 102530 96250 101621 106733 105033 103421 106315 9605 104166 110781 103962 12446 104384 47651 116382 100766 173 106774 102627 103150 97768 103094 103231 97953 98971 102616 101893 93462 110159 101776 103471 104258 135775 114703 103476 119109 104558 101894 102632 116398 106413 103309 5237 104432 109222 101253 103339 99076 101552 14023 98491 102740 108072 93786 109216 104003 101845 98462 106779 102862 102830 100832 101816 106827 104100 102543 93620 136524 103622 102886 101830 99168 106090 98989 102757 99519 48360 104393 104649 103717 98155 104454 103355 11128 98505 6751 102907 100862 100752 102552 106991 110917 101897 104277 102971 102567 114167 114172 85558 105638 99540 100983 110807 110922 102492 109734 98595 104700 76841 96345 110475 105211 103019 109819 110998 29446 98991 100998 118718 106494 94327 100036 103335 102568 110181 103373 116429 104428 18986 102636 122524 6860 104461 101932 106700 9511 112707 104802 90663 103538 101937 122587 103722 99773 94331 99029 99049 103462 100948 103700 110950 99662 104480 104224 104176 104483 103758 85966 101980 107056 104481 102596 103389 104283 99393 104632 104523 103848 101021 103407 99146 105303 106662 102795 102652 104207 101594 99177 99092 102927 2201 102683 102899 104142 104265 99222 102941 103432 100961 104733 105367 105078 1550 110496 114766 106769 101102 10568 101889 102944 103133 11155 98082 97004 100329 105308 106800 54930 101951 103215 103408 104854 104235 47899 103477 104284 116676 104296 104350 103488 103712 101960 66389 106802 94643 102964 10589 99236 102043 102715 97180 23872 102658 105298 109620 110972 103420 123022 99109 103004 100118 106777 96767 103053 103866 97370 102701 102279 110615 105090 105671 102788 110686 107051 99250 100420 106520 104528 107103 98084 103503 103912 109685 100248 103923 104721 106917 111400 114390 107196 100328 110709 103172 104748 104267 104728 98713 96 77017 105712 7648 98095 104260 106066 105614 102661 103103 104751 109274 19012 102792 78303 107225 390 101013 102722 102232 104756 103530 103957 105673 103447 106549 112709 102813 104533 104792 102066 101724 102853 105105 102996 102434 109507 101221 124170 99687 112870 100229 101206 111032 97038 103206 104084 14422 102815 109992 102411 105592 106672 104336 101906 104732 2962 102828 104883 105224 102079 102928 103069 105401 616 106165 112042 103214 106617 102842 106187 98567 102124 99271 103940 102201 104793 6568 102849 103550 101791 102003 104559 66528 106235 99277 104603 6097 103993 77101 103233 103583 104824 108821 104860 104006 102967 103084 110786 105841 101251 104385 104975 11523 99219 99220 103594 111069 99725 99485 103263 103731 103044 102939 110804 103588 104831 101363 123035 104338 100368 116954 116677 104201 103272 103664 104371 99762 102762 98604 106709 105384 102080 102249 106361 36251 52762 11438 103090 103673 100374 104214 102283 103749 83455 99101 100389 97236 102451 96565 103108 100452 101382 98157 102997 97111 104905 110017 103606 104827 102854 102866 101393 104242 141458 104991 103803 102909 83554 102224 102770 102923 102315 99615 5526 106627 104947 103659 100482 101434 105195 124529 104342 106863 105036 104295 99032 104306 104488 95954 15523 104348 100501 104436 104370 103745 117208 103775 101153 107143 107447 103273 102189 105703 103346 104410 101486 99226 99776 107577 99380 98803 104443 99183 99285 104162 5362 104543 93650 103665 84421 96702 102924 17337 103837 101480 99748 84957 100578 103456 103608 102865 105304 102246 107245 66647 103118 100441 104387 86760 99866 97642 103139 99403 98246 102267 105321 105604 105361 104418 105644 102940 105610 103128 104498 96862 102307 105084 105150 101605 104530 104899 110837 98166 104554 81740 107281 103638 111086 106866 103841 107009 97653 100641 104878 105100 97385 102527 103684 98806 104540 103378 83783 99912 103948 103226 106745 104953 104463 104548 100652 103240 103908 103267 108964 106918 103666 99446 116684 104561 104565 110906 104500 104606 103427 102558 101746 103747 104098 107012 104478 41546 101989 105651 104633 107054 102954 99552 103275 107171 102872 104644 103964 102182 103705 116487 103294 104645 105873 107333 110987 100 53872 104654 110559 103709 98168 103463 104698 102324 104515 103978 103126 116743 102554 105170 104622 109214 106228 105958 103117 58429 103007 98240 102879 102328 107592 104109 103013 106586 117301 103071 103988 100654 104542 104713 105116 104767 86222 103748 103862 102367 105715 1074 111120 115778 103167 110509 101211 98916 110275 49061 103441 105203 105725 106191 105112 103123 104640 102339 110290 104715 100799 99496 103170 104787 104122 109004 109236 98868 102462 19061 111159 105217 94429 99578 100665 104673 136606 102406 100679 58646 105686 102718 97432 105233 104128 102702 102671 106813 104678 104759 103187 98563 105682 99885 54975 97664 103766 2894 99884 103614 110607 107677 104046 104184 103212 100717 112973 102494 113180 93958 104869 106972 94251 105882 102882 103885 103672 103353 104208 112978 107027 103715 103770 104663 103288 103830 107195 98579 105791 103302 103454 93187 105854 105251 107728 103336 103882 99047 97690 105392 106602 103154 111142 107293 99301 105991 102130 114705 100525 101834 101868 102165 104681 105040 103155 106205 100755 103967 103543 104692 103998 104703 105960 4057 87509 12627 104677 93210 103342 107084 102077 103318 103892 104257 111458 107924 97876 102185 103344 102241 98588 103909 99497 104088 104782 111519 85223 103520 103486 105331 104140 104709 107093 84456 29497 99521 103375 102728 107790 99114 101473 106233 102894 110666 103384 107121 104940 104727 49454 110944 100949 104734 99562 105908 103929 103343 87992 103970 104959 86615 99901 88715 103941 103254 99127 104998 88467 19349 78353 104001 99579 101617 53917 106003 103364 104247 100193 109025 99605 108001 11199 105961 104862 103374 103525 110304 99618 106980 103527 111542 103562 108131 107335 92979 104168 104838 102900 107867 99770 103726 114788 104564 103376 102460 26698 4278 106630 107231 107255 103387 5760 105278 105930 9701 106016 104230 99138 105102 97851 134912 117314 103417 107264 107304 103604 99985 100760 103493 104270 104913 102242 105300 104357 98746 106458 101580 107146 100033 103750 104864 103872 105160 104921 106346 104812 100174 102265 105346 104621 107058 103497 111022 104390 103265 107357 102607 105700 106009 103113 102305 97543 101667 104648 100970 103340 104773 104273 100811 111144 116613 114928 106017 99721 108312 112979 105260 103283 88624 100989 94706 107399 106561 105359 98687 116813 107414 103878 110126 106045 106059 108346 107457 106182 102904 94842 117563 103398 112086 103290 100817 105357 78579 105358 103096 99428 17870 9780 106197 105383 104419 105937 111217 100858 100997 111524 103955 15050 106061 102739 105421 107524 105284 102790 103437 99738 102372 8446 107488 109124 103334 103429 104318 104853 104163 106206 103430 111282 107248 102643 54533 105449 124640 104016 103623 106773 97967 104884 105537 103465 99137 104029 103934 104868 104922 104933 101004 107509 103467 19424 102284 103943 79383 102308 106563 104980 106226 103435 106855 103966 99908 99961 98771 66732 102127 102804 94416 103501 104992 103961 106861 101065 104188 107128 106069 99994 104023 102875 104426 111837 99199 106319 103414 104379 105451 107530 103537 99545 105584 86406 111287 117609 100131 104056 106259 99743 108590 111292 94534 103576 103842 107519 104108 100192 111236 105099 103494 103510 67639 99979 117418 68450 111590 103625 94555 103067 19589 102516 104950 103979 103505 108218 105452 104978 105612 97973 115049 99763 106318 106613 111652 101068 103630 103129 102546 106649 115090 106636 112096 113334 107517 101092 101099 105454 118027 106332 104367 106098 33146 107931 120811 103521 104085 103173 103542 111669 105029 104307 104985 105617 104397 103551 101525 106316 98061 111511 99320 104617 103600 105625 394 102878 3629 107959 105815 104466 104090 103980 101139 110371 103641 107567 105650 107645 100222 103558 99982 103646 103629 103655 107650 104374 113566 93214 105019 103178 110452 68918 99990 99989 111495 105049 106320 99856 104894 103696 104696 105061 103688 104646 100000 102959 103795 105109 94784 104415 185 32194 106720 112064 102396 113699 104099 111579 109141 105696 102821 104417 105064 5338 103817 104117 105086 106598 5878 104177 108121 110175 105732 119220 105752 100295 104440 98645 107700 103870 104120 106439 106732 112116 10016 107632 106356 106504 112184 105889 106341 103166 98716 105163 107735 101171 110471 104147 105176 100330 106381 85987 94660 105409 91648 75844 106422 86486 105484 111592 107287 2956 108876 106507 98788 6790 100056 103809 108050 104762 105496 106957 106515 69246 105635 105722 106908 107395 102921 105104 103199 100342 100444 103911 107740 108479 106948 106517 107291 99576 109143 105261 105541 107300 98735 105066 102721 104278 107534 105861 105524 114502 101178 104231 103598 108223 6280 103852 107830 84536 104368 111626 9103 104541 101718 103879 7735 8534 111671 104971 105110 106548 103915 102225 104451 11703 106479 111756 5359 107342 106566 102601 104157 101199 106609 103942 106992 105152 104687 88816 104458 101286 102557 112152 107665 102501 101482 103242 112255 104197 100445 104798 105065 104836 14210 130697 111809 105885 103689 103621 103284 103833 105212 9835 106155 103944 104191 100691 104464 100087 105838 105981 101999 104641 104220 111867 100837 103959 106996 106031 102743 98739 112231 106691 105859 103947 107838 98894 108381 107967 106697 106592 111232 105542 107845 107892 104893 106634 106723 104895 103953 104172 103657 100503 14208 101335 103995 103466 98824 117830 108015 113096 101109 104369 103526 103824 105120 103667 101365 100124 104958 94786 6106 104297 107696 101770 102535 85360 104534 106734 102011 104489 105872 88045 99653 103720 105016 103798 104041 107021 4071 106701 105272 104835 104232 19141 108034 105083 107120 105094 69829 103729 102592 105122 105118 102613 105162 106740 106977 106070 104313 118041 103843 103894 9840 116371 85746 106710 105219 108079 99112 112144 103859 115344 99350 101516 104537 101655 115555 102929 71134 105140 104007 104037 100145 105569 108383 107774 101612 105648 102932 86216 104040 107389 112257 102943 103002 106746 86293 98169 101430 103025 99154 104545 103539 104044 104245 104547 101433 106071 105646 104156 109542 105232 110554 103111 105273 103563 103846 107458 94897 104251 107155 104264 106091 111302 90265 102329 104289 98789 104817 101697 106110 105731 108384 103039 99180 112174 105220 94854 107894 104581 89261 108151 105311 104366 108401 116780 104057 105621 106188 104078 86777 102679 106750 104192 5908 105145 108843 103049 104290 105663 55324 104857 105236 104337 253 104204 110725 107034 108152 100507 104182 108154 437 111752 103468 94898 103928 103121 106173 107554 117701 104196 104092 106202 102832 101786 106640 101789 107234 1238 105234 103196 108219 27114 110734 103896 114551 97515 107786 81267 106797 105000 94864 98161 105666 107578 108972 98860 104164 105277 106243 105878 105754 101794 101921 104292 58787 105237 100552 105301 105759 104175 105998 92113 112295 105798 107608 104615 103286 111776 100608 7804 112288 100304 13529 3279 99355 99430 112319 104427 105196 106217 104202 108240 104218 103392 105266 99746 105101 117663 115117 106307 108242 115626 106300 105805 108781 112260 99357 87230 106369 100502 104228 100635 105178 100063 95058 103639 105335 108261 108308 100673 100690 106511 104310 107465 104036 104724 106585 100534 103782 98088 101355 125182 103865 119064 106281 94899 108329 100698 102425 106801 4192 105347 106821 104750 108932 105386 106847 1726 104030 104588 103142 104770 104293 100646 107204 104343 71326 105285 100705 88583 119346 106514 107316 97899 103687 108293 105316 117748 104353 106818 104358 102570 120270 103727 104438 108270 105459 108875 103792 79961 101698 99834 117185 92867 99433 107081 104392 104866 104312 107753 106302 105240 101715 105403 104517 105642 120573 100197 104450 105327 106854 104388 104416 114682 95211 111064 99872 98255 104806 109779 106438 106675 104434 113205 103761 109030 105501 111804 103059 116773 100443 104457 103807 105979 104471 105088 11300 106867 99462 105427 104495 100479 107765 115005 101869 103192 105472 103197 106907 104499 108342 115200 105130 104280 95251 100571 106876 102020 100748 108707 109414 107040 100751 111083 80603 106882 105806 19659 107459 94958 106689 104112 106894 105988 108421 15631 106560 104518 100753 107126 100619 93611 8247 106989 105518 100820 104199 106632 104127 105228 105004 6873 112412 117879 8580 105238 92667 105687 103198 104525 104549 103814 105141 112467 103209 111791 104566 107085 104148 107932 108466 105551 98375 107935 112528 108311 98846 112537 96616 102047 103365 105785 106727 107980 102288 115684 36260 58919 105590 102380 99407 104327 112600 100538 98183 105241 106508 103823 112645 104667 105255 108547 106891 99895 104567 105292 88566 103733 106841 112508 104892 85169 107007 105984 105498 104520 107528 105799 103937 107133 108991 102949 102443 105523 125438 107186 105485 98550 106326 100844 95437 105193 101459 104986 107201 107641 103637 116535 104718 103043 107326 105391 103443 98670 105487 105672 108482 107622 106336 104272 108494 103831 697 111885 107227 113998 105500 99962 55421 109009 110163 121468 105704 107631 107354 105710 112315 112158 107697 100382 105440 106060 109071 104987 105512 100732 104583 100200 105723 55464 106024 104136 106856 109304 90196 107153 104361 100650 104531 107782 104723 102389 104790 105709 108515 101514 9908 107387 112610 104587 105470 100658 104689 103287 109454 6793 107250 106758 103695 108543 107268 100757 95089 105563 107860 102447 104735 105293 104668 105307 105457 104742 106095 105736 104187 88145 108497 100376 104799 107017 106146 105756 102065 105760 107582 104962 112815 112616 102454 106151 109140 101078 104524 103736 5379 6020 20098 105344 105340 107922 104691 107282 109013 109361 108041 112736 116293 108732 105558 104819 107052 91745 101196 29633 107607 103919 104577 112799 100031 86377 102729 94852 105341 103248 104185 107690 107173 102499 98391 101636 107176 105606 101761 100469 107182 105628 105142 116814 91889 36444 107273 104597 104833 112622 2974 105488 5885 103771 101080 98759 108546 103358 105530 104844 102556 105766 190 103464 104861 107276 113019 2262 105957 104607 104653 103203 105544 107289 105917 107305 105003 118752 108098 104669 104252 103981 102452 100878 99609 104319 1787 108145 112734 100812 105448 118101 105493 36904 107693 106105 104682 104590 104694 104711 104684 101156 91847 106692 20375 104875 104900 108158 111643 104373 105702 105982 104699 103496 100976 95550 100258 105774 11707 109208 101753 103158 104716 105055 100474 105525 95594 9944 104301 113214 88993 108405 104903 105008 100519 107332 115176 81717 5393 106294 104904 107432 92051 103592 105334 1509 105495 99699 104737 105092 85336 100176 92695 105556 107478 108559 104891 101055 104757 95012 109619 94962 108211 104768 106094 101668 101076 109272 107513 104945 107802 105374 106038 59924 101779 91599 104783 101103 104935 105543 106156 107359 112764 76268 101241 105247 100782 112113 103544 101115 104789 108232 104422 92057 100744 98831 106339 92537 108105 100801 104846 108567 105546 114902 105001 104951 104705 99502 28105 106264 104749 104801 105188 103987 98973 105561 102458 115993 102675 99304 103783 107886 105662 103616 104198 106426 103971 105970 105788 101420 5926 106845 106462 88476 104133 104839 105058 103683 104957 105502 101270 100860 104993 107373 89287 94977 109333 101846 101435 1367 8628 109428 101503 105730 105550 105422 105143 108746 106185 106481 103906 107235 109359 103936 9484 106506 103269 105807 86380 113870 104772 106354 105258 19178 106387 105516 108600 104966 37291 95719 105589 105792 104152 444 113967 108660 108477 108948 105925 101598 104794 105701 107647 95797 104850 92747 106475 105737 114526 102490 105719 105813 104852 108502 105259 108735 108613 107902 113888 115325 55660 106519 105809 100484 106823 109077 104200 29796 112769 105570 105209 106524 111001 107709 52050 106637 100825 110379 105324 107456 103977 113952 105741 105777 102747 105002 93033 107678 105275 73545 100953 106642 104873 107859 101180 108803 107105 105068 107926 104803 99014 106668 100559 99088 108251 115547 111060 106776 101009 106868 107110 95799 8657 20343 106810 101771 2975 105007 102794 101500 109189 105111 92609 105821 107930 106366 112332 104810 105281 1538 105405 106664 6 109450 105106 115804 101982 105986 105864 107804 104352 111311 104813 109479 105398 102676 117004 104837 105598 116021 107198 95876 106884 105291 107689 105139 86942 104880 105157 103018 108489 105021 109724 104505 104354 106896 99266 87634 99737 102981 107836 9986 104943 103422 105185 113909 105916 106911 104144 112805 107941 103707 105921 105929 108833 101337 106254 3729 112217 101626 106041 103489 107480 5567 103651 72377 108784 105473 105494 106018 105186 105267 5649 105953 105933 101088 102645 105038 109574 105087 105999 104809 105492 106042 106904 103082 106026 106116 107030 107075 99260 102073 6876 101131 106040 99302 107199 107209 108669 9566 108018 109746 99305 108490 104882 106682 106056 101523 106167 106685 64999 109463 114020 106687 106310 105299 107515 104814 108629 107566 104911 107218 104923 107080 106338 106364 106083 10088 101160 108150 114650 105790 106737 107238 81407 105515 106478 104867 105396 83231 105205 106784 102177 108162 101680 106447 105611 102017 109435 106377 106102 47925 106103 105201 108030 107029 109300 102508 106113 101735 99926 107247 104190 101526 108032 108808 108879 104442 112304 111316 106705 104886 100864 106451 100883 104928 92647 116634 107553 104934 106196 107083 104938 105540 105564 104414 72851 114030 10105 104949 99308 106119 105613 112867 105438 105302 108042 116064 107652 105619 107952 104961 108506 103706 106425 104317 104963 103954 104506 109437 108092 86660 107104 106121 73016 108498 101283 102725 92806 101760 106881 105330 104964 105354 105416 106590 116860 89086 99964 107270 106607 107708 106587 109473 104890 112977 102744 2981 108173 8336 108512 107203 114073 105753 105796 5424 105837 99995 105637 104690 38810 105572 107801 114136 108052 8727 108912 107127 109649 109828 101119 107050 103088 95729 105447 108587 105450 107656 109909 105230 107479 102202 103107 106123 110243 106899 105677 104994 105907 108943 95730 108095 99938 113027 102956 108440 106141 105121 108258 106132 103698 99361 108703 87769 106290 5492 108273 106690 105645 108812 105843 105028 2978 49022 106452 6125 106403 105057 100149 113173 105575 106518 104012 105936 107244 109740 109515 109102 105463 18920 106416 105037 102204 106756 106798 105802 106456 108104 101471 109015 106068 114 104847 18129 106143 106415 107803 108167 109550 103762 101829 105478 104324 106974 109286 105508 107136 101185 105268 104462 104271 104664 107200 97015 105154 97506 101537 107262 102761 106488 106553 108181 101322 114153 105890 66870 106473 107278 109048 105137 105853 15053 105863 106433 6288 108845 105271 106134 103326 109380 104725 107593 105529 106464 108184 106559 103796 107828 105348 102409 105128 87403 73798 109344 105127 106311 105868 105175 109879 106468 100026 10128 110166 102626 105370 105531 103051 100907 55752 107090 105974 107290 107310 105153 25205 2982 101554 108188 106567 77339 5414 116964 105214 100398 105353 106028 105913 107768 118304 106276 106535 82179 10142 112941 105653 105379 107097 106654 105202 109705 100206 108853 14217 10177 107704 106688 105533 109062 3122 20489 112854 106744 107315 108945 107993 105923 106679 106820 87464 106615 108871 81994 89266 113088 100582 5711 123888 113220 105173 106007 102056 105633 110420 105402 56447 101323 105289 101563 102161 118342 102117 117369 31356 106848 102796 107351 109156 15058 110169 106660 104965 47983 105944 113275 106698 103632 105323 106144 103359 101346 97614 110425 11512 100064 105978 111881 105351 106037 107353 104487 102238 124503 101110 101629 14297 109130 56303 114220 106053 105174 101129 108201 105364 105971 82481 101632 106057 109347 106213 106124 6880 107327 96212 107730 106725 106036 105411 105365 93016 103804 106266 102253 106219 109177 106757 108309 101638 106887 101377 106760 100111 117903 102311 100370 99651 106034 113280 52765 108354 8426 117920 105726 109920 106915 109275 108374 105513 3141 105376 105733 100109 106129 101521 106208 109181 107842 101372 109170 106761 114387 116326 103438 101710 108824 113119 101390 105431 103635 105381 107423 119802 106788 107475 106262 117321 105218 116755 6884 109301 88002 106298 106301 120138 104914 106790 110439 88008 104968 107382 105773 99899 105171 106363 117764 105250 102312 105578 104022 108083 105842 110500 109207 107829 58552 101812 117502 107503 112397 93088 113289 112457 105389 93097 104536 106353 106044 102937 118125 107587 109415 112950 109303 16350 106089 106386 101510 95793 106367 105428 105039 108304 113518 107634 99924 105443 34512 20447 105191 101832 106245 106106 77366 107589 105894 101908 107963 106793 106306 85574 124562 113098 106979 110307 106903 108254 95990 113130 107885 105507 100082 20567 96098 109329 106930 106212 105074 106822 112548 111346 105199 106085 106950 111736 107609 106766 103595 103741 107394 108336 106153 117205 109424 106833 105464 109559 106370 105349 102963 109353 100325 107489 108428 101858 106383 109372 105378 107575 111021 105789 105274 98508 110435 105395 109391 105603 118177 106436 106442 105795 106193 107580 106978 109452 107194 107605 101564 107628 106096 108450 106168 107694 102360 105608 102035 107778 107898 104146 103777 101649 109480 109595 117580 107937 108113 101677 101797 105418 109405 102092 105434 116826 104743 106013 101864 105826 101856 108500 106221 108297 9732 108771 109599 106995 106573 107003 107049 105456 117253 107092 105845 107122 117323 106052 108504 107346 105623 102133 105356 105504 108518 125243 107581 107129 106399 106656 99811 101882 105909 107298 85802 118187 109324 105490 105879 108212 111890 105511 108820 106659 109412 5408 113509 88176 105627 108542 110532 105446 107358 102520 105920 43739 102118 101641 107619 109978 1131 102173 109991 933 106115 104952 108549 125943 109610 105471 109701 107131 105246 109939 107787 107144 109240 89843 108604 105552 109420 109461 105559 105339 106244 103396 110029 101675 113142 105652 108630 107661 107391 107701 107966 103790 102178 107891 109708 108057 108415 107455 117665 105581 105582 102244 105738 107552 109790 105352 102213 109512 102657 106265 106423 106910 110071 106227 109627 107487 106237 106461 109753 104174 109663 108657 106258 84030 106775 100417 108246 102192 106323 106283 105852 108673 107548 118386 1248 106901 107864 107102 113530 105964 108863 3192 107687 110696 114975 217 105705 108262 105874 56212 118509 107749 103587 105601 106503 93133 111798 60638 105713 104015 113404 106148 102226 105394 20771 106606 30091 94013 106125 106695 105721 17372 106325 106330 110145 108082 105426 105469 5562 96314 111898 118701 103040 107820 107374 106355 67598 104209 107906 110852 104106 106410 107161 8499 111066 120289 108883 107734 107911 112694 101919 12813 100274 113567 106981 101930 108132 105740 108882 105880 108141 106271 106469 114591 106493 108586 106623 106735 97046 100790 107611 109166 86588 110748 106072 105539 106427 102248 10771 98560 108455 105591 112222 113602 82118 98825 108678 108704 106335 106557 104206 102321 102384 117692 113914 106513 117772 98229 100754 116829 118154 115113 105775 111829 109994 100350 114668 112444 111651 96381 105538 103874 98877 100320 103062 106501 105897 106362 107639 107711 106526 105940 135784 103554 106099 102418 113017 106163 55847 105545 105995 109774 118812 106126 107995 105571 103585 102240 111849 108825 108711 108725 101519 106406 101928 108166 113108 103926 100383 107214 114322 86856 104355 106545 105787 108023 108186 106454 103663 105634 88022 107237 107267 109775 106175 109709 77491 105616 140235 107130 107767 104222 108192 108087 100404 105811 118156 105870 106218 74241 105825 108754 102582 101947 101920 106278 100363 105641 107015 109390 100079 107338 103692 107508 113388 113660 106596 106931 106605 105692 108269 105744 102368 111052 100430 106763 106676 106712 103115 106610 109806 98899 103114 100522 113687 86907 108286 107416 107076 100887 102036 108010 102696 107256 107259 102223 30522 106472 103991 109822 106161 109825 56493 108700 93592 104288 105808 107692 107114 110212 100904 109075 109830 107854 118315 110050 108360 113779 113472 102024 107320 105669 102057 104035 118242 102515 102426 3038 5585 112722 102732 100410 116935 119268 105962 108216 114680 108317 96887 91352 102197 19496 104356 108174 96663 119799 106296 102823 104731 109876 102356 106718 108759 108783 108135 108335 39557 107418 107297 105895 106575 99149 108324 118254 106780 98787 56466 102468 109513 108341 113942 107719 118824 111860 109139 110191 112153 106303 74376 108029 113879 105693 106224 100607 104236 118722 5775 108190 100919 106023 105468 97297 106799 106789 113044 114398 104346 106828 108786 100932 107367 107895 106230 106297 103160 108982 104339 102824 107303 106916 109881 108363 106921 100618 110087 110123 113921 114704 110342 105877 106612 106940 103532 120515 102595 103922 108375 119068 111386 105840 108252 105711 108388 102837 108281 91914 105745 108389 108789 103313 114225 102254 103982 105869 107960 107018 99424 58757 105896 108365 108295 106655 114689 104360 106378 96524 114354 28183 106942 49249 102317 117125 106214 107139 108935 110375 91638 104825 115114 106669 109934 121008 106946 108393 95787 110037 106748 109149 102974 106252 103063 94122 108473 108508 107169 101037 106305 102158 107254 10232 102067 102276 28966 104924 102332 105755 102401 106441 106988 99246 106334 101048 100640 108860 106805 108457 106949 107668 83666 106968 30774 116097 98301 109185 2294 113714 105905 59377 102591 106329 108959 109926 108989 109261 108136 107016 105776 102648 110027 112289 101170 105400 108266 108992 106333 106159 106312 108461 102466 109031 104396 105781 108520 106817 108413 107019 118335 106496 106835 105922 105926 96382 10146 102550 107193 100870 108016 109023 106858 110073 96717 105927 110078 105793 107062 109884 106870 110879 107091 114712 106340 106275 115181 106620 104210 108425 107229 30894 106371 101364 107401 117948 106878 119343 110092 107835 101727 106530 102459 108487 106600 106392 109219 6308 106853 109043 102030 106536 92174 110533 106886 103204 108233 108492 77654 102542 100477 104406 106395 83931 101125 68644 108650 109265 106731 108702 99426 108338 75132 114249 104412 104507 114834 113926 105980 102141 106803 109898 121281 100629 104425 121680 104124 8703 105947 108028 106804 105797 106565 108277 126090 107331 106401 109765 106558 41134 106961 106997 109070 106572 110539 106404 104364 107150 105985 105956 7790 99498 110086 102588 32108 107100 103140 107134 112735 105844 105977 108470 106460 102839 108463 107410 110141 108913 113775 108691 114050 110210 20588 107422 59710 106435 106812 106490 106593 106012 110429 105846 109150 108716 108471 99526 104512 41452 102654 118007 107439 106055 10529 102660 107158 106080 97474 108566 108322 114053 108776 102704 107174 107839 119199 107490 88645 28531 107547 110187 108585 107471 77675 110302 106063 106117 94303 102082 109334 106192 108606 10367 57108 127318 117357 102756 106194 104444 119511 106222 104638 110432 102275 119634 106594 92234 110923 93748 107654 106372 107008 104594 102791 105883 111183 105898 101341 109338 108097 104059 108806 106482 117210 107033 102439 102868 102589 110494 99607 109460 1348 114721 96777 107496 108400 87095 109468 106495 108464 110513 107477 102662 107039 107495 48852 106081 109474 106644 88999 19617 109135 109675 102808 117784 100702 84169 108563 107207 102163 97021 109878 92724 104504 103217 99751 106087 118012 102763 54615 108796 108636 107220 3316 101181 109979 26288 101210 108819 108686 119856 101272 11144 32466 107500 102564 26509 106521 106951 109184 102765 106100 118399 110085 119906 108690 100879 104453 111433 110541 3041 110164 106645 106661 109174 114772 112218 109506 106138 112378 110109 84332 106527 107388 97692 101551 108407 28779 109355 106680 116388 98092 121756 110469 106681 109308 119513 107251 94034 115039 108387 104741 114199 106715 20845 102891 106547 99935 106639 101670 106142 107512 110493 106166 107452 107463 106702 89967 108791 106683 106713 107562 109516 110283 106174 107525 102880 107536 97125 119687 109531 108635 104484 5509 108859 106200 110606 109546 91085 107542 114253 109366 107466 106814 109455 110542 102827 114445 102931 107506 107510 103041 107112 107565 107688 114371 107563 2983 115338 136202 111503 108885 106246 108729 108420 78011 109839 106844 102123 111805 57588 73067 114060 107568 101673 108640 108646 110282 108837 99999 104494 108730 106839 104508 109539 118596 99713 112562 102881 110467 106859 108947 104527 92383 106871 107720 106742 104526 104625 109572 106791 110120 105899 106101 106825 110406 106247 102102 106209 107602 114688 103120 112896 106263 107615 107747 105042 106826 107604 107024 114895 101239 107742 110691 95241 110436 87292 140042 110546 102975 102691 111539 110295 110300 107640 108869 104769 100055 105151 106270 108773 102688 5855 112612 107042 103138 107752 136819 107847 106576 108687 110577 106762 107875 110698 103247 106837 91508 102948 102953 109313 88126 108955 102994 106862 106309 106380 104856 7270 108961 110747 108438 108446 110820 109006 103005 114466 106888 107588 6827 104917 106344 110814 101842 100882 107772 106234 107659 106772 104610 105169 106368 97326 106385 88233 4333 97032 121442 106913 102985 114981 110948 85690 109604 109630 106741 112092 104859 112663 108696 104676 110472 110941 97333 101114 110530 119000 106767 106914 98692 115378 110977 110887 106389 105166 109046 103189 107800 105096 107808 101879 102988 108697 97044 107824 128002 111210 106498 109323 126377 108861 115133 106240 118881 106657 106390 103130 109536 106583 109462 8734 109587 107662 106838 111226 92728 110553 115465 103403 106843 108764 103141 107089 106850 105222 118720 20977 105108 110409 113941 103135 101269 12206 108985 106924 108195 109569 106925 106726 108503 106933 106397 120085 107676 107915 106277 8551 107865 109056 8526 119026 107669 109146 103566 101217 104796 107866 107761 115214 106935 107819 107888 110563 101075 2824 103285 109677 107035 109262 109370 107750 4259 114539 118257 107844 112748 109712 107265 108535 106284 110565 110567 103211 109727 110583 75428 106939 106960 106313 107095 97461 109398 109820 107118 111613 103300 103163 115011 110720 102727 109079 103333 112299 137439 103234 109854 115102 115470 108244 109210 97377 103360 109418 114639 103246 107715 89122 107266 109661 103674 105226 101351 107726 108605 107279 110904 106409 107751 111271 106947 107151 101997 109883 106970 110823 106875 93919 108734 107870 119137 107904 106595 103409 107874 109892 57863 103322 107905 109337 103377 16685 128255 100132 107907 107047 109159 103718 106686 116014 107934 107162 107211 109367 106986 98852 107916 108282 106476 103478 114716 101453 108382 121858 108068 106806 103436 107020 109375 106485 107917 104474 113118 109895 111432 107292 107099 108598 106633 106509 110600 105263 107222 109935 109386 101422 109439 104870 32292 103776 108385 101268 6866 103451 108071 127455 105135 106852 114778 112634 100303 107746 107876 109660 105573 111530 119151 107763 107938 129679 106747 111286 15064 122628 107295 106927 56541 107369 107989 110610 108767 105245 103479 106532 107141 105763 106952 138899 88415 107306 107337 111241 107371 111351 107275 107385 107390 109938 108868 108607 110634 103555 102730 107386 107319 101585 107451 114749 103418 114865 119657 107464 115018 108738 106987 114081 105728 107037 107073 107990 103472 102001 108886 107955 56647 107672 10536 102755 108004 106667 110045 107481 110827 10569 103694 119706 139313 108108 105342 107402 116528 107486 107468 106540 121826 118316 109192 107493 108070 108750 108610 107982 110482 106965 108142 109187 108125 107330 111567 115063 107793 107494 4214 103785 88416 115099 107497 105276 107098 114347 108078 15831 108099 108268 107044 107558 101970 110075 105363 109997 108109 1896 111788 106956 101306 108896 106966 108404 108271 102925 89279 118388 107381 108628 109387 110892 112758 109476 107485 105295 105423 106752 108799 114889 103511 110083 105432 109662 107594 106967 111499 110795 107079 107657 109466 102016 128190 117335 107914 109484 115380 107739 108458 84417 107154 116937 80984 101740 111266 107435 106959 114931 11198 105827 108950 107132 113149 108307 110919 107286 107152 106562 85188 108122 109626 111421 110487 103087 110647 110959 108668 110937 103293 108110 107157 109739 105519 107071 111586 108453 106982 103513 108993 107613 94306 105839 110994 110149 107724 108835 111932 107028 106582 109488 27113 114058 128220 102027 12280 109501 108493 101589 111822 110740 112811 108129 107755 106650 2000 95880 107586 105860 112839 111048 107999 107078 109232 107834 96883 14355 107920 104039 112817 107869 107748 110271 107163 109211 103559 108523 114907 109253 41803 109270 107192 108165 103303 111053 109510 110655 103312 109540 108013 113243 105794 107527 107364 110652 109285 107224 11313 109547 106999 109568 107431 108022 103869 109245 107000 110364 16115 102129 110147 118489 107961 50206 3679 120479 108116 105192 109646 102221 109299 102264 109757 108234 107088 113669 109674 107897 107419 108874 103596 108488 109311 105622 103319 108133 107321 127919 108187 8901 107991 101823 107660 109319 107135 111943 117366 105867 107236 105886 109693 115206 7867 107994 108565 103330 108182 108220 11469 112093 100806 109710 109869 107579 9234 109925 103730 92841 120195 107438 109422 107334 109523 108581 109857 108599 110365 99121 118287 110434 112864 107246 111230 102289 113106 101347 85213 111936 112949 107529 107863 109864 107010 110470 96780 96808 109867 102851 108608 102340 108238 113590 107167 109942 107230 107217 109637 109526 99916 108900 107446 107032 107066 107977 119370 108637 11495 106836 110571 108259 21059 104830 10659 99815 110558 114430 97365 107206 109644 107253 107361 139855 107964 101867 115865 107258 107798 109041 108451 132059 102378 103268 107549 102423 107261 111848 86027 109696 113187 89133 108146 108486 101529 7830 110670 106289 109106 103354 116891 87168 103426 49039 120035 102945 109987 93475 109385 107617 109780 115432 108247 118459 106624 118487 107646 111552 110112 112345 102955 108014 107362 110608 104054 107498 114414 105413 108265 105992 102611 105022 105640 107612 237 107681 18022 107702 109318 109532 107375 105668 106046 106150 109590 118623 107378 21095 111107 107384 110673 107393 110659 108638 102382 106201 107614 107736 109762 108333 92863 108857 26625 107757 110133 104309 108577 103615 107809 103631 119728 105945 108671 107857 2009 107444 108680 107637 97518 110699 119748 113283 110548 33724 113255 101745 109946 87277 105527 42288 107302 103653 109597 109681 107324 118732 86080 115751 103836 103946 108112 107460 109970 45534 113365 108279 112027 120354 110077 114459 97556 107535 109941 107978 103701 107425 105699 14374 105156 106280 105441 107433 33633 112640 110756 109967 110773 106895 107467 107903 107345 107853 107473 107910 16224 113716 51041 118907 114647 81183 111085 120972 107482 111522 110626 110788 103331 110830 109977 114615 103391 106909 104326 107516 108408 3253 104079 117074 105526 113970 109781 107274 102666 110771 101491 115383 69911 107572 108910 108278 107598 108194 108180 107400 112527 109125 111664 113545 105574 106282 106699 110090 103742 103074 103445 103450 106064 108761 109588 108117 105720 38901 110779 102547 107987 107928 114121 108000 3476 10680 109786 93358 107712 109291 111075 102789 107921 108931 106459 108692 107026 61827 110949 107818 108007 117373 103901 113464 109754 104707 111105 108717 107946 7473 115794 129357 107923 104010 107929 103507 108073 107124 110828 111156 107260 101644 32482 90380 107618 101849 104026 20919 110776 76277 110246 2991 112935 100216 114971 110870 111180 108163 105729 107972 115023 109726 97571 108442 107328 108790 110020 107973 110152 115121 113680 102062 108409 107164 112819 107603 103751 110783 119583 107626 103523 103845 111214 11308 107398 110167 114319 109157 110170 108829 107976 105767 105739 110055 35330 111348 110072 108106 110928 109436 107450 107476 108447 107680 109482 115136 110840 110059 110105 107624 59182 107992 110951 109671 103857 107675 106328 113715 108840 95676 111356 111138 113496 107679 110065 108024 107197 107848 115545 105771 115165 73109 103064 110227 108870 112090 111185 110058 110915 104143 119833 3072 106554 108990 12705 108528 128633 103662 108203 103584 97773 108053 108005 108153 108344 90672 8544 109017 104080 103902 115198 110110 108176 115221 104248 107743 107713 108395 108366 110122 103671 19202 110251 111571 121817 110270 106719 115598 109525 8553 109018 106673 104093 110978 110940 104027 108210 110177 111264 109163 109084 107769 110199 107170 107981 105149 10447 108090 122229 1141 115324 104213 109105 103861 107887 108448 120149 104344 110758 107674 115608 110204 110207 110383 103075 111379 107737 94232 108533 115805 110411 115301 103920 119911 93690 109027 111004 111049 108245 109711 104433 99927 105784 106869 108357 112675 110855 105770 110237 104473 111158 68397 111769 103200 111015 103916 109118 107341 104017 107871 107814 104004 78029 111456 108157 102646 111457 107821 114426 96022 110241 115306 107945 105804 112572 108217 109217 108571 18503 94145 131469 102680 107879 111962 111318 111460 111027 108124 104611 102087 111081 112247 102151 108288 111031 108570 9222 110217 104291 111474 115410 108264 87397 109221 119667 97969 108296 109235 107862 117501 80248 113886 104028 108576 107983 109676 104662 94418 108664 103208 100664 108313 108379 111780 113951 107912 109239 107968 11497 103973 115433 110298 107355 108460 109255 108901 108300 104740 110417 102364 107241 111633 108331 107944 107733 111676 104946 108243 97158 113508 113631 107499 108012 113742 110461 104522 109080 104014 109438 103992 104123 109259 109688 108966 108351 108330 106879 108495 110103 108339 109404 103255 102609 111245 105309 98104 107958 110883 105828 109258 107347 111743 108285 109750 115869 107001 130189 106994 111310 106215 102776 111162 108081 110453 108118 109815 109051 104629 21288 107445 111438 108645 108377 108302 111576 99808 111415 19891 108439 107392 108513 107590 108038 113209 107718 105577 135207 110504 104111 107997 108431 87568 111715 114685 114871 111659 105915 109451 110521 109293 109298 107596 111821 108066 108705 4382 111713 107138 108516 110258 108356 113675 111914 108641 100102 104118 198477 108491 110580 109793 108708 107792 108315 108739 106291 108107 94548 107794 140820 104125 104556 108643 109858 115492 107483 104658 110266 108454 120181 108214 123662 108538 108325 120191 110363 121109 103279 108555 111646 113685 109495 107600 111312 106347 117691 111721 104670 107695 104058 107096 108358 108419 103278 121590 107815 128762 98236 108248 109509 112642 111123 108564 115532 115556 108722 104347 107533 16453 115627 108406 109514 114341 108832 109823 110176 110322 104516 102237 112189 107541 115588 104602 110787 110609 115679 101034 108865 109339 116032 115700 113806 119981 113407 115743 109904 116087 112547 113824 108593 104510 104659 110677 21392 109944 108866 110369 107822 115653 98203 8798 9475 109954 108818 110693 107777 107856 110789 723 107776 110107 104169 108892 114252 107745 110370 116115 114553 107177 107858 101505 115887 108045 107925 109551 109835 142065 108499 97674 109687 110895 109840 110714 107908 109717 110135 107940 113543 108521 116130 108573 120096 107975 109350 110404 104576 103316 108647 115988 108075 110705 109960 101367 114304 113573 110014 110896 134034 110335 108733 110848 111724 107781 108986 108202 110876 109167 114782 106019 111730 120414 114326 111838 111689 110405 108683 110818 109066 104170 107228 105782 108043 107984 109182 109354 110927 110724 113681 108588 120477 111171 112801 14534 110857 109094 108713 108801 114619 111735 111343 108411 109093 111786 104746 103357 110772 105654 108522 108227 116347 107986 109407 119400 116472 117585 108826 109376 111826 111070 3096 110074 108655 108334 1188 112653 110902 33009 115010 104754 108019 111209 114454 9313 108426 111470 108550 111562 104212 104647 108663 70956 108310 104332 111580 108763 104763 114457 110401 109423 104233 111275 104460 109426 109486 110961 111387 108850 104519 111830 108787 10677 108814 108620 108667 106135 113804 15081 109586 104341 102733 112820 108048 108810 108065 111594 110822 104784 109721 110413 9336 104788 113811 109199 87687 102845 111753 108359 81206 905 109748 112924 104981 106349 108051 15548 108067 111948 51284 111259 110982 11588 108094 108348 109128 109224 110081 110440 104586 108557 108096 110182 131998 20925 111787 108127 105034 105566 108693 102802 108580 111605 108191 109841 108505 108349 118243 109246 108969 110209 108237 109850 107557 110189 108778 110327 101716 108714 110433 109144 109875 103457 111799 57049 104656 108147 98241 109196 108842 104680 98244 108596 105023 29064 103829 110222 109296 111500 108369 108743 111813 111036 104761 111596 110481 121100 109887 108582 5990 102856 94595 108465 98309 116119 115852 109930 110936 108748 111971 108762 104514 109891 111673 109499 111112 108856 111363 109583 108140 108197 87128 111701 108858 62381 114634 57287 108539 105835 110489 109932 111017 81172 106257 115016 111865 108148 110505 108561 109277 108609 110518 110009 108769 110623 111113 110824 107901 108175 102269 108752 42567 118734 111420 104816 106722 105320 108895 114691 111007 110519 110315 108788 108802 112207 104688 105050 120011 105206 133071 105892 98289 116153 108653 110438 110529 105849 111191 108170 108215 108189 108583 108230 108864 109044 108907 5726 120858 103291 109792 116549 108274 111450 116154 108915 111953 109200 108918 115025 116045 108631 116300 108193 94649 108920 103834 103352 110550 111203 108651 111582 111880 102986 111065 116167 108370 108595 109545 110021 108933 111927 116559 57735 116414 104811 109801 108208 117333 107178 1522 104842 106391 108929 105965 112186 104431 109613 108917 108292 106864 110556 116993 117820 108974 110036 111248 5442 103997 110076 101046 105253 111087 117162 112058 109117 103547 111267 110154 110618 104807 111315 110620 121102 110100 109242 105718 110667 21648 111768 104855 110746 109844 110240 108922 103100 111249 117622 108320 108958 116689 110146 109003 111957 110089 110660 108666 109723 109169 9504 110878 111817 111427 110157 116263 120629 105433 116951 109808 109365 106874 112883 110194 110811 107564 108689 103132 107599 109409 109257 107957 120969 108766 115713 104821 112253 109215 109049 109852 108925 108923 111454 106062 112424 98361 111170 111845 108940 106088 109227 104849 108327 110625 104879 109268 108740 109067 109440 110886 112506 109131 105818 104408 111253 116611 105708 108956 110838 111160 104863 111886 108963 114729 11712 102724 108196 111607 107725 111913 105855 112054 110202 109007 108965 108987 109429 114083 104937 87341 105270 110214 110630 113131 112573 109038 110203 108823 111409 104851 108340 104976 111952 105425 109104 142294 108578 112316 109054 147271 111918 108999 98408 105063 106008 117139 106120 111233 111429 110684 101469 108855 119127 111980 104599 4487 110535 108579 103260 111934 111507 112024 113295 110239 110685 112030 108777 105072 112175 112087 9349 109011 110257 110716 115132 109980 112213 109053 106220 106250 7477 111566 116666 109813 108891 109016 108222 112239 119903 111300 109566 110888 108352 109069 104604 109800 114739 108782 95427 106398 115427 110303 103607 111332 110899 112377 108967 110272 108476 117109 111374 108831 110310 103897 111754 109703 105458 104701 110910 108418 109832 110213 108031 108345 115945 112156 109116 108551 107022 109283 110348 106418 103394 109288 109089 111309 103728 11875 109294 109099 117521 15151 111792 110353 115972 112041 112157 112046 112122 112665 36115 109295 113755 109028 110231 105225 111375 112481 76955 108069 109309 108164 110308 108968 116678 109151 110341 109908 107159 108624 89456 110357 111892 108988 110095 111088 121214 101994 110390 107576 104795 106571 105319 108998 113376 112159 72031 109175 109570 123737 109005 109037 112430 104907 112162 118064 110690 110793 112221 109917 116697 103136 98351 109929 110477 108449 116435 109584 117124 112197 109040 110006 102548 109082 110490 111272 120070 105380 100226 14867 110350 111912 117310 92195 109059 116703 112717 114727 87746 114300 110549 109061 112268 109321 112274 7081 109085 110358 111365 105393 113413 112500 113462 109180 110806 112179 112252 101608 10937 110522 109096 110022 103772 102004 100406 115513 112254 108469 108225 109446 110374 111078 111090 112530 112429 117017 110491 96878 109076 109406 112536 110656 108456 103976 109752 109111 110067 117242 109112 104167 110688 109241 110093 108249 108361 109408 113031 101799 110397 108848 109087 112322 109621 108540 109310 109351 110138 110524 106419 124124 108568 111419 27843 100278 111430 108674 118191 57896 112699 109064 120245 111431 110178 109297 109325 110198 112273 109357 121263 13284 116221 111121 112327 105123 90984 109416 108509 108514 109126 112651 3232 100373 105399 78150 112356 109142 110812 110858 109445 109470 114755 113480 102162 117639 110819 109153 106591 116834 110254 97304 110031 112366 109522 100513 110259 110400 110299 105404 105522 112381 109707 113678 110873 106486 110598 111493 111125 110555 105412 109430 112394 109109 107948 109155 111468 109534 114920 110260 108675 13737 102166 108698 111931 115007 110882 109472 101814 132923 117113 103264 109543 103799 122778 106625 123698 123914 103989 111568 75582 108531 109729 122356 112914 109161 110581 109176 105144 111573 112389 109223 238 114017 110640 100541 110587 112672 115228 109249 102402 9656 88729 104018 109537 110328 19277 112250 112745 125081 109290 105535 117379 112405 115263 114033 112780 121763 105579 114631 104216 113483 110672 109873 105674 105743 108226 109252 108541 105875 109557 108544 3304 111024 108177 111190 121409 111261 105424 104398 106048 112922 110378 108554 106811 111134 104254 108055 112265 109292 108880 117899 78270 108256 112889 106261 110933 108204 105676 109585 110942 111577 110044 121711 114208 115365 104620 108642 110960 110983 87446 112433 77748 94722 91782 103482 112906 111601 111143 109393 111194 115483 109332 105746 117550 11825 105764 112280 110678 104973 110643 109606 108662 89522 119154 108710 104626 111496 117142 118376 124261 103914 125318 108720 9755 110377 104983 89447 105235 116659 112400 106429 108206 110679 128812 108751 106465 112452 109579 111265 105011 110759 109271 113077 106006 108765 112460 106601 112942 109063 111938 111625 110057 115491 109609 113854 110347 108619 138191 121852 109396 112961 104637 118055 110966 111306 109394 108672 90019 112521 110060 109603 108742 109673 110421 114237 109633 119204 106923 109645 9520 109475 115539 111476 112399 105800 110386 116390 109659 110764 110765 105093 116482 113178 113049 106483 108770 113367 111662 108836 111018 109327 105067 111680 109493 108872 109735 117486 113161 105814 109767 113179 111353 40314 111695 111745 109651 110460 110180 110517 114828 111208 110261 108904 118444 114228 112524 105239 108877 98439 111000 115589 120474 110097 108973 108878 108525 112172 108914 105554 109411 121896 112307 121082 105605 97714 109915 110317 138831 111376 124333 111498 112402 115077 113580 109496 110808 109505 108221 112741 112526 113488 112571 115568 109524 111550 110422 102297 110523 105249 18212 109797 114777 111620 110423 108953 111412 111033 105819 112923 110768 110263 110627 102571 108615 109019 105906 116820 115054 111441 117581 105758 11847 87777 111685 118466 111484 105345 105928 115597 117168 111750 109024 109966 109556 109670 110278 118750 113297 111797 113718 113125 112712 122265 109072 106010 108897 98173 106437 109742 110566 109981 117176 98638 115978 115641 106588 112615 111774 110737 119761 113234 110593 108772 118589 113336 111916 113075 105314 111508 110810 109581 110040 114417 111986 112306 121470 21437 113154 109074 103552 113195 35942 106020 111512 108626 33386 98459 122304 108854 111297 106736 106759 122474 111455 111094 10709 110612 106937 118696 113235 7654 112578 110815 109950 111100 110782 109497 109083 110703 104948 112358 126008 90281 113358 103591 110965 109592 98685 123216 119830 109119 103633 110099 118541 111005 112393 110293 108884 111010 111354 117667 108946 111490 113723 87806 111565 112382 109162 111150 109575 18978 109203 111176 95754 109759 109805 106984 121697 113110 110185 97638 109563 118387 110297 111687 117305 92367 110594 104665 105968 111956 108572 1217 57473 109608 114633 111987 101873 118759 109666 109635 103648 105994 111012 108944 112661 109993 72774 117184 5833 110128 111016 111072 110754 105114 4062 112669 109679 113426 117376 118906 111394 112767 108321 117389 7097 109113 111991 110318 109672 110155 117812 110835 110877 113384 110604 110719 111077 110777 110134 115999 104193 109160 113568 106022 129394 108532 117843 103515 110784 118971 110326 111581 110891 109684 109733 112025 108960 106065 112039 117401 109213 60057 115702 108534 109029 105938 112918 727 11698 97968 113253 111155 103791 109736 124945 118194 111195 106054 105967 109777 104075 106104 110694 6327 111317 96140 113172 105080 109718 111575 113392 109769 20245 147292 113211 109233 106074 119974 107149 102767 93454 109000 107168 110884 110137 124964 115971 89275 109273 115127 113563 109796 117628 87839 113212 106172 109276 111471 113522 111600 89881 105294 119156 125088 110340 117193 112778 110834 105993 114753 104553 110361 112539 109811 109836 107181 111639 90429 109012 109824 107239 42489 110389 110457 116067 109132 106269 122718 112670 109837 107584 117824 111700 110540 104841 122783 110890 112781 98696 123063 109172 106216 110427 19318 110444 98809 110945 109855 112097 109065 110526 111178 110499 106039 115406 110512 112802 106544 107664 111712 115484 111424 109225 105085 90114 118493 111751 110774 109772 65546 110976 109228 113293 112128 109903 115502 113646 112142 113725 105698 98732 105406 110531 109278 113410 112546 113260 109862 2994 109897 112814 115936 113458 106128 112148 112909 106934 22118 111197 112873 113733 107585 92352 109900 113761 109902 109331 113134 109254 110456 103605 103314 83505 109281 111802 105436 116149 110575 110706 110418 109913 112167 109847 106348 109936 110015 117835 111818 110728 106199 106273 112205 116210 113690 7994 112952 110729 113890 113968 76479 111061 111104 107349 109315 110723 113268 111196 104997 112497 105643 105010 108548 33166 109302 112618 57436 112929 109346 113313 112329 103341 107179 111843 6398 111863 110601 109362 109956 100617 110809 114389 100637 109481 111056 110874 110497 117249 111872 43583 109402 113557 109969 110875 111213 5669 110000 102338 108283 110632 111250 111882 113460 111901 119976 110704 105200 111258 92619 2013 110011 111270 116431 110731 112285 117984 98189 112955 117425 94616 107436 111941 13089 118290 110727 88084 10835 111063 111285 111291 111221 33646 113735 111968 88138 98752 20975 106374 110033 110048 113479 112984 108594 106239 111247 110035 3104 111154 1250 111327 111373 57747 20670 109962 109307 94407 98476 2236 111333 105727 109471 110047 113352 108621 108661 113550 118579 97055 90668 125807 118726 102873 111043 119326 112581 105129 112756 111988 118730 109491 12184 7678 109886 137054 110516 109492 110063 101938 106238 111044 110165 110172 106421 7518 111050 117451 110799 112788 110226 105460 108795 111239 109316 102345 109498 110739 110760 103495 109521 112013 109951 120065 88283 111368 116563 108797 113812 113575 106241 110761 105823 105461 111399 112335 107795 105283 108994 110188 113439 110803 1703 116644 110218 110733 106943 109317 108008 109611 113587 110232 112831 106489 43678 110223 113074 13602 111046 110962 109374 111377 110846 111361 3327 118353 116953 111073 116667 109042 113973 110292 111116 109636 109413 113784 113983 113802 111998 112098 91600 105366 105213 118736 106510 112921 107420 110829 110186 82259 114496 111188 112083 111122 113905 111859 33660 109959 110200 76670 113610 109565 112068 113875 122798 113643 3185 105216 107249 111437 106033 111136 114010 111945 107620 111446 118559 112585 110324 109749 113650 109567 110376 113138 110881 107271 110245 111390 119420 111152 110893 106327 110332 112112 113790 111426 105831 117826 113928 111453 110287 1438 11795 106375 109998 100981 109865 123145 111175 111313 113752 58665 112990 110551 110130 111179 114608 113864 112934 116339 105866 112649 114071 106402 116699 113862 78054 89005 112091 113455 111497 111207 111583 112177 111589 111597 119554 109594 109866 113169 113959 114464 111173 110153 100636 112347 114013 78563 113756 112667 112094 111722 111414 109842 108813 116798 118936 114618 121379 110573 111491 111725 110385 109612 111212 115592 103652 13619 113207 107427 119427 110973 78811 109432 110633 113230 114085 110395 79883 112103 113923 116739 117704 110333 113683 111229 112126 116804 36651 106792 109625 111206 110592 114090 112419 110338 111321 111234 110502 113245 109456 110638 112131 112193 118855 112206 114091 109715 112019 122901 112256 114133 111727 112108 102575 115992 119589 107872 105442 109457 111765 111237 88613 116859 112704 8622 110410 111729 111252 114164 112372 98841 105480 111263 50071 110201 113427 109618 112635 106897 123099 110676 9423 111515 120313 114195 112696 109937 119442 112264 115576 119734 110642 117853 115810 114274 114062 106528 114097 112750 105514 110637 113327 111281 123248 111749 3074 117049 106440 118272 110424 111782 110205 105262 110004 111378 107644 111814 814 105562 110503 121945 112286 102517 119862 111514 110206 105568 109622 114101 111827 81328 125118 109133 109464 102820 112310 109953 114728 112804 101014 113445 148087 117083 109623 102869 111501 110034 143996 107344 114742 106564 110644 109642 112884 113759 95792 119672 111326 111841 111839 91233 109905 111615 110311 3194 134331 119864 101885 107350 103072 114207 113015 105626 104077 91372 106487 113194 98615 117084 111842 94627 113605 110291 111013 109963 139829 113894 106912 117771 110649 111718 110901 22484 110930 110780 110380 107878 111388 129766 110356 99151 58718 122436 111531 111395 109914 118614 110285 111383 111790 112379 107365 112374 106770 111556 123151 107377 110416 123193 114794 110867 107396 109691 111525 117881 144680 125146 110653 111042 111469 111528 111874 4760 78968 112361 60417 113197 111928 101911 110661 114144 114427 107881 110741 112391 111891 111699 123205 110294 73586 109732 112428 115884 114266 110750 111587 111946 109985 110025 111634 113456 111546 118758 112972 111648 110003 113542 107428 105647 110447 112703 107366 107437 103183 113492 117337 110849 111935 107442 119076 4601 111704 105312 109264 111096 117493 107501 34045 107045 116079 119286 114238 114209 113620 98720 125904 114812 111733 113627 105657 113206 89206 111655 111954 108618 106663 103277 117085 110730 105658 112414 111273 114005 117953 120420 112472 110889 111656 113595 118008 119090 109269 110751 110702 59173 105912 120034 112495 112002 99249 109984 105665 7173 142470 88587 123211 107514 6441 112426 3952 110763 110880 112440 111398 107812 116617 110732 113691 111967 123232 112728 110767 5552 111660 111425 90422 111773 109990 34226 111806 112796 111976 111810 120038 112011 111623 112018 106079 116151 106292 106618 112739 108890 95468 106512 60738 119397 114219 110005 4409 111067 110790 101025 111812 1106 110833 117013 7265 118392 112512 114234 106412 110662 115840 107491 114269 119769 117232 110330 110543 112070 112138 114149 119774 118646 138200 105684 123916 118997 109427 114294 120163 106787 117959 114301 109558 107520 106043 114278 112553 118245 120441 112032 110032 110900 146222 110975 115080 119022 119057 88689 106846 104455 14185 111481 110997 117152 111487 104538 113702 110794 112490 117536 110016 111895 97308 107521 103610 105667 110352 118508 112143 115454 114348 112380 112545 110805 106616 105816 120450 110990 109831 112035 115464 119091 112552 112107 110816 110862 111505 103710 112063 125969 106834 104575 8333 42017 111578 60912 111008 112575 110859 117283 113743 59721 111009 109562 107063 79263 105683 111603 103996 115744 112584 114334 112597 110864 21396 13705 112301 113995 111093 6261 112834 112671 119213 21500 113303 106118 123357 112161 111034 115822 111840 111919 118296 110305 110671 108712 112718 111551 112458 110366 111479 110042 10836 98895 10988 114339 109628 112445 114836 113020 111975 119567 108815 111051 112470 104303 111035 107072 114222 111852 6652 74158 113562 111888 123443 271 114429 111038 4609 106641 112776 114422 112777 110988 113807 106546 112789 104446 112283 110053 104766 105689 120027 111981 117455 116303 112818 114874 104979 95863 51317 112220 112466 111055 107595 112468 115839 107947 110866 14889 113944 114523 108044 111889 112611 124301 118574 107101 111635 114008 46238 104497 13833 115859 110192 111547 111584 111897 114470 112119 112595 106005 104389 113035 119341 110478 112176 64592 113100 126442 112341 104990 3960 107301 110905 113045 106164 46315 60016 112240 110907 112404 107890 114055 112558 113913 74999 111593 116176 111076 107970 112469 112822 111619 123449 28645 120554 113581 90417 115996 110012 123976 114092 110131 107067 105858 120766 110921 5591 68434 114361 119465 110924 111184 80232 110051 109686 108954 112340 111084 108011 114882 108054 108058 112425 112827 110939 116276 110156 107629 110952 111663 114581 109519 112516 112502 111910 112849 112763 102523 111929 111014 8696 112519 5962 111990 111062 123685 39188 111993 121484 112589 120412 109527 114102 80433 118902 112795 112309 112853 112638 111631 108119 111677 113320 106768 114370 123818 112204 110069 111089 106808 111653 112544 112850 111111 116409 112001 9354 103280 114373 2014 112576 105871 110288 61189 111091 119545 106181 105941 111130 109870 112067 112272 112877 104445 111110 111694 95912 112095 111747 112557 90617 112881 62840 112991 20713 110443 111101 106343 114917 14945 105955 106345 110296 111145 113008 111705 110454 34315 3196 112603 107636 105989 111148 114653 108435 116576 96045 104628 106629 114204 108056 110334 109896 109388 111163 119562 105848 106179 113009 3647 111757 111169 107655 120547 109697 117565 109097 106556 111181 118904 114930 117543 51505 108088 111784 113625 112076 106251 118913 109395 114404 114683 112619 106286 114923 112117 106093 111192 97799 111216 120555 119617 111815 119102 119692 91619 119881 37854 112927 117591 107329 108143 104661 107810 112081 106809 120558 107380 116626 107314 99190 104988 120244 111917 114932 107406 114999 1280 114524 107426 113126 117351 98487 104717 111202 113033 106728 111198 119913 103411 99703 111983 14992 111215 112350 2971 110463 111167 114750 98749 120816 119767 111516 115002 113144 106730 112325 106109 117645 116770 111231 111240 110894 117131 114505 125426 120965 112114 110474 106890 63700 111045 112118 111283 107658 108179 111097 109469 109874 110488 112219 115008 12542 118550 113626 111238 111337 112230 114911 114587 111803 110119 108198 111328 103571 95940 114786 115012 111254 110619 115092 120117 3790 115517 112629 117733 113071 112385 106815 114985 112647 111260 109728 106771 111342 105963 111288 98901 120373 1949 110190 109996 111320 16832 112450 111011 105901 106538 117941 111380 111314 108253 113257 106203 113092 107950 112282 7844 112229 106158 112311 106268 115120 112459 107002 126680 105107 113292 112664 113276 112681 115183 114879 110359 3263 107758 112657 112673 126893 113700 112659 106860 90778 111878 114994 112701 99272 112105 115006 112691 112368 111330 112491 114226 112697 112015 121599 120377 113380 113121 91827 110084 111404 107111 9378 114388 106898 111336 112407 115980 112706 114989 110061 111697 92194 118042 114245 113201 110681 99659 111338 112043 114003 111349 115094 111410 111350 112711 106400 112163 22675 105489 96016 115098 111720 112785 120990 106920 112493 113401 108916 107461 112410 115009 112523 113390 112714 114391 119194 121074 111816 106178 118656 43851 107523 108319 107191 121137 51148 118022 112535 112715 111401 107023 112507 75687 111465 112560 113047 112417 110476 98584 44647 111937 112721 123971 115191 119319 106308 112726 113231 112617 99890 112337 108332 127057 110561 110745 110853 112732 112568 112028 121496 106232 106463 109795 81486 108364 1966 101163 101237 112751 112823 110068 107573 114475 112841 108424 100556 119367 108480 113124 113189 109202 112798 118078 99509 112441 118095 115879 114310 116650 113744 107060 113405 107543 107082 120882 111082 111440 112330 111861 112631 107771 108484 99566 121016 6616 115213 112000 113277 110885 113829 107546 107597 111482 124046 6837 118675 106541 113301 114408 124090 108881 113487 113927 115242 105054 108560 99437 114577 105032 112513 111640 112577 107205 9767 116889 112765 115542 111305 112833 113727 114574 113954 127922 128048 107627 92577 88778 112845 123116 6292 115040 108632 120381 92748 140116 119557 113355 113282 7964 115235 115095 114666 111463 110914 107448 108919 107685 109267 112648 115241 113411 117475 100068 113502 124315 111360 121116 113792 106480 117827 112857 113731 100741 118124 116944 112652 115758 124536 113229 113630 112492 112084 112731 120429 107630 112838 106653 106670 105095 106944 111416 113296 112010 111492 110574 110113 120552 111408 115254 111606 110331 115316 113770 33349 61226 101040 112089 110144 111480 110762 107526 110603 111444 112494 107670 113519 114696 119463 112868 112437 101837 111485 113653 114108 113548 106204 113640 110775 120580 110151 117348 11023 115101 143748 115387 115479 112768 109322 117678 108372 118322 105223 119699 113417 112666 111459 112902 111478 111370 116503 110617 112387 113344 112151 3817 112856 112910 107727 108939 112904 112895 119684 141279 121609 112771 121832 111654 113415 113497 110277 110329 107188 111657 95322 108996 112915 105227 107837 111709 113720 7013 99636 110132 112185 112605 115471 107571 110635 107285 113774 113737 112919 112511 112938 115995 111517 114004 113552 114736 111683 119534 112085 111561 115251 113021 113753 111966 112947 119707 113434 119737 112956 112792 113435 111665 109816 46179 113769 113123 115156 105716 110926 120615 113463 113477 112136 110967 112959 114769 107376 113798 114937 112962 115222 107257 81885 112023 114789 111040 109342 111588 112757 113816 112813 112170 113739 112171 112846 116986 111759 121183 116894 107988 106000 109020 115562 119731 16841 114214 111761 118324 108093 116012 113826 108410 114809 113647 111205 112713 115926 107339 115932 100241 121890 107846 141500 110426 110711 108200 112137 113470 111764 111355 118554 116128 113856 111624 111808 105280 111811 113925 105510 110162 109560 99942 112339 100367 109305 103755 112971 113551 117140 110479 113917 111629 109549 108758 112154 113832 111902 107729 111684 111825 112982 110792 121186 33613 113182 112559 112985 113837 113287 117027 52437 121912 117164 113657 113001 111339 117278 111630 118829 109081 115310 107190 111439 91756 107397 120716 104834 110148 111738 118863 113026 113117 119751 111858 100545 113652 112199 111887 111595 111984 111832 113930 118885 119870 114943 123253 113966 109090 111672 116245 107208 124325 100685 111703 113004 113897 114960 121229 3373 110538 111819 12907 121194 111407 114984 107965 113656 107430 134683 111899 114078 108137 107434 114096 115696 113089 107313 75867 110507 112590 111785 116005 113216 113985 114991 122167 92870 111955 105630 110591 115104 120442 121490 105660 107453 113988 112655 100736 112164 111690 113307 115115 110391 111462 113139 108144 122166 128234 107226 121534 109050 115948 114024 124606 113018 109098 113037 111716 116162 115261 113943 7142 120763 111995 115538 107469 111617 125860 112262 119196 113947 113198 111117 108035 116314 112783 115274 7147 113028 111857 110316 11431 107779 113984 111871 113091 113226 119252 82249 128222 107474 113233 113498 113043 99096 113105 107518 111147 111964 54693 114029 119414 112293 112328 120791 119565 112411 112371 120843 89605 109114 112901 124361 112442 105865 107550 89658 110665 112038 116019 111999 100937 107591 114047 112473 101018 108422 111758 120875 113199 113147 113151 114105 114152 114190 112007 108049 112061 113239 107764 110778 111746 15853 113163 128836 113732 107633 113265 114132 113279 3404 111518 111220 112784 107783 116041 114446 113290 108589 114127 111371 111970 5835 115835 112803 115122 124396 107404 108126 115159 108275 115307 122370 112037 122462 128447 115283 107671 113356 113834 107673 113342 117029 151416 117801 112810 101843 83044 122115 109683 114785 111228 8393 113202 112145 7114 114205 112305 115866 129270 35071 11943 114635 115210 101971 109147 107682 103110 119933 108318 114677 113922 107625 115268 112451 114284 124436 108276 119509 113221 108962 112475 116250 107705 120887 115331 114151 113076 113768 116256 115346 206 112485 112178 125892 107956 111763 107766 113262 111555 112192 108519 112626 112195 511 114262 116204 108111 112235 113504 120127 105884 111783 121550 107780 110582 112246 107560 112643 113932 109247 113274 107788 29518 119561 113393 117354 113956 124425 112682 106337 115379 110798 113538 112945 108168 82490 115332 114331 113308 112561 113236 111831 105329 112223 116396 124780 109747 105517 143442 117435 122554 105768 119640 111413 108027 108597 113302 108694 113396 111835 113359 114352 111884 3287 112146 115431 112957 117439 111965 110963 114384 113391 119914 112269 108757 115413 115441 113056 119926 113068 113304 113165 111520 114355 108977 114139 113311 111903 103678 112686 120906 114161 113989 114264 113428 109178 105952 114437 9990 112053 120094 114039 115466 115621 121021 109234 112278 106169 115507 113331 674 103787 114362 124854 79794 11191 111289 113382 1425 112196 119603 109115 108744 112290 113399 111610 104382 108183 4585 108807 113251 111658 113349 114506 101067 114897 106011 111894 121036 111618 114554 112866 114040 109601 112344 112743 113448 102212 112364 106824 113461 110847 112566 12140 110629 120174 113466 114904 112614 102026 113481 110668 22342 105847 92660 109340 112436 113486 112040 114941 114972 107954 109861 114396 108350 114399 113553 108228 112048 108402 104065 114080 108231 115738 115519 121157 114115 112155 109755 114181 113572 122477 108235 114570 115570 114248 115750 115924 121048 117460 120179 112538 106357 109168 108287 113604 108612 108755 113574 112779 117517 109640 113348 114129 113351 112893 130340 114296 101082 113593 109784 114064 123281 115633 115640 114318 113635 115643 113671 116017 111467 115535 115664 115620 43946 101566 108376 111714 4258 117035 115525 100803 124867 113648 114411 109955 114480 116497 114271 113281 113493 109695 117714 89916 113366 109349 115642 112826 116620 113760 107883 115520 112903 108290 115534 123312 101405 113651 116145 59368 113644 93496 121175 113379 106453 113489 125032 112689 111448 112913 113371 114201 115718 129142 112563 20879 90804 108289 9848 114622 4063 108301 108303 108496 113374 112946 113383 108305 107717 111789 114947 115725 114279 108390 114412 124958 112930 115227 112182 112227 114155 109368 109289 107183 114624 113693 112963 112258 116556 113494 112808 114538 76742 100809 113495 104578 110046 107405 112049 114968 112515 113696 104376 113764 112970 34284 115708 125978 6047 114561 108682 113606 109103 82709 112291 115947 100955 121330 113667 106529 108403 108775 109382 112271 113449 113740 121399 109397 112331 110289 110669 109014 110755 125030 109154 108101 112359 113329 114235 108436 114431 112390 114244 108229 111864 112194 111028 112995 117465 113152 113503 116639 125031 113766 113023 110769 125052 109002 112427 113000 113668 120260 109384 113828 112551 114598 107635 107721 110964 109741 125080 110995 108314 114558 113042 120751 113069 109782 107855 61585 105124 117019 114626 113712 114569 112897 91945 111114 109251 112989 115047 125326 112321 112320 108394 114627 114636 22491 116340 113711 114692 112999 109419 114215 113885 111908 109802 112012 120208 112413 113583 112036 112660 8863 108236 116234 125201 83433 109639 122137 108443 109803 112683 115917 106047 116638 113457 113582 114740 117020 114758 111621 101298 130596 107896 110039 121954 101848 122195 113889 109134 108511 110576 112060 113778 113614 108658 125520 113649 101993 112453 109725 117177 115957 118123 117230 109851 113911 115974 113013 108556 112844 114403 110844 112865 109737 111637 125685 120295 102989 115050 107850 120330 109356 112542 114818 114374 117603 117774 91958 115151 110909 114803 113025 115900 114474 113822 122422 113838 108627 111979 113029 113991 109838 100986 117863 115973 43961 110168 112555 106550 112693 113054 113698 113703 108644 1116 5980 113115 113665 110954 113721 116464 112807 115998 116279 131153 115231 113141 126262 107684 114642 108255 114679 116875 38788 110958 112608 113122 115275 117991 111638 115997 114894 53584 114168 119930 113060 113726 108688 112882 114297 113851 112998 120824 106584 111157 116305 118433 10100 121201 112569 112082 113093 113156 110230 110250 114810 108367 96261 130095 114831 111058 118481 113765 125795 112353 120879 122595 84257 113188 113261 90770 101023 108695 108723 110301 110274 109859 120084 113994 110279 132986 107754 83801 114820 115967 113848 121423 113101 120210 108727 110981 112449 108659 1561 118543 120934 126097 112077 113705 109459 114311 110486 108728 114059 113254 109872 114833 113797 108785 111770 113111 8171 112628 113250 114401 116343 121506 113842 118130 107789 108792 113850 108830 120212 112111 112139 7015 84215 121581 112080 114109 113859 111726 108701 121171 113160 117618 115069 29313 113109 113247 113857 130778 108633 102836 108706 116288 114738 117309 113272 113945 129480 113256 114393 114451 120754 90861 21408 113871 114844 116324 114211 116424 112477 109880 112487 114951 114541 114135 112198 116355 122850 115326 116042 2147 113881 117273 121555 114881 112202 112501 113754 122945 117855 83507 115185 46822 113883 106706 113298 112639 116063 113902 106693 108893 117736 108952 113948 110080 120237 113904 113950 65699 114925 109843 88446 114958 111020 107882 116166 114974 113918 122035 110114 115282 109282 116168 112510 112529 96316 120948 111762 114610 104650 114898 112150 112065 118110 109888 112166 109989 46913 113962 113271 110079 133285 113963 102157 108622 113924 93714 116077 21599 113113 115343 115312 113317 111529 108928 112533 113324 113318 103640 115429 115463 116180 120833 105075 115490 114303 114159 117762 113780 117326 115673 108749 114961 114067 108811 108652 110537 114995 114407 111982 92590 115031 108780 121219 112674 112719 114128 118515 95026 84396 80614 15605 120502 16101 112908 112742 121872 106114 109910 125533 115693 115067 116165 116506 108828 91075 84989 112298 123441 113906 115081 109383 113400 106189 115735 114182 108905 114438 104532 109971 113421 108941 116526 114184 122867 123038 117078 121251 104570 115544 115229 108709 118460 33961 112684 108736 113977 106500 118568 116213 114210 108981 114309 116238 122072 111002 113982 4081 103778 102208 113431 117235 115327 113450 116259 121255 114461 117383 116369 99113 116470 114183 110124 109573 114612 114036 114002 109060 113507 114472 108648 109600 114178 110616 1109 114695 113517 113531 92046 112168 107893 110568 109988 113996 121366 114236 123504 114891 116271 109849 111092 114239 117767 107759 118660 109073 85132 114263 1340 112165 126155 103788 108936 113771 113224 123755 116557 109940 126768 109403 116584 112549 112782 109478 112800 116862 12167 112181 112968 115020 114392 110707 111225 109078 101200 108741 115250 113555 114007 112580 106568 116442 92671 115797 120238 111131 115583 112591 110142 109001 116467 61317 104822 114504 114340 115760 114273 112632 66380 112363 112740 118634 113339 108898 113570 113624 110049 19155 112762 112821 109958 70504 105778 122152 108209 123766 104141 111054 114781 115255 112830 109487 116702 115347 114084 115026 114913 121587 110117 114027 118923 99617 96425 112338 113128 108241 121553 93249 121892 108846 108809 114394 110248 76890 103893 109068 114410 61563 114111 113785 115435 61738 112806 8870 114423 69040 110836 109158 114568 108847 121625 110320 112386 113895 112843 113547 110646 113887 112892 115287 16444 115298 118673 108347 108726 113673 112912 121411 91254 1347 84482 116537 110127 113418 112420 116309 8273 113291 117452 116310 120542 59626 105177 96790 115457 114725 112907 114065 108911 114456 116741 5842 114959 110244 8004 113579 116466 109136 91921 121641 122163 114095 116836 114420 115480 113978 114492 123845 115388 85481 115444 114473 118975 112422 106643 114122 114018 114500 112847 114313 113682 109363 110129 121035 111174 108852 11148 111737 113827 110183 113741 114028 114595 117408 119171 119300 106652 117427 109634 116928 66541 115478 114042 106795 11019 123543 113845 108889 112075 111211 119994 112556 114154 112723 114527 112261 111366 115828 114070 110996 103485 113868 120290 115548 119062 111023 92520 121857 112297 114969 92803 108894 113777 118044 66693 114193 124587 115590 87158 114604 114323 122210 112925 114255 113223 151141 110265 115511 112448 116502 112489 114045 110139 421 114103 112948 113814 113377 107036 115013 51533 105265 96484 111080 109218 116501 116669 117629 116686 141937 112730 117579 105388 113200 114501 112292 114137 114320 115248 121061 115565 114289 115609 112518 1166 121674 115035 113877 109198 111102 111381 109287 59770 113901 110692 115646 109554 115909 114022 121745 113953 22888 85582 123856 120306 111836 112981 114305 35337 115628 48541 94227 124788 115672 116748 114544 109230 15351 113992 109580 114328 110219 112388 101576 109641 108995 105888 114499 114012 115712 251 108592 114550 109555 114019 21652 114559 115722 109021 121434 127241 114573 126426 21683 69050 9695 112986 114628 114077 112395 110306 102980 8308 112564 94225 115730 113403 112695 113051 1992 114337 112431 114419 114056 111385 109577 111396 114592 114160 114068 114491 115740 114747 114176 114566 106998 122212 122145 115831 113357 106781 115748 115786 121757 109614 126572 116297 114600 109654 113010 112698 124615 115870 66635 112746 110337 104579 110979 114088 114203 91961 109798 108957 112752 115753 115358 110309 113072 112439 114146 113839 118491 115446 121260 119107 113086 119380 8922 115752 103460 115833 21717 4856 114150 116930 115888 118937 114343 115857 116784 112593 24418 115898 112700 12334 114230 112710 125596 120348 117002 113030 121562 122225 110344 109730 114533 105486 114441 17614 109846 99913 115918 97116 114588 114578 116027 116628 112772 115667 114364 115747 117023 92957 115934 121844 114485 115158 122227 111168 113386 121608 106651 112773 113238 113416 114224 115058 109364 115941 119089 106721 124814 78575 114607 116488 112790 116733 121637 112858 114548 116932 112993 115965 115756 115968 104618 110267 112862 116053 110441 107107 114200 113080 107180 119292 111853 114655 113005 1370 115790 112931 109358 114233 114314 111560 109602 112582 109607 118533 113011 111434 120643 121693 114359 117807 126597 114455 115975 114369 121723 114723 111187 114061 108343 116146 107108 39501 68801 107221 116205 116174 114468 116987 103101 117070 107336 116399 116038 107683 116134 114761 116183 116214 114227 117077 114530 114555 50894 11168 115827 113084 110636 108906 2162 116750 114162 114330 114532 114428 111920 114726 113058 116417 111193 116262 110495 119456 115911 111223 99849 114681 114196 126734 119949 115787 114597 111800 114576 119101 112141 117559 94937 107233 114638 114774 115088 114336 109665 48222 28840 114590 101651 114191 115969 113586 112832 102007 109648 97650 124992 109092 114632 113066 111307 110527 116244 109036 114093 21718 111942 113284 115977 114197 114640 107294 92135 112594 121914 102247 117022 113140 116370 152116 114697 104764 113676 117885 113186 118518 121760 112900 121787 124652 122098 113150 121834 114793 116018 116156 125875 116406 113219 119126 92167 121875 114954 110312 107343 116035 123923 107243 114435 117821 111563 114528 19868 114744 113185 116511 112863 114965 107408 114535 109045 114806 116796 120357 115044 116513 111372 105891 115107 113259 109972 112621 114830 94811 114258 112211 117091 112725 113190 110796 42080 114593 127007 114400 117167 114839 110368 115798 114333 110682 7058 116015 114385 5664 113052 111544 113053 89284 113335 111284 116074 104872 142798 114460 113299 111944 114641 114854 131448 110766 121365 114443 114886 115202 121942 111969 113222 114885 92336 89473 111548 115140 113786 115270 115686 109882 109848 121946 110813 110468 119174 114887 117243 110841 111352 121863 115493 114450 113273 120267 107440 111276 114763 116121 113237 113306 117280 108980 114048 113305 116661 109982 112876 114757 122330 117332 51211 113343 111570 114465 117062 116131 113490 9921 114482 112891 115150 115172 111527 113532 113419 117229 139883 112967 114484 102373 93897 109615 113285 106147 114900 120406 113589 113430 114646 113437 111642 116197 107953 110510 112267 114759 113048 105325 114890 117151 113064 117384 111989 99991 113360 124077 110916 116725 111661 113444 34342 109193 117421 120793 116203 110536 116135 120808 61850 121961 117831 114549 113619 112760 116084 116158 114916 72541 114509 115188 114779 113447 111781 114720 114842 142774 94070 114308 107363 113475 120323 115498 111926 113432 133773 124732 125370 111679 111994 114849 113609 122083 114850 114156 115043 116529 113500 110932 112478 114935 113505 107522 116465 109201 113065 113314 105567 114792 117954 109220 114542 113576 114378 108979 113409 4353 112022 107272 110664 117927 113719 115366 116181 114659 114936 113395 107531 105147 2302 114893 110968 114797 122571 121980 113515 116672 106293 121482 11156 116228 114899 113516 115212 115045 115257 113523 114949 113102 122033 113107 115396 115042 114672 114700 110052 113137 117381 113846 113228 109658 105184 10761 114919 114267 114298 112044 114938 113429 120529 113577 113585 15533 115726 92430 115524 116194 21820 110569 9778 113637 109244 125004 2318 122130 92586 118076 115015 104818 113638 92946 113679 114503 114537 103270 111553 116540 126789 113381 94913 110101 116682 113527 113594 112592 112050 21954 114698 113176 114452 124350 115601 115071 118128 113534 117928 115073 117442 114896 110557 85644 111257 114478 116762 115825 115243 113724 115512 112062 116229 122389 115085 115853 113600 111488 119295 7267 115289 115602 114908 122056 115171 113772 116838 115174 116102 115315 114710 5179 108529 62005 48443 113248 114713 110121 112066 101255 116913 117190 114827 115612 112072 115563 116353 113611 125184 117549 112079 117134 114540 125128 113315 113728 109448 113510 113815 114976 112102 114746 114547 116567 114798 118710 125984 116590 111707 118102 115874 113208 125433 107317 125560 115225 116195 113537 116126 115262 113561 3816 114843 113710 126019 110196 114858 109226 117137 117048 90854 125805 122127 109631 106130 122207 130774 7060 110268 116177 116591 113820 122302 116265 96500 113596 120839 112129 117424 114910 110624 114748 112208 114921 134267 116593 104932 127290 115302 113560 115850 111558 115586 113746 116600 117601 116283 115273 114927 119296 116365 116315 122614 118770 62023 103337 116373 115622 112583 111411 115395 113799 111402 113012 113852 130808 107318 113805 113863 109702 115224 120918 122681 105332 118103 114934 113869 113249 111473 113882 113849 101650 113629 127063 114963 117195 115636 101679 115309 114978 111483 116602 117183 115032 115041 154331 115053 113892 115452 116917 115652 142145 115935 116376 109826 114861 109100 127326 127438 115423 115363 125050 113059 111877 58249 115055 114787 122633 110235 117602 4362 117611 118307 115065 110372 107532 69861 113933 115079 117302 115503 122696 115526 62086 111506 115674 107756 122340 11241 115145 116030 116407 116738 112951 110373 115584 111569 117214 115089 115244 117480 116700 110445 116385 109694 116101 114863 115265 100103 115300 118803 115328 94915 112263 113939 119489 113322 115625 115662 115149 115871 113949 114912 111521 116714 118845 113608 122367 122748 115443 115683 117254 116426 111319 103574 118274 113112 113269 112212 114116 117266 107601 117670 116312 109238 114630 113957 114035 122480 113853 103586 115334 119762 117679 113898 108822 112351 121084 114939 110999 117294 113872 120544 12973 11153 114175 115691 109164 118953 112604 116640 116334 117315 114302 123231 110802 110446 110585 121413 118585 111930 116447 44161 115354 62804 113436 2431 115701 112705 117343 117572 117449 113540 115677 120565 114998 116512 106444 115357 114765 154692 127133 115717 113961 117057 116418 111728 117688 110269 121731 115003 117699 111262 114177 115028 115841 111025 113148 113623 117755 7224 121829 116724 110770 113514 115086 115134 119342 9987 117756 122779 29569 117551 117592 115078 109899 115147 115318 116811 117715 116899 11261 117090 109256 109489 115723 115173 112654 111604 115529 113903 114251 67657 113599 95126 115384 115056 115360 113730 110854 113987 113997 115385 109266 111109 110971 117447 117626 115915 115987 118069 109284 115260 24899 122838 115404 116874 110382 111775 109632 116462 115447 115485 113246 116473 117902 116744 117634 115842 115782 116362 110648 16588 115501 115178 114021 119123 116485 113162 111924 115194 117655 120312 109743 113934 116543 102712 107877 122496 117676 116619 116544 115824 115571 115456 115792 113878 120996 117790 109533 115895 116819 115762 11265 63606 114141 116788 109553 115578 115219 115238 119329 121454 114086 114174 115405 113684 125197 114648 116848 110718 115903 114643 114015 114241 111118 107899 114089 116844 118179 115530 116565 111925 95232 115422 110683 117992 63690 110797 115267 35681 122538 114123 115855 122586 117907 115460 115806 114242 109680 115596 113310 111200 6620 111325 113899 116505 106579 115467 115867 115536 109314 93157 21962 118050 115843 112456 121907 121483 50017 108873 112398 113337 1119 114442 116990 114277 122000 111950 126417 113613 102769 114463 115509 110480 115613 117845 1704 115660 109328 29617 3301 115668 117112 12185 122142 111996 118252 116876 118148 114125 110082 113979 114026 15544 116580 116144 109650 31776 102844 110712 121949 114126 116716 114690 111960 109760 111039 114037 96639 118212 115890 123997 118249 115727 114315 116571 125449 114142 108086 111047 112052 111323 115284 114157 7184 118629 126429 126420 143415 115881 108921 110464 115297 111219 112245 115829 115554 109907 115351 121952 114924 118299 52439 116554 117901 70612 116575 125715 112620 122772 115359 115719 113729 109716 122993 112753 116421 115848 109853 112275 116606 116775 114349 111133 119153 122864 111545 112370 111636 117702 115899 115937 116706 112375 109110 115907 123084 113506 122327 116752 115572 112754 119373 115929 116867 6070 116802 103262 112759 111972 115060 113758 134228 115952 115411 115372 113980 117096 110111 109336 108138 127103 118166 115979 116806 115373 115985 111251 121535 115695 117742 115442 127304 743 102078 112421 9293 113170 109799 112059 112676 116026 114171 116160 128413 115420 117942 114605 115489 89727 116588 113915 123025 116846 116029 117650 118251 125924 113981 119980 116835 117102 118369 111549 114397 115681 114049 109373 116033 114421 113969 112233 114272 116869 101423 116887 112474 117211 116423 116110 117060 114231 116962 111591 95668 112786 120353 116984 118432 112057 114104 116898 109995 109165 114669 114436 122547 114579 116050 116056 72781 108159 122443 114257 117875 118407 109431 116445 115801 117239 115528 116495 103320 112251 118462 112455 118606 115552 120929 114112 117696 114283 115569 117014 109306 112766 109655 115614 118420 114439 110064 114286 116057 107868 118490 114119 116648 116856 127389 121725 117404 135267 115619 117785 117220 115624 114510 115630 111452 115635 111649 117759 112362 54071 111523 115868 118549 112088 114594 114265 114467 114316 115803 120007 117805 106580 117145 122064 109421 111357 6755 117936 115873 115651 114138 116491 114158 109528 114487 116065 117946 112794 116779 3827 119155 109656 127441 113738 109624 25301 115675 114663 117041 117265 142399 117437 122500 119042 123322 111367 123576 109541 112454 114684 117454 108199 116933 127513 120620 116510 114344 116088 115789 114345 113192 115731 115832 109731 114673 117194 119616 117203 110392 117304 122573 109668 118613 116977 115889 107939 109751 109773 108077 40019 111564 114295 110492 114557 109789 109807 109860 115892 116147 109912 114708 123401 110590 124194 122577 109890 116189 123129 115981 114719 102397 115772 116070 114386 118060 117047 120106 118706 116895 115938 21972 115761 114621 93790 112937 115699 114623 119136 114730 116230 117385 122711 110631 113796 87302 114486 118740 112586 120123 112641 127830 118790 115799 118764 114872 123169 16612 114490 114458 118628 127883 97263 106971 116585 116598 112797 116192 116093 116013 102737 114493 118827 7017 115742 114483 111204 125467 112554 126388 116109 123207 114734 117052 116095 114706 118411 123335 119330 115781 112958 116112 117071 117405 118143 106985 117270 116207 119506 116691 113083 111186 115963 114518 112606 114997 117117 45832 114513 120492 113999 123304 117197 123589 109894 112121 113217 116208 116912 115986 115802 54232 114531 111614 117201 113087 110715 128104 115994 75211 16801 109699 118878 116715 109893 115807 117281 114520 115902 114737 114760 117227 118506 111627 110650 112630 116766 114514 119285 122645 123376 116758 115910 115800 121088 123015 112134 115816 114735 123537 118811 111227 114799 114826 136351 113097 118625 107971 115736 111335 115928 106430 113129 118291 118228 123596 116795 114800 109976 114521 112633 117883 114832 115939 110313 116224 117469 21991 116839 114563 110825 119395 116001 120435 114616 117285 100727 114837 116233 15648 102814 39 114841 64663 121196 115091 110831 116003 117457 119532 115826 55268 116635 109924 115143 112069 117553 118422 116023 118141 127381 123311 117288 116025 119596 123048 128055 118150 112132 116242 115791 114585 119637 107048 116519 118184 111041 143879 110839 109127 11444 7188 113328 123107 1176 114851 117290 114852 119844 108059 117474 117541 116051 116089 119558 118455 125537 118890 112729 114651 114546 117557 126267 117569 116905 117224 112200 116255 116981 30088 113145 115264 118216 95765 117312 114525 116319 117477 114870 109949 123604 118275 117508 112180 114657 117869 114652 117768 116092 103738 123123 116680 116098 126499 110394 123661 123948 123375 114675 113153 11573 111435 116211 117600 104005 92458 108591 115861 143924 123386 116301 122703 118820 115906 114853 114940 113529 40469 123978 118921 111509 114709 98437 116713 117589 108130 3502 136010 119134 124203 117658 117651 112241 112744 116965 116342 116258 116046 117632 118511 116272 117685 116103 115913 126677 117708 105479 116760 115875 111362 115296 22471 116107 104049 123330 113546 47501 117032 126359 115914 117660 121188 114944 112355 123806 114671 116122 114950 111127 97763 136651 1387 112761 115021 117737 121432 116182 115033 116847 118605 116232 115819 143974 119880 123379 116243 123164 119208 109922 115074 110651 115847 116285 114915 115919 118129 122694 116294 116379 114762 116920 123132 111146 123853 117854 115001 1786 116282 6073 11615 118930 116346 118976 110402 114848 105717 3135 117721 116068 116793 111794 122129 116352 115883 116253 117896 115051 121618 117250 112997 76834 116807 111443 115676 128797 116364 131928 119977 17924 116397 110845 99853 115096 116427 117267 5541 122673 116468 115112 111513 116069 117614 115111 113319 119038 110345 124589 121615 116480 129237 128178 114717 108299 18114 116257 123514 115125 116381 115177 112232 111958 112236 115148 116530 119559 64854 119998 116504 123903 115154 121717 112878 116323 118637 64688 8452 112438 118345 117731 124452 104121 123385 116879 116428 117758 110314 111199 116884 93417 123167 110515 120017 116873 118147 113244 121821 115187 111098 115341 123332 116349 114275 118651 116974 117813 119946 128322 143981 123289 110641 8137 112980 99619 62546 116945 115186 126535 120172 117423 116360 113073 113484 111331 98202 117751 103050 123528 128233 105893 115703 116096 113325 119167 112312 115402 2354 118692 117844 116280 110687 85604 116200 94305 103328 116979 116992 116533 113347 123419 120214 119279 108040 65258 116623 128315 114051 112514 105996 111389 119040 117906 116457 111644 117044 119157 116350 114724 115190 113433 119282 116454 116948 110010 104778 115197 117922 112532 35594 115208 116632 111502 119045 112543 115215 116325 120254 128590 116124 113655 127748 114884 115281 119053 115161 110738 116662 120302 117061 110018 129313 116206 115218 110955 117642 114180 117050 116605 118030 115239 116316 111182 108392 128467 113441 117783 118139 126631 110869 117076 110913 100495 112418 116351 116438 5957 119323 116647 116034 120724 112446 115247 121616 119231 130148 124673 117811 117819 36823 121860 122773 117858 116532 119288 108793 18223 123586 119347 111029 115468 110098 124687 107424 25444 116348 117051 115290 114802 111510 119421 116604 125015 114914 110974 117130 119312 111536 129615 119738 115500 113512 122019 109138 119458 115514 114773 9474 112829 116354 111543 117871 111612 115724 144505 116681 116100 116254 116455 3377 113564 120074 105475 117336 116461 116361 115515 119485 108844 114383 116478 123475 116498 115321 117681 123646 128553 115320 123279 122139 116614 123893 109598 2326 110043 70801 101245 119781 116393 116542 117169 68886 120423 115371 116560 110096 116785 110125 107074 119440 118146 118149 116886 115389 122154 116582 117870 95775 110136 112690 116394 111622 118426 22274 113677 118203 123908 123317 115335 117913 116709 115390 130164 116404 111641 113536 116890 111698 120144 115574 117133 115634 123447 114835 121679 115356 116922 3906 111030 115401 116453 115647 115403 123815 79757 65123 113166 112905 108434 110220 111670 117199 116479 128653 116630 112943 116833 63003 118830 110991 116637 115139 114942 115170 118232 115658 111293 117231 111688 117233 16866 10211 119150 117396 117488 111748 116641 116660 116651 128801 116683 117917 117834 93080 116718 122162 111807 116507 111847 110249 115381 118033 116732 114402 116939 116185 117510 116764 113658 111079 121843 116217 126889 120154 115533 124415 115946 117929 115430 123992 117575 120506 119478 108452 120314 117931 111823 117172 117749 117514 109678 111095 115845 115062 116963 116618 116771 115765 115459 115462 123137 111296 104394 117527 116656 119486 116642 111126 5736 154707 112625 117797 124659 111893 89343 115482 111922 116451 115497 112983 98280 115523 112334 106170 115654 115615 124001 118250 116868 120346 103668 110384 116000 124008 118158 118013 115276 116852 126559 117291 118056 116707 116737 114453 120380 123762 116772 110215 107569 119500 116854 117793 115678 115418 116978 128341 119721 110339 116783 7406 118448 111139 20835 115573 22164 117994 117042 116789 115706 113808 128928 117063 117530 116822 124024 120557 110455 115687 116880 117560 116566 111151 110323 113598 118496 118832 112348 117839 119525 118273 124711 144860 112496 116484 117544 111322 113032 111985 117610 116845 112531 116858 112623 115707 120059 118173 146099 118544 119609 109968 114805 117237 116909 127917 113372 109698 111074 105966 118213 96032 115558 117053 108128 65291 124166 116897 117056 110398 119729 117880 116958 117562 22179 119613 112842 117677 116959 119805 118607 118282 115137 116892 113659 114973 116968 116976 96501 137111 117545 12444 116988 120993 114988 7323 113783 108654 142719 118721 117033 117924 117608 116577 115027 118317 113831 118331 123477 113866 109764 116989 115451 109834 124359 115783 116749 117069 115279 118350 115793 115292 15671 93605 115817 116175 115450 122295 116227 116851 120566 116997 123582 116908 108926 114288 117997 6127 11131 110485 118261 117802 115818 116578 112140 117079 122321 117806 35912 120162 112201 124059 117434 113964 115591 104237 123408 110511 114488 116594 113062 113081 117080 124235 115688 111298 113193 110508 55681 120618 115230 118360 118524 121820 117000 126761 118572 106405 131279 117095 110564 118006 53521 116769 122018 37881 111132 117175 122393 122424 111940 146450 115690 117605 110735 123616 115759 124851 118872 116797 118355 118482 115340 117635 117108 113389 117012 117710 115821 118092 118034 117808 115036 110579 115477 115567 111405 113616 111951 117815 118610 117021 110743 117118 129838 117818 111242 118046 118415 111304 123665 123723 104413 117276 35504 118928 103676 118688 123798 117825 117135 100616 9993 111345 111973 117711 117362 118113 122453 117637 116237 124454 115764 113919 113476 117836 116900 117154 115546 116625 117886 112890 117218 120726 123859 110247 112284 125040 117765 117059 117086 115650 21108 117144 115844 111417 116141 115838 124560 118174 35882 118689 119804 119811 115773 118063 128993 115872 119827 115698 109010 113204 117011 130257 112871 113639 123736 116901 118185 115780 111647 117160 3309 113321 111535 118098 115901 118198 115956 122089 117263 5693 113958 104546 111674 118215 114216 119834 113773 118258 117986 113821 3450 93892 118535 118586 112047 111693 111834 109039 117297 118002 116872 125083 53653 123257 129269 117320 117191 115990 117339 124737 117212 115849 9527 118931 117009 106414 114629 113007 118186 11426 123481 13328 117316 47981 110663 11685 115770 113143 120630 120371 118618 116269 113171 117216 120646 110284 115931 117402 118594 111742 118935 117257 117392 112188 6650 120063 114009 118655 118048 117398 127048 10132 130300 113341 119868 120469 115891 116037 65381 104101 118082 115933 10234 118670 10341 117356 22386 123570 117313 118227 104840 27090 116287 115288 4100 120803 111574 118104 118127 155059 115424 2370 113036 118230 112203 117409 109868 117926 117653 110264 114006 112692 118381 120881 3398 112975 86060 116006 117444 113414 116331 115076 113474 113618 118600 111906 113286 88324 119876 118131 104592 116024 118132 136806 117101 124956 112228 110613 119943 112365 112401 112911 93955 118182 113833 118197 116048 116296 106684 113910 129991 117407 123760 118748 36531 115559 113936 117445 113094 120704 120077 113361 117973 113513 78805 120854 118667 116878 122355 120125 18623 118229 121033 117987 130335 120318 106729 11865 117482 22510 118221 112392 118240 123836 118269 117099 123799 102120 116730 117453 15758 115877 116036 122521 117111 112396 118776 112499 120205 119368 118035 127145 118968 114044 104139 122380 127334 116043 120817 114107 116386 110752 119033 17135 116916 117459 117519 118217 110228 6231 101909 123956 124065 124249 118563 118609 116419 112880 118081 109326 128422 116072 116094 123808 9088 118264 120053 116073 118151 111846 123996 118627 124963 116081 110850 70955 22570 133856 116188 118288 117526 111472 106743 456 118791 10006 108205 104053 3581 124102 109401 116927 111540 118087 118267 120701 112110 112127 116443 37096 121174 31494 117558 124189 116456 110419 125669 125116 1180 116190 118121 130504 125143 114131 120387 118091 116493 118168 118193 112349 118698 127605 114741 119973 118219 121202 118338 115912 105009 125094 116996 120895 117630 122649 96033 114217 114261 117571 22787 122671 5836 116328 105018 119085 6678 117654 117656 112125 120955 119145 118813 117657 9714 116252 117180 118738 116264 111869 118702 116277 117671 118361 130730 121012 117487 124114 158562 110908 109923 113136 111026 117746 119034 118263 121231 114469 117700 113588 118775 116378 110242 50052 123790 116516 118328 111369 119255 125688 114124 115709 114662 114145 118986 118344 117114 115097 118183 115774 113607 118384 117707 116524 120010 121135 118794 124143 119035 117153 116538 117010 118797 116108 116541 11609 113955 112369 124198 96507 128425 120411 118385 5464 111108 117761 121178 113267 105315 115639 120150 118096 114292 118582 112987 118401 118608 115665 117966 115784 118443 112384 117126 118473 120550 117245 122625 117798 121217 120182 96932 121264 12068 114552 116941 124344 96991 116302 23024 118536 118657 117512 12122 116307 102902 116531 118494 112014 118538 118786 98303 114613 116572 100859 118989 118566 119432 117728 114134 124303 118220 124153 119518 118716 111870 125690 120194 106739 125237 114406 112376 110286 110437 112461 98605 118787 118255 124347 113628 119646 153467 116415 112476 118938 117520 119576 114011 119001 112317 120166 115834 114745 116441 6282 117873 119071 119098 119048 116136 124364 131375 117532 114670 116452 129381 105337 114250 142747 118260 118456 118367 125167 113634 119131 121342 137932 118500 118516 118540 116345 118756 128539 120037 118265 118278 116374 118777 116481 124479 121495 113312 129816 116581 120251 117947 113641 119607 2808 118548 118584 116589 117189 125221 120283 114534 89741 118556 118595 118368 118944 114582 111129 112403 116152 113446 124484 112484 119019 118957 114751 157742 117590 116231 118825 110657 134134 116514 116486 86553 118966 118045 122790 118599 120975 117895 117940 116597 117209 36347 118987 125377 123895 113794 116731 118644 124492 113499 114732 124078 118649 116138 112498 119080 113345 22746 139572 129115 117287 119097 116494 126003 114038 88748 113750 118427 112281 116740 117625 10039 121296 3520 118681 109957 101465 112503 119118 116841 119113 113801 124096 124266 9090 125513 117955 117636 125779 117246 125837 112646 120349 116704 111137 114754 113002 11948 114637 122807 116603 113813 86706 116440 116275 119158 119125 119170 120088 114052 123910 120365 114291 114338 115920 119665 114722 117975 123952 114699 119232 105750 112550 109047 119290 112840 121512 116776 114764 114489 121415 118560 115922 116609 121651 112570 111534 125648 119308 111711 124285 118700 113491 118645 111876 95894 120551 105132 111740 114795 112662 114791 111900 117268 112848 114845 118925 131352 116877 123078 113946 118778 112687 118080 111961 105097 117647 118779 126161 118090 112774 105455 118974 116633 119354 118417 125544 118814 117123 118831 127623 115905 115593 117272 119281 116658 112936 79763 119197 130803 114929 111855 116044 116499 117717 147248 136493 117778 117286 117054 125581 16565 114982 112214 116717 77083 124295 105910 111161 116883 5513 117864 117989 116812 118978 117298 117760 110710 126162 118565 125415 117317 114990 114603 112976 115014 119198 118659 117938 117368 117985 115029 117770 106331 16891 112423 143097 118841 111977 120612 116896 106830 107057 116646 113533 116711 7287 119309 107087 112106 116090 111172 129897 115927 112120 116734 117318 115034 121487 118668 122277 120785 125618 118571 124600 119215 10532 131972 114714 120390 119412 106622 109682 115118 113016 105751 112613 115084 118019 118047 116061 109975 116972 119627 5037 120451 117388 98804 125887 116824 118329 118708 113592 118122 118620 119467 127679 121080 65983 119362 114955 26488 125992 116994 117188 113120 118157 116991 107175 118980 119439 113022 119028 125001 118860 117322 113227 119402 128647 108902 117330 10563 118950 111358 124554 119443 119715 116318 116071 11613 119837 116086 119849 115157 120360 118598 119483 113055 12242 117686 115168 123141 115348 127850 119338 118724 115103 117382 124590 121172 124689 3728 110008 113133 120633 119988 120459 5650 116304 118195 116745 112479 118205 117018 124804 116756 103765 119056 118729 123244 116358 116687 120000 127886 115106 54472 119271 114808 125771 116816 115109 113078 116950 124379 120284 117849 120383 6344 126180 119628 114876 114883 110912 119133 113976 120286 116767 10342 117026 115361 119124 117082 119685 115116 114186 119495 124265 117217 126258 2189 117300 119318 110150 106963 117352 125095 116763 117495 121703 113960 119189 120913 119850 119144 86988 118671 113095 116827 115603 118049 36489 117507 112685 121537 114892 119399 115144 120490 105765 17228 121704 123252 117516 118939 118134 439 117518 117327 113034 118018 117617 21155 114001 117347 119054 118765 118208 117403 115240 54517 119448 119322 120742 115196 80777 126345 130290 125922 12642 126520 126012 124445 116705 118390 119548 121141 121541 113127 113155 114069 37580 121645 121923 118164 116777 116818 117787 113707 8589 121836 109204 116828 122399 109057 118222 103828 118914 104097 99072 110442 120331 113782 147326 116840 7387 119570 117837 117623 116850 118413 117867 117914 113040 113135 121728 117258 103949 119472 1431 101371 22990 114032 109209 114106 111862 117949 115955 124570 119138 116925 116888 119410 115223 117324 119626 114243 117364 118233 118155 121767 113861 107283 116870 117462 115211 118766 40966 114864 119471 120519 118641 118301 118826 118653 121939 1854 112944 116934 116125 114977 120043 122108 119074 118768 119756 116955 117001 120815 118769 117024 116893 115382 123261 129106 117005 124704 113174 117494 118371 125258 36587 10696 106133 121235 118799 119516 113039 113146 117515 6358 117065 117058 119542 117094 115253 115259 118298 117105 119549 115131 116903 16508 117857 117147 124088 117087 107773 118119 120744 62626 120847 119093 117173 118929 120109 118118 118423 114140 120759 113175 120536 5703 125271 115961 115269 116949 108091 122008 116222 117522 113196 111475 117222 119619 119891 99081 117387 120559 117566 117200 118169 117116 119580 117166 117031 119377 117037 117252 118503 122846 111666 120625 6379 113203 129990 125320 120636 118943 116139 126261 106990 122257 121669 124657 120810 113242 117196 114185 48138 116220 118815 119630 129156 115291 115303 126224 117503 121789 118962 120327 116359 120855 118977 124287 106829 117204 123355 115362 3262 120344 118374 121053 111675 114246 119119 117594 118836 109552 120240 117107 48198 113333 120659 123010 115400 120564 109593 115425 117766 125348 119638 120796 116607 119639 119649 52734 118577 16950 128469 117613 120774 115428 119491 117350 118733 119650 110817 119655 117795 117262 117206 122383 115455 119141 117241 117412 124688 121933 119746 126144 120781 118372 80169 99233 113375 117260 118985 119701 117165 118270 119747 115434 113520 124803 117413 116375 119041 96226 118425 114906 119766 126383 104320 111879 65655 130247 117456 114983 119872 128162 116444 109123 117261 120841 113258 119786 118349 18047 110935 7293 114358 121153 123414 114223 115278 117703 119908 119183 121173 117799 120012 118052 117365 118837 120599 130479 74351 121937 111915 118476 120333 111119 111678 117573 118899 115440 107962 89787 119942 117119 119210 118238 121056 106708 120916 117458 125563 117429 130505 117468 115046 114285 118839 117621 117476 119164 120732 5930 114120 115481 117485 119226 115537 119957 118575 116137 122273 117769 10481 117415 114187 115488 5722 117505 119344 119986 111997 118297 131006 120045 119120 113270 117800 111933 98441 117325 119240 124594 119851 115795 119233 117479 114363 118622 113584 118352 114432 118699 117269 122292 119937 7467 116422 119978 125950 131282 122454 113569 118396 118434 117919 119284 117400 106849 121737 117275 2980 124382 113278 118404 119179 18360 118844 118642 126033 117538 117662 115199 117960 118823 124821 124897 122194 115582 113442 117542 119324 113632 118763 125056 119351 112016 4636 120213 118773 115716 122512 117909 112033 118694 126423 117338 118800 119393 114324 98703 113633 118428 125612 117607 113454 118852 117644 122546 117349 117552 121054 114494 119466 21670 116458 118857 18732 113688 121224 120294 120739 111732 116520 117420 128209 112123 109605 119475 110986 117983 118471 119592 111905 117308 115304 120488 110179 115595 120049 66518 117970 121869 115885 119725 119664 118066 123006 125670 123203 117524 112160 144346 117652 120098 118472 118083 120055 117371 107551 120103 118068 117498 120104 118117 4480 106880 116695 120525 117694 118870 110208 119008 119519 119648 129228 99907 107974 118475 118859 126678 126689 119025 113697 120130 147493 117620 114589 118949 121902 111059 3538 104351 7366 117436 116523 114596 111141 119541 120160 115638 126283 117673 126621 115377 118140 117719 116837 113767 117698 113354 126318 3350 117450 125051 125114 121277 118557 117528 125727 16334 119049 108355 121130 126071 117537 119063 119104 1433 117649 5521 129887 109503 149699 114862 129913 115438 115473 113338 5787 118389 119105 125643 120188 126132 119128 21743 119187 120222 119787 129908 120660 117963 116545 126268 122609 114192 131432 17409 121322 122955 124596 131481 121331 87955 117722 119248 126483 114198 114447 118241 151862 119272 118861 105362 122415 119365 138850 114611 114415 117814 122986 117752 111235 119320 118956 113789 7523 119691 118967 121982 118564 115522 118587 115785 120679 116866 120685 120258 129933 4628 118753 119724 119333 118590 120538 117862 119730 119016 120308 120343 89795 112149 115553 117531 130185 117944 126484 108006 117279 115830 117574 113468 120415 116117 108462 1432 116720 120500 122010 117568 116218 115587 120819 119384 36501 129993 115448 122513 118075 118713 116416 117578 110319 125194 116327 122507 120623 119752 127144 115610 131613 117669 43251 119405 117659 117977 121049 120693 118834 106945 117680 126674 101676 130031 126793 119409 118521 115499 111269 108134 115527 119430 115623 119528 108441 118588 121209 6812 120005 120180 117706 117732 117533 114471 115179 125079 114448 119036 122487 119039 115666 120718 120743 121420 118313 111739 122023 123567 120197 126303 120249 115671 123912 119901 121076 114644 120347 118314 118165 112824 122511 117956 117786 117484 120786 121452 120807 120830 117587 117716 118690 117730 130073 119836 117307 119184 121510 122552 119027 122184 119449 123558 108908 123602 115711 120413 116583 7307 117918 116357 118403 148228 126828 119051 117705 117993 117734 125195 122606 115540 23072 117750 121811 118707 122230 119848 109229 117780 117971 120596 120834 122556 120495 98755 125231 118000 120674 121291 119492 117781 120520 112249 111403 37229 119877 120863 123630 118546 13372 118648 126521 130224 131509 115856 115580 118234 114771 119263 118429 88013 126856 115611 131008 123787 120827 114476 120885 117828 119546 111294 120036 117738 118039 117833 119566 119582 119900 119072 116111 120206 119910 114796 90021 115649 120583 122646 117741 123613 117776 126596 115632 118463 119674 125203 118289 118774 117788 120926 117921 119680 127153 120963 118882 119163 126860 68343 122542 117851 115048 119941 93973 121004 122680 125404 114517 121091 114025 119273 123954 23203 116143 121094 90924 117842 120901 120697 119703 117884 120521 116268 119186 121901 123637 118853 111347 119313 117930 106492 6766 116336 118678 118247 114676 119364 122741 108537 123298 15915 112509 131441 116432 119970 112775 122378 104401 118580 124010 116943 3642 118437 117964 121396 9356 104927 115944 120591 121110 118029 120617 115705 130233 115757 116080 109638 123299 18837 116476 125546 119573 126409 112352 120057 115754 118036 110871 118266 122589 118283 121393 114379 115897 119750 124603 111384 119092 127560 131627 121523 81615 115808 117939 126527 121111 119754 109243 122615 120673 118591 118887 118059 120923 125406 131055 122705 108260 114711 119797 119879 121407 117976 118633 125657 113471 109804 121032 111135 112837 125335 113525 126745 114545 124612 116055 119404 118747 118636 121386 120761 115779 124031 119422 118927 111766 130417 120982 128528 130463 119990 121142 130528 118071 111278 118108 124240 115921 118684 142616 55035 118934 119622 126553 119997 99419 155016 123059 113524 118105 125691 120058 117856 144375 116099 122742 131393 124016 114260 123091 121422 119885 117378 118552 113823 115629 119790 118530 132088 121144 119203 121068 118112 120076 118093 104712 118402 115942 118704 109320 119431 119992 119236 118744 120093 121546 118373 115949 109371 116291 118126 116113 111741 118137 117981 114114 120114 114556 113874 116155 119484 117961 117962 122791 119261 121580 130769 120992 123033 118028 116169 118781 99850 121147 120296 123247 118163 122910 111397 118262 119694 118152 120003 127461 120322 112928 89912 125447 120124 118383 113603 109443 94110 106543 120361 1240 121598 118010 130794 116170 116627 113082 121638 116184 9154 120129 120083 116377 111668 111246 120686 65994 120169 132091 130837 122470 116436 120276 118311 113880 155736 112463 20907 120325 117990 113132 121152 121662 121165 118725 107064 125827 1439 124321 1535 118343 113184 111777 13731 121559 118190 120527 123204 121230 16110 113385 116500 119481 119007 118021 119522 118739 109548 118465 119299 118665 132134 118751 120216 80767 116179 126877 6596 141316 120064 112964 6182 18941 121654 129798 118611 137571 118057 118676 120771 123284 118167 117615 118795 113940 114254 120692 118170 105919 119538 116562 118133 118214 9386 118223 132236 10837 116555 118224 113451 114617 118809 113975 131555 114031 116568 118810 117697 111201 121176 118871 118757 1201 116587 126880 123966 118277 96710 116186 118302 85348 116696 121180 131748 126899 31752 120338 118970 126915 118687 121195 14395 114325 121249 101840 122504 116649 113571 130046 114356 116708 107242 7534 25717 117723 118715 78432 120436 123397 115811 125708 120030 107651 109571 120367 119594 120128 121166 120257 119645 100007 110654 118175 128124 73539 118323 120236 114840 113617 121254 113183 118226 123327 118279 120560 122749 118908 121276 110785 94131 120608 121377 118915 119676 116368 117763 111923 117727 118772 120326 123383 118259 139463 120202 114817 118982 114846 118833 118945 112237 121682 149110 120696 118495 6105 116665 120266 114360 116622 114495 116712 111344 118293 118947 116049 118300 116223 123413 116286 122759 119014 117803 118086 118954 26926 121691 121695 113763 118960 122091 122794 118545 122878 130480 119023 114901 116810 111477 118340 132301 123149 9181 120610 119307 114536 109758 118382 118032 126993 118037 141410 121341 121043 121075 116412 1487 116281 110450 121099 118370 116321 1537 118998 119024 119700 113601 7243 121279 114586 118400 118414 118430 118073 118454 118436 122657 118153 118378 121557 122874 121107 118602 111978 114609 115038 118616 125742 14154 114620 121604 23228 118762 116673 132050 127053 129704 149803 127423 119809 118357 124186 119829 121319 118992 119745 119031 118999 122710 120467 120384 121715 118484 1202 7474 119010 130491 118553 121182 114645 120369 114869 120425 127520 121335 120482 132474 118333 118652 113622 120455 13229 125747 118363 118406 83841 119047 132305 119061 114694 7633 120497 102805 87560 118793 125748 116751 123516 119017 119099 123452 118658 112259 119892 120503 119070 114770 118631 111559 0 119176 55335 111599 116753 119078 118527 119106 119206 118498 116459 119205 114945 118569 123245 120719 119152 118099 80930 121119 127123 123472 120507 122949 121120 121791 114173 119212 7358 114014 119224 123529 121191 118911 3321 108337 120569 118452 2091 119951 115135 113937 118877 111359 114043 119311 118682 121355 132428 118903 121803 108527 116273 119218 118502 120586 122977 119961 120606 119315 120619 118581 121234 21607 80951 118746 118624 119265 116615 116629 121661 119345 120738 147179 119278 106626 119269 132036 127706 120650 123013 119372 116768 123050 119283 9574 119237 119411 114477 115192 109768 120756 125819 132733 121416 111686 119004 114952 109776 115232 119419 116799 118819 23234 111828 114903 119294 120861 116363 118470 120769 114625 120886 116805 116924 117064 117155 119999 119223 55314 120013 133308 127789 120631 118453 114016 123087 13464 120782 119314 120589 130156 121245 121122 121718 121343 114082 117554 112133 115352 127204 121096 119327 113971 120707 115355 109919 120773 119110 119180 118514 121368 96800 119257 143542 114821 119371 120836 123306 119335 119328 2416 120788 115153 116329 120800 119438 110645 118640 118547 123425 117664 120850 119352 118647 114169 121824 7684 118789 114317 116525 123664 113745 121408 132448 115407 114299 119479 113931 121932 112988 119242 127847 125852 84442 78786 123105 121461 118635 119494 119374 118941 118802 118666 121542 116652 120900 123681 123560 116643 126314 125885 119425 115421 114875 120846 119455 122038 109500 117122 121701 119275 120928 117775 108656 48215 119612 118895 111974 116380 118038 75531 119457 100354 118996 121499 118348 2929 119493 123440 121696 117358 7671 123684 121733 119498 116885 124899 116446 122121 115486 120942 117132 112029 100401 118728 96054 119507 120068 120095 66016 122213 121071 121828 112668 120871 118900 109961 128518 119011 118743 7068 115271 117584 115409 119029 115314 115445 120983 121059 119704 112688 121727 118807 1569 131047 117969 114329 116518 112215 123118 119526 121106 118840 121112 127612 23415 114377 119065 120176 120930 121139 120984 120935 121146 118816 127387 109578 117690 107716 127234 114957 114481 127293 117957 23465 114529 118884 22276 121805 119543 32795 120765 131266 127849 117693 115376 119599 118916 119553 121859 121168 7321 118933 114368 122345 121155 118991 127931 120958 123213 147446 119073 116701 120961 119560 114498 121024 114507 120987 121879 121103 114508 119606 120156 114731 124000 36607 128555 123730 116534 115487 112828 119686 120185 121237 110116 120812 121382 123336 124360 114783 119712 116729 119021 122085 119615 120319 120468 120386 121514 124034 121132 114970 115516 115600 109833 116931 123454 67031 101024 121934 119722 124402 24667 122382 119221 122618 121126 158769 112859 83883 125870 19042 118669 118464 118783 117972 121258 118805 67947 123510 122406 119929 119077 119550 4923 121185 129165 123796 115205 112408 119103 122520 119291 117158 123905 121161 114667 121189 101094 120494 120603 119579 113085 114790 114813 119631 118534 121775 116546 19168 119642 23883 131460 119656 116601 123834 124940 121250 121412 124083 121286 113240 122624 121809 122642 119114 124342 118615 124040 121402 122876 123549 114956 121473 127657 94709 119952 127633 113402 117179 115745 119795 129246 113664 119669 119677 114824 120198 132673 119796 113252 119388 113501 119469 120209 120231 119122 113717 121200 119841 119688 120789 123075 115617 123621 121488 125026 115682 126936 6244 130278 119660 127953 119666 116778 118294 119690 114511 114066 116747 119663 119398 126150 119200 121310 119247 124098 119890 125249 114987 117181 119264 122659 121223 120454 113535 115189 127661 132884 133076 119909 118983 118856 117215 119623 115234 113713 126381 118897 30037 114072 115064 121314 130623 4211 114878 114964 115245 119274 120828 118674 119696 118761 113965 119925 121492 121261 121336 115854 114229 117255 116564 119912 120868 67054 120341 123154 120297 118898 114992 120424 120998 119735 118040 119698 117292 121361 118995 88470 119356 121057 31719 119175 133359 115175 121371 119088 97436 119917 10490 121372 118848 120872 127056 126641 121392 120023 124580 112588 133396 124626 131852 118858 120315 116668 119190 116803 119408 117306 115337 7408 121503 119148 120491 120378 122456 119714 121565 116679 115469 110225 119759 119075 120889 119940 123763 120340 119161 121539 121244 119359 122686 121936 119216 121425 119376 117340 124324 131732 115286 116759 124400 121564 127668 119723 108602 119434 130743 119760 120388 115184 119245 121568 121448 125089 11991 119810 126851 119244 270 133144 119497 127296 115087 106696 118145 112296 116671 127424 116685 121958 119813 120402 4320 124487 115141 119806 114575 126505 123608 119602 121572 132127 122610 117372 6649 126590 116792 127255 120905 114342 124470 114702 115207 118327 121268 121284 126692 119166 126753 119193 121087 123622 124118 119852 121469 131877 119814 56045 133491 119675 124341 119462 119884 99970 117411 119865 121642 7989 119246 130867 122774 116952 124282 119267 116808 117390 119209 124525 125905 119916 119958 118391 120400 128103 125159 119739 117426 121374 121600 130965 113264 48366 147691 116906 120418 118409 116947 126778 128044 117471 121627 121987 122827 119503 121653 129307 121670 100415 1954 123324 1882 119902 3498 122004 1670 121702 119334 122889 114409 116946 118416 119389 119520 116825 3061 118846 114560 121709 119758 122612 113810 119241 119222 117472 118467 127717 116960 120090 117473 119854 126781 127745 115989 117045 117958 123012 119293 115644 113539 120253 115504 120107 74997 115162 115299 121719 123177 121593 123428 123490 120316 132302 120936 120470 91461 115017 122009 119087 123588 131926 9215 115616 124005 120508 119921 124802 119160 124438 128212 110233 127881 121808 16632 125418 119317 124502 124070 124816 119950 118806 119392 122307 122733 131939 121162 123844 126755 119302 119896 122086 133864 119459 123031 11984 121785 128278 119967 120004 114733 121648 1659 115305 117008 115648 119112 127934 121225 119305 115311 9827 125059 120598 22401 128100 119499 120581 121233 115720 121549 120362 124156 121318 121656 116832 119510 115991 120019 121786 123049 124586 11036 119243 116196 114867 103250 117461 121827 119537 123208 127798 115330 121666 113662 116356 110865 1244 4938 119473 119820 121307 121295 121749 127076 121333 113781 75766 121659 117055 121849 115749 125299 117030 120081 128439 115550 121754 119611 119899 119470 117576 120440 116405 121755 119897 119825 124483 121905 118442 120097 124950 16498 120522 117641 125572 132429 115796 121922 123412 121663 118835 100759 115809 110262 121395 122087 121798 121673 131514 121758 143047 119947 116430 120602 122737 115846 123492 124515 113672 101501 115820 127467 121356 110458 128113 128252 120648 121686 115886 122044 124244 89949 117674 117103 1860 117036 132467 122049 120370 118583 115370 114752 119531 119447 119564 121813 144459 115436 121384 122099 119652 111106 119476 118869 119882 120145 122161 122067 115631 121825 120578 122950 119711 121672 122278 117720 115904 128409 126087 120100 124735 117157 119482 120662 122447 120134 120140 132044 124253 117150 123331 115837 119591 119514 117979 119601 3973 117740 119661 121104 113706 117141 128547 118239 121953 117509 125492 123508 115950 133583 120269 121851 120092 119671 120040 118662 114143 56131 128330 116843 119693 121870 115908 131132 122 104916 133957 123820 120071 56183 120512 118630 117809 114953 122438 120342 118891 120607 119755 120394 121236 111851 107707 120431 120192 116249 139616 117757 120439 119262 124959 6746 132616 7420 111268 128421 123921 120395 119386 134632 122097 91496 119673 106922 121520 121979 117221 148448 122001 116489 122054 111873 115350 115925 124866 121240 3518 123058 112333 124292 117043 115976 106983 122157 120444 19370 120220 120086 115943 118792 120453 121475 122738 118523 122052 131540 119710 113867 124309 116599 107311 115958 124401 117417 121921 121965 120462 133972 124408 127032 119059 122059 120613 72187 120121 7425 96287 3546 120153 119784 119772 128706 117668 121560 125158 123064 119407 119938 120226 9871 126687 129181 121528 124427 119515 117251 128431 120463 22737 400 122298 119116 122853 117470 127837 120637 122996 129642 131778 120904 122446 121913 119708 4257 124463 4987 117353 122037 120261 120645 7521 119963 120473 120167 118727 116675 119605 125983 122065 119922 122094 8641 127442 9271 90029 128488 122810 128593 107996 130719 125019 123034 114580 124553 120647 112644 121586 120171 121309 116010 119709 122103 120111 14237 122109 124557 128638 124665 123051 114057 122096 120752 113858 17454 94801 120484 119718 117847 99048 128659 120705 122114 122132 120018 117355 37687 120518 122126 76948 116801 122150 120600 122866 120797 120649 118244 120279 119727 125666 130002 112716 125208 116592 108545 122201 125282 120288 119094 124582 120770 120663 118485 118601 122219 120691 127189 122283 122435 123384 115970 7589 120725 119742 119839 120047 122969 122297 116616 132626 124521 68076 133047 120215 124592 122437 120698 119651 1727 126776 126875 123469 122313 121003 121529 123601 127096 120320 123070 126142 60422 119768 12275 115030 84707 19435 122324 116082 127719 125398 91829 22832 116105 91082 116040 120118 121874 113900 118964 109653 120112 116123 110501 3755 120324 115075 114859 119855 120729 119095 122242 128101 119982 120363 120758 116129 122592 121591 115606 105310 122290 120405 95400 121620 122665 120611 133178 120409 128225 125301 119777 124632 124650 52028 120851 119191 119939 119778 120755 121677 120699 115564 120168 125294 122141 121278 120764 119857 121681 121293 123967 132620 117504 121327 119822 125424 115661 120809 119201 122235 124953 113674 48402 124656 115082 116260 112916 5846 111609 119840 115083 125774 110528 128932 122238 122312 116106 106938 122651 129243 114433 122691 121376 146939 124071 122351 125853 116693 124434 121730 117556 119453 120368 121427 117170 121925 117570 3626 120221 123562 120374 122323 119895 116140 123814 122353 5850 120780 117754 116142 120201 119819 122288 122191 17692 122402 119336 124668 117848 116164 116187 112940 117794 116261 122357 122233 123672 116320 119995 134194 118749 116333 120504 124667 123891 2243 121741 122725 124764 122259 125442 119843 122428 120867 116337 119823 120821 124776 117872 112336 128666 118003 149091 113362 120401 121764 122755 120475 120227 113929 120403 120823 120845 118771 127109 120437 120285 121344 116313 120856 121782 24012 114075 122579 124839 122839 120944 117877 119893 3577 116159 4668 120947 121453 127801 118723 128208 120471 107069 127191 109700 122885 119959 124961 115769 134340 120530 117923 120776 120533 122760 7504 120968 119972 116366 96835 124504 119983 120410 122922 121816 121613 124671 116384 115249 124796 120853 122660 110596 120890 120921 123706 125472 123929 120234 120073 120116 121895 122708 124987 120242 122952 125205 6658 126026 120239 119984 121941 122220 128687 134483 120247 126354 116723 128779 108047 124833 120282 120991 122338 120219 116403 122350 122359 120265 126184 119369 127196 120232 116387 128848 122371 116663 120932 120458 121886 122003 124847 119217 114212 116391 121694 120303 3803 119383 116392 121614 120304 115697 116400 97737 119871 123023 123741 113061 122016 120263 116970 126578 121678 120960 120305 104596 120478 123158 122410 116402 115105 119403 121931 120448 111909 128294 132918 111760 120280 123068 129833 122057 116411 121026 1253 122951 120432 120021 116395 133227 120849 120884 120486 92052 38925 7695 122442 114256 122936 117586 122226 68398 5856 119798 119536 127035 149566 122990 120931 115734 120505 114312 122476 115124 121018 120042 128935 129294 121063 125250 120577 120275 96422 118796 48579 122092 127198 120434 113368 120537 76223 24411 119533 125303 122515 119744 122966 95087 120605 127236 121017 117898 37238 117995 126190 121955 68530 116508 120609 120472 120588 118280 125156 120563 124081 101722 116509 125545 11394 117999 120217 128936 122159 117729 123131 113378 120626 127277 125166 116474 120218 124242 121038 121065 85417 118004 120248 122551 124991 125198 121397 122122 121177 121457 123395 118084 118116 121999 8783 134649 121449 121630 121338 120639 123027 118200 122543 115896 122258 34869 120256 21385 121707 117068 123285 120186 133429 120684 56548 113938 112541 42236 150372 125312 122014 120822 123597 120665 121472 123694 123881 132734 113373 118909 120857 125365 118286 123108 120970 24562 122364 123155 129047 121540 121765 118218 123772 120271 121067 116569 134917 121105 114094 121127 122584 122596 128355 120277 122585 119749 125160 120690 119808 120714 119593 122040 117816 122266 122314 119932 121041 119689 122968 116570 118305 115878 121639 122605 125610 120309 127878 120703 130157 122706 120287 115155 119788 125162 123014 129904 122704 120393 123282 101584 121665 121556 116698 121133 122466 122602 120408 119818 122048 116728 116787 122812 118306 127431 123695 130772 60072 129456 68057 132066 121158 112793 119934 122845 128440 134984 120399 125316 121055 14262 120404 116831 120720 86400 120792 114926 120008 120002 124268 120446 119069 123309 33943 117081 120419 120779 117889 120483 129008 121159 122134 115767 120025 122544 120032 122102 120485 166991 121871 121097 118332 118364 117238 120526 118910 125041 116863 115858 129633 3332 116610 122766 122676 121193 115295 121720 122847 127343 121204 132 114434 9137 120835 116735 125451 51506 132125 115951 116871 122852 122900 88696 126248 119918 118450 122146 90821 119081 111949 120534 117419 128269 125357 120510 121830 133316 123017 123032 118497 120570 121267 116757 146320 118474 120281 125192 117513 120795 120735 120670 120392 123759 118015 123037 121788 121272 115209 123066 131238 117840 123103 122616 120122 121220 106604 118522 122806 71005 114571 120511 125261 120562 125407 119321 121288 120859 121846 122684 119962 120594 125548 127680 123125 122160 117186 135066 120531 125910 123372 113865 123134 120874 122817 124283 127385 122190 121280 108063 125218 115368 132367 121837 117136 117240 120902 117225 118558 131306 128475 123140 25819 123444 108084 123148 39179 117289 114583 122736 116881 120126 125384 125419 118016 113884 120912 116971 115272 117908 100139 124205 24024 141703 121304 37548 116066 117888 123453 14272 96694 120624 120878 73832 120029 128453 122743 117952 130287 6247 121328 122165 112360 113090 119832 115882 122582 120067 121385 121387 122702 120139 119349 124281 118593 121400 132703 129022 89825 121592 118017 120988 1908 118632 121429 116551 123234 125489 120541 122205 124766 120601 123157 122629 121471 120687 114034 129103 124810 116202 68629 121777 129178 128854 122280 113387 132141 10131 123364 124313 70717 120595 130207 114687 118043 123482 120713 116918 122808 121078 117296 123457 130777 116290 119780 121526 117345 124212 120893 108102 123365 125531 123382 117104 119454 122202 121465 124390 123456 17943 135783 12450 122851 126270 131344 128930 119927 17987 48920 120579 120888 130248 126357 121664 121876 120141 125988 12407 126613 117128 129105 120953 120664 126395 120656 117393 118053 128942 125566 133435 115392 123433 127122 123470 121006 116936 117395 90444 14330 125570 122360 125573 122246 117346 150575 150800 25876 120523 125604 125692 122420 123196 121566 120949 124986 115393 120694 125279 123563 129174 122869 118643 122457 122907 125695 130431 127366 123473 121635 121010 131980 121073 118782 121095 121668 122247 120746 132004 126447 117274 114767 120787 120024 122729 121893 121683 124386 120870 125706 115293 111019 122464 12487 121738 120075 115777 120676 125790 129257 127744 120907 123632 125661 121628 125833 121140 118031 121924 10839 113397 124420 122909 114768 118062 120268 51760 124433 120925 117386 120946 120954 115369 117311 124228 125169 123667 63371 74026 55757 121804 0 130448 123200 120959 118120 123686 122967 120524 98053 120332 118896 123522 122275 113232 126049 123076 120985 109713 120997 103362 123267 117712 125008 123791 120335 125038 119396 119720 129198 120585 14311 132149 119406 117500 124376 131577 114801 125085 121150 123861 123088 125835 124097 121216 121671 118912 114823 100901 123275 121305 121270 107492 122336 121347 120971 123642 123109 125388 122039 125918 123368 118973 2023 5862 123951 123500 125844 122472 1211 120980 92509 121778 127756 120989 117744 121079 121025 120597 126524 122124 121744 122505 116969 127554 123957 121394 117529 123122 117399 118612 125710 120722 127880 119563 122677 112443 865 121819 121085 121845 123053 119838 105187 113438 115217 116983 119644 125087 127667 121881 132182 120061 121611 119647 121115 122575 121117 117540 126063 123420 63728 144676 123985 114847 119555 119792 120614 117627 123409 118755 118181 126023 120654 97753 118319 122289 119653 123783 123513 19494 109101 120628 118058 122627 123124 123043 123554 129425 121884 121030 121124 126093 122701 136440 123096 130458 121772 121145 125435 121205 118142 122723 120668 122746 118924 122761 128384 124183 121810 123288 117606 9344 123486 121129 118312 117106 18150 122027 126136 121136 134722 121847 125991 123819 100923 120671 114873 113578 122032 124498 122153 122463 121232 112598 117792 12058 144718 132121 121963 121967 118346 125712 125725 123959 118847 122484 121247 12134 123644 14495 117120 121248 121259 10044 121262 126152 125461 121306 92542 124213 117441 117481 113615 129240 109906 121866 118235 121878 108430 122250 126018 121290 121312 122583 120768 125686 123581 121459 123615 126084 126402 123519 123826 124678 121323 132246 123994 121275 123194 126664 123618 121334 121359 117143 126276 122390 130238 121360 28390 123373 118292 125784 123387 123668 121734 7753 120903 117648 120632 117689 123680 124117 121357 120994 118948 139109 119815 116483 81069 126098 123984 117491 101807 121403 109279 3645 113736 27992 122795 6854 110713 114656 124234 136454 123832 115876 124245 121370 119861 129585 125117 126432 124297 122234 123424 117912 121548 117567 117965 121898 122482 117718 126434 121929 121976 118111 121971 121426 121298 122173 100847 118330 120672 117747 118065 118009 120200 119965 122675 126622 5923 122253 120678 124012 118969 121346 117753 129451 122899 120899 123725 18428 120933 101825 117829 121020 120345 42654 32811 121998 135010 115472 119681 120351 118398 124021 123915 122260 121430 16544 120721 136725 115746 123930 121380 125275 127855 124302 125505 119740 122066 122953 129516 124782 122991 121045 122770 121436 3369 123172 130684 121766 120225 121437 122077 124020 126569 120389 121500 121493 123199 110989 115733 115775 117892 85727 7757 121769 122063 123427 124035 122186 120950 118366 56623 118054 121502 124345 120487 17701 118070 1872 123240 95556 124064 118984 130339 102019 126099 121066 123269 117860 3841 128674 130817 118421 122964 5910 121040 123071 121532 120136 123731 110173 129021 120727 123175 159321 121505 114054 120204 120422 123319 121210 122106 121957 126467 121477 125825 122119 133679 125135 122534 123227 124106 124934 123548 121348 119143 116857 120407 1554 126700 117595 4032 122223 133589 8067 137673 118380 121243 122244 124977 124138 126704 123229 124180 119149 114888 120784 122369 124251 130374 111947 125053 122251 120427 122388 124348 122346 118513 120498 121494 121943 123750 122391 23095 122801 126111 93683 121507 123467 121516 122120 120173 132377 123565 25904 123496 119508 125869 122856 121518 127020 120842 121321 122932 137404 121524 124214 124112 120428 121522 124476 118695 124172 117865 129071 117874 129806 23334 7806 121567 132751 124129 127099 126397 112224 108753 119878 2180 118161 119229 121354 117910 123230 124308 117932 118661 121013 122397 119301 126841 121575 112447 121536 115342 115953 121458 22727 52121 124477 119468 108530 121594 97754 121037 120734 126139 115277 112483 124210 117925 123506 121621 121795 118851 124259 120509 122034 129222 115739 117967 134743 123671 124320 37501 122401 117638 16718 123249 132569 117115 103092 121561 117174 2274 120582 132573 123256 124270 118510 124229 120033 125152 129523 121619 119337 122419 122475 124441 122144 109095 118077 120317 119889 124254 121513 37654 123590 112534 127083 123633 116344 125344 121634 123415 124679 122245 112852 109190 125174 118532 120689 124286 121089 125723 121646 123305 123341 123705 124501 124135 128733 121576 130974 134146 120449 120700 122155 120669 123875 113063 120496 129361 122084 132586 125214 126564 132689 123707 120745 133942 121287 88610 121589 124480 115066 4068 127216 123345 120922 120680 121521 121636 116552 117643 120501 123323 120572 125897 123744 123369 124349 126882 125252 113067 122133 121128 125295 121543 66464 126271 121317 125957 116861 123889 121647 118555 124573 122188 121658 121692 123348 122557 121900 4935 7900 105769 123371 115655 126340 122192 124902 124923 122580 126446 123660 113748 123699 118780 121960 122365 121698 11842 122678 123406 125331 120736 124794 126977 120772 122473 133026 126500 124575 122315 123842 121450 118138 122339 113158 118849 118202 126391 127107 123436 123446 122036 121456 113800 126214 124496 117968 8057 115864 122529 117666 120798 39511 123876 120814 119115 124583 124399 122715 92064 121710 122451 126510 133170 135368 129667 123546 3596 121547 129542 122946 127864 103529 118679 121574 126754 175076 124980 125655 125025 125577 120832 171991 123704 123938 105410 126348 127380 121595 43217 149543 120820 122444 25947 121597 122408 110253 121721 115323 126552 118920 120937 95811 119055 127866 9471 124690 117891 120848 118026 121292 123946 124002 122082 89924 120940 14574 132698 122136 124759 126451 127910 121631 133112 12735 122211 119424 117341 118209 120133 123969 115940 121722 121689 115126 121735 129668 118817 122994 123624 121736 126694 118115 124892 125730 122492 123780 119824 128057 121740 115163 115164 123488 122236 121742 116132 121938 115766 121750 137905 118072 131134 122548 126711 122271 121770 121227 126783 96327 57358 124144 117791 19637 4794 121092 121238 121713 123495 121776 118276 120877 118883 130548 121800 37263 124151 116031 122744 43897 117431 122329 124154 122764 123507 114188 127164 130521 122959 113003 133958 118597 14579 131176 105437 106477 131430 125044 11067 120951 19344 114189 143 116054 121823 120957 129724 113791 117631 118712 121009 125136 121853 126792 124508 124636 64676 121885 122416 123515 98425 122025 123001 126795 121300 124050 121856 127921 118875 121156 127435 120880 125273 121906 121015 124511 121163 110459 115916 122637 116865 124699 125474 125811 121867 122722 121034 116199 123028 20030 130611 14705 122640 118880 45841 43245 121714 118097 125942 123517 128681 121187 122750 126818 123056 121873 121899 122727 124607 121909 118963 1733 109885 123740 128918 127469 127984 121746 125097 123156 122006 118231 3390 125181 126050 117075 131493 117555 278 121950 133354 124428 121910 134436 126939 118100 124174 125229 125944 117796 128265 121316 121930 116219 123580 123530 113218 115964 123583 124440 131996 123628 123061 39531 120476 122029 121781 121981 125963 125815 2061 126128 115339 122261 130655 124617 119887 121986 123619 122668 121974 123347 128575 121083 130850 121991 123218 122423 124646 122022 122884 122879 122754 127116 122080 126853 123402 122248 139278 128709 131616 114332 122769 126966 122792 121992 122274 114449 123679 123712 122005 116007 127148 122068 122041 127190 117950 126947 122181 22705 122468 96832 3895 122243 123584 122804 119993 122053 122407 124311 122047 121345 132701 90553 134175 38360 124831 113544 124630 122262 118419 123720 17764 127033 117506 116058 116548 118109 122854 124430 125304 121391 122281 123183 125306 118246 118445 139756 122293 129129 128612 127223 14756 118201 122479 125276 91077 122875 123659 101091 122058 131740 121364 118972 122088 129101 118339 57016 124362 125315 117900 120142 122131 122352 123489 119066 121414 122071 113709 124449 119108 122525 124648 122877 122897 122095 124171 122148 122530 129772 123754 121478 121134 122943 122956 39451 128700 124516 124465 120621 122076 123850 116322 119253 122299 123764 129835 115419 121149 134767 122151 119230 123742 122372 118347 127336 122197 125333 26027 125338 128063 129663 131149 124049 123749 124485 123538 123555 119146 127691 127268 124184 96768 148277 116225 123998 126059 119339 122111 5944 122740 118457 122348 122199 118499 122412 124765 114825 124108 123753 122481 125349 122495 122535 127050 118526 133867 6901 134775 125350 125916 132822 122204 127303 123168 122913 127645 124136 122973 127365 124263 123273 102603 119270 126078 125509 124568 111099 127106 124387 122881 125592 122502 122670 125704 129189 132115 127119 118440 102694 122490 135512 123287 121607 129325 127474 122216 110570 123511 118310 123532 124730 124683 127256 116437 122222 118358 125305 4038 125125 122836 122431 123300 52667 122682 120731 126137 124685 124426 119353 5968 131412 125809 129868 119289 126193 112650 122240 124120 134271 129488 124478 123645 118604 122992 120102 121160 123702 19387 124611 120775 128806 124127 118922 122263 69796 122941 122264 129902 118468 122276 125460 11028 124792 113422 122270 124197 122498 127692 128152 126255 123318 125369 124273 128607 128945 118959 130161 121388 122279 124753 123709 130893 118664 121435 127578 125361 103603 133350 125464 123251 124739 122429 127414 35385 124146 127159 122555 127440 122252 122469 126082 122890 124861 122344 122648 127320 131596 123767 122268 115204 133363 126907 130630 122948 121467 118477 131955 119379 123002 134575 122285 118519 127580 127743 112678 112243 11076 118691 123339 123111 133478 123995 119446 124279 124250 101220 118862 116060 127786 123005 121706 133542 124872 1972 127376 126921 119578 135004 124429 85877 124310 122785 60719 122384 125913 124372 122831 113469 119539 118886 115294 124836 11095 120148 124932 113159 118617 123378 7062 130053 120943 119574 133895 121544 125653 122409 119587 122894 115494 122653 125697 124873 124948 129570 126058 121199 122272 110605 123422 121419 123774 122695 121584 117207 137743 121579 122728 124179 1255 126103 38485 125230 119643 106786 4086 132067 124474 122976 116172 126201 123653 98489 126238 5998 129593 124497 122811 116645 123606 123476 135664 131981 122821 81033 124976 125698 127788 120355 127206 136382 124523 122414 123191 121093 108670 18576 123700 127590 121421 135417 126089 118320 115319 118520 5823 126192 122483 102054 124340 119733 125104 128358 127399 124620 132828 111364 90648 4134 118529 125126 130267 128033 127421 123266 125364 126119 113591 124148 102847 117236 123054 121369 122486 126183 118626 123729 127501 120652 123040 129192 125014 123746 7085 122012 118079 123044 127519 123782 115984 123802 127818 112383 119662 125731 122672 122855 133932 121424 138071 118479 123052 122523 123065 120802 125394 123833 118672 123854 119860 118901 125408 110918 125399 121612 123181 7647 124661 127802 126278 124559 119785 123077 119828 125131 14629 125764 119979 123093 116248 122366 129531 121726 116471 122925 126339 123110 134240 122395 122485 125830 124703 123937 129287 123296 124798 124781 128876 138294 127603 123223 124288 119816 123147 119018 125478 122539 158540 125499 123882 126333 128560 7598 121771 119058 123190 122724 125841 121239 129664 122919 118879 116278 119130 127283 123144 124789 0 129862 120838 128822 124822 132837 121378 123942 90712 117277 134691 125541 125561 115880 124354 116910 122563 126317 115461 124660 109744 122829 120897 118525 121446 121675 12828 125150 122591 124841 123162 123224 122830 124335 118281 119989 121474 125281 119874 121748 122600 125265 122861 123302 126332 123359 148733 122870 123222 119195 122385 124840 124507 132166 118337 123235 122978 116579 132277 127857 113636 129331 26407 124852 124048 125402 124643 127929 122570 124356 122075 119945 122576 122593 125171 4991 128139 76584 123950 123268 123297 132217 123303 46550 115417 133568 120048 125550 123316 126293 123340 125965 121688 69052 124469 122607 123366 121799 126203 116052 123089 122630 122721 125617 118893 125901 113225 123390 118979 125946 127352 120143 121814 122805 115449 125580 126112 128205 121822 123503 115729 127814 36018 125622 131012 124891 120015 110622 124691 125226 125238 86307 123430 126454 116127 126335 120161 126654 127604 122641 122187 125613 123988 123536 113843 123566 125789 122644 132548 114000 4958 119225 121655 127898 124901 122828 126477 120165 125930 127622 124755 123572 111778 120120 115505 125999 125651 124908 124973 130347 125652 122652 118654 119032 132850 132764 118804 86663 124069 122930 120196 120157 116919 120243 123579 124827 49709 116020 125678 127452 126311 123381 131394 123594 126366 116133 133009 124533 124094 133950 112406 123094 125734 118697 123605 123617 124017 123623 112869 123635 122667 116940 124540 122888 124168 123778 115541 119228 150983 124569 124187 121724 127397 125076 28697 123975 125144 122914 119182 6274 121861 127639 122921 121801 126749 124085 131445 116226 116236 122508 12872 119235 125283 124534 119316 119490 122939 116239 134048 124100 47005 123781 123651 126525 110675 118905 128256 120924 121143 125199 124247 126075 122788 123654 113406 134823 125287 124842 160478 124856 132855 126741 108817 118994 125340 124284 123136 125428 123897 116330 121882 119348 119416 122895 125430 125454 126076 159217 125798 125341 151033 124870 126806 119552 119086 120301 126522 122898 116754 124862 119423 119523 124307 127727 116475 124982 125955 127664 122572 119460 120307 126045 127941 120385 110947 123825 123098 124625 94358 121179 116338 97002 119139 125022 122613 126533 98380 116389 121891 127462 123655 126758 122940 123692 125228 70837 125458 121887 119588 124388 122988 126124 132046 70982 124472 125750 115579 113873 125462 128357 123000 123009 126061 86821 126123 127299 127653 126200 123060 126141 122617 118745 102109 7679 120417 113818 126475 50136 126570 127779 126575 121283 121337 116999 123713 132076 135133 123830 128004 125409 121047 122707 98479 121889 123139 130389 130407 130470 124175 125470 126612 123161 12440 11916 125587 122927 71847 124700 113916 71170 134130 128020 123301 116198 122768 126647 123423 124473 130715 123809 116240 119670 93889 119142 116596 123179 131052 125334 122767 160785 126630 121282 122784 124237 124495 117015 6686 122989 124385 125268 116636 127476 127834 130384 1264 129002 126244 123847 16822 123073 125385 122661 124655 121919 125571 125880 126503 120528 122287 123069 127500 123863 118942 125410 126632 126633 125483 122185 123057 124041 129349 116849 123237 124898 102874 119002 119716 122763 118785 55442 125640 127803 128062 124951 122294 119845 126995 126801 118821 121578 123209 35016 114268 129753 126870 123083 120356 92889 125647 117271 128369 92029 128052 77419 123858 123499 125687 126909 117163 123101 122655 118952 122692 123676 116039 132482 119012 119955 124272 123228 100391 103230 122209 123292 5994 116215 124528 122765 14738 125140 126666 119936 120553 123871 122780 135239 105373 1265 125672 102128 126294 16814 126744 96214 126958 122843 5105 131058 9670 48814 116621 128064 105462 125958 125733 121959 120397 19540 123119 79530 126757 119260 124418 124294 123163 134316 121588 117564 6150 124549 127852 132668 128168 123398 122679 127018 123276 124567 125204 119620 119697 131459 124624 125235 123552 124305 3902 128043 124645 123701 123374 128106 120592 124773 2336 98500 119188 122301 120382 121339 133006 126295 125738 122306 126157 120009 121904 125936 126168 120712 125163 123873 123393 123773 123165 128203 129359 133013 126302 127066 111824 122762 124807 135255 120113 125857 130722 120911 123935 133065 117612 116631 124248 125323 11174 123429 117695 123788 125987 23732 116267 131340 133233 122844 123648 126149 130758 55728 125891 122935 125953 116657 129382 124680 124306 126004 126775 120804 116517 114375 131462 125525 119287 122803 122318 129426 122822 124042 131336 27815 125607 123924 119096 110736 120300 126177 119306 122326 127157 102327 122873 98580 111875 124577 114276 123353 119361 123356 123512 98654 125683 121623 122603 125530 121070 126020 123878 869 110861 131651 128206 126027 126516 123793 18288 123947 127078 118866 120831 119488 126173 117223 111189 135514 123925 127806 128177 25805 128334 7220 123432 126126 119015 124032 117810 123899 121993 119366 123502 117247 128361 126202 122915 128538 148893 126211 136817 124328 133368 38617 125389 129379 123990 123533 116670 128766 124829 123792 124597 27839 122938 126315 116295 124705 120919 126718 122816 127075 125664 127114 124039 124929 128789 123545 124126 128721 120840 120860 121362 129445 126721 123290 119847 123556 133665 121649 107370 124414 123577 123625 129687 124045 124053 119452 121951 127091 123351 134485 117428 133634 11115 126047 131415 126223 119214 122717 126817 122961 124966 126290 787 86847 124058 124103 124742 117438 119923 131520 124431 136848 122730 114282 126086 129327 127181 102155 114479 133353 132213 133772 23869 103425 125362 124113 126822 126107 124770 124579 124459 114290 149754 134199 124460 123634 123593 124139 116746 126299 137274 112480 124123 129495 124634 126738 121994 125242 123612 125722 126864 126857 126471 128723 127635 122984 104074 119477 131668 119527 123041 122908 104325 122732 151081 126125 121044 123045 26065 122735 95393 123526 125436 120862 133370 123046 112522 118892 112434 123647 125766 131697 121215 126492 128803 124149 17133 123677 123724 126167 124701 124846 121113 124871 123610 132894 23077 123067 125446 125469 123541 4354 123703 119117 124733 127186 126885 122051 123710 124682 6031 131706 5116 116298 124019 122882 124721 123717 124943 118439 128383 128408 122818 111445 125511 124209 124728 124216 125003 112816 113467 124185 124475 126945 122107 128738 123727 123851 124061 127753 90983 123865 123426 122832 123949 125073 125071 122432 124204 122883 123678 123086 122002 116722 123708 124230 122893 122170 116425 124546 28148 123828 119172 122214 123171 126226 102220 123114 119227 133563 125803 128813 123689 123864 126231 126837 126322 124672 123404 123085 124023 124073 127888 133421 122303 122857 124905 124152 125321 114395 125514 123178 117878 127194 124334 120292 123943 121401 120452 121315 104908 114405 124044 121511 140765 98926 36253 125554 127017 116923 122325 125861 124173 125330 123870 123198 125919 123254 122896 123518 117282 129595 131900 122905 133977 124409 119256 133997 116982 8069 122331 120892 124684 119547 126361 122440 124571 121464 123274 124736 121486 125077 127228 128283 131853 125551 127220 119259 113751 123307 135272 124522 134314 128786 125517 123308 138442 131382 51553 114512 126253 124819 129449 126438 127127 128093 116942 124264 117066 121489 123609 131447 131795 122532 126416 123690 127262 124233 8072 131932 127221 126567 125519 125582 122920 127816 122494 122368 124260 122929 122254 125625 120977 124278 125207 124820 122931 123810 123524 129754 72531 28010 117046 6285 125263 131820 127950 123733 127093 127132 124192 133691 121527 132264 123367 41159 128558 125627 116496 88766 72772 128068 124437 129777 127298 123811 117440 124446 123880 116527 123600 121039 121131 124200 114444 118808 127344 122581 122398 128114 124267 126310 123354 12271 135264 121708 126912 120066 122030 127146 121050 123388 134671 126652 127990 122965 122982 9483 125693 123189 127215 125553 102631 134781 119743 117496 124877 124467 117511 121451 121632 105257 121729 123735 126512 119584 125102 6332 121170 127193 128185 124014 135903 129278 128375 123745 127246 109652 129796 116727 124312 126493 128285 128851 117974 127301 129194 122439 5108 122522 125886 121479 128311 6367 116781 23937 121747 124444 123722 121739 133752 130014 124316 122452 106905 124754 124317 134860 119304 124903 122619 119773 9515 123400 7786 123260 127251 134543 128323 121289 119863 123911 125927 281 124329 71894 121302 17584 123559 126517 114743 124025 125890 130022 111124 128792 126176 128944 125351 117038 124488 123293 126528 127307 125103 121069 127257 123816 118754 127345 124817 130024 152545 124243 132086 127637 124970 122460 122497 11330 117149 128856 126544 126730 124196 125043 122503 125951 116266 119812 105481 124725 135093 121784 124784 128537 1734 123869 124004 127312 151696 124968 117088 115476 134147 122594 133877 130025 124221 125787 126181 124494 126557 23977 124509 123739 121996 123872 114993 117100 55860 125982 39456 3068 126812 124410 128614 127482 123337 124457 129273 124255 127601 129051 124556 128346 128862 121855 123904 125374 121903 117171 130075 124914 122620 126750 125379 119391 134221 24173 115072 115397 119535 124564 126771 65559 129073 120593 127265 123343 125130 124037 123344 123547 107722 127327 124585 119736 123896 124084 123907 125453 120321 123591 135282 127559 134637 126051 123757 130109 125800 122060 124654 121911 134246 116914 3921 124757 130435 121349 124369 123926 124150 135485 45741 117006 125253 18190 127417 119624 113757 124551 105594 116292 124786 125556 134446 114660 125896 124330 12248 126205 135476 117121 123794 126615 132211 125979 125989 122069 129878 124033 57832 127370 128794 132065 128620 124383 127322 117129 135681 117359 123669 128788 123776 126000 120740 115561 129162 123683 121353 125395 119544 130302 126558 112021 127484 98656 128675 136168 124828 110520 123913 127573 127358 119821 124835 126081 124619 124864 124052 78801 126867 123803 125637 118865 123860 127903 121363 124291 122518 125586 124458 125702 6563 126036 127574 124740 125064 124299 117138 130244 125075 124539 120028 38783 99730 123987 123487 130170 132627 123805 117432 128984 125098 122709 128683 7149 46289 124337 126064 125153 134994 51882 116420 115714 131823 124910 126234 124543 138732 108481 119846 240 135138 130298 126983 133256 122720 115637 119858 122781 119866 117148 125659 126172 117219 135497 122147 121956 129284 118551 122782 124082 61985 135176 124561 126194 120041 127371 127269 124942 120072 125635 123936 130299 128730 122654 122282 122835 123840 129190 126197 127577 126594 121504 124825 129362 125068 133699 124915 126626 135108 125717 131933 1282 126515 123779 127588 124510 124911 124370 126408 120894 127142 122981 126627 125752 118988 124984 123789 126218 118919 127971 117228 133913 125042 132007 121841 124280 132754 130418 5208 125488 119873 127649 126709 125285 130446 126284 127669 127225 126336 100012 124548 118309 122924 192930 123813 124262 117422 124448 110832 127450 120164 106183 132920 125058 129594 122712 120627 126507 125060 8215 128947 127274 129050 127812 125358 124555 124693 120641 124121 123961 123852 121983 128887 124036 78291 124134 124451 116774 125109 123055 124006 124990 125121 125123 125701 72796 115732 125219 126212 66470 124722 98635 122960 115788 126639 127823 6366 125372 128039 133461 125413 130499 92969 125154 119590 111177 117443 127686 124998 117539 125729 128015 130137 125421 124160 125422 136166 129066 127510 124696 126266 126519 124068 126595 129232 124922 129179 125459 117547 197986 122971 116091 126707 125005 126275 126638 80184 126650 127374 130320 129143 128290 52252 125145 124808 74215 125176 126764 129248 125735 128303 126669 124392 130559 108475 124087 124195 117466 111449 117588 135507 125758 116809 98945 127851 126686 126497 124236 124331 126784 122011 135181 116926 122698 116433 129328 125628 125007 127267 124845 75676 125878 129167 124352 127725 125381 132136 124416 111391 128500 123471 125588 130621 120778 114962 123115 127377 117661 148949 126785 125662 121367 125759 127930 125062 93009 127568 131221 119996 124538 124893 124906 129175 125186 126021 123126 122858 130415 119924 8434 128485 124357 125863 127647 128133 126798 129329 12277 117597 125397 117016 12381 127767 129377 121831 124178 115776 130563 124618 125679 125072 126820 111464 120001 124738 124367 123138 123643 135314 124500 127949 129612 136185 120031 124748 135581 132229 118089 124293 128031 123150 125187 141463 121206 125244 39865 120177 125468 104539 124917 128054 129427 125266 136029 9157 127434 127402 120089 125925 136316 144943 120829 119658 128167 130640 130264 124319 74361 126868 120667 119683 126288 125898 124411 120230 124535 120062 126922 19797 146626 118480 135538 125018 126291 123159 129482 124207 120909 126445 128783 12397 125211 113776 120101 122135 124621 117624 126838 127497 120110 130476 9683 128281 124581 124417 128611 121530 161735 122963 122061 118767 129282 116469 132945 121002 104666 120728 128253 132249 124518 130668 40078 117684 117724 132480 129300 128356 125445 124663 125945 126165 122168 141779 125939 121274 125929 121257 126896 120132 124318 126920 123277 115201 120264 123185 6109 125215 40285 119480 124358 126895 116114 132670 116794 138313 126449 133600 118253 120460 128169 124442 132778 126178 124226 153840 118025 75767 129721 119919 124676 122128 127285 128631 124677 124558 120339 121303 124368 130812 136050 125240 125293 129392 124461 122267 120224 119140 130702 121602 120535 130739 128668 110985 93056 111489 130752 129395 121381 129437 135323 124920 132869 125473 125903 124377 124380 128134 127688 8591 120350 129462 125934 126187 121629 123113 124413 121685 124422 130555 127150 126134 124464 127360 120604 122358 122328 130818 127773 136611 117097 125245 128193 126287 125485 126526 198595 129569 127342 129485 120189 134458 123890 134685 129635 120006 129314 126415 133137 124584 122373 125493 122379 135415 122800 127458 126849 120974 128213 127543 123417 111504 118199 120973 124099 124520 128272 123188 7842 124545 131009 128176 118377 126832 124486 124565 121019 106611 119258 104760 130842 124593 127492 129650 8729 125539 129656 127978 125291 124491 126343 125065 121390 128496 124530 125754 22776 127494 111494 24673 126443 118714 124799 122516 125616 127620 102913 99289 129443 128541 124818 43522 119487 124698 120223 128202 128713 125313 128621 125101 119052 128224 120193 127621 125202 126541 129543 129661 149289 128630 124638 120014 131141 116449 124610 120749 123202 130835 8899 128770 120837 121865 117161 120207 126236 119577 124623 124598 125328 126577 74555 6171 127640 129715 128221 125639 111681 124563 128245 126435 120456 125386 120790 12505 124869 118408 124760 135544 133733 117127 127675 126667 124218 125441 122840 119604 120273 123243 127905 111702 125822 122578 120259 62164 122611 124631 124697 126462 126600 125932 128715 126981 135639 128753 135765 120278 8601 121773 125494 129685 118990 135781 125660 126602 124777 125134 127027 130816 124252 112104 96171 125642 136808 125471 129733 124791 93232 123152 117725 124397 127681 133744 126740 124844 125995 125542 125137 120337 127713 126579 123611 126924 115345 125477 126965 124797 124875 126815 121743 125663 124890 118431 121029 129141 125239 125262 122333 118567 122650 119512 120896 124826 125497 125749 121118 125658 129762 129847 126603 104071 124649 124896 134866 123885 122683 123225 129740 127230 126606 127720 124907 14828 122886 125512 135185 125714 128755 136872 127828 127764 122906 121973 127754 137270 127308 126911 126608 121877 133165 124731 127005 120046 125568 121990 125029 129980 123716 119635 127062 121410 130871 128030 126656 133200 120108 127876 124734 117328 122871 131374 117739 127464 129459 129813 124916 127920 1362 135232 130745 125599 128277 122958 130971 138132 121501 72837 120999 121918 117604 124994 127755 127761 129825 18140 119682 125671 1669 127238 119726 126455 133118 122296 126138 26237 125744 133899 125082 128893 249 129912 124909 128067 115458 133215 125105 129982 125246 126959 122441 127077 135814 12399 125791 118842 129793 74488 120358 130297 71181 120457 126708 124758 121022 125760 122999 135263 119202 125767 126968 124878 130134 126714 124769 130200 135868 124884 125772 127139 124830 127000 120190 122024 124405 127996 131004 125788 128336 136352 98881 123173 122015 128005 129028 120155 128071 7856 125776 121207 129841 120568 124946 129466 128159 124741 125681 125908 125832 125172 105254 125700 128175 128950 122975 125067 129865 132779 127819 127335 124774 136897 125849 131191 112601 125302 125680 122541 127028 125911 125718 6270 122319 118918 116490 123003 135430 117619 124996 125248 128243 131387 125713 116521 123272 127824 127129 125739 128360 125874 133434 123192 49330 134386 129880 122632 124857 125317 128392 125893 122375 126174 119350 126616 99505 121684 125255 133235 126028 125256 120079 121398 129347 127237 123238 122055 127328 119178 129159 129122 127156 136038 138657 117866 124832 128920 126060 126105 124768 124644 99142 66293 125623 118488 128953 125373 127902 117743 123491 118024 117682 135094 127914 121404 136278 121972 12541 125307 122113 125434 124712 136397 119775 128013 124972 124860 122458 126663 121835 129869 118638 127928 123246 20889 128955 117735 117897 129883 81245 123501 124751 124713 130426 105780 119385 129056 126534 123360 127992 125864 129084 125940 123445 126800 133286 123278 127182 122833 125054 123004 127010 66534 125956 129983 120966 96161 118843 100049 128483 137882 100455 24859 125609 2284 126767 128313 284 123520 127247 131232 135552 126872 7853 120995 121007 125528 119641 130063 126186 123346 10255 128527 128291 128034 6800 125366 133246 119807 127466 118107 128530 120396 129158 138292 25274 11789 123062 122562 123474 118868 125141 126118 124793 133676 126213 52900 5317 117683 115093 121081 129323 126957 129160 120291 125 130749 93647 125899 127067 119875 12921 136425 125935 125740 124930 124105 138357 134019 129433 128007 131209 116782 124225 13014 123081 133251 123505 123090 128763 129446 128371 127379 79652 125728 128736 125069 134592 138372 128499 125151 127134 122688 125684 22946 125737 133346 123195 123362 128821 124761 127463 120576 128747 126599 102022 136541 121443 125220 858 124384 120433 123418 125900 123599 130346 123461 53983 128512 127487 123120 121563 123550 123233 21 115860 161385 125475 122178 128046 117943 116332 129110 125959 125993 123313 123465 116853 122179 122123 124823 147969 125974 129926 123463 121072 80128 127797 122569 136554 125867 125907 119898 117832 23522 127138 125721 118136 129808 120493 126170 116120 55565 123448 127211 119298 130121 130140 125092 125606 126643 124900 125966 121838 120587 123411 124927 102361 131082 127528 136149 133391 133150 125359 120794 117159 126016 123479 128061 124834 121915 128845 125437 128143 126908 130194 126101 120438 123571 95074 135625 119888 125986 125994 123614 124772 123631 126109 130519 118303 123738 135912 127101 130371 125013 128879 120571 119831 127807 125021 126227 125998 123629 138418 126269 134167 130253 122947 138424 126053 7281 121928 128604 129694 126327 127965 126129 118341 130261 65666 122342 127143 126378 136322 126135 129986 118822 117852 128896 127261 127222 131414 127473 123494 130409 125804 125443 126347 125920 137038 123728 125972 119595 118874 130538 105924 126037 126080 109561 131745 138846 115108 125223 122687 128165 133630 125024 123521 120805 127259 124801 124981 127263 112874 6604 128909 102553 96872 136057 130464 125977 129183 124811 138568 127454 123682 118114 131277 14794 130567 137185 126175 129206 128174 12473 125236 130526 126085 125039 124855 127348 120747 129472 23737 125518 104642 118451 122232 126384 128182 126042 1447 130006 124974 128249 136085 127576 131227 126229 128247 127368 127982 127382 123751 127918 133682 126425 117331 126994 121151 52302 126428 6050 15619 126373 150651 117998 127853 120806 130588 126649 125002 118685 123807 113920 129024 125649 126537 126668 118838 131260 125034 126088 126117 94414 126392 127405 127154 6172 120891 121028 120917 73945 122335 74279 128397 125061 131376 119705 116241 128962 126472 127233 127696 52709 126247 4489 128019 127232 120695 130094 126274 127446 123784 125100 128443 126108 126363 126122 125090 130478 124848 126733 130811 122824 156139 125522 122471 117882 131316 121001 129737 130524 111723 129200 119044 129241 125765 127977 23547 116448 128484 128517 125213 125601 107142 9033 123801 129742 136014 130963 127479 125074 109692 122031 1485 4786 119948 95527 123777 122517 102639 128289 126100 130593 118023 128111 121164 126913 132219 112933 126140 125403 120799 128913 112953 126929 125127 75738 125274 128521 118180 130544 160308 125149 130572 128758 129474 135857 133701 127525 125914 125180 129062 130557 122957 136448 128579 125532 126551 137549 125190 115391 122598 121208 131386 122848 137220 133952 124499 15996 128035 111959 126169 126220 127533 134653 127587 121241 123839 128810 126410 126370 130741 130321 123857 125755 128144 134828 116664 126380 121406 126131 129085 118818 131649 130657 128060 131721 130805 121325 128075 137335 121466 132695 126676 125324 126304 126385 126465 118876 129475 119956 128828 130705 125233 126765 127591 123434 123732 131891 125260 118268 119060 3084 126470 129322 129104 125538 126476 125280 132243 125937 128985 127617 123817 128580 123855 97020 129334 119966 118354 120876 118410 125319 123866 126487 127565 130832 6701 130366 130891 121583 130725 3928 126703 131443 134817 126185 37582 122622 126106 126280 121596 126367 127762 129152 129866 129019 123958 128158 104845 126495 126944 122747 117577 130931 121052 66744 119207 113263 123886 123909 125393 129513 126904 128724 132338 129312 128181 131798 137655 130852 131974 129281 123962 116842 121358 137586 126774 126938 128551 124007 127856 126485 126441 131335 126188 136312 132130 3946 121515 121558 127660 119360 121439 136362 126970 126228 126523 128629 126328 119003 127105 124849 116855 133685 128260 127752 126364 129356 124022 125481 123887 125429 20513 113972 118441 126538 124027 126620 148389 124941 124130 134960 131519 121498 128302 126235 128728 130833 133757 139403 123180 131708 125567 125508 126375 131406 25209 156291 122658 125590 6638 127904 127833 128761 123325 105026 129366 133953 125598 132491 128420 114148 134011 127854 126974 128427 121622 121732 89543 126542 128885 121768 124602 125564 125605 1737 124609 3436 126394 121807 134012 126241 106893 126614 105015 128445 124628 125133 125644 129519 94695 118492 138513 122239 126989 125576 130861 125611 124003 128112 129530 129547 136364 127046 121626 127544 134989 124009 124131 127002 127161 128778 128849 3459 122300 126250 125707 126628 121643 135072 119219 124222 120310 132605 121862 130919 120688 130954 129364 122903 129422 127173 123641 121815 123711 125624 121868 137665 129562 125521 122050 134275 125557 126398 127184 95274 118958 117646 128184 125770 129602 117093 126334 125591 21182 134281 124670 123342 50421 125633 107505 131536 123981 123498 112003 128470 136481 125336 127108 129385 126719 131218 1501 126635 117410 127240 136616 128857 124147 126619 129450 126277 125636 125257 118507 125501 124674 134547 131847 135126 127324 75295 129613 122849 128971 114357 129660 125801 134600 132103 126308 121667 126640 135961 130887 129670 124513 136615 128688 131925 128980 134700 130322 116800 131011 130981 126655 120421 125768 118993 130914 122933 127899 106029 127278 126786 125810 129457 121920 131096 122198 124859 125569 105555 131172 131421 136203 129384 126436 122639 117198 125816 125668 128286 127925 126478 130420 124926 120642 126861 123748 118619 119132 127140 121968 129690 122608 119357 132782 125355 128784 132168 126658 128189 129778 131068 131131 132346 112073 127152 128248 129829 118562 126555 129973 128793 129134 125848 122078 127997 122028 128128 122689 134897 128829 121687 119394 125876 124155 122962 126662 129789 126673 108623 119585 124111 74534 126374 126697 98734 126501 81420 128207 121098 129992 121699 126440 128865 126561 129335 126644 126803 118308 114353 126906 124919 126591 127294 5581 138392 124957 126653 135051 112190 128441 123016 131258 123797 124161 122341 129418 10055 130223 126661 138939 131571 124633 122117 136667 128902 128251 125850 124140 125866 99229 128282 134339 119614 126735 131194 137368 122392 883 129855 136373 6767 124985 121926 122693 128288 129888 120184 124997 129435 129929 126967 99551 126127 120737 129463 119382 125871 123812 122757 122752 116961 129486 126684 131550 136280 135097 110229 126448 113353 131855 126780 126826 33295 124517 125872 125909 128959 129917 122467 125632 124988 120753 127201 126814 128273 124653 125720 122891 131208 124256 127185 121011 129609 118592 122987 7862 124269 126794 128874 129765 118741 125177 117360 126456 126474 129010 129662 97278 126531 122110 119418 126844 124289 128309 128329 124895 136383 131403 123102 131742 131565 122662 126634 128927 126978 136858 128912 128986 131666 126835 136503 126876 135135 118160 126710 129962 129561 119625 131763 137613 122904 128293 133615 125792 136812 131707 122974 126760 126659 12091 90552 131273 126883 119793 128363 126986 129974 134696 126769 127295 128963 121944 129097 119581 123166 123201 156452 129177 124395 112787 131844 129011 125506 128001 122934 7872 129716 125124 26462 138530 130424 106819 127022 128481 125457 130015 131729 124423 128365 76543 127375 126698 124336 127024 128508 120514 117478 128516 124394 118318 125132 131110 129532 138694 129014 99646 127341 130021 128274 125894 132769 136641 126898 126725 124865 128591 122164 135304 98912 131758 125912 125584 132825 130258 125138 106953 131764 9570 129043 136681 126665 125926 131783 99503 127349 128378 121086 131968 126782 128479 128649 129834 127572 120539 127026 128444 129185 125961 124524 123082 131291 122923 122171 123769 120543 128385 138462 130035 127036 127445 124447 125952 128552 132516 126729 126821 138561 133126 125356 127378 125948 119853 127516 123106 127549 122118 121751 129614 128650 126014 122177 162502 118639 114658 8873 123186 135372 118828 126788 125593 125743 122317 130067 128399 125973 124165 125634 129288 126342 129405 99860 126807 128652 120575 2445 135331 123221 128671 124541 124639 138713 124706 124595 129580 124938 135478 130508 136701 138780 124374 125889 125210 133355 128735 129186 135668 130167 90645 123314 128782 133695 126005 6353 127079 125813 136706 125382 122200 131317 119005 128554 135508 10763 127448 131510 131516 125288 129086 128609 134094 128641 124800 131557 139585 126029 122531 124809 131863 126143 136610 131618 126869 139208 127174 126006 131832 126024 130211 123352 130083 128751 126763 126007 126233 131183 126791 40497 103015 132034 126035 131894 126903 122221 129680 127555 123407 137672 126206 121242 120135 124432 135545 122985 128923 123442 128819 132005 120635 135034 121246 126878 129311 129123 138903 130090 23770 129317 130104 126937 129820 127205 125954 124531 129942 124537 134107 125646 127531 126831 129468 127166 137805 130138 136628 126834 138151 126494 128869 132998 140396 122256 128523 124989 127229 123523 126232 139639 131284 126842 128581 128863 121299 128805 125427 123072 138912 105887 130351 132026 113363 131682 130032 123561 123184 138996 128852 126056 132079 125971 119159 131790 124588 125682 122386 9763 127231 127287 130201 129151 119632 8242 128929 126811 119181 132032 118854 113762 128960 125371 126046 311 122739 130202 124795 138036 126948 128937 130450 129709 117374 133750 132035 125010 25093 137215 125380 121783 130214 129711 77897 123697 126884 125818 127292 121114 128941 129207 137190 127354 107094 6380 127208 95355 130218 124532 127390 136714 125500 126881 126312 132108 12476 127602 123459 126846 126976 129225 127112 103020 130153 135577 123771 40530 127165 130272 125689 126240 124692 123868 126985 131528 121947 114380 127351 124552 125111 130174 133441 133577 125856 139134 126886 130295 127361 128916 110800 125855 123940 128952 126891 128374 128669 126991 132132 119713 127155 132155 127433 127400 123438 17727 125196 130363 132203 123945 8963 126159 130383 127427 127503 125232 121252 127511 135523 128672 125414 112791 126900 130447 126927 137222 29419 138198 123965 126372 126931 140420 130282 139165 127775 129824 104240 129119 126330 123640 129259 125985 128163 123270 127043 129950 125368 121460 129157 112994 128679 129621 121253 116163 83366 132171 123265 125439 136856 136876 128898 122255 136930 124605 104612 127160 119905 127167 126072 124298 82158 126145 129003 120818 114515 122427 26648 118955 127432 67065 130441 130540 124702 128817 132376 129195 127086 126960 128994 123650 127177 132093 139637 129205 126079 122400 139697 132323 135648 129202 123295 113041 113424 129351 2066 128366 128053 127415 127095 126964 127403 132674 122527 131917 130625 54316 127124 127514 129365 123982 124714 132241 129541 123898 120272 127422 137276 104253 125917 131669 118001 137191 124635 98586 40783 3059 120844 120883 127409 129042 123329 122376 123320 122631 127558 127460 127481 125168 130604 127535 126260 137362 130607 11581 126092 127248 127542 118961 123333 127553 30218 144545 126166 124666 117583 137432 129725 127821 129234 126196 127556 130028 127254 129256 124863 132185 129289 6702 129745 124011 126297 127498 118965 129369 137639 131658 121481 127019 134045 127325 119464 123906 127047 140030 126509 126349 120927 122090 126350 129404 132289 129489 124886 122381 136972 129800 126399 49892 127570 130679 129342 130442 127158 138279 124743 127629 130642 120967 111461 132042 127356 122411 127631 119381 130644 135658 121023 127507 127716 127636 127526 131700 127203 131937 116821 118088 135682 11932 118172 127068 125020 2465 124745 129220 135913 132707 125970 127052 129263 127710 100343 124939 130686 131793 117687 124013 127282 127663 129055 126464 130813 127611 140129 138234 127643 132349 132253 127575 129407 129812 126055 104752 121447 129587 124089 100419 127393 129478 126094 135805 127090 127670 132271 119954 127583 124724 126482 119433 130474 126563 121833 132318 132725 124164 126219 140804 113459 123396 124747 127715 127740 127650 51021 125535 129245 131994 125120 79141 54458 124858 123026 129279 127333 130708 26161 119444 134109 127317 130203 123688 132441 124949 127749 5598 128423 127465 134580 133470 125455 124924 128594 122218 129419 127585 138405 17211 126360 135725 129559 126216 133455 100214 125547 127723 132052 122417 127673 135785 127822 118570 130060 127677 123544 128693 126355 129575 129875 119251 127966 127781 127627 129064 128129 129496 132357 130683 129120 120078 129879 122636 129645 113689 129415 126539 125157 128478 133067 119496 129528 133122 125297 115024 129588 130509 157965 129275 127695 130807 13207 115645 126368 126545 127654 132201 124217 129693 98888 67776 127117 127357 125981 129698 126376 113722 126379 121927 127737 124238 130911 130626 124300 127735 129302 129894 123377 129788 8293 16100 134172 127901 127731 119551 127793 123283 137327 126070 41507 119598 128663 128563 130019 129338 124993 123410 129949 129734 129901 127700 123039 126305 125777 123080 132111 112770 129774 130788 129411 0 105900 139102 122224 127750 131903 130910 127714 135796 74935 132378 119935 82747 150536 129464 126217 134144 127799 129790 130857 127840 127364 135991 127846 129906 125736 136077 126593 125188 130136 123483 125826 123095 126604 131173 134182 153572 127768 128740 126390 117861 137163 127795 29536 120119 129497 130727 16417 129872 125400 126556 125817 118094 125012 125845 120516 127860 122104 130929 67897 140279 127861 127890 113793 126222 127897 126450 132507 130169 130712 124091 127178 132221 123620 127927 130040 125183 123455 127490 46672 124353 122311 124381 314 150595 126636 133961 119702 140677 126660 127815 133162 127961 130178 127962 126514 130770 150745 130949 121269 122448 126716 122493 132438 125600 131051 125873 123715 126609 129590 128725 132637 124398 127835 132651 130586 126646 10059 133575 3660 84017 126030 123564 127912 127499 138949 122519 126756 130753 121285 60216 133171 132479 127900 127964 11992 127915 131308 129757 83281 128069 72456 133661 114979 90755 122588 136257 126762 126706 133792 130800 112216 130841 127935 131026 125227 125463 127958 119169 136549 130184 124137 123153 125387 132284 123761 122509 132709 107561 128910 126246 129682 123821 130043 126736 136587 132488 127739 130876 127561 125412 134608 130228 127960 125216 125217 125465 127338 3714 126748 18053 125510 126819 127968 134998 125665 130902 132558 129760 125675 130070 129558 127412 126034 104832 124613 118731 127956 127188 129529 136742 126858 20 123358 146461 126787 127774 127970 127987 130146 129857 120082 127932 127989 130744 130909 50 130117 123831 123236 126905 126683 126850 137607 130246 12025 126918 131032 126292 138354 129079 123848 127933 129191 127430 129920 131102 137835 130355 128009 126892 128622 127449 136759 7876 112276 128037 119437 136314 137027 136401 123451 130578 127289 119771 128058 122734 120178 123829 130393 127948 128115 108020 129204 133941 140815 130928 126934 121476 123263 126953 124727 127566 119801 126371 129292 122536 119654 126722 128008 127951 125529 113788 122564 122623 70382 127472 126973 128011 128040 127006 130307 128047 136800 129343 129854 125585 129460 131304 127540 132761 105911 123310 127249 102816 128157 130975 128231 130358 127305 125367 124750 24986 132075 128777 132341 41696 126382 128990 139305 126421 127021 132980 121582 139919 129895 128380 129565 126114 126221 125267 129571 120767 130437 120020 128050 52799 129603 114041 131539 130410 129970 136822 125486 128400 128059 131984 130419 132525 119869 132529 132170 120852 129985 126285 128073 125466 139800 127416 123539 132729 132732 128482 127523 134127 126439 128038 121792 128454 118528 122540 131163 120105 128074 128079 128080 128084 120187 128087 128110 127030 130945 136870 132553 128116 128142 132880 129500 134138 129389 18236 128137 128219 121585 128147 128938 128132 126453 131114 121601 123696 130057 13361 5195 132682 125650 128646 128160 126623 130068 131072 130445 127031 114147 128871 128318 120170 126540 124224 128889 117110 134190 131205 127595 124275 121031 128186 122626 125286 130590 128455 121383 137341 123968 130486 122180 138894 130069 128191 117876 130529 130423 127051 127054 128314 3950 120548 127599 117375 127545 24209 122787 134244 134319 124779 130045 128192 128210 137884 121181 135117 130517 128199 128258 127480 132777 126463 127070 126713 162852 128493 127037 128297 136882 122797 129573 126746 127656 128211 120203 124965 134519 139939 124227 129644 137405 128350 123146 125503 131583 41996 130606 125851 129423 125035 127597 127694 126670 3964 125526 128317 125883 132197 127169 128364 119608 130645 137950 130099 128179 127728 132929 130487 137685 132970 128643 123587 129483 129651 121519 129545 123450 128505 131200 156531 125882 114804 128266 122669 126091 130583 129136 128279 127085 123862 124030 12660 135190 134346 127149 128903 127176 129616 128301 124066 131362 130968 128259 38825 129215 133078 120211 129623 128287 130292 127831 131449 137546 127279 136905 121779 136522 140425 128381 119050 129657 122859 128969 133081 123493 128136 128964 132555 130227 119610 129671 124072 138141 127665 128372 125269 130664 132881 127678 133014 128306 127049 129708 136595 112279 127721 114966 125575 123127 128217 120334 125716 131381 123241 129087 128337 130692 128149 137713 129339 128540 126502 127870 126715 128915 126110 126910 128656 138984 140140 127548 124109 138400 131240 128658 126914 128386 127708 6389 127235 157559 121605 125290 127702 126013 126979 126548 137795 130691 132885 133088 127306 130569 124373 119084 12773 129799 129059 128393 131541 127313 127355 128774 126160 120464 131299 99296 134668 133456 129410 131038 131255 128410 128343 133032 127061 131480 128705 134814 130084 130843 128414 128660 114707 135243 140138 129898 123187 127089 128362 130944 131016 136877 16652 126586 128428 134491 124622 122690 138483 128988 129892 127865 130296 133094 124095 128446 128974 136647 124182 3089 7343 130824 126243 131257 131620 121806 120329 128390 126242 129720 122872 129034 139293 126585 130613 119719 126742 119358 127972 6363 126252 163230 131965 131022 121218 128451 128472 136925 126154 128354 115663 128987 130030 127889 127613 127110 121969 129735 128458 127180 84631 119782 121997 139652 130784 151747 124079 128477 124193 136926 129049 140321 137826 129826 120352 129956 131624 125363 128486 131694 125342 126954 121438 126351 125778 133096 127398 74906 134934 128154 127642 129068 127136 128497 125785 130955 133243 141402 123551 121058 130316 127924 127726 133323 128515 131511 128012 132465 128520 126048 39001 127362 121554 129968 133356 121603 129075 130996 124258 127195 129864 127147 126306 21236 134834 124332 125594 11111 124393 130050 131701 131331 75300 128531 129131 128577 125923 107160 127270 126204 132914 121167 131000 134948 136183 129121 119020 124326 130085 131889 3721 130395 131084 127974 138497 125314 130412 96264 12610 138081 119944 131088 127419 117406 133154 128049 127459 130231 121101 45646 130459 120241 131098 130830 126256 137074 121301 127646 131359 128664 139028 129867 127776 120039 123215 127271 128731 125420 152579 119636 131265 131106 127130 128596 130377 131155 124456 133405 106249 129112 139199 125696 127796 135106 132996 121657 124729 10147 129911 127428 127168 129440 129069 127674 120710 130628 127197 130849 130481 128603 140327 140372 20882 128550 136987 133411 131472 137920 127517 158282 124407 132582 130530 127683 124783 123626 55652 130627 127275 124462 100924 130859 127698 133430 128120 125719 129939 133003 124343 121966 129515 97264 134508 129511 122013 131465 24 125746 13362 130072 128502 131395 128148 121848 124133 136762 127337 75707 125808 128670 125780 122100 117146 128712 128344 126001 122880 131943 128503 121060 138138 142582 131574 130863 131170 124815 126610 129118 124076 122116 127871 121329 130649 126324 138167 128749 138719 127722 132642 127940 123652 128743 130155 127281 128756 125802 128657 131293 120175 130052 126431 128825 124389 137007 128524 128565 127874 129624 124526 128342 137088 126065 123294 130823 132879 138161 126618 5177 129957 135124 129526 136788 131368 129581 131157 127477 124824 116726 141099 129218 124455 128370 127690 138929 127730 133472 27084 127709 59063 128826 124215 128578 121995 128780 130097 126337 130096 128775 522 127552 129340 126151 130385 127733 131614 26350 124466 130877 129224 129402 126433 130123 130132 126191 130897 126039 121332 124837 126208 29454 137039 130923 127538 128933 128831 128834 128171 125036 122363 121624 127332 126489 124246 127600 9518 127648 127758 137199 126422 123130 128924 127769 127331 127993 131010 129498 139984 133499 133022 131062 131093 133432 128835 131228 128934 128795 13765 140442 14109 126702 23994 112887 133618 125139 133102 128956 132823 138533 45760 125343 131982 132458 131607 128644 124695 128072 123718 131107 128522 124188 126352 132606 127783 126362 130554 131741 128882 123786 131111 128961 128076 129514 128536 131230 115863 128083 128595 133812 128891 126209 131127 141178 130160 131097 129406 131584 124723 18309 2512 24035 122143 130990 129566 131086 128138 139654 121445 126406 8133 126265 131124 128017 27259 127832 97440 132860 124493 121759 133818 130999 127606 128905 97428 130206 126588 134787 131408 128973 128223 117935 130581 126461 131262 129537 127784 132691 131160 130469 130682 122208 131750 132927 138503 128010 130145 127938 124894 130204 127372 120229 132156 128704 135457 127973 130880 128976 106314 127942 126452 131769 129038 120235 128348 130240 120717 131573 130303 131219 140576 127475 127512 131640 126777 130912 133510 131570 128324 76688 128424 131315 115414 130367 128983 27278 139695 60332 166135 128098 126413 125479 141941 128931 129004 137449 126479 120653 120655 126513 123334 128201 159079 126480 128102 127985 125325 130537 137073 143136 123743 126458 1476 144119 140530 127718 130394 120657 129013 131330 131485 128436 120702 130938 126723 131650 132931 138273 126530 128236 124566 129719 12062 138075 124054 125515 11440 129040 131035 128490 131037 126568 128473 133910 129749 126739 122241 137453 129058 25217 83750 136799 129107 129597 108120 131383 122042 128958 139127 120908 135579 129001 129125 131827 137683 126546 126770 126326 124771 127885 6538 124574 127747 126607 123389 129785 131083 129132 129137 131439 131599 128511 128542 126645 131202 127515 48272 129067 131623 129155 134717 5286 129266 127804 133052 131494 106581 134758 130334 127121 139700 128626 120757 134838 129166 126747 130890 137856 9054 143518 126688 131552 129945 126901 133113 126816 121570 128000 122062 5349 130466 117599 138935 114946 123747 131690 137024 125620 120920 131515 131592 120976 77657 126982 46004 121897 131241 126930 129987 126731 131495 133168 127981 128617 118106 121014 130373 135366 125621 131486 133221 135634 130467 123018 117226 131709 131554 130541 140779 123578 128636 115004 129231 130577 128161 128655 144644 99943 129258 105264 129290 128708 128200 128107 137716 118051 124276 129412 121418 76840 137495 131760 133624 133928 128268 130181 31442 139702 126797 128726 139579 131808 123142 128744 5213 129853 128275 131810 131556 127937 122215 113558 78071 124601 133245 50912 124642 130215 134005 124519 126949 129797 5292 130608 129074 133729 126808 133477 131817 128232 128284 131839 141993 129076 136904 125677 127406 127550 122309 129923 133271 124662 100296 160809 131850 118326 129348 124746 128651 129091 123894 123350 131786 130391 134076 128846 137599 127522 140832 126532 122073 128765 132595 130007 131734 127243 131371 126751 129140 122046 130618 12695 120711 133296 121138 131776 127258 129634 131806 128722 128300 3148 127001 123675 130748 129144 121212 130582 127125 126972 128769 129447 129393 140833 100284 124955 138539 133269 122105 137619 124790 129420 106597 130064 129149 79232 126752 101293 90751 133423 134230 131908 126996 128338 134957 127791 128254 120675 137127 134215 131848 128349 131154 79365 137124 133863 131410 131864 131187 131461 129502 137135 123462 140659 129199 115313 129429 131426 127619 129221 126809 133934 137195 132105 128729 107545 131642 131015 126830 144990 128405 122138 127319 129465 132332 128767 135115 51196 126887 97755 126999 129114 133281 127081 152911 135649 129915 124921 129524 134675 124115 131886 129576 130637 129605 125027 133374 131883 131870 133590 129611 131887 110856 131248 139757 129666 2494 125028 6461 131429 118334 129214 121761 139776 122394 122249 128776 125119 131956 123595 130326 131957 126932 128802 131958 125033 131489 122499 12621 115182 138620 130100 126942 131504 134092 118362 129223 129416 127527 124756 130402 124167 121256 130131 133005 131967 589 128450 130675 125006 125703 128492 134216 5411 131885 125401 134733 125078 137438 138978 131559 126743 122700 153860 121962 129260 131912 113116 133528 122793 125045 128544 126298 131617 129625 120864 129675 125047 131693 127792 128804 115416 128295 121433 129678 133449 128377 134238 126437 124391 84154 135159 131990 127045 132021 125222 116009 123758 130904 129261 68176 128640 125502 132025 133632 131698 129310 140968 129453 127094 137290 123391 132028 130143 120898 130711 128548 127179 123979 116083 131948 123666 129455 122175 128583 14778 123464 128842 122802 126987 127618 133948 129706 130482 132069 127042 134017 132051 131942 125270 129673 128850 131710 128456 135678 133669 129512 129355 131731 134261 122021 129683 132962 129196 125615 131019 127244 132092 131789 128549 132113 132138 121211 123657 123824 39211 131716 121444 129692 131123 127873 132104 129919 129669 128866 132669 132146 132003 134265 128606 128873 131791 51701 130932 132150 124717 131826 128623 134417 126840 133734 126843 122396 129963 123974 145048 123980 129771 125751 140161 130252 127813 108025 127991 125769 91328 130792 128911 128398 127641 129726 124726 126940 122528 142578 128754 125241 128634 132210 128847 129546 133739 131076 139854 135256 134363 27043 129870 124093 131951 132163 133847 79851 129048 134056 125448 128732 2137 132245 135704 131079 128571 121462 138574 129628 127245 121491 131148 133108 128811 125322 10069 128877 128720 122501 132262 127887 108976 132685 133763 129964 132273 129802 134280 127820 137676 127420 129889 120914 129769 137297 132266 128125 133603 129984 134300 134422 356 128951 131130 125487 129805 132282 131725 115364 131861 126955 131167 133667 129810 128858 129116 6750 128922 123927 84319 124231 138299 124277 131954 124110 7992 131473 131527 128872 129375 129977 131235 131193 132278 137480 132285 128264 122926 127264 131212 132297 127891 128402 128686 138699 132019 129827 121650 137988 137375 131143 125498 121790 131490 125524 132867 128878 131239 128975 133994 129438 132037 132336 131542 129007 140194 134122 134044 142845 121978 129903 125694 39201 129130 135482 131923 140995 133766 129989 134126 124181 127426 118539 145875 130000 124838 10175 121894 132010 128532 127491 132074 128719 131247 129146 122045 131259 131779 40790 134390 116284 128890 128841 121169 128989 131754 110562 133213 131603 129630 125619 132047 132300 137493 127212 140275 132077 129077 131964 129172 10310 135754 107741 134472 122567 1749 139031 119779 129193 128917 140320 131269 116966 132306 119803 129828 130027 132133 101489 125782 127892 124975 138025 4905 134061 125821 129209 131290 129353 129931 124271 128389 129368 133053 125631 122070 132342 130579 7150 129027 132152 130034 129272 124304 111115 140639 129139 130048 129265 134638 132387 134527 134549 124322 134220 126041 124351 15118 125112 134163 127064 129952 132157 127072 138144 129967 131357 130065 127029 129020 129276 134225 139118 129345 131350 135820 133718 136215 110925 1828 127736 20956 12939 83402 127104 118981 134270 134354 132413 119185 132116 135960 124412 130098 122601 129305 134009 129976 127311 132043 132423 128438 134075 122789 127250 154474 132399 153150 139321 106614 127346 126215 131811 127373 128533 124015 134129 122917 132436 130004 129653 129376 137509 134407 134195 125115 134606 128457 130036 132239 127411 135989 127506 132274 135351 129180 127069 135397 134431 128946 134197 130360 130241 131816 123019 133424 129851 131358 129026 139211 135450 122112 130058 123024 134443 131582 3550 127456 128468 133979 128992 136666 141015 123133 122726 128562 138158 123182 127488 132017 128574 122860 130059 131727 127785 125793 123933 130066 127676 132457 124208 127508 130038 137492 125858 100462 131840 120336 132464 120359 140118 128741 127126 122193 138295 127486 137816 5163 127493 130308 132160 131392 132475 128833 132564 125915 123226 127536 127551 132140 132697 132493 134287 124419 132652 129674 130285 124627 147157 130330 125938 132147 34157 134349 130093 132667 141217 131871 131401 131453 141247 10194 129665 14909 129557 126490 134364 129217 132187 127741 118709 130341 131761 134487 124038 132195 129408 139350 125947 129030 147164 134493 131586 106635 130399 131591 127141 131663 132280 132191 129469 128739 129713 132788 129484 137560 129397 130106 130135 134763 132295 125254 12084 126074 131641 140662 129718 99238 134515 141298 132578 150134 123321 124775 31804 124889 130115 1693 127557 126096 140682 131995 138176 5444 122149 134590 132817 127794 132678 134765 103399 132333 132016 129776 130404 130124 879 132335 133087 134297 134372 129534 122305 129346 122231 130162 133114 133431 130591 129554 127300 124142 142909 120443 131691 131597 128092 133318 8433 138518 123468 130619 6496 132368 131677 137762 125000 79240 125147 127829 130176 132058 129910 129283 133672 132720 127867 112031 130461 134529 134893 125048 125762 122337 138584 128799 24155 129941 134925 124232 131120 130188 134320 8066 131418 56168 134648 126069 122286 140126 125175 125967 128559 122751 139633 132303 7335 129564 135226 130205 124327 129070 55150 130562 132393 125308 130503 132800 129607 131719 129714 133439 137858 116341 130177 8179 56683 133462 128172 122912 130187 131876 127699 131929 123670 129033 10765 121389 8229 131819 3471 141417 137975 124404 132936 132397 137995 132109 140791 128196 129738 127988 126245 138180 129387 132137 136801 132073 130210 125209 128066 130217 130236 132941 132444 132296 142964 132484 141016 128016 129746 124490 129814 160865 132101 130515 121533 129830 129836 130219 123466 129848 130570 130654 130284 125113 129966 128814 124675 127724 136108 130291 141434 129504 129083 133504 107537 129510 129421 3134 125327 123485 134952 130732 127252 130378 35298 3815 134362 125376 132530 2564 125452 138031 132119 129885 129893 123674 132143 138078 143524 123573 93077 128919 27414 132959 132439 84639 128977 117098 128379 129914 122433 101571 128525 132505 133654 100471 52331 127626 135503 129471 129548 130856 132145 130311 125272 117295 132993 130354 138186 132440 130888 129877 132433 132750 132849 133007 132677 132550 102149 131901 131931 130293 134441 133556 129093 1772 133010 135017 127413 134714 127175 126560 129000 127496 130970 141646 129918 132062 133099 911 127800 19920 130895 129729 3719 122172 129924 138016 132174 133149 118801 129783 123349 122322 141651 129390 121569 129094 129100 123673 41771 133177 129927 138733 122465 132322 129947 77169 134779 134655 130993 129591 127826 131914 131201 125309 129096 129133 126419 8988 129599 132198 123756 125378 127839 129960 128391 125416 127863 124710 141716 129953 125423 123258 129229 135730 133537 140691 122970 132741 132257 128406 133569 121485 130010 142281 125391 130324 133689 126257 132179 130534 27683 125484 125667 129979 138784 129969 125523 133684 138023 134969 130348 130017 138246 142147 126264 127310 126273 144753 129958 130381 129981 129148 125656 129319 125431 130012 126002 127859 126682 134672 126296 132802 125724 117156 124749 121880 132247 131983 126319 127879 102150 129153 136718 133140 131252 128028 132749 130103 128081 140865 124880 133166 130353 132372 134730 100202 130916 130388 131024 132810 141110 122506 130390 130020 132401 123770 136161 27796 132827 133252 141300 129251 129306 141309 123431 129686 134785 125884 138106 130054 5423 141338 130037 138297 55711 135083 132873 122514 130041 130139 132887 133290 128333 137714 126301 132358 123822 128465 122697 135110 135376 129320 129997 123380 130396 126338 3849 133310 125775 130421 125534 6583 130163 130183 130454 119633 135593 130484 131425 129617 133029 139716 130547 125757 132353 130208 125828 130080 132188 129672 130489 27814 139119 134479 133713 128437 130243 130510 127628 128572 125933 132209 114376 115557 138768 130008 134800 133728 85460 131468 115656 135748 128099 153209 131961 128764 130935 134918 126404 2107 128141 980 130565 132405 138338 113114 128449 130198 133986 130599 126581 131400 128145 118889 130226 126685 132407 132419 142187 132842 125968 127579 132235 130382 130266 132891 130535 123883 131628 126695 134854 129695 130026 133120 132496 128227 138493 125962 133314 130352 121545 124744 123892 134923 133362 135760 126874 129333 130091 131997 133138 135790 128605 129254 128164 119037 133475 136022 138467 3137 130620 123917 130229 129286 131237 136277 132861 130154 129358 18935 132500 128197 15248 128250 119763 130658 132512 123557 138124 129388 134953 133160 51909 127008 131558 134976 132956 130289 127128 132908 135897 121573 119363 130120 133152 40973 120651 125732 132354 0 133738 130260 132592 136285 133194 132504 44242 131970 125432 130336 130796 28820 132411 52421 133819 126146 122799 138529 127926 136335 129839 127016 127630 135030 141239 130108 130924 130543 137577 129401 134894 126598 132536 130659 129780 130262 138272 130370 124365 132299 130376 5462 122815 126015 130276 131007 135086 126153 123399 134416 132638 130422 134832 129781 146350 126712 124604 130116 130304 8425 133485 132487 130118 130159 130251 28233 129414 136156 138498 132665 130522 131479 133554 128267 130612 130483 132499 126737 111866 29506 126040 109410 130492 128376 132921 141674 122863 136556 132615 133201 131522 124043 132680 130406 125676 133205 126802 134849 128308 129846 129493 129417 133229 120760 138911 130575 132237 130610 133226 130333 130631 126396 130221 130329 128345 132696 131679 133606 133807 130416 130349 133829 128981 133307 128462 131213 133998 130956 132365 134676 142290 129550 108003 8121 9142 29611 129267 132742 134084 134825 128464 125234 126189 130662 133548 125456 136487 135356 129574 133567 126848 125840 128526 136682 130005 133909 133746 108185 128566 133726 121917 18876 130379 132244 126571 123877 141050 143714 124489 117367 129601 139083 126824 132608 133037 133298 7966 134333 135150 129476 128569 131027 139159 130836 87970 132644 124512 132291 136239 132794 2686 18790 132853 129677 128463 129501 133360 133377 133648 129533 130495 130462 133914 126225 131305 134978 142440 137444 125960 133301 138655 117463 130860 128582 136169 130598 131370 122316 130735 134152 131475 124904 138578 128509 133898 146063 123928 126254 130506 142213 130884 138992 127410 131665 132304 144323 138677 130765 123509 130561 129521 139454 124547 128519 129849 130660 129436 134848 135025 139770 138590 129212 129741 130677 119817 126009 139488 131373 134015 130720 133791 2111 138767 132965 130473 130513 135192 134344 131971 134857 132876 135251 128694 125070 130337 126077 130576 130747 132406 133828 132999 131419 129637 133390 134062 133446 132671 125495 125763 135247 133132 127672 28979 134680 138798 134099 131310 126281 142288 131633 130472 117616 129568 146124 128654 130650 138746 123970 135261 126511 159230 130587 130933 131680 114240 132602 128299 126329 131113 138887 130680 135316 128613 133417 128404 130693 126210 136778 130771 114967 130729 132824 6747 126407 127809 126866 7299 123531 126941 130773 130695 138376 12698 124191 123719 10780 132910 130408 130754 130707 134681 130762 139590 134830 124918 134120 122972 136552 122559 126902 131647 130580 130763 138402 126344 129551 133508 135680 124435 128662 129264 131450 127315 133133 132370 127817 131702 130802 133489 138408 139775 130768 117988 139840 126975 135719 125516 127838 119991 134898 130834 132466 131085 5466 132957 131142 133158 129308 135708 130787 128860 132721 141445 129572 125829 134258 131464 130862 126529 133176 145005 134131 127439 127453 130785 136692 139017 129916 127624 131482 134955 122560 127073 129944 4017 139320 133188 135997 130781 134981 130801 133203 130786 133313 127242 126430 139074 135014 136899 134996 139121 129959 130898 138644 134356 348 122998 137508 135046 21451 130814 130848 132938 115737 130661 134581 127100 131171 130815 129169 130921 116335 3337 137083 134900 130056 123726 130111 133344 123960 130783 130821 85240 136329 127877 131726 130844 130858 137448 85420 130866 129337 130114 131367 8467 130869 133002 125191 7332 133599 126054 132208 135113 135733 135197 123197 131378 133643 132416 131003 129577 130907 130881 128676 129592 58868 132577 129396 131724 127945 138946 134591 126411 130973 130126 141766 130127 123765 137624 131044 127732 131444 126574 139473 131506 134003 131533 132100 131714 126592 126701 131736 128697 133033 135204 138816 123392 136570 133206 142175 266 127276 127314 129367 126926 133230 130826 119043 127836 131070 128435 131103 135828 127757 105724 138885 130941 136034 131119 139304 124979 132820 10120 132973 130173 128474 124762 126414 130958 127369 130186 132523 141144 119067 131547 131580 128677 133325 126717 136097 129874 106703 131435 126496 118192 129372 123607 128018 133328 133250 138971 133379 128600 163980 135322 10199 130736 131147 135166 131766 139878 128673 135332 133383 134268 108017 137689 122826 126605 133473 136486 131600 144515 135399 126617 131670 136809 130976 116653 123687 125084 140257 126625 135521 134820 131604 132566 122937 128022 126732 125093 130964 133498 131169 134869 123079 128244 129743 127841 132612 127763 139369 123220 126239 131182 108517 21983 128759 131184 125839 130851 132118 6551 133343 128702 134020 125106 119111 128599 134178 131188 130597 121203 131805 100729 130983 126790 131242 123804 135612 131822 133538 136643 132989 134348 137764 125129 127280 134942 123879 128262 126624 127787 142322 130789 129586 131838 127505 133666 133675 125300 130917 135312 131339 130977 53253 131985 121213 161122 133582 129520 135101 127532 129089 131833 135596 133019 133061 139193 128800 131910 3764 135112 125200 131246 123931 134388 130405 135170 133083 135673 118894 144602 136044 134878 131849 132594 140049 127581 129775 131288 141533 133232 129373 123991 139025 135676 131355 139638 102502 130122 126935 130980 144875 5485 131921 145886 130943 145618 129696 134971 126095 131043 126952 143064 133687 141789 133159 136804 131946 123999 63823 125311 123993 135370 135380 139033 117841 128791 128807 133244 131067 41217 132308 131328 143303 131164 130988 119426 131341 132072 126251 90878 135343 128809 129764 12700 133545 126971 116692 52698 133607 126980 133741 119173 7402 124029 126813 131564 124075 133758 135455 162456 122561 131507 132110 128387 139018 140278 133398 114815 127907 131203 131636 126998 129648 124047 1701 128610 125339 128832 132611 131703 125392 135119 127214 133500 134132 135481 139977 151255 135486 135210 131253 133479 131966 129655 143331 130344 135691 63379 127239 126865 136565 129844 135260 135745 133591 129659 131878 133247 139232 133555 131560 128818 132829 108614 132442 131256 132161 124086 118284 133484 128471 128864 59075 139653 134202 154250 143077 136296 116815 131053 136841 135008 119964 143346 127135 148964 130624 131404 127751 129873 131309 135788 147003 131222 127436 129730 128790 133784 100871 131784 142291 141034 127137 116882 124881 130128 128867 131825 131285 129398 139376 139063 130165 128710 127766 141842 136602 131437 131452 125332 130049 131843 127712 129850 133659 88271 143385 129747 130081 127163 24968 143448 132468 119276 134283 129971 124104 124122 128881 128868 133272 132164 132502 135223 120158 137866 137353 132655 131978 131379 131576 9034 90546 131050 120567 134392 131312 131347 131380 129943 135296 127909 140389 133857 132446 133875 135038 129170 128999 125597 132177 139219 133925 131867 131397 131563 132662 132705 143489 134461 131467 10215 139992 9615 134539 135426 89166 131621 133894 7475 126651 129044 137419 5715 129127 94376 118719 124051 130641 127908 136715 131126 81345 125555 127995 119417 135829 132509 133040 131423 124128 134318 129080 140719 131399 128824 130585 132902 132581 126313 101231 133580 134690 134551 124159 131934 133922 135607 129978 128097 133939 125705 129082 130648 135631 130102 130110 131369 12768 127218 133494 133908 133594 125405 129092 84336 132711 139224 130724 20434 127363 136919 127418 131521 131463 13883 136650 124290 141391 133502 133389 139466 131442 124219 133326 124220 132000 133967 131629 127286 121606 131648 127055 132033 6313 134336 124375 134617 129150 128151 12142 124239 132250 134584 114996 132314 130899 133418 128448 155036 133621 133996 132776 126457 134121 131947 147968 132600 131215 72857 126199 137870 15476 134184 131686 136921 128214 129173 130212 135848 140271 131622 101572 135672 129145 130144 135978 122568 130074 135998 131319 132719 134684 131476 129197 131477 136818 134317 131993 134102 100510 135321 131524 132714 140011 139511 133694 129052 129201 130734 131427 134707 135556 140023 131626 131652 139548 128325 132131 132549 136958 132040 101959 31871 131689 136986 12786 132020 142095 131428 134721 133274 139650 129128 129211 124296 130171 143847 130342 122308 131497 131619 1411 128798 131546 136003 136055 132286 132317 133526 135635 131496 120311 129226 131787 129227 128781 131498 139707 127975 129236 124403 132790 129297 9784 92694 129413 135731 139234 137922 6632 133921 135774 142493 131675 131512 124355 140273 371 136083 162185 131548 137273 134770 131572 130216 131869 136824 117089 130750 136092 126468 132064 120391 133305 35072 88635 124542 131777 130453 135654 132730 124669 132369 2286 143123 9579 138005 132292 131638 143175 130364 143505 100605 127082 135880 42388 129065 136107 132795 130271 124843 133547 131578 118204 129428 131813 133929 124707 134890 135698 135363 130638 132846 124716 129090 135710 132394 130076 104939 134411 134409 131606 126862 132456 134486 133690 127284 130925 139713 131610 132848 28715 120616 132129 22846 129454 133753 132545 7714 131646 132890 132898 130936 132932 131705 129253 132947 131735 131611 131470 137464 137077 140746 130804 131021 131029 131655 127447 127489 134203 137096 139828 136266 130883 133397 130676 132345 137123 139870 133086 131875 129441 132693 131656 134495 5573 137352 118321 133731 131831 109345 140070 132359 132806 131466 132422 135859 143226 120658 126562 126642 137132 115195 5841 132172 131091 136699 136009 135926 133115 131899 135977 134510 136129 78812 141736 136136 131122 129490 131753 130119 139374 137336 129539 119009 126759 126504 123100 132943 133023 129779 141869 134115 128241 124591 131657 127571 132215 129553 131660 127638 136013 138022 131905 129298 3488 131683 52495 136119 133030 4020 131866 139884 126403 124935 133054 133141 132390 126919 131025 139202 131773 128748 128122 134118 128304 139447 125016 131696 126549 128816 129727 131737 132815 133060 131828 137175 72376 132836 132431 137344 131048 18697 136172 119331 132811 126779 133743 132196 132912 124937 125797 125507 132228 131969 134965 131780 130740 129304 128837 126836 19162 132256 134243 128292 133989 132260 126580 127339 140603 136744 127407 131815 129556 35659 133266 136287 133406 127060 128838 129299 133837 144067 131785 126582 100426 130798 134906 130889 136211 129731 130196 131040 133481 121774 131829 3784 43824 131179 129370 132974 127451 135098 8484 134471 127614 103181 133225 144443 130234 132031 109518 137142 137371 109517 127782 132261 134919 100499 129795 130369 129921 136427 133236 136952 133553 124967 72901 131146 140088 133572 134541 134026 127023 133610 128504 130432 121780 80531 128432 132270 129794 125626 134987 132128 132395 134542 129015 110197 137179 15321 129972 22040 129884 7512 129909 134571 129928 129994 134597 135007 135715 132447 141151 129925 111393 131846 136110 135074 127703 124971 139066 135088 127844 29711 131836 131302 138370 163947 130001 111692 135114 97485 81592 132194 132207 125756 128972 6333 9174 131854 130498 132154 133066 136460 132169 130029 124978 52735 130044 130133 134609 132454 29320 117745 130946 131532 128773 137186 136538 133095 139948 127609 132704 131165 121000 136182 134078 135187 133797 127666 134706 133971 117789 135334 144542 130317 130809 137180 135458 125814 130516 131856 133020 129023 9785 132585 112294 135489 126657 132987 143531 133329 131537 146672 134170 7423 130546 125046 131286 133381 121271 102600 135191 138035 133440 131857 146564 143280 136323 131807 131859 132722 136350 132789 129012 18527 130142 137205 126705 135056 14770 134142 132900 130560 132666 139709 133437 135738 131881 133471 131938 124983 135716 137246 129053 130306 132375 130767 135328 132144 137781 130653 134159 106646 133004 136226 130672 125824 125011 135254 132916 132283 143222 132162 134289 55713 136356 127911 125049 133451 132165 133453 155632 143628 74086 104285 130149 52807 131879 135116 137317 132982 133098 133531 134204 130737 130855 120682 112415 131424 7539 132967 133642 130172 12162 140117 135353 125838 129081 144611 133240 130179 132181 140139 136369 529 143318 112755 130868 137423 131346 140461 146084 6950 129332 132320 138481 128105 55744 133466 133783 133858 127025 129336 130190 131089 127967 134337 133930 132325 132330 144690 130242 134647 141942 136548 132858 132265 130315 131953 143780 134374 128411 125063 131353 132193 129291 135740 136462 10534 134285 135693 132339 132991 156334 135841 137343 130192 127058 129527 125086 131930 133931 135757 128815 135838 125108 136499 134381 132222 134679 131438 136883 135365 132389 143373 125148 140135 16808 137361 128861 132398 134401 131567 133814 132471 133492 125185 133131 132402 130386 132356 132476 132506 8228 132391 134724 4225 133560 126583 132559 63381 137380 132361 132599 133614 132736 123286 140130 128940 17209 125189 134406 133117 146869 122597 131882 130456 102621 126810 134620 1813 133988 89038 132417 136511 131474 130791 112738 127253 127202 130232 78947 11068 131075 133044 131756 140119 129057 123843 5724 132812 135863 127593 135411 140204 131133 132904 136525 82778 128051 133111 136578 135369 132430 132434 133677 134698 132385 131940 132515 132629 136220 133265 112888 133121 133211 133128 127976 143711 132432 129117 134404 130239 125843 141470 22061 132055 135400 127219 132565 80806 125193 122635 127088 138073 136634 135406 133474 127805 130357 135238 135846 127936 130457 132859 119332 136663 135858 134430 130831 133248 136775 102935 156439 133253 135377 131226 133613 139460 137410 136880 132687 132830 135750 131318 40696 131402 127209 137943 123841 126648 134771 129255 118711 130845 126724 8525 128460 135175 128014 130193 138086 140215 134018 140493 133755 137267 134432 166484 129477 134438 128416 133161 134784 133312 134028 131835 137403 133320 130281 122656 134836 127329 141977 30049 135881 132462 132568 132483 138663 125278 133186 133450 104420 127563 132518 130892 134133 16602 132554 133199 130051 132591 135890 132601 133505 140977 3576 136945 130294 125877 130222 130525 130605 141486 134161 134462 135936 126282 134774 135418 64136 132640 134561 37007 131543 128118 132090 134500 136835 134573 135908 132971 130874 130497 134769 131483 135934 133550 135302 136132 130632 126341 125224 127097 125345 130502 134886 126829 125579 64171 131944 133576 125641 133876 130934 132649 137412 126847 131487 134165 129341 140242 131518 132258 132563 136688 132254 125888 133480 130685 137451 131615 130681 124629 135807 129549 137393 134914 132575 128180 147380 132596 140541 130915 134835 136174 135518 127994 138118 132654 128036 125540 140471 134888 131715 135878 126412 135573 139990 129722 131602 141555 125745 131935 140544 135347 115142 132683 134926 129434 135937 131952 120825 128843 135947 132702 156517 24701 133719 134601 134999 132619 134043 137181 123983 134578 135058 134995 134715 135549 131722 1009 132706 140415 133258 130088 133278 133287 142125 138701 132712 131744 126353 128194 130992 132718 137485 130905 132746 132708 127316 127502 127564 125337 136712 8786 133808 135198 56797 125638 135604 126796 125879 132614 135990 132753 130512 17248 136975 33691 135194 2313 133727 126156 6826 134791 135059 141003 136837 134796 133633 140647 134710 148830 132737 52912 135627 133708 94669 134687 128382 133649 134332 135683 133303 127632 132755 132786 131159 130268 126365 127689 134361 130438 156731 128625 129492 140460 127704 22018 132804 128276 128296 135041 135294 126804 140430 132617 140512 132758 130918 30314 125709 124062 140626 135780 130130 127810 115266 135062 131963 130230 133460 133730 135099 136683 125346 132805 138689 142682 126486 132639 129268 132866 132818 129517 133873 134916 131005 119764 136102 133049 134739 134526 140683 126195 137229 134931 126369 129111 134024 130960 140722 137487 133219 133101 129315 131065 133103 132347 137452 132641 132690 125773 129578 129499 137407 157567 133155 143819 132895 135215 135789 132955 134959 129922 133292 135053 129618 137459 132426 130652 140686 125859 144956 6707 132821 132781 133936 129247 135364 135111 132692 132006 145200 131080 132913 121977 131746 122995 133598 132883 132001 135367 125990 128632 133207 133351 131771 132008 132027 135650 133955 128642 129620 129622 132896 135443 127848 128085 136127 168681 135843 127986 133574 89061 128327 138730 12802 133880 144304 131046 131254 130286 132763 113046 127957 129540 127869 132935 128351 134754 105318 136665 129705 100855 133016 133415 136256 7492 129626 135468 132803 137461 133658 134001 128648 133514 19918 147239 130878 135144 123264 134794 7250 128042 132255 129697 129699 123259 53093 42982 131276 132078 128742 132852 143762 131094 140761 120956 129701 136781 131023 133222 129583 132791 136238 129031 133639 159673 116736 132857 132942 129756 132218 101796 140963 126508 7107 135925 9178 133075 133077 134826 147416 140850 132854 123217 2748 130288 134905 134870 134795 135511 135146 132316 137659 126307 125812 136272 132814 128023 130314 133680 132946 39269 134040 132882 130488 22163 133444 129176 6757 130542 143420 134065 133883 136357 126043 143824 109945 133084 45931 131207 133027 151406 133282 136860 137517 126611 138802 137660 132366 126400 133754 133796 54955 133511 130987 134033 135184 129876 136333 135874 136867 133223 133832 133861 17639 137694 135318 113168 135876 65969 131916 136935 24804 131579 136412 134218 129707 136953 131063 126067 144363 132494 137726 126068 134039 119415 136321 127939 130839 133319 131678 136017 131324 132371 135555 126672 138787 12744 130616 118447 130865 133092 131168 126547 1378 7020 133018 137747 128121 133493 132963 133106 143546 140953 129936 128328 134567 133110 135922 134677 140451 130365 126121 132767 133145 132556 129784 142486 20246 126481 135496 131911 134070 133438 132383 128025 135580 137791 123439 133487 132835 135815 129728 141928 121705 132978 133119 141530 140526 135378 134811 133915 137089 133228 137103 136422 135404 133917 144669 135389 132841 136065 137110 132645 136112 137755 133918 132897 148999 126681 132409 135653 133262 441 130350 133527 133546 130403 140989 137121 131283 137987 131223 128056 137469 33004 134956 126259 133021 134081 137838 133799 126766 134633 133552 128198 128347 137166 126272 131287 140597 103061 133586 129321 126289 135501 0 79305 133324 113300 131765 132928 134963 136423 136436 65988 140774 128396 129250 126825 132038 121762 126691 89227 119441 135502 132421 137171 128239 134124 144513 130490 134038 134139 131314 135699 156967 133611 126863 81137 133392 133263 131071 133304 140998 133345 133420 132966 130592 133937 137411 124658 20371 141039 126890 135850 137534 133452 144217 134451 130609 129896 129444 134060 131804 134303 138002 129782 133969 7514 136432 131323 138091 128257 7638 138805 141616 134813 133433 134201 134421 133625 131830 134071 126387 6242 138909 126933 138205 132511 138222 137427 141988 128433 130023 106753 135123 126565 134577 135896 141662 133522 135667 129951 131893 119629 141848 134847 137340 147019 133645 135901 141990 129274 135959 136091 133540 25060 128263 141259 136457 131078 129899 136540 5537 140743 138123 132579 130047 137557 136399 136605 43580 140064 137687 128352 134947 6745 134074 133309 132443 135909 137904 133373 140315 129442 126460 128507 124925 137875 131338 138130 134488 133585 136400 131099 132009 127012 129852 132969 128368 132063 133824 132071 138166 142240 129479 134589 134046 165166 134652 134966 142193 12837 29742 115236 133852 128388 133448 132024 131384 133631 138927 135509 134602 128340 130704 137243 42014 128429 137968 134988 55787 57298 134712 130673 133535 132985 131927 132658 131390 137540 136609 135174 133592 135943 139817 135462 136640 133664 130766 132988 141275 133612 135944 134937 137593 126894 125055 131398 133617 132917 133127 138461 6871 137707 133705 139014 138252 138192 135964 126584 124785 134842 128082 135396 2639 107119 134064 133136 133882 14356 34292 100891 136140 129684 28993 133564 131941 141386 135444 133367 132624 141586 115252 138859 133169 129965 129759 133212 135477 127014 138227 128564 137969 137775 149685 131801 144565 135003 136074 127444 136434 134072 142511 133000 136547 4075 136464 136617 136690 131150 133342 133280 14450 127192 132083 137984 136210 134080 136875 132622 128466 133011 126728 134088 134106 135026 128476 133336 133716 133984 138330 135537 157154 12203 133790 141598 133393 129161 133693 130168 133085 127383 138103 134213 142518 133394 133317 130822 138269 138505 136106 127483 128095 136843 132011 129555 133604 133938 12230 135471 133035 133402 136252 139132 142049 135495 132315 129995 135050 136345 133330 135348 135275 139951 127004 144448 130250 131407 136702 142210 133619 130016 137902 138325 144576 119461 133831 136944 6026 130600 133459 135498 129431 130092 138476 130825 128514 133980 142361 121989 128229 135154 132205 127539 134049 135241 129811 128567 133064 128480 133184 128618 134110 133153 135428 133871 144760 128088 101992 137924 136751 3765 142239 128639 135265 139317 136792 136162 134626 136797 134241 134276 10678 133968 133468 133653 59293 7063 127408 130872 137994 127102 136005 130129 139378 135513 130756 132230 134321 134489 128696 134701 133710 138895 144839 134214 133662 133283 126805 133740 130751 18662 130213 157538 127437 140532 134114 133532 132445 140990 144924 133736 135526 138026 129063 143822 136181 133539 133549 135568 127771 133483 128218 136814 138028 119569 127504 134327 128699 128711 136377 131986 137256 130827 138571 130269 141021 130327 132048 134366 133249 130312 133327 136779 131517 134325 134341 128772 127340 139501 128280 132087 133074 128997 127687 131361 133565 133721 140506 129961 136825 135530 145082 133626 133509 136834 24828 135569 139253 130328 135572 136940 136201 136951 134661 42485 141380 130942 122183 138083 144934 131534 134173 127478 128150 9439 131017 133671 131020 134198 120584 136509 17258 144877 127625 134227 133724 3153 133801 116157 152243 128875 142906 134858 134254 141229 22278 131117 134342 131049 135575 135800 127693 133295 135606 141475 111731 141591 124887 132355 132234 140758 133776 134282 133827 135563 135985 133835 136569 126827 137342 130112 126950 139352 141696 133906 129233 136214 126990 134312 142389 136307 142692 117523 134466 138420 132158 138421 125964 134035 136866 125066 127711 130952 133964 133348 131422 107106 132095 130430 135583 133845 133946 136571 17695 25584 137033 137093 127780 134021 131446 130455 132102 134377 138120 131523 136250 34824 129636 134496 134729 129102 121948 136255 129859 128353 135812 135345 120461 131625 131671 130387 122189 131081 130235 134520 7591 136573 132470 130465 131685 128430 133629 127843 136879 127884 131704 133646 135641 134534 136862 144939 134353 134006 132176 132519 141698 130301 134745 135957 133385 123919 123527 134940 130310 134030 135601 148315 135979 145832 133427 131136 141030 138179 134933 137100 136390 128886 133579 134467 127894 137422 136881 131342 138181 82412 33851 135618 141712 135684 142228 128957 25865 133288 134016 129098 139476 129318 127471 129399 130451 134051 130494 7396 133725 134562 135690 133335 129563 145111 137634 134968 137064 138492 120910 129124 139969 127896 133767 136259 134689 138579 12803 128459 133608 133696 136463 134055 145206 132948 128489 126052 136139 134747 134750 131874 138649 115317 133454 139048 134544 131634 125110 134251 136955 1445 126323 135692 122449 136960 134058 141770 135686 132537 131902 4008 134066 145337 134604 136916 134073 135706 99176 5752 130511 136191 133777 142717 131138 134949 133506 130545 134663 136213 121431 145909 12831 132107 133781 132520 146095 136308 137066 145012 134980 6279 142021 129126 134294 138680 130552 134183 126727 134367 128906 102230 134983 138789 133551 136591 133834 136970 134447 6911 127923 45876 134536 127946 127321 35289 136366 102968 133602 129262 142247 134756 113420 119504 132532 132618 134208 123271 133172 138628 132635 133789 134156 122647 123328 134193 136249 134248 135341 131907 135737 129882 141926 142225 135763 134850 143100 134530 134839 142293 129400 136253 142092 121617 136301 133793 134986 141268 102272 128991 125017 132287 115814 146618 135012 136984 157176 133496 145277 135822 141283 134863 138807 133811 138274 128452 136488 135049 145468 131151 146551 129403 133261 134862 135309 135855 114206 136267 114327 136752 133839 127391 131991 137757 137021 134901 131249 162050 10321 84747 128487 128494 129029 139153 116317 131281 135177 133878 133923 134292 137069 129035 142385 130574 132013 140036 133486 138742 134357 134915 135856 133533 134155 125352 137071 135817 140148 132656 137144 91151 137230 143501 134873 5756 135217 134181 138901 133826 130411 128495 131326 134290 135940 137807 137265 129522 136315 130636 135298 137809 136035 135029 131988 124145 142498 12880 133516 135359 130689 133581 138806 147911 133843 135911 107307 3856 132352 134307 127658 135055 130671 133605 115398 132068 142743 103461 140591 133652 135995 135057 131329 137079 129099 137883 138374 136863 142664 5531 145369 137221 135755 134365 137917 132085 135100 137946 140941 137233 129886 135449 21514 138522 138423 126833 131059 130706 136025 135852 139189 134568 139396 136726 164362 107873 122868 136052 127825 123568 124190 132728 127386 91721 132126 137050 9480 129890 138611 127589 125496 107667 133529 134370 127947 130709 136037 131492 136761 142695 127983 132738 131762 137244 134921 121908 127608 137115 135054 136030 12894 135092 137322 130764 135105 135205 9195 137392 95391 142830 130779 129168 138163 137289 157537 136126 139183 133573 134171 135125 133887 4505 130838 122643 134399 43819 134383 130959 131385 133195 129940 133267 134211 138280 108139 133804 134389 136177 135102 128096 137455 128589 135153 132773 138396 130775 131101 141363 137382 128070 2281 123932 130536 135224 134853 132863 131129 7223 131268 136326 134260 133655 142987 145795 135770 133686 128326 7594 81607 137234 135000 136054 132490 128003 123972 132199 133315 132424 138221 123585 120091 137420 134427 133890 133105 133578 121984 128498 131491 138228 135313 137399 132240 135839 133372 134440 57497 138333 142553 136245 134504 138262 12887 132787 142890 103553 125574 116148 134522 124101 136251 12972 134537 138447 135021 9849 115453 134050 127470 129216 135068 132875 143220 143590 128529 124141 147081 128027 132094 132312 124177 136155 138302 138731 135308 138242 134111 132135 133616 122445 135118 161120 133849 131243 139328 129946 130701 136254 135045 131337 134315 136292 133413 133963 138708 137456 141081 136332 138398 128077 135950 137523 138434 135955 133156 132517 136359 133627 134143 134566 136367 135441 134613 135134 138231 104912 126207 21828 129235 4262 132567 134703 136521 131568 137550 134256 130875 134993 114367 120372 135141 137494 135324 134330 143295 142606 135326 137630 133055 139297 132049 136713 131799 128089 137529 134224 134179 133869 135161 128065 127760 131909 133650 134444 134615 134846 137555 128830 124223 39755 136384 137397 134552 135330 138881 131575 128078 134402 136011 114562 130939 131364 136303 139346 128870 152094 137635 134007 140168 135756 128880 136959 132242 140179 124608 11169 138368 139359 148128 134624 130962 98300 128086 132275 139520 129491 135451 133748 136002 145379 146181 138757 132313 46276 127872 134423 129138 135188 128859 134630 136123 132329 131377 137254 133181 134470 138453 137565 135212 136624 135231 128091 134851 133885 134667 124439 131960 138851 134463 134505 140200 136439 132524 136635 129242 134904 136223 132539 135337 135637 132587 134069 142961 132350 138592 134557 137638 131420 136997 127913 622 138723 119507 135500 136445 135047 143472 133129 131156 134031 129352 135156 135391 135338 143010 148793 137310 134558 132598 132056 134253 134560 22310 128123 129171 138485 129560 108851 136776 132098 137718 129238 115399 149361 135392 135613 130496 146227 138545 162297 136855 133231 138897 131211 45880 136724 128204 129988 134565 128966 134748 139551 133306 142649 136513 124681 87176 133751 128146 130249 134650 135360 136195 139422 138055 131294 92093 130283 128183 132546 139458 134734 138353 124719 140301 134740 132233 137793 215 128230 132609 137545 136853 135520 143738 142677 138465 137704 121308 135413 135020 143740 143401 136580 130991 135033 135071 121975 145839 132117 143787 128024 103570 53103 131307 143954 53663 133333 143049 136024 140487 12893 134636 135384 129702 133706 131601 114856 10319 124883 14031 130595 147864 114718 130998 9709 131743 135483 132588 130331 132279 144151 138904 138494 143866 134751 133601 133809 130039 9894 10910 106531 134113 129739 144185 137777 135666 138845 133352 137844 135079 143516 137458 145244 139008 46163 82744 81836 130518 135425 132653 5820 128970 34094 135442 135103 138508 128246 132293 7400 133426 18905 139701 129363 132783 136857 135516 129467 132628 139057 137848 128240 132437 125354 133541 133366 136543 138973 133422 133891 139106 130873 81882 135129 139194 133255 132340 135542 132663 132868 134773 134686 140734 128320 59799 122664 135933 149020 122731 144782 3999 135892 136375 133463 144806 139507 137697 135499 133916 128401 136894 134762 81952 131782 135543 74209 136374 144970 137130 132775 157836 131440 139527 134793 133782 131031 145442 133810 24978 128996 103680 128442 138557 133924 138516 134883 132748 122156 6710 141693 128557 135504 135387 134741 149868 136999 137240 128597 120945 137053 135546 129845 131802 135571 138587 136379 137249 128331 133008 145614 133956 135173 140637 134158 137465 122284 143356 136745 134871 136047 131821 130573 136414 135595 140694 165465 135611 146506 9823 138589 125277 131135 138591 141351 8140 129494 137601 129700 138152 142928 6928 124169 131918 133495 134736 128616 143441 129861 134164 132310 136452 135642 139357 122566 134808 131274 137771 136189 138849 135448 130806 83525 131605 133943 128750 136504 0 130989 137824 134892 138604 138625 136209 128897 135199 141795 135956 135407 18880 115258 139347 143412 142093 129935 136979 137255 136653 134819 140849 132889 145772 138659 143559 134759 137204 131334 125476 135619 138691 122550 136673 131711 127041 133031 128619 135201 133850 137303 137847 122823 103827 129006 134911 132681 138749 137287 133945 138962 135629 129600 143576 136695 132029 139318 135746 127944 138745 133525 131890 9505 147237 158228 134742 135081 139246 138407 469 137365 127659 147500 132450 115506 136416 108396 84391 135211 143679 121121 138965 108676 122418 136229 132784 138808 131451 132950 133609 134788 137479 109417 135665 128242 53850 125552 135679 135718 130062 134829 124176 132995 137286 32316 131525 132374 134780 136561 124614 133584 135797 143733 138793 138888 131116 145426 134029 135821 141540 149798 135728 137896 136600 116235 132099 143858 129045 116270 134036 143870 135844 135080 137948 131158 131904 168539 7688 143951 96557 135674 133893 8709 131919 132865 131431 137442 128757 134816 135240 129230 138666 135853 116408 116515 139526 139300 134924 137888 134909 135869 134200 132384 136982 132045 144088 136435 137575 1508 132650 134086 133668 130359 135695 121840 128901 137060 135916 29683 135793 135031 136535 14521 132583 133045 134047 135258 133933 132151 136703 138950 131488 135886 137291 129025 135284 130468 135988 46651 138990 133069 133046 127729 130191 146742 128914 130501 122814 135739 134145 145445 132362 136574 140848 135742 91165 137678 134961 136710 137325 135671 141543 136081 150776 141857 129060 130553 141863 138970 132675 138750 109794 136468 134967 137782 135306 133080 133954 131175 133903 147504 125264 132745 158833 134067 137910 139333 6972 143994 133130 139335 140868 138827 135811 132526 128090 139641 127746 135064 15018 135278 134116 137929 132184 132826 133935 125536 122825 135420 136479 136906 1957 138882 139164 128982 134242 134379 132584 133097 135722 134250 136006 135603 13000 136018 139316 134263 139796 136737 135847 165873 134990 136049 133100 138298 109212 134827 132664 116410 82171 135035 138902 131261 128624 136117 129036 134514 129182 137921 126031 131587 129219 138692 134168 137958 136067 135809 133959 136273 139540 136283 139414 136739 144982 22026 136947 135899 131687 133163 136743 129271 134279 137636 136101 130594 139419 137301 129807 136131 145045 141666 136311 149057 135073 135827 135532 138435 138395 132747 136871 129823 127999 131688 134975 137285 128237 132527 129285 139640 136027 135082 129293 131713 138975 55528 135065 138087 135288 138843 131300 129998 137210 135078 140979 26028 135394 130009 133960 146027 137733 135090 150948 26220 130639 134371 135467 136784 139444 132847 120080 131608 133182 133198 137834 136815 139068 168782 135122 137202 133239 134469 136088 135189 146230 116654 134437 137772 137258 124720 134475 129295 140975 138450 129301 135427 135506 129378 129860 131436 139446 136927 9937 132727 132856 138490 136128 135946 128635 135883 138109 132940 132544 44826 7732 136116 141199 134205 15122 19531 134077 131637 136844 109433 141728 141865 137339 139651 133175 135219 110695 135954 139886 130055 135434 134635 128216 139899 137307 135527 136001 141982 28045 118365 138102 137113 136954 136157 142178 139023 139457 142057 135490 134659 134141 135245 135592 136118 133436 137504 138247 132952 137526 136190 141047 144070 139012 144010 136105 126309 139103 137641 137323 125608 136133 138555 139464 139598 133636 134627 9991 136146 15280 134420 129249 131645 139123 138196 85117 133242 139672 134188 73076 139372 12258 133254 136241 134207 134395 139323 136328 134391 134628 0 137626 136298 137998 130651 134841 137354 151486 133025 128305 132202 129324 136228 134867 139684 149854 135310 134400 137118 132960 139158 133276 135630 131673 139693 2145 131720 136306 132276 139188 134397 138823 134419 135643 135773 135594 133973 135127 132364 122745 136388 134434 131327 45409 135921 19571 82185 137990 128608 132552 136194 133768 139133 131590 145056 145124 144134 128568 882 131774 141115 136028 131880 139711 137999 125786 134902 136286 16625 136320 137869 139998 136343 125630 144197 136324 142080 139849 130079 135218 2280 130125 144729 137414 135779 138369 124371 134465 136230 128703 130721 139216 139717 138532 135656 137349 136232 136270 132906 138607 135438 130776 136040 20575 139222 146031 137664 134229 147627 132572 147616 8929 134449 132765 137897 141917 139236 129631 134498 140007 138535 136456 134501 137537 133028 137473 129856 135866 137644 135617 137351 30065 137722 135929 134532 134523 145531 137916 145573 140051 142162 137474 133091 140100 131851 139307 124954 133419 138230 145837 116463 137396 137499 10842 139786 137025 136459 139332 132796 133116 135398 139797 132813 12757 139152 134273 139225 129383 136489 132924 136924 135459 128335 137507 131936 104887 125868 21256 143378 133073 135942 130795 145701 137554 139628 144204 133369 136058 4137 136344 132307 134621 129506 145210 134516 136484 136510 135460 137032 137675 133380 139856 136516 137125 141083 136158 130829 133851 135167 140283 135158 134326 107666 103735 144308 132167 139934 137043 134304 139398 150193 133879 136677 2062 91783 137501 135179 82713 129538 7070 140333 134408 129649 136689 133386 132309 144678 138656 135259 136519 137710 137752 136313 140548 57699 145731 137979 159541 136076 126022 9100 130906 147816 134524 130368 128737 133056 129371 145248 129567 138134 116477 137715 136485 133497 136068 134286 137020 133940 134673 151817 132334 133761 129582 138542 134511 139261 133919 137615 136544 142191 136098 136531 133135 138615 136078 144748 93522 132216 132263 138003 135559 133408 135842 133167 135168 136536 133467 134559 122911 139228 132872 136546 134746 132949 130380 133034 136550 135408 134460 136551 137741 135227 129619 129638 137802 136631 136593 139465 101703 137072 135469 142303 122621 130434 139534 132363 137648 134546 136150 134749 138008 134651 144862 26332 137814 139241 134512 133164 130507 159566 140272 137978 133663 139341 138001 116817 131749 135470 121916 132604 139658 139949 138711 129691 133816 145885 134805 135535 135262 140351 127323 145940 137811 136607 139985 140764 133173 133865 135069 129639 136642 116911 140038 134694 19008 142369 44782 117256 148699 139269 136630 136507 138027 146021 136633 137708 137815 130520 130961 138010 136137 139481 135622 135089 137825 137706 146054 135096 141206 140383 128270 137836 146169 136645 134852 5641 133926 104365 136649 135244 146178 132373 139876 136153 93939 133187 140104 144530 128714 134595 133723 135235 138693 122942 128717 139726 136697 136721 135289 124853 136717 147988 117887 130077 136729 138045 5680 139368 146212 135661 152985 136406 138052 146229 46852 19607 130602 139468 140475 135095 122125 144973 91291 136736 36033 137876 135295 138178 159834 134607 137892 136793 126073 118663 135702 138076 128787 137216 133513 134378 136178 26504 146891 130527 136733 135505 137235 136888 125578 130633 138077 133192 142520 134576 136180 136830 135104 46330 138011 4158 133202 133388 130656 140090 140366 134760 129761 123262 146897 142929 133519 136820 133403 118717 128768 139926 132513 134818 131845 140004 140438 136186 122489 139492 117890 1556 134664 6723 134611 139735 134939 118504 136978 136421 136902 139753 132521 139440 136750 131074 145288 137919 142305 140552 129768 135286 13031 134737 133270 138127 146910 138136 133742 22341 135131 130477 136764 133534 147088 130325 133974 133981 138721 134085 169200 146321 136768 142307 106229 140147 136193 135335 134041 140612 168641 135373 128840 131332 119826 135402 140382 139964 136227 139353 130703 132576 137294 145828 110056 134644 132676 6640 135248 137009 130846 139497 132380 135540 138162 136234 144780 140574 135279 143111 135887 138199 147314 136980 142592 135386 135687 136236 128895 138239 170349 135379 136299 137296 2693 133264 117951 139589 130151 55703 140508 110070 128884 138760 132759 34263 136309 148872 115367 139594 136851 135551 137915 41782 137934 134136 133464 135361 135560 134187 135762 134150 132760 133760 138265 134766 131772 135291 135564 133340 129932 133217 148068 136478 145317 133543 135371 133822 134100 133520 149426 134801 140631 94632 140536 134206 137031 137055 136861 138285 135932 138953 136962 145323 37836 141208 131145 135931 137282 130564 137016 143298 137075 19834 135663 109502 142143 138322 136407 146447 137087 136932 132337 136539 139400 132672 145431 128839 137304 140709 117025 133674 138797 137906 137107 12538 131976 140162 138283 140543 128907 146336 138829 139610 133702 39550 116550 111911 137250 142171 129804 140714 130716 133747 7746 151826 136494 139248 135772 107943 147178 129881 126300 135786 143555 135994 137137 131278 139952 134809 124450 131499 139682 142180 135587 145456 132023 118603 134882 136512 128965 139997 126675 136000 137302 22450 137421 152368 139643 58016 143603 137519 135894 131812 130670 138869 135973 142308 129610 130854 131056 135553 146654 135421 139687 141950 132535 137151 130870 137067 140440 130687 139750 135383 135416 135395 138037 136655 136579 135696 135436 136012 142088 138000 137552 122809 136969 137188 132547 133185 130967 138328 146684 137313 129681 137164 136480 130209 140002 142327 137598 136304 135879 138359 130972 133817 38085 133197 140614 134226 7848 137691 135958 147029 131030 144817 129770 145550 138362 128968 142445 136325 18523 138305 138393 137338 22411 12834 135234 138382 136989 22580 168836 136060 138360 140821 92298 8264 83150 129996 129842 134810 170494 140830 137350 133780 123036 136135 131054 139755 135433 130539 149107 125602 137671 135479 137394 128998 136597 148149 140622 134259 138389 137692 136151 130629 140174 141288 140757 136164 140841 133888 141295 134645 146605 138613 4292 16772 134296 137740 133341 140919 134442 138961 130995 126083 133273 136658 136165 141339 137369 140993 139276 129017 140971 138397 138411 138188 139137 134302 136993 132994 8232 136295 123219 123370 163396 136339 132603 136347 137178 137231 129430 126401 136687 129046 134298 134308 138263 120298 138471 132686 138413 138417 135724 135484 137735 129891 139191 132713 135726 133889 139823 7877 134480 11024 136939 131181 138433 138460 147202 136942 137435 137467 132610 138484 134484 140092 132636 7436 136141 137506 135813 138500 132739 86567 22999 132799 140994 147061 131348 126962 135729 131190 3065 96914 139903 137099 133944 130997 135452 135830 137957 135492 141103 136199 142387 131411 132834 42096 138278 8296 135877 136372 141356 134692 126854 138544 138549 137441 123074 118788 140736 48785 140763 147255 139967 143619 135529 139959 130799 136961 134323 58373 138616 44912 137510 62337 139280 138852 137525 142462 138267 155448 134352 15412 130663 133214 130643 140837 131598 9216 136071 138623 138119 133904 132186 123160 135550 102386 136016 122545 137640 139065 137748 134413 136404 131217 136420 136508 130882 134008 135759 131233 129458 137674 130158 134433 152168 136465 138756 140103 140128 136430 140060 135576 140160 134697 138209 138682 143820 140217 136537 141052 138688 136707 135849 131162 103907 138029 138569 129054 138774 128943 136599 134032 136748 136492 132740 136490 130273 138785 137252 140869 132744 141013 137730 108552 135914 137768 136783 136981 141158 137112 136023 141057 132871 138810 135614 134582 160284 140547 136754 133640 4344 138459 139044 137881 138007 134481 136159 131292 130275 130864 130071 132851 133332 136261 140935 97026 134678 132979 134499 135694 101212 136279 136518 145572 136302 140234 111238 130413 135039 39945 23749 137907 137308 141153 140360 136755 138585 130994 126629 132251 119915 137226 138594 139443 104452 130782 135712 136568 131206 137266 141084 138093 130885 135831 124616 136576 138595 34233 138646 142602 139557 134908 141143 130886 134014 133823 132892 141324 139391 141344 135701 136588 142716 134928 137429 143890 138669 137602 135723 138122 137774 134702 136967 132269 138834 130667 135209 144106 140414 131192 131351 138714 138861 139895 137589 134941 150027 138937 132414 145650 131363 135799 131311 137703 142840 140237 133082 135917 136596 139558 137627 134053 139807 137928 134704 140062 130728 130414 138720 142787 135791 133358 0 134103 136094 120050 134943 137388 134185 13040 134605 136113 137709 141089 103609 142721 152374 148238 141148 140192 139110 136120 139029 140349 145819 138150 136913 139890 138621 162455 142797 140089 136933 136491 112078 126637 138735 56083 4016 140375 133384 145852 136125 135924 131457 138728 145992 141340 137312 129095 139827 135043 139617 130901 137315 138301 136072 131757 130425 138736 154600 118196 136340 143294 134728 137425 131001 4550 137045 134236 136170 131454 143372 138169 138740 146042 167189 140589 147555 141352 118359 139156 129135 130439 139085 104591 134723 146660 25260 131501 135965 28798 141362 120146 20035 138248 137078 131818 134338 8956 143580 140136 137431 137471 127120 138024 147857 133501 58503 141440 136566 129163 137758 138113 139171 132015 136741 134235 140472 147295 147311 139343 83156 136100 4615 132964 139664 138684 136363 132562 127582 139192 139692 141173 131092 108634 132870 127707 138164 134646 8014 139768 129461 135145 140503 139242 138748 139021 140299 137820 131569 140079 139277 137015 136051 141492 34903 136838 134358 136197 131581 120199 136885 137617 51377 13146 137642 137857 136167 136601 134548 141182 138251 136327 136694 132427 138754 131529 136908 133371 140423 132990 138777 140484 123421 131195 137490 131728 26812 133512 129507 134101 130926 140565 137663 140579 137618 140585 136262 134738 138250 127034 138039 137822 136612 143051 142893 141655 140608 104944 2342 133039 134418 140108 130551 152316 138559 138296 131792 136470 66075 136398 134688 135659 140638 138173 147368 139310 138960 131834 139030 131320 136914 136269 135067 123437 136938 141191 136696 138140 139706 131987 139060 127059 158580 140209 145015 140435 114098 105931 144004 136671 133204 144205 120715 140698 135149 135700 130674 129831 136966 137049 137091 139383 131409 141960 135709 140377 136700 139139 137475 136409 66532 137008 20308 6281 92342 136907 133275 139561 137827 134359 136923 139734 135152 140835 134245 137116 129188 132114 116608 139578 131204 142836 131503 138916 140846 141501 129350 129629 146306 140863 127115 140470 140881 138917 129439 137887 139141 136943 135798 136467 137891 140428 135171 137161 137541 135183 140897 134752 141251 130922 139314 120748 141308 136753 130584 137183 138963 134586 134403 144502 17005 127586 107816 138244 145866 136192 131216 146703 137029 129244 136501 139148 136474 132613 139587 139625 139712 138337 141330 132392 138260 135320 42228 138428 138491 140940 147408 134394 129535 134804 139461 141082 141375 133951 137051 138268 141358 134610 137279 134840 134619 137746 136237 141278 136529 139015 134845 144727 137134 140572 139795 137913 137196 1910 22490 140970 132214 132124 124912 1811 150040 137933 137547 139815 131417 132403 139054 140973 140223 139833 67028 135401 148370 127594 139142 140981 145978 138635 137651 132148 119070 136644 141491 130930 138550 139869 134861 13187 134864 144246 139340 139264 139351 137176 140619 141430 135018 136786 139362 135816 138306 137938 147620 139897 146482 141571 137141 129303 138020 144574 141580 135157 141232 135636 140666 139416 133521 134693 136874 163130 134709 141596 139420 139425 141299 138661 135835 29628 140533 141025 130790 132159 141607 138862 146715 137193 137198 137314 123435 141612 138536 141660 150787 132412 134476 13219 147604 144855 127772 140652 137348 141176 138379 119121 138565 146717 130263 137214 132911 135164 138092 138991 143081 141756 140727 131526 136219 28130 125164 13260 138678 135228 138356 133660 134992 139130 138995 138352 132220 129732 125881 136678 138947 136839 139957 129736 131244 133503 123540 132772 130820 140745 150069 137899 141112 132933 137384 135242 130696 137356 139456 139484 141778 129712 137194 139495 135860 141804 140096 142077 133093 137446 130947 134944 139151 140284 135515 145382 139170 127842 139539 136770 138414 7751 130957 124125 141958 139550 131455 137513 139546 7261 135981 131060 148466 133517 142231 135252 140019 147630 116761 135281 139566 141416 139515 143207 130742 133142 132538 135647 142842 130982 140073 131034 134713 145472 132226 138187 140934 134720 137197 147642 136284 141465 138193 146999 137272 131313 131589 137261 140232 128461 15417 134874 140693 136771 132840 83172 137201 148797 132252 142865 141118 129938 139516 132272 9227 58085 135336 139169 140262 134875 86929 132420 138791 188 139575 135533 138855 137260 89363 138224 136403 141822 630 141683 135283 138336 132451 137527 142990 154697 138836 132983 134772 133017 139577 133920 131064 137658 134891 136046 135222 136458 135297 141174 131115 138455 8046 133143 45096 138506 147788 110381 134946 123663 135013 137666 133764 136008 133234 138603 135032 138841 140838 138472 131224 146050 135344 130436 124199 140405 142475 135732 4989 123867 136090 138705 136937 139582 135388 148833 134868 141839 137262 174648 133987 141058 137573 140469 135752 138339 140864 140912 113050 133559 135598 133036 144032 139656 135621 137677 139480 122387 132485 140253 146940 137682 135588 137158 133041 139659 136740 135597 129792 140775 137705 132757 134023 138683 138394 135628 141923 139673 147262 134876 135792 136994 141513 152423 131684 131112 137013 141909 129907 137712 141922 143034 140264 135823 133338 139182 133720 138452 138809 135374 139005 124468 129934 142208 6805 142484 133561 139265 147623 56274 141959 138820 127616 133518 24314 130531 139214 135703 137334 48894 127827 140535 138878 130699 105056 138340 143067 142609 135865 130571 136233 139675 136070 137172 136187 31560 141203 104062 139290 139221 7815 136319 136437 142818 140730 129330 142201 143043 141963 143095 134877 141978 121262 137277 148234 139175 129787 140916 113350 137257 140300 141587 134887 128501 136528 137264 142005 131717 130635 140929 136235 138602 136461 129154 7897 136248 136807 135963 133588 139431 137477 138487 135143 132298 135711 131118 134108 129837 139720 139611 145510 158756 137280 141042 130003 136517 137269 123394 140496 137823 138540 136654 141067 141096 130277 136847 136730 144681 144736 136656 132408 135390 139036 138597 140687 13068 137281 132054 138717 138404 144843 137162 142073 138715 138908 145517 133593 168316 116191 138668 137332 141163 140966 131139 133043 148293 132396 5455 139791 137470 137192 135983 136294 3771 130356 141245 138813 142705 143284 143165 134037 131161 141080 133735 137481 147089 131635 135717 141690 130759 131809 135178 139945 139104 136756 139555 142122 130810 138747 141231 134895 141320 141875 128415 141432 138945 130372 133048 137364 136813 141346 134087 141448 135999 142136 137629 144910 135429 134090 141129 3466 141459 133179 136796 142111 138811 138951 124550 137600 142256 133277 6300 146563 173454 137345 139676 142214 141497 139704 142123 119530 136826 136381 137616 138814 89626 133638 134973 137320 143299 132976 137223 136004 137316 137468 141321 142177 125836 139730 133749 139741 142216 131860 136869 148482 142227 134247 137711 140740 137720 141897 136520 131345 130757 135128 15470 142235 7071 142326 139270 141480 138870 141903 138986 130780 138987 131245 136033 131174 135249 163485 141246 141038 142009 10005 137894 143366 136482 136532 136608 148622 135439 138919 143020 139288 134938 18010 141301 120252 142319 136823 135487 142331 141323 105189 140760 132469 137723 132481 147293 135300 131718 137408 138054 141538 149013 6816 143477 146593 141409 135016 148417 130908 139764 136443 135778 146790 137415 136021 142298 134140 119695 131189 137553 28413 137763 134305 139002 139292 58725 142379 131229 34981 136310 137522 136893 142497 130603 142382 136895 139020 160549 133183 139961 135824 138619 135349 124637 142425 137417 136080 137561 134322 135028 163924 141624 27105 139370 135077 138770 141659 137582 137860 137765 136217 13359 139019 135257 136622 135734 138969 131271 139067 137668 3389 141147 141746 131672 133347 138065 120137 141585 139184 127895 138989 118236 141348 132492 130797 137014 138111 139793 120445 147347 120481 137153 131210 136660 151392 135834 130879 13508 137090 143096 138385 133349 138523 136627 35664 135319 137961 142335 141671 104165 137168 137237 129640 131225 133476 141398 110578 139995 142429 141729 142388 138690 142437 142460 136662 141905 139802 133570 139117 137612 149060 137719 137247 142522 130760 139315 142769 132660 136661 136675 136705 137631 142563 148642 143520 141974 139806 142428 145237 137489 141780 135456 139889 137727 142004 145520 7940 139231 139373 138477 138085 138032 131356 6758 139309 124018 120546 131391 131013 20337 142128 135870 136708 137381 131433 136246 137395 142144 141366 83460 68090 137744 141799 133657 130940 137478 136842 137766 138112 138207 133862 24496 41275 136765 133357 138980 139436 136767 127541 133788 136288 139034 139469 133866 58806 141782 137299 134521 142463 139279 139470 132560 141521 141851 139512 142153 139517 102919 5819 138771 158002 141466 137790 136884 6008 135362 125417 143644 121222 133892 133803 142370 140058 131405 142587 142029 152540 138312 136447 134776 131272 9998 142179 126249 141565 148827 131434 139324 138812 7462 131531 137319 135440 135974 138049 135524 132743 141582 139327 143120 139094 41664 149025 148976 136773 138314 136019 141684 5610 142712 133063 137923 135317 142003 135340 133825 105439 138860 142744 133414 137502 137558 10111 132106 137424 138617 141164 139289 165400 143610 120644 138062 142482 138115 144343 137488 143131 135461 140017 147665 139522 140170 131544 139892 142902 140052 142691 120681 142155 139113 135381 131549 137556 142754 139336 137505 140240 142127 131775 131500 140249 136380 29368 143180 134821 134059 124813 141686 150110 138630 139542 135996 137562 142386 143635 139600 125543 137610 139725 132178 139062 140294 145561 133820 137742 131723 15485 108679 139937 136789 7944 137355 139944 137500 142508 136103 137532 61771 140102 145925 117582 135473 135519 104580 140410 137937 137649 139624 139962 131730 134249 124363 142255 131566 143646 139145 137518 141734 135087 139162 139767 138335 140012 142197 137587 132227 145972 139179 139229 131196 11081 132489 147414 137698 141809 139294 135548 120708 131872 138033 131895 135554 136846 136890 139766 131456 142391 143706 134985 131069 138685 142752 139778 135707 133844 140323 141871 138429 136896 105829 142012 10468 133907 135633 4033 137606 139215 139867 131989 142561 140043 140066 137977 142135 135638 139273 142220 135640 139233 134180 137146 139299 132634 141235 149218 142631 131484 132648 142452 135803 137821 138046 124944 131712 142253 15489 140600 137728 150522 136498 142297 139301 142613 142263 138155 139319 24544 137925 139338 145932 138468 136062 149268 142272 139529 142302 84221 140069 143234 135273 137011 40393 133442 139887 137156 139344 136523 129689 147751 142576 135561 139331 139914 120826 140115 138206 146199 143724 523 132874 131538 138502 139838 138241 146645 132543 143850 140359 138527 134089 138056 109091 147381 135930 17041 138019 68231 138145 126044 150744 84285 135301 145245 128760 19158 131747 137738 131585 142314 139401 142332 152571 107843 139408 142417 138245 136991 132061 118285 131842 138741 142371 133523 138097 138217 141499 139100 139853 6115 142936 151591 139882 137329 141075 142708 143903 138271 5636 149302 141957 143242 142773 138662 151949 133123 142410 147280 137028 140206 142433 135510 139449 137005 138282 132862 135042 140224 139467 139502 147462 131595 123795 131653 139552 137520 138826 149365 136577 136104 139395 137092 12720 142540 139544 143909 138548 137102 138223 142816 142502 133125 98601 137736 152799 139418 138264 132922 136036 132012 142577 135837 142535 143139 84916 142707 86165 147463 135325 137189 132060 145297 4669 133237 124323 139938 136719 7857 17880 139513 138310 133291 133190 123603 137756 142036 127906 138014 118576 128188 7165 135736 107936 138327 142833 138858 42204 138391 133238 135076 136258 141768 135109 129803 153834 142571 140408 137760 137778 141373 141405 133425 137776 119572 142030 139022 142637 142186 137585 171097 137786 137283 139935 143947 140024 133259 142844 143272 133289 58963 147539 137401 139098 145491 147762 137402 129818 140059 142832 137889 131630 143948 140446 140164 134079 136281 151137 138365 138058 140031 140453 142949 139963 137754 142858 136061 70318 142862 140456 139569 142872 139619 143150 140173 136892 131800 141634 139586 149485 134306 142683 131270 142922 136075 137936 138043 135808 84879 3212 142935 139655 136413 29591 138079 131325 138464 105387 110002 137779 140246 141847 135303 138321 139627 138752 135769 137952 140303 140255 127537 138406 142407 139599 139618 144915 133469 140361 132084 139626 140006 23083 108429 76352 135927 139632 140331 131561 136297 137155 137759 139681 140330 140335 109183 139662 145359 138015 136405 137985 10034 11201 140063 131372 136816 147008 109008 131662 136898 138495 149667 137867 133722 143152 145543 144047 142820 142765 136934 133334 138776 140357 30336 140106 9528 139157 129039 152413 136963 138099 132192 137783 138165 147950 135655 138048 139691 142971 139601 139728 93246 148016 137140 137893 148890 136222 127652 139671 140112 135645 142634 139759 130180 130225 135771 137177 142998 151330 143263 140381 143008 140371 144084 143013 135826 146098 133779 137796 139665 131796 142938 138612 138470 140494 131837 144051 135875 121480 140022 153043 129822 137536 148256 149897 143045 143088 133562 120873 136988 140938 140363 143125 132180 140163 142803 130182 149108 140801 15547 137574 140432 29085 133331 147960 133884 134234 136424 151730 139223 139696 139808 90014 139000 139714 152044 134212 138334 113803 140193 139613 132200 138061 135969 143091 143137 165526 144113 138499 147957 124969 136584 139715 136221 138216 142657 131166 142150 139722 139733 142789 140991 141955 138509 139737 135570 138050 132607 140259 131888 136928 140400 139061 149503 137669 140537 137845 133571 138233 138277 140458 138281 138563 137576 132238 135590 138290 133830 140817 133966 13378 143065 136995 151863 142605 133678 138347 138703 138572 116372 142976 137583 139761 138432 138786 131186 20383 121633 138576 137861 136497 156061 139738 138042 912 139739 144193 160925 133975 139749 137854 138598 140464 136064 153117 139790 128117 138229 132189 136300 132699 136317 130332 142814 148138 140482 137831 140602 143094 136449 126576 135802 137862 140773 139773 138439 138249 138697 149861 143142 132379 132495 114307 140490 142982 71051 143197 137581 135414 138443 142825 149931 140555 140549 139136 148223 120556 145506 27349 139337 139743 139748 142333 134299 131913 138457 140531 140556 135935 132348 138519 136045 133337 144365 134393 130556 137000 139752 143976 138546 138609 140270 143107 140829 139834 143359 137048 143439 135091 140630 136621 130433 134396 140000 148430 143167 139794 138769 135949 139848 143193 140027 132080 140854 145740 143371 133399 137187 139858 144499 136154 143058 142052 142826 141142 137259 140902 143432 136408 137872 142919 142861 71680 142521 137874 140570 133976 132621 136389 136727 138799 140021 140026 136533 140045 143148 140648 136542 137964 140056 143737 138856 15703 10544 140627 143221 152680 139348 136395 137400 143514 142655 139818 137609 140047 126320 139871 138072 131892 139498 5643 137614 132139 11233 139873 133410 131303 140050 142087 140607 138080 136208 21890 139901 142992 58817 143021 58995 136360 141216 138068 138886 142469 143453 139911 138332 134284 141027 139821 138925 137806 143083 143525 121148 148809 134345 142078 3892 141290 138631 140039 140733 133447 138675 137324 140091 143532 149068 143109 131922 138121 143562 138676 137358 20417 138634 145607 72276 132294 140867 140183 135142 139874 134459 143259 136589 144500 124481 137986 132534 137563 142947 133855 150166 144136 151000 143190 140155 138456 11267 135270 143338 138344 133544 143101 143964 136387 136402 139361 135861 131674 43109 140176 139960 138133 132319 142530 143713 137901 143015 136810 134477 141160 141009 137947 143053 140710 137794 143108 138182 133991 134004 138932 138896 141113 136850 139904 128682 138184 137645 131979 138681 138059 136415 132903 138772 138794 166394 139920 133482 143348 143384 140198 135276 150117 136613 136418 138652 135009 146120 145724 138839 137003 137853 141264 139039 140258 10133 136225 134052 143262 144361 133859 138923 140725 113809 148640 141018 138755 135962 142343 140010 132939 133707 134426 140910 140048 137472 136646 136007 7363 132041 138254 143474 138880 140711 140767 140847 132723 137568 140211 139003 109188 140094 141102 135305 138651 143961 134123 136763 118505 143492 140413 149354 141127 136618 140287 141269 143539 148688 134525 143271 138177 137954 146182 141285 144046 140454 149380 138261 140457 140101 138660 143821 7878 110726 131104 141167 142542 138671 138866 135202 143214 132248 143589 138381 142886 142885 140392 142656 131140 141357 138202 143517 150446 138101 138215 138907 140751 140875 135195 138914 126325 149011 133628 142989 138687 138270 138349 140107 136453 143522 138926 144121 152641 140505 149604 5718 133714 141012 10252 135382 111243 46556 126888 131505 137592 135432 136534 122491 137688 133732 132700 143557 143933 139038 140113 149965 131868 146272 135475 59132 138286 140114 132400 139955 140208 139073 139971 4712 146460 150330 134291 138315 136709 140399 143329 131185 138387 140133 143896 140421 140599 139505 143597 141207 140539 138117 140352 133775 141125 141393 150585 139013 121198 131198 124778 126916 139910 3493 136732 140695 143179 145884 143235 135864 138390 131950 140713 139105 149021 142218 144098 170692 150459 132498 134002 132561 143022 10549 141188 141000 74702 146465 140749 132415 138967 13584 143605 139272 143306 140794 132435 131664 13601 138412 141055 2365 143566 138386 138116 136711 144433 136087 156922 149969 150415 134324 138388 143365 109237 134355 143408 136777 133490 138431 135547 140840 136728 132501 141187 134277 141117 140166 142714 144166 143600 137106 137149 143471 144085 141306 146698 22105 133597 140671 140001 149431 144610 157145 133557 144538 138974 140008 140788 144603 144215 137248 141413 139091 144616 140426 139107 140527 146827 144177 141547 139115 139150 98663 143606 144647 132503 136122 131551 134490 43847 132542 140545 141484 142547 138436 10161 140596 138759 138454 143625 139086 140796 13759 150080 144275 133688 7372 109360 144756 138873 140213 141422 138479 139379 144382 143639 151120 132864 132477 143690 143729 2392 134335 137010 133189 133196 143827 136747 148729 144823 128691 135539 129487 138469 139177 136787 138480 138521 139380 136134 22134 139187 145273 2127 117996 140824 122026 124257 136859 139196 132528 124936 140167 136900 144348 138488 141435 2703 140492 146547 140958 132557 5970 146764 145301 135591 142834 145330 166936 138898 109643 138520 138573 137591 141554 141065 139026 139946 142232 141472 146860 132589 140226 150157 143863 140018 139207 138149 132630 139908 137625 10368 134599 136145 143670 131593 131755 135747 140876 143931 85676 139284 127187 143989 150227 139237 139218 136545 160332 131884 8902 128545 170728 141249 140009 142611 133294 138577 135889 143914 137646 150317 132597 143894 140344 132631 30379 140029 140909 144677 143645 138640 142589 144063 137785 132625 139116 146757 143647 139312 135688 139243 134574 143627 139069 140947 31853 134596 136910 140617 144082 140983 132925 139384 90140 140623 136929 140354 144160 142689 137006 140068 79336 140645 138596 139114 140016 133787 138955 136983 138658 138082 141223 132715 132878 139254 121352 137001 35703 141132 134210 140633 137017 141342 135787 141427 133794 144349 142693 121883 136370 150371 144377 138778 140075 144414 139387 140098 146921 141510 142565 134603 143681 46671 135928 153376 141438 147494 146582 141630 133376 144434 141564 139393 140982 136206 144172 141642 147055 133983 136264 138185 137018 139259 144264 137023 7169 138526 144451 143655 140649 140127 140992 140660 137637 144730 145349 137030 143664 138782 137040 150890 142697 139263 139366 150567 140696 140685 141059 140175 141166 138709 137041 137817 143669 53845 142863 8304 124641 142813 85962 134095 137086 127065 139283 139423 139394 137653 138884 137101 16131 144222 143710 142079 141649 140350 138821 137788 134160 143116 109191 140959 146927 143718 140699 137131 139450 143770 140190 137154 137129 138822 140741 47119 141718 139477 129858 131924 140772 141801 141041 144492 141230 85710 40501 139302 139524 138876 131296 140210 140866 139386 143705 140364 140877 138979 141192 141313 141136 140900 139173 136639 139226 143841 142888 141037 138552 143930 134778 139428 139285 161053 135898 140218 132039 142941 138988 144595 131413 138994 144479 130869 137173 137926 140498 133897 134639 147133 138415 143802 134622 140967 104227 140780 140268 144406 144670 140220 142942 142414 144062 137695 140305 139437 144584 134538 140996 13617 132899 141479 133970 7977 11579 125296 141420 140231 143435 150601 144036 125347 145387 132632 137798 144422 150834 134656 144534 138377 143717 138600 137095 134154 144157 141194 141066 164512 139326 142140 23481 1793 141130 134669 139683 144227 145123 144053 139432 134553 137476 161627 138877 138997 139078 138724 139490 143146 150895 138915 150969 143756 141481 140839 132934 137245 144464 143767 136207 139547 143183 139553 143307 119082 135766 132633 131858 141460 140571 134699 132643 149049 139071 138650 151019 136305 136441 138636 144069 139135 63693 139580 95139 120813 143769 147254 139166 132984 144568 140688 141673 139491 138639 2728 136111 143771 141781 141121 137810 144733 138758 139801 134777 144510 144540 137227 143796 144563 143313 138930 137463 141688 134806 143843 11093 149459 137951 139607 141140 137496 27699 133139 44031 90782 141424 137337 131949 134930 22190 137830 140388 138761 153898 141159 105027 138982 140870 143084 144071 136780 135768 107005 134112 144648 139035 143130 137447 141218 141706 140236 139504 142444 139354 140930 138920 145360 143078 161773 153081 132724 139367 138934 130927 133024 144672 138700 140436 141515 125383 109921 138734 139608 143865 109280 139623 139049 132204 122574 135906 136873 141196 143079 147210 143277 144235 132752 137122 140269 143904 5995 139084 133042 151154 141574 133057 140295 141529 139077 137516 137538 139101 134257 141525 141534 132311 140439 133400 145430 139536 145462 135910 136472 139615 1857 139146 137941 139837 143283 141227 144330 134063 133174 138933 86905 137739 143985 141162 136473 144594 133846 145695 140700 134176 141761 139143 151267 151303 136039 154382 142416 141544 139644 141274 141332 141049 137548 132351 141595 138040 139147 141850 140302 139972 141134 136827 141238 137661 155021 137767 144442 138848 140358 144503 139648 143400 141441 151689 132321 143315 144719 139666 3588 138511 139174 139358 141575 139217 141284 133070 147152 142222 137770 133157 140739 139678 132766 143336 140385 137046 145602 139736 147491 11274 134373 139381 151357 139120 144654 139760 142268 141823 143893 140308 139409 139262 144679 144861 141581 138905 143350 133210 95243 139510 135002 151370 75377 144759 139257 139287 136282 141477 144467 150900 143499 137104 133428 140489 135005 141302 145004 143993 137136 16395 133365 143560 141314 144894 105215 140582 142841 142318 141376 133401 69223 138627 141452 137288 153227 139661 140805 144504 145020 140152 139471 141360 147256 151389 132785 132449 143375 133711 147495 137662 145505 137868 144013 136066 132801 132797 139363 119659 139809 144021 142415 147324 132909 132838 120299 140325 144837 141379 145548 151440 105297 140401 136530 141068 138948 137590 136396 133404 145677 145050 140810 145444 98021 139862 138201 142426 141672 153480 145147 139190 10178 135044 135225 137983 139266 144023 133927 141687 135151 154017 145552 134414 141589 142432 137597 140878 140403 133815 144952 144164 134822 138968 143430 142483 133737 138266 134429 9000 141615 139010 141444 139282 143588 137731 144809 142491 137611 141523 139122 136121 141528 134872 144140 121405 149392 144020 132839 107116 145673 137035 141221 136502 136212 141620 137037 141526 144857 1446 20552 145072 143800 110599 132975 151939 140427 138143 141641 137657 139059 137057 139399 145694 132944 136428 144045 141681 136555 121551 141724 145213 137769 144089 142409 139978 22 144717 141725 122756 143396 135229 136477 125411 140575 134494 2782 139537 140595 141741 141878 140304 98757 143574 145711 144798 145225 144240 139863 141737 146058 139433 133107 132807 141558 139500 144269 132473 134517 137128 89138 31899 136560 142328 139924 145145 145176 13751 133364 139762 134880 132381 141744 141874 139868 138331 140949 141946 132533 139438 133058 87438 139178 133771 2222 141005 141753 144239 137535 141740 147365 134885 140723 137789 141777 910 144369 138419 139249 139928 139489 98889 145704 153333 145177 144485 137138 134570 142130 143535 144425 13436 139081 141898 133838 137696 139411 140041 138954 125726 139149 141739 140337 140448 141794 151990 145222 136563 137753 146241 133068 141797 140077 139940 139180 152508 139212 142109 136590 143614 140111 122549 8464 151671 151644 138567 132888 136240 154053 137780 140852 137842 138364 142019 140483 133841 139426 135329 139780 133870 139541 136598 136483 134631 142023 139630 144930 145232 139531 154140 136614 145825 145257 142248 142419 136668 140724 121712 151739 17173 154234 139597 139680 132460 136672 139708 111103 145156 126130 71227 142273 151994 137942 142062 99368 140795 137567 137801 143572 142167 139565 140248 137804 139724 138751 139811 141803 139769 144232 5733 151999 133193 141556 137803 142897 138410 132688 144262 133697 141705 137813 154336 133802 143285 144320 134010 137873 138517 11859 151396 141939 142279 130166 138618 144852 142344 133860 151458 133874 101640 140347 96309 142494 142604 141881 133375 145830 140732 139669 139906 131028 144899 136704 140370 145268 149242 142519 139593 133978 141627 164784 139813 150440 145367 141948 136790 143308 137890 138142 141892 139814 140071 139824 4223 142204 134027 136585 144159 141017 140917 138575 143641 140466 133905 142725 139245 134982 142934 140480 134128 139434 123170 147951 133104 135137 141962 144388 140037 141087 140447 132901 140195 142296 149429 141921 138654 143677 139605 145238 145350 139629 140737 154378 144469 139864 134264 133409 141807 134311 135285 142006 140197 155332 141449 143696 146167 145113 145391 140239 64194 154537 143604 142007 143728 141024 142449 143900 140225 140263 132930 137945 152974 140380 138803 140515 140339 139866 139334 141076 139705 166986 134186 146129 141114 142042 146758 140488 139912 133712 139929 56504 147475 144483 144873 141149 139930 134593 145399 145271 142455 137903 145946 139789 155814 126488 143080 142799 139670 59261 171354 134274 141154 139932 142142 148180 146570 141884 139543 125444 133756 134376 146133 141260 135354 137959 140782 152131 137918 152753 139947 133765 142161 133805 134670 140412 140054 147540 146815 145421 139988 137953 7502 142545 140422 138924 143287 147700 136803 142575 137232 138129 143813 141931 142586 152320 153054 143440 134612 142946 144605 146300 144625 133072 140826 139798 2396 140890 140500 146895 139851 140529 13591 139649 146933 162206 135423 134616 134682 88404 140076 88949 142157 145530 142633 140551 140187 140120 134295 134360 140322 147218 143231 141656 133241 141273 139698 140398 139045 142027 142238 141349 134727 144137 110872 121935 140893 137960 67362 135162 140618 139865 143744 142301 133445 140365 143920 126356 140678 136603 142016 173337 113974 153408 133416 67913 144184 121463 144902 137993 148017 144263 134083 139703 134387 139126 0 140437 147038 111153 133015 133090 141935 134896 143845 140563 145669 151101 144897 146420 141372 140573 140908 139877 134497 139913 123691 145366 145917 9058 140980 139364 133134 144629 139976 153158 139826 134535 139129 133881 125820 142715 140913 136625 133912 134899 140798 122771 137217 151680 143434 140674 141951 145449 134579 136769 128698 140040 125949 142280 140566 145681 139053 141123 140061 142339 140053 143596 136836 143916 134629 140679 145498 137751 144751 140222 140750 134927 140146 140150 31125 115510 134735 140247 136854 140252 143157 142046 2033 140976 142710 142738 141128 132886 144519 111165 146592 140809 140477 145586 11098 140509 142424 134744 140681 139209 142341 141170 140288 140311 142380 134096 142392 144826 11655 140340 59958 140756 5755 144868 135494 139375 140281 151707 142376 139072 138057 142405 142804 134884 152330 146198 134233 147801 142811 139213 135652 139268 138100 7548 140972 134385 56535 141509 145688 140348 140521 135268 141532 145761 134855 140632 143188 138208 143840 142476 138259 141562 140153 138236 137022 146362 140880 142849 72588 140580 143844 134843 140504 134382 145876 135662 145619 142531 138293 141539 142533 140644 152338 145174 135758 134922 141368 136629 140624 20807 138317 139389 140857 134935 40706 60439 135767 143540 125142 142828 145683 142570 138319 142018 143341 163037 144890 153478 145786 141568 146749 142068 143002 138343 66526 143399 142090 139111 145306 140889 143279 142538 142146 140402 138257 133311 140654 136901 13912 144905 139545 140999 136968 138448 142265 140404 146311 141594 3896 138047 145965 144948 148169 138284 139690 143732 135782 140445 27705 140441 137056 146396 139325 143970 148109 133656 146665 167088 140463 141035 140455 142593 138638 137852 139562 144964 134881 145743 137061 137318 133146 133644 140668 138384 134945 140557 139478 140467 146437 140562 133300 140818 23727 140663 143943 134913 135287 139487 150021 145178 140759 134950 140883 139893 143113 140670 36328 146721 135915 152963 138303 137939 146520 145822 140690 142612 142623 139942 145914 145752 136772 142647 153516 139349 141796 146606 144367 167319 138064 142648 134951 29845 85945 140497 141462 140628 142224 138473 133148 142254 108002 141830 145198 142306 140568 142278 142625 138243 133836 134997 135980 142650 145808 141046 141056 139556 142427 145540 147853 140712 140907 145976 129239 142362 134288 139479 143416 146968 134293 137385 140803 140726 116059 147275 122362 140769 139099 143273 142860 138564 140924 140667 144441 133872 137120 143335 140085 141074 139559 138361 141048 136063 2092 143484 138706 140933 153678 142624 10187 143497 141853 131897 140776 141984 136243 143506 139888 145224 146101 125847 145952 138868 930 139604 143376 144014 140473 142373 142668 138900 147482 142746 142671 142915 140729 157708 22339 140836 142884 140768 140474 140534 144241 142699 133260 138614 142917 140584 137271 141101 146677 133268 141126 139385 142848 136956 61081 141297 146631 133322 134162 140216 135333 145813 138363 140936 139459 140738 142505 146750 140781 133378 135121 133457 142914 146973 134350 142537 135992 138232 10437 140859 153399 142951 140783 141717 141165 142850 142412 142038 123922 145185 142558 139424 133833 141325 7984 141824 138486 142572 146150 146770 142775 146817 145199 147228 145365 137306 141337 144030 142646 145327 4660 43275 139634 156560 144144 143491 143056 142594 138409 47498 135130 33137 144619 148415 139674 154757 142681 141387 136204 141105 138702 138235 144577 140744 44130 142472 140748 135160 141028 140590 140894 40958 141436 137370 138449 140858 6889 147773 133458 141116 141924 140792 134054 141437 134424 142962 145582 137377 111554 135358 143781 143570 141138 134119 146038 8061 135562 143089 140827 152204 142620 146810 135163 139740 143746 133840 142706 142913 139751 140906 140326 139493 141183 145383 143182 141254 142431 142973 153750 134334 142740 144038 141263 135620 152397 143196 157233 147428 146189 133465 141077 134151 139822 138531 141802 140429 134435 138094 139820 144975 141319 139875 30104 109927 106140 122558 117248 142815 139979 142824 141322 135795 134192 135522 141999 132907 141350 135651 146964 147718 144273 141367 144675 138710 123939 44512 138673 135528 148010 147448 140812 140911 133637 140362 111288 146219 111755 91916 142709 13391 142658 142024 141184 140932 142285 145833 142812 145842 146286 454 126956 142823 143616 140964 135872 134384 138586 145489 107744 145722 141474 135075 138959 138194 145328 135986 141225 139574 137437 144814 152629 11694 127074 148668 151726 145478 147612 134450 7105 136268 142543 152973 144091 142846 141476 145549 138716 142957 134456 140904 140855 135939 140978 138796 145600 135987 127330 140856 138698 143370 134464 141331 151511 138324 153869 138833 141370 139435 133762 143040 147817 128592 146197 147926 141029 148044 143749 142364 10230 144911 138853 142869 140478 143835 138737 141036 152370 141619 138753 141400 111442 144129 142667 143208 136073 141044 141156 136289 146727 126158 140067 141062 141836 154970 142675 141396 155792 141419 147835 138819 142159 140800 148054 138985 141537 133770 141446 145568 142808 141064 138854 141451 172156 138643 146305 127227 167107 138427 141590 6548 137379 139581 141086 148073 142981 7189 141212 145693 148070 143127 144954 146269 141091 141592 142871 129552 143768 139842 140615 134223 143611 138875 144286 145040 142160 134262 135578 44984 138445 141078 68753 141514 142931 141157 134473 139847 137596 148071 141122 140860 146302 137628 139857 139007 139371 141104 142994 134642 141234 136109 16402 168915 133795 144214 141248 148735 135610 153253 142745 137036 142829 168799 134135 138830 143006 148956 135818 145041 135951 139872 155845 140689 124421 141461 142552 143023 146915 145615 133999 139891 141108 141609 143105 8162 137992 134474 133302 144830 139898 139983 141617 141652 141152 141226 134272 141632 134000 134554 135132 138510 143438 138547 140643 144219 146943 134309 145093 143236 134375 134540 145095 141637 155923 9953 134556 127742 145706 140003 148150 146331 45000 141887 138444 144288 142837 145037 142397 140074 142896 142381 141930 140777 140928 146819 141175 134343 141569 145096 141168 154199 144115 138931 134753 134732 141109 135140 146353 145394 148203 141583 141933 141242 140082 140143 136015 141643 141608 142001 139050 105695 134412 134640 138739 141691 153453 128701 142904 141333 141177 141645 29331 141667 126179 146923 140093 139056 141213 142467 148488 141654 141250 140141 141204 145175 143549 140199 142442 141833 142032 141669 138744 143052 174825 139612 142751 135060 143667 140516 145194 151199 36385 143281 143317 134711 142488 141723 141507 138088 138840 144316 141906 138515 141722 138847 141747 143565 132710 143319 139125 141760 146372 144337 146005 146422 143431 145242 140797 2410 143117 135147 138203 145275 146012 20739 141119 126331 151751 141821 138865 135061 147063 143290 140342 138918 143186 141856 151763 144352 143347 143504 134564 134623 141837 127485 143495 141886 153383 136099 143230 139075 144358 154391 122918 169716 169317 141873 136330 147103 135186 141859 142061 138944 147138 141253 126389 142468 127790 145755 144416 36142 141456 142875 141877 135230 141769 136506 146438 148324 147167 141329 140851 141354 13835 142015 177086 148916 134920 138696 141289 135214 141970 141798 138218 135250 141983 177735 25114 136974 141315 142908 142930 141622 138629 139417 143515 146453 72735 143523 139448 159588 142923 141812 140921 147240 142925 142590 146504 144435 136410 134153 148373 141623 142020 141447 141371 142999 135454 142098 142028 145294 136053 140717 122217 141894 139090 140960 143031 1456 141383 135582 19354 153466 143321 145191 139070 135299 144444 142939 142041 148954 141403 89420 141694 135488 146559 145289 143247 143001 59584 107823 143872 141522 143257 142139 142051 145893 135342 152875 45790 139621 8555 144321 139160 144663 141464 135491 46259 141949 141559 136505 141733 143736 151833 143708 141767 27145 149598 143888 48359 146707 143369 143106 145771 145338 175139 143536 143282 142200 135070 141773 145807 134726 158190 141954 139197 92638 143405 10327 141784 142050 142056 36655 155929 18264 143122 6908 159608 111796 134329 61080 142401 134454 143205 145347 108380 143910 11286 147230 141805 147309 137209 143195 146458 136069 140942 129676 139201 140346 146839 144015 136138 36629 140831 135001 141428 33473 127273 142948 143433 141969 138664 153907 128899 141296 141033 142955 134782 169519 144016 141051 135006 135675 124506 136564 142678 146802 136802 142205 141468 89873 108399 135584 141966 141079 4706 140374 151919 139204 15748 147298 143304 144073 136620 139685 142748 135776 143037 138977 137542 142188 145380 142233 151682 153219 134731 139365 146616 163117 145856 149145 135902 139239 141131 2829 111611 146110 103465 134457 108474 57000 10730 145358 136188 141399 147388 137570 133982 146728 143215 145916 143245 143583 145479 143591 141503 141205 136114 141788 136394 143110 145854 144033 153581 11935 1755 143087 143510 22775 135136 135327 139439 140338 169584 144127 143594 142229 137632 142082 141816 144665 2802 137690 141810 135623 125674 144171 16157 115336 134789 143928 149997 142103 145896 127384 145714 141220 135938 156083 142271 136276 135022 136931 135721 142202 142809 135474 136575 144778 89052 139415 463 141553 136334 139843 146909 141860 153664 139472 123934 138707 142190 145097 144808 127615 143551 169631 162818 147052 143228 141808 137515 134962 145742 141578 141900 140395 143267 142287 152170 143387 96475 143071 127770 139258 112342 135036 143411 144827 146550 145103 142252 139260 147468 141240 153704 142226 141318 143421 139055 128939 143593 144815 139281 148113 143451 156443 143613 142336 143330 143479 135357 139485 143693 144424 139342 152254 142619 141911 141707 142320 142377 136290 136171 7570 153916 143694 4708 129809 140267 132716 136096 136594 143166 149257 126518 132919 148446 139503 156119 169660 139295 149217 142661 144270 22576 144854 139509 145633 153779 126587 142496 142566 142660 143599 139518 143617 113316 145897 1093 149557 149794 146669 145930 145951 139535 144820 143164 143701 142687 146016 141904 141265 147432 140862 154393 143722 144212 137750 141913 141605 141989 142368 143028 142732 143124 122450 143944 144326 142259 144811 61174 113330 146935 112008 10093 137681 136354 145968 147158 135941 139718 141668 145122 123291 146020 142257 141704 142017 146056 143727 143955 142763 143959 137749 12130 143482 148470 143493 147483 145928 142192 126969 139568 150088 143741 136746 145189 144962 135753 143494 152008 139576 143751 138018 145201 143687 142794 143511 137347 138030 96939 139595 144404 146412 143752 142283 154088 142541 134531 144833 143790 142398 139606 158390 138089 154271 136331 144989 142451 140212 143480 141994 142597 131396 142047 152061 145236 140419 144086 163418 139745 143547 147023 141150 144116 148004 141996 142567 144995 139635 147506 139573 147553 142626 143607 135445 136368 143643 145390 142960 145295 139657 136426 144892 142651 140468 141467 144223 84018 124599 143817 112017 143763 143128 145298 143773 143878 136766 144102 139784 142076 139155 8557 143143 139168 142742 4724 135608 137228 144153 133635 136469 135052 144364 142400 144378 143881 139694 145333 143882 145501 139781 151711 13858 135972 136558 141775 143886 136338 146029 146059 143156 139181 147012 141266 140884 142453 143901 143750 146074 145666 145534 136572 144411 145086 145453 123112 144407 142183 147136 138139 144427 137357 136623 141200 141224 123569 135761 156132 142393 146112 166255 144187 140987 142457 143936 139841 139950 144429 142644 147885 141792 142367 142760 139250 138226 147172 145529 142025 147507 142465 147521 144145 144011 141708 137372 8372 142072 138210 142796 145606 138220 147354 139943 72749 147550 145361 142321 145691 147257 142805 144400 139636 138258 136723 140491 134569 143587 144436 142411 25922 145078 144456 143200 145659 135794 141820 147234 145507 135253 133218 144019 136852 136886 142817 139999 152066 146254 136950 128155 152718 140005 144092 141912 108553 141312 143754 135982 142551 135307 128195 143783 147286 141408 147826 145536 154547 141512 143846 142944 104194 21483 142048 144112 145957 153724 118005 143059 143785 127199 156222 141270 141548 5810 137042 139966 142495 141920 144957 152182 145102 154050 135919 141560 144480 144532 128109 144225 127226 112026 145729 141604 101661 116299 147903 143075 145393 140078 110140 137052 146363 141369 141934 142173 143804 141382 142503 17326 137390 142459 146164 135233 142490 143862 141613 138864 141406 142569 139744 143675 144557 144481 169855 143884 146379 141640 142026 140787 143814 148075 10239 135851 134614 148133 144249 146268 110102 143887 159766 156312 146394 156256 146393 142645 140142 147343 142510 142573 157184 143905 141635 154191 144589 144329 140172 142596 2338 148030 143151 112505 156665 30346 145404 146479 146184 145738 146369 138804 147359 109745 145409 182251 154197 136973 144651 148056 143138 141692 124805 141976 144686 137436 141764 144344 144366 143922 144131 141711 137263 143147 145798 127562 144128 145011 142022 146944 141762 140165 140202 141469 136318 148190 143927 153039 144133 142086 144506 144141 146354 144162 136636 135918 148209 144250 144916 143216 141757 136031 136992 136915 142974 136032 135277 145823 147695 136371 143173 60087 141831 142807 134618 143217 150251 137967 135280 139306 136048 140621 36658 142212 144173 147943 137604 142636 144409 144258 139719 145471 143007 151062 137105 143466 136043 143971 143012 135525 148249 143035 139645 148274 146425 153422 142911 104241 128628 143911 136244 142679 147981 2954 29072 112579 139727 144170 145522 150883 5917 144744 145553 144449 143264 144278 142515 137702 134910 135290 137058 143162 144689 145504 143355 144788 25276 145544 141880 134169 137725 142986 101958 137292 140244 154445 138307 138351 129955 136438 143201 152208 137974 142499 144549 148358 144384 154569 141965 139360 145560 143969 148364 144179 144002 144198 141841 148368 4150 144470 142091 12113 55101 142585 139402 143189 143251 139729 143343 145846 137298 141846 145662 146509 143032 140581 146524 159423 144800 127845 142839 137792 142096 142733 116938 133339 152229 3912 142223 134278 136392 146375 136476 141867 140538 145557 10329 136626 144201 136514 143357 61570 29554 140394 142138 143360 144834 152212 8005 139397 156753 145180 140642 4176 140610 137955 143512 146567 137514 145674 122043 143424 143743 146629 142736 148402 137309 141918 135419 147584 127858 86058 144044 140124 90425 135193 136496 141927 144986 137528 142219 137605 146378 144277 145710 142770 140196 144289 145851 149609 137981 141577 136353 142151 128412 141991 139742 143033 109761 167655 136977 144508 137114 137737 149460 128321 136355 8474 3882 145266 148439 151318 138021 145057 12807 137019 135472 143382 128419 136059 148493 138892 177641 144556 147667 144560 136152 148871 140065 143615 141599 142852 146588 147492 142236 142275 142295 138425 138053 138773 142316 142778 139412 152301 137389 144593 145036 148427 154872 142337 143210 145762 148534 142791 135352 145611 145620 141929 143829 145918 48773 141618 145088 138108 143575 145986 146639 142355 142889 109791 136124 143672 141414 146314 139660 98577 146726 148506 141997 143414 144607 144564 135566 145954 170353 144199 143956 141806 137300 144606 135697 144637 149024 143963 7202 139667 144609 142112 142943 123837 105385 140229 143367 146896 141814 142956 147637 145203 29675 144649 140227 143390 147659 142181 142066 144228 145214 145889 137855 142245 135751 140241 144695 144573 142260 143461 138999 135355 144709 138175 124274 130011 134761 143979 142359 144615 144340 144927 148123 144018 102273 144723 146818 128491 148677 2341 144486 144755 12249 113734 125161 0 154983 144935 138110 141670 155154 8001 7584 130254 138788 142395 144993 142993 142106 143036 49224 142418 139688 140314 145682 143224 143444 139747 143395 144072 142666 144731 142116 134643 144208 139430 139032 145990 146103 151651 137085 136263 143758 7208 144765 170567 140449 140431 148574 145120 139782 12400 145010 146983 143427 145026 141721 122638 145208 145747 135677 144711 135764 141629 12970 143704 125975 134755 145070 147079 163515 142430 142819 143042 148582 142133 144762 140510 148608 145790 145215 152614 142267 137152 145902 140524 139779 144767 170559 147701 147421 155389 140479 139785 147760 146127 152358 135882 147759 136735 141749 140594 110354 145253 142894 146680 139832 148619 145132 144220 136419 139783 142997 139916 137885 136242 145555 152883 136909 145805 184009 155547 138146 143478 144034 143585 136176 149128 153099 135970 142170 48966 142137 134932 142163 136648 145270 140598 143621 142282 136115 142172 148428 152394 145966 143428 140735 3330 140754 148188 149640 149695 143104 142176 143129 137965 145407 134313 144413 140015 143454 146093 18265 144522 144805 136260 144874 145646 147742 146147 161006 143598 136455 146347 140834 142574 155315 148701 143154 153182 143537 130493 144251 148743 134979 135221 138446 134428 139845 133050 107115 143601 148744 61709 147811 138458 138512 6589 139453 143816 113881 138580 144929 144271 144000 145261 141002 125155 155857 2423 135431 148213 144078 128417 153939 136722 144496 141862 140613 41166 145734 144965 144517 137012 145192 140641 148084 142456 17607 140655 143624 139805 138197 145016 139040 143626 144292 142967 139047 145283 145318 139836 138743 136265 148877 156934 146162 140808 143134 140892 136758 139879 143719 177756 141701 140903 145141 36882 136361 144415 8480 145493 145235 137126 118256 145320 145131 145181 72434 142241 94468 139900 142242 148452 137851 139917 146015 148752 122425 141545 144311 157799 138766 140495 146249 31692 148442 167760 142334 150008 127655 158201 145186 141657 142513 136378 145494 156090 135644 139902 37675 141763 145457 18340 145332 147087 145492 145033 140753 156972 139918 49462 143652 136798 151660 153743 146264 145523 142546 142394 113309 143311 145392 140914 136581 142349 145764 145197 137159 146341 146196 146368 143659 146409 171048 143684 140813 114321 141866 143889 149149 146517 146798 146297 155871 148014 140874 143725 138041 146380 140984 145594 148089 142353 141644 153141 7703 136431 145577 146052 140177 145299 157114 144652 135536 137253 139954 140188 143726 144693 136652 143923 128584 138329 136582 146534 128894 144376 143638 150668 146215 145556 143962 152912 6890 145410 141257 140814 145427 128156 153258 136828 141292 146417 140189 141179 144543 143145 144386 154623 145621 143170 161281 142466 143730 142557 142477 145593 144405 125178 148233 161903 144511 144819 143191 145685 147204 151041 141032 135565 143798 144031 147945 128921 140951 125996 143653 142501 140291 156079 123047 138358 136903 142758 158402 148676 143618 137373 135589 142363 156482 6799 156581 157303 144477 145622 145667 148095 137094 136442 142704 148115 10785 20841 110224 141341 146591 137167 143240 153390 142601 144048 146253 150146 96956 141834 139210 143266 142378 137383 141282 145748 149053 143809 144488 136920 139991 142203 140309 149170 143794 145106 143698 138874 129032 153974 144687 138765 166561 146521 141916 149927 7212 147330 136143 144884 146664 143912 171167 145781 136849 10448 143832 143334 144242 129072 136679 143254 146745 145433 145757 148218 140345 146026 139994 153436 8330 144279 139462 155540 144580 136964 144295 141304 137539 137544 157318 142251 144498 144544 8519 144590 140969 136971 155461 141397 144692 136998 142422 145438 144077 142595 94636 141404 143837 156680 148881 141412 136829 137647 142694 146812 142901 143926 146877 146667 141423 145461 61861 139989 138801 140905 140125 144673 146805 145149 145613 71355 147547 146835 12809 143016 142489 144682 145625 143158 150484 144720 146391 144697 136791 143389 144058 142627 146281 145635 136664 145652 148897 138863 147411 140203 141070 144001 150490 134786 138126 150527 134594 148923 141426 141443 157394 145789 145840 145313 146903 140391 146945 141980 146837 125375 138153 145792 137238 142690 129509 146954 142286 144700 127811 114381 140559 139455 146811 146978 148935 144724 143160 144791 141471 144526 142013 143476 141524 144966 156330 146986 138879 148970 51070 148719 144039 145196 144851 145689 149964 141981 143586 149166 147558 143629 144706 142454 128166 118295 140583 143712 144104 142701 143937 148279 145816 143172 142759 137026 145571 144074 146308 144341 145664 144804 149204 22784 142785 144402 144163 138983 145845 83617 142114 145001 136936 138653 139596 148291 148313 144539 144196 143567 143692 144216 144226 142795 144963 6959 149269 145161 146179 139252 143044 145848 51881 141631 138554 144428 129871 149530 143289 144189 142310 143354 149916 141653 136562 141485 145955 144283 146383 144302 86534 145187 142544 143467 145331 142365 124346 146301 155222 143772 141516 135689 145945 144701 140450 156347 145672 10919 144420 141071 140593 50416 144841 172708 7271 18371 149282 3517 145962 146382 138171 136417 152387 147916 141092 145744 147648 137895 136831 137880 156363 138137 142270 150618 148306 144907 146401 143055 146934 155832 137044 138832 145773 144558 142724 139355 45843 141719 144575 13922 143925 145780 146404 153589 140606 143174 157401 144202 125390 141992 146608 145974 149271 129606 154976 146998 135968 126720 146494 135845 171377 145003 145384 52519 127524 140609 144231 144891 141237 145760 150020 144268 30259 48010 145826 135557 144333 49027 141392 156696 145116 136864 148112 139533 144922 144347 138725 138610 146259 150911 146359 145980 140376 151092 137063 144248 153980 145464 145871 137360 143447 125179 149540 140081 145629 157430 137084 144600 147104 138289 142581 140882 138624 74305 142767 142154 146706 8700 145988 145995 143502 139588 144299 142874 128130 148344 149771 154238 140604 148508 145998 147155 147044 129758 145314 145162 141695 131042 138966 143715 68 140997 149295 141546 143276 142912 157840 145325 144921 144374 141573 144253 146356 154375 146018 146039 13938 145482 142632 149683 148171 139860 145546 142211 148545 142396 112860 137133 147126 142991 106925 145589 137376 143966 140514 137143 140266 131177 143353 138416 144307 139861 147134 154508 4055 142464 129078 146446 142713 148325 137170 145657 145343 146073 0 142292 147020 142070 137208 137569 144656 150314 143760 142827 146125 138524 147166 8340 156889 142672 151832 109871 14271 147036 10200 143092 147308 139037 128228 148610 138525 144550 142749 148378 142358 142360 145680 150053 125057 143029 148530 144635 125490 126032 145436 137761 145372 154634 144828 147305 130086 145782 141054 148776 148551 139909 42411 144454 135873 146082 145746 146128 142753 148570 154682 110993 143795 111037 147668 139721 142516 145605 142118 143362 144928 147672 118742 154829 26381 140605 144139 142525 146137 144457 6982 146160 143102 146449 143024 137305 145809 137486 149304 11132 147831 142663 140542 150199 141100 137580 139758 139923 144468 143163 143481 146833 148603 145849 142420 138641 168762 147077 69181 146191 134844 146388 145860 141190 157882 140672 132360 138255 144947 144757 8669 142434 142783 144959 157463 142447 8152 138775 146594 158248 148606 144142 157470 143764 146057 25506 141120 144338 142790 137225 149851 143314 144356 141186 139732 148625 144403 142851 142966 137206 138792 144816 145887 136734 137242 146848 124572 147349 148657 107732 153276 154812 144521 145428 32124 139965 126961 150354 142588 150397 147376 146104 145969 146936 141317 146202 154840 144958 146299 144597 144988 19366 142478 142735 148929 137239 137566 143383 141518 146628 147400 145578 141202 145018 129627 149484 141639 154932 145890 152266 141236 144570 144865 143041 142487 140558 144684 114113 133681 145895 146238 144869 42579 138872 141255 144383 148995 142517 142898 149405 148948 11282 74320 128534 143155 139011 118412 137284 146265 151170 140657 3446 141310 146644 138842 156048 148080 145907 137293 144908 141336 143487 140702 143068 3182 154910 144653 146876 125527 142527 145841 142684 146519 144940 151461 144401 143825 143868 151189 4141 142932 140786 145921 144582 109719 70179 145958 48547 141699 139082 136619 145960 146415 125895 125559 157497 143003 144974 138346 22789 147618 136674 142688 136604 146332 134977 144439 150667 144984 140778 147173 147629 139161 146597 144211 144696 147148 139792 140169 12405 146097 139859 158410 163697 146576 145025 143159 74743 141483 151360 141700 129654 145985 135040 128426 144421 146731 145964 139980 5831 144447 130819 119451 141361 147285 144683 140901 147698 142556 147277 143831 146920 138952 111163 142969 136291 113986 111279 143852 159415 143873 142702 151626 146345 141488 139982 53091 144698 129658 143498 149000 143665 140184 149035 144960 144471 119502 137849 140378 145281 148102 142615 87497 135534 22780 142980 144475 164626 149687 137207 147639 137877 144489 141161 149099 141364 143957 141743 141069 148093 142975 143368 144520 119526 146142 136583 10548 140920 149121 141088 144527 146739 149781 146358 146744 137326 142779 136911 173290 145051 146153 111301 144604 171523 3938 141378 154880 143005 490 149203 145027 143241 136912 149538 146233 146951 146400 157678 146480 137328 140811 154987 130345 141561 141678 148958 144312 147643 145032 147014 152383 137484 144784 157988 143249 157795 68499 145963 142766 140965 144634 130475 155337 147716 143253 143288 142731 21523 148453 147471 144572 145117 137962 147786 146769 130840 144659 143048 143406 137533 143632 138308 146113 144752 137693 147752 143004 148483 39876 145209 149621 151984 146784 145121 144880 2161 2125 139274 143038 46581 147844 144786 146117 147611 137406 145188 143115 146119 140134 144703 147768 147054 140296 131178 147099 138355 959 141663 149290 146402 155001 143682 146507 145218 146136 137413 145052 140306 137482 148666 143697 137622 145074 149444 144155 143731 146261 146262 141854 135923 141146 143381 146795 146390 60092 53990 145247 145184 146017 158045 145400 143119 144901 149919 147153 143898 131289 141868 146577 149196 147187 137620 139200 145075 141682 144991 142584 137878 49485 145087 145167 145000 143085 143099 143141 145414 145006 146495 137512 137047 143458 144775 141022 92746 145014 144257 144792 145071 146786 144871 149280 146077 146569 126025 144898 142802 140945 147299 147845 62048 143192 114519 145411 141145 146824 149211 147488 135948 10960 147279 145076 141891 149369 141181 147881 149387 143244 141214 145424 143169 139329 149284 147922 141750 150475 156577 138084 141261 146937 120513 75492 141389 140336 147930 136020 145119 145437 141908 145239 148015 147188 7929 141825 144518 146019 141450 144281 146845 145647 145135 149401 171861 144968 139819 145502 147205 143849 142500 145139 145022 6049 147782 141800 145300 142196 146496 8104 146141 141826 139927 139445 145164 138148 151158 146088 147037 143485 145319 143582 143349 164738 147046 150112 143275 140387 142629 138174 137443 157875 146600 5888 148214 143393 146884 143908 146637 137839 144561 145054 143563 143973 137070 148459 137843 136592 147249 146733 156165 4754 146172 144646 147952 144529 129041 146216 52640 147598 149835 137931 137521 62630 2172 145518 155037 146529 146713 143342 145717 137963 90464 150311 141944 142880 145324 143452 143919 158783 123097 149941 135833 149445 155566 141600 148496 139475 145098 146894 138403 142674 140025 139956 137841 146650 136450 149325 131388 137311 141287 145356 147955 148711 143344 141852 155873 151233 148380 143977 145205 155582 138318 114372 131545 146808 141864 146538 146925 151398 145262 150456 147964 152005 141610 135975 147434 144209 157979 145408 146176 146949 149458 139404 144244 142867 145172 148000 143668 156043 138528 159122 146030 143379 146387 147783 149470 145227 137633 143543 145255 149996 137997 149539 142883 145904 25604 158085 141938 144578 141972 143377 143419 141201 144478 149692 151757 139968 134572 138013 143674 131295 129113 142916 13985 136056 91257 141390 146271 141947 152045 138211 141281 137578 145322 143544 146674 143997 138380 162261 145432 14092 147266 111447 141971 148777 145435 143561 14009 145609 143090 145850 14145 147477 146217 156743 148594 28 138507 144763 149697 152904 171551 8184 145500 145723 132030 142640 141713 136144 146980 146287 145526 143578 146487 145558 145293 149591 147946 137621 10471 144536 145858 158294 144331 152129 146392 142926 146407 146989 147386 138679 147537 30511 145307 148175 142950 139642 145929 145441 141335 147784 138558 126148 156078 146573 146676 145559 146433 56768 143449 145599 137970 140055 149706 141731 140181 148864 128602 138063 146552 135269 92985 148298 150346 148049 158424 141433 149721 140131 131478 4039 138104 143581 149968 132386 148121 148204 147979 144832 141359 146210 108938 148125 139663 141454 145944 145310 32447 146932 147622 147676 144825 139731 138438 142965 143463 147628 145315 138107 141855 139506 147016 134310 147017 148680 145503 47434 148942 148620 143620 145818 138401 143642 132081 147027 149608 148383 150468 146024 135749 141496 103627 158900 145981 146231 145721 148749 144764 138667 130361 158473 147030 143676 137667 138212 138157 10525 148783 147675 145829 141502 156779 167394 149810 144569 147848 147058 143661 126466 11853 146574 6018 17568 169038 147934 145513 172707 143569 128661 138537 29789 144608 142978 132508 146580 143671 141979 159387 148912 148963 142108 158915 172860 148167 145576 141520 158978 150793 143640 149993 136811 146624 159684 146690 140703 145234 145362 147948 142100 147171 156128 137109 143686 148538 159133 138238 145763 21172 23206 149815 146405 143745 149318 145913 145417 141505 146720 146557 149959 146325 145720 146571 143833 150581 143759 146775 146344 141551 142126 138729 145434 142206 142979 156785 144546 138378 146635 123361 145999 148219 14213 142244 143839 148026 153024 144844 145466 146003 136196 148268 140411 286 145068 138560 133089 149907 149009 144716 146642 142141 148086 139974 145551 146466 143654 142607 150177 120634 141563 144120 144221 145090 145726 149101 149417 147229 142325 146046 145991 138562 62765 146714 139812 145475 143929 146779 139787 145159 158008 148023 13604 150042 146638 143238 143913 149088 148302 7276 146195 146785 10562 145604 138828 132175 152388 146385 158114 150211 145525 143797 140035 143875 139356 145827 140123 141007 148220 124882 1468 137160 17289 147688 147194 138399 139777 148336 146406 14334 138553 148034 156142 144583 156161 147805 144007 144012 143968 147211 147694 148339 146643 148098 146874 138095 138582 146687 156959 138606 148626 138637 138712 115518 149586 144152 172038 147284 145477 30515 147068 142384 148310 142423 145527 147090 144168 128561 139452 137652 150616 143999 141665 145853 137833 16573 147276 143316 125799 60796 143050 145179 147341 146022 144035 2540 103945 153171 52173 144237 136271 137911 147436 152729 149183 139591 145584 146653 153004 140592 146426 147830 149689 146068 145835 159732 147892 147301 159426 150418 153570 21757 146830 125997 147222 150761 142443 145804 145637 145778 144060 150657 147366 140151 142129 145868 145193 148355 142152 144883 148449 145305 144135 142653 145953 146377 136391 166195 142450 145487 144885 147117 144180 172954 144621 144758 60154 132388 138795 143703 138800 144622 129164 149205 150014 131073 143782 11372 156189 141883 148155 147143 143807 143972 1574 145863 147319 145595 136553 146436 144776 141658 148529 140265 3940 153086 129309 145596 147394 143538 142184 146200 144081 146476 147941 145870 145971 144285 150922 158481 147834 141189 142207 144655 145908 147538 138972 158102 145640 143391 148531 138426 146000 144195 146791 144087 150710 118573 146861 148573 137966 148253 134634 144229 147789 149666 140885 141702 145696 142312 153241 144200 142539 145698 159808 146773 140616 148662 146780 144079 146061 141758 36702 145469 75614 146893 141791 149761 145716 148464 136444 138642 142562 143876 148705 146906 126427 144660 147874 139905 148211 146206 144932 151313 144996 148300 144821 149766 145733 138779 151006 147554 148696 147996 126852 150528 148757 141995 139987 146917 144623 152021 145993 126772 148723 149925 142323 146679 146950 144630 138818 148156 146240 159920 142480 149086 129316 156992 143204 141793 132183 146092 138936 150773 147323 144856 146955 10599 149942 147454 139131 143297 139689 139220 142628 144662 150023 152149 142583 146741 145774 138451 147884 144895 133151 126923 138958 152315 139881 109121 160388 139009 132425 145824 145785 149947 139921 150019 144243 144836 150918 146879 148371 150369 146962 140635 139244 114775 141844 141849 147966 144259 130440 140014 136198 142599 148791 145474 144260 143402 143409 144300 142591 150935 141861 141899 143623 166639 147325 148232 147176 146310 146138 145749 145847 148815 27758 137068 144318 144702 143945 152328 142608 138593 149811 144741 143322 11679 150753 146633 137157 146329 153153 146988 141936 145547 143949 149287 144301 143978 148418 145508 146831 4201 143380 145869 140367 150344 139016 37717 150226 145545 150076 144080 150269 140665 22910 148294 146397 151109 109576 129544 146510 142000 149780 142781 139247 146013 148045 148426 144305 142603 147921 138067 148436 153371 150274 132647 144322 145882 138183 142514 136336 139251 150940 142857 141885 146145 145872 127013 146969 136376 144797 151022 146993 148450 152766 145077 145947 145766 109194 139388 139275 147544 148581 148832 144332 144336 141919 146997 148489 145959 142034 139405 144859 147112 140072 63548 146562 164385 140205 148081 146787 148609 142659 147013 142711 140462 146023 145053 129386 151042 147479 147011 14441 140697 151063 144746 141956 147035 150060 147139 143983 102920 533 138375 145874 144923 148463 147049 144881 139095 147056 111632 160069 143326 156275 146157 147983 146697 147232 144353 141987 132915 145598 147378 139097 148870 142761 145901 144777 133641 153442 146360 147183 16645 144972 142156 136466 145058 139514 144138 138588 147241 145927 148655 144523 153676 144395 150124 147073 146043 148481 144461 139583 150453 150291 143332 149569 147101 153268 140770 147451 144926 145316 138482 146457 142010 143392 147107 148221 145034 146263 3347 147118 10597 157603 112004 147398 143553 145069 146070 147498 142630 144487 147120 146109 149549 2947 111734 147594 158718 142921 147162 143788 148910 147121 142856 136676 157204 143418 142870 146322 146403 139128 148961 148469 150479 1653 150093 110321 147638 138922 112005 138556 146844 147561 133651 139831 142055 147127 142102 147654 128820 147337 148502 147669 37080 142873 137278 142878 146116 139024 142903 129088 148505 146468 158035 150313 143857 147124 144495 129641 115226 145476 146048 142166 147673 142918 157357 149256 146130 139413 112183 16730 147825 92282 156235 6126 146508 142119 48038 159471 160565 140105 140799 147980 134117 145163 148533 150514 149273 139138 173199 146139 150584 140230 143496 143509 146740 140307 8599 144533 178992 139064 136716 141271 138622 148541 154339 151177 146135 145107 139140 0 132382 148913 153948 150659 150109 155273 143265 152468 142169 149051 18434 150608 147682 146144 148245 7359 142924 129296 142933 147250 146868 147170 147193 129579 156462 146239 146648 142174 139154 140329 148710 140355 18393 121077 104919 146469 139933 145241 144931 147721 148693 143991 133670 140156 146140 146146 148604 147263 149070 139167 147259 140823 61991 146724 151086 139256 142261 149189 140843 150626 54178 144094 144953 149079 148215 151002 145302 146284 147207 144175 138240 148866 147264 143009 115607 153758 145062 148250 140393 147304 149193 138632 146948 147214 137391 144983 50438 147273 136757 143039 146148 145134 148769 146295 140861 145216 146319 64011 139195 141291 145447 140887 139427 133704 143073 145654 143144 145246 141676 166749 145377 146342 146636 166795 149190 140507 145042 140417 143161 147435 142237 140956 145581 140873 147722 157049 143883 147340 144567 146349 146152 143950 145067 137346 147410 156759 147441 148329 92573 145601 140918 145143 140513 144552 10713 147456 147342 146725 147609 146188 146389 143992 145381 140785 146154 145793 156764 141169 147356 147696 145451 148379 6814 150798 151090 146430 141193 163981 138783 143176 144181 139494 147995 150832 7759 149018 139528 146381 146711 143980 147763 157190 147268 146190 144194 143982 145610 149229 50291 145900 159182 146411 75661 147730 143358 148142 140872 149276 134705 159460 142905 137333 152971 143293 143062 129999 148019 144586 141262 144224 147331 148314 139538 137081 144812 138906 147771 147862 149709 75697 140485 147350 145284 145627 150971 139592 133673 159412 159820 148480 137530 145879 144553 7371 130738 146435 147361 144261 173877 150261 149048 145157 150822 147396 140922 143219 147473 149312 141023 144768 147534 147478 147496 143212 144781 148945 141326 147399 148575 8850 149303 155142 143361 145329 151096 139563 147000 146399 144418 137787 137184 147562 143394 152564 145632 143429 139668 146736 174305 145639 137800 145678 149343 16598 140519 147497 130082 147363 148027 147798 139723 143243 160672 146444 148365 146863 151143 146242 140640 160085 153995 158213 148915 142374 139521 145880 151292 173447 138942 143470 150662 116022 112191 143268 123242 144913 157304 147590 142311 145115 146279 147528 144613 151178 148982 161261 142550 143612 139622 149042 149119 151341 145389 146471 149309 139089 150986 143464 146472 148651 148670 144008 160027 151359 147367 174696 4050 127302 143592 138762 148754 147426 146766 141895 12648 139631 145002 149410 145406 149428 147372 147578 145776 160955 145692 74882 148679 145810 149871 141345 150999 154244 149455 147384 139830 146505 139530 139564 146323 148408 142988 147734 148494 137603 143025 149135 145204 145030 151204 142722 145223 140673 147910 143269 147439 141215 141790 11624 143636 148289 148154 161722 143069 139754 157935 144455 146525 137686 147819 147587 147583 148212 147033 140766 141506 148760 145728 4212 133209 157976 147457 147531 146540 147837 151140 139835 72478 148258 146596 106077 156679 147593 143133 137828 11797 7016 158393 147915 127651 158075 132735 152870 142330 151288 146612 143328 145924 112567 149432 146247 148434 148192 144339 160188 147631 145259 116104 148284 147942 157359 10847 147959 151161 143709 147649 148198 143000 145256 145354 149541 148789 145419 153140 137865 147973 146343 149491 144632 146623 149436 149462 148992 149184 23191 148507 139271 144628 2585 148553 142509 153189 146001 174218 147679 151235 132756 145817 33283 147651 145039 149805 158523 144645 146630 148558 147693 145470 140020 148001 148639 145335 149532 146531 142730 140298 146370 140653 147508 149506 138981 151588 138998 140317 146801 148421 12917 145888 139172 143237 146719 146416 137949 144476 150300 133683 145308 156651 139646 147766 140784 149169 145516 160207 11016 157417 149645 144691 148564 146796 144773 136760 149605 158338 159552 141353 147827 130793 153396 146761 144803 149195 146857 145127 149358 152478 145357 151316 133700 150345 149003 145630 145368 140044 151345 158428 145642 145970 149376 37877 153602 145355 138069 144858 149476 137972 175101 23213 116201 144936 146207 143649 151391 151164 147610 7448 143689 150393 145787 145484 6850 148447 141085 160256 175526 158126 10954 143742 145645 142780 149486 145656 141858 149954 144493 150100 144980 151223 146647 142891 145008 144876 148820 149395 37186 149723 145794 150830 157645 145705 8549 143475 151414 143256 159465 139941 145741 144887 144917 142680 145165 145802 151264 150135 151681 21656 146376 146820 146840 143663 147818 148278 157937 139996 147092 149398 142985 145783 128394 147312 10489 147888 141094 147850 141567 141552 148678 145684 160343 151378 146373 146809 146865 143558 147765 146083 150722 146335 158047 147680 146867 147914 141098 149594 145820 140386 147869 146825 147871 145168 150221 157173 140149 141787 143757 145865 143513 145898 148681 141715 8931 145937 146870 154545 147736 147935 146118 140032 147586 145231 148613 146904 149830 148821 154622 143765 151435 147949 147963 145446 151514 17099 154494 136889 139163 158137 146114 147999 146236 107927 148692 145285 133854 145291 143988 146448 149452 144994 143194 159500 141106 145454 1651 151574 148009 149246 142105 148716 140245 133896 146514 188753 143775 138096 149323 140888 138125 146089 151577 149610 146535 151637 158149 146513 146303 146316 148013 146947 147897 148008 148120 148721 154738 151424 146537 151684 151426 148484 116306 143622 147757 140390 145983 165888 152909 148485 143223 146662 9006 141172 89643 148031 147244 150307 148129 4265 153762 146126 146554 143666 148208 146034 92635 146686 147015 147028 140256 146926 131077 158284 149576 145243 141953 143637 132281 146201 148335 149150 139441 148739 148036 148048 139896 149264 31175 150463 149921 150356 148771 148053 140233 149308 126459 141233 139880 146041 148829 146327 143685 151808 148076 92365 145312 148104 113554 142266 75398 140313 146421 151521 142045 10812 8077 151811 143776 149430 112607 147045 141280 144355 145049 1470 141964 148861 143801 149396 146914 142662 142892 147057 145089 148137 148347 140476 142700 147048 147078 143199 147180 141307 145374 148168 146760 142806 148308 146515 140356 139915 149105 147181 148878 149177 149315 155306 146280 143803 143716 147109 150719 154127 151639 146545 11029 145396 144357 148525 145439 141482 146105 151950 151583 147137 140057 148873 145342 140502 0 148185 144919 148194 143826 146371 151600 147182 130969 146975 126997 151690 140180 147529 139205 148273 134148 144009 141252 148882 145524 151678 148202 146565 136891 148265 133361 158026 50648 146318 150801 149653 143720 142094 148222 148403 140080 147149 116209 147184 145455 131699 149489 150838 141689 133901 160517 146218 150403 142945 150858 143721 138172 10717 151982 147898 146532 160375 116311 133911 162222 151708 147447 144083 153983 139198 148225 152088 146716 76049 148896 146689 146324 147902 18492 149698 149495 77013 116558 140418 146723 143806 147186 150941 147213 145046 121538 146776 146410 137224 149989 148647 144154 145112 148440 162507 150405 140397 150333 140554 151717 138913 147265 147291 144255 151723 148301 145458 148884 146467 144065 147422 151275 146483 154137 148309 146589 145515 141967 150432 147357 147906 128967 145651 142120 149098 151246 26782 92544 146338 142984 140221 146045 157013 123210 147533 149317 140416 151729 147745 148921 140312 151742 146418 143734 140261 139238 148966 147427 146429 160535 146590 147001 142506 148492 145814 146568 147445 149117 140629 149360 113103 146595 147501 146492 149253 143014 150704 159660 129703 143436 145481 147575 148969 141381 160154 147391 139339 63914 146657 146065 145130 151769 146051 9225 148951 158168 158738 140319 148317 146843 152199 145562 140560 15765 149704 147602 145290 134252 153780 149124 149176 144169 144491 146546 122537 150038 149345 143855 149867 149073 138366 142053 134013 151969 146500 140086 149266 161875 147420 148099 148285 140251 146586 134380 145311 147437 138583 92656 148388 144282 14232 149768 151261 146536 151791 151618 151894 149423 147821 147608 149294 148287 146902 144612 144319 145336 149463 12172 142276 152039 148311 140481 139442 149772 139311 149872 147065 146132 149480 146598 140656 140577 149301 149215 140669 128045 145352 159151 160554 155799 147106 127131 149001 143739 141584 142792 149497 147464 140707 140675 141588 151901 143859 152038 148501 148351 148337 162037 147123 148372 146708 131090 161056 149595 148387 149528 145987 140842 98344 143061 10855 151909 145564 51205 86679 150190 150129 143063 146619 148354 149679 151905 159357 145566 131768 148458 7034 145636 154190 145751 146710 146851 157797 149902 148813 148826 158364 145569 146655 149017 145644 147719 4232 148569 146556 8818 132082 66045 145661 146220 147198 141293 144003 147758 146656 154300 148635 142720 144178 146958 144298 150015 148512 137982 147852 150407 149531 140636 128827 148867 140822 116957 149247 147873 148658 8119 146225 148409 148065 150892 150329 37882 145861 147430 149793 149498 147532 152407 151340 148511 146275 143940 148454 145708 146919 147761 148653 129277 146880 129750 150599 147119 149813 132770 145753 148841 146700 161334 146339 150615 138837 140289 141415 154189 150932 148487 150775 148664 116574 149929 134509 154327 140879 142895 148515 151988 151972 155955 152502 145702 146701 149510 14299 158464 150843 150454 147936 147066 139240 143902 146729 145812 144325 146367 139765 140465 145864 146794 140899 147195 152101 149259 145756 146006 149298 128395 132571 152218 146900 147010 146062 147460 149864 149339 138605 21694 153792 150010 154372 1661 116674 146799 151985 140297 145371 146408 139390 148643 152299 150803 150899 145975 137900 144068 181156 151039 152359 150846 144266 3949 144391 148491 16376 140961 144399 144037 148919 142074 151993 137909 147031 147251 116921 152048 149520 140923 147111 148926 147168 140939 145759 149646 141843 154293 160561 52812 160679 149565 146131 144450 147169 149580 5830 51281 141786 147541 151298 148656 152275 150544 140948 85129 149620 147346 140962 160901 23593 93003 134764 144309 148521 144419 149682 150910 140974 148689 149371 146821 140444 148801 161000 147564 151954 147320 144043 147059 150887 145499 145867 152519 150071 152356 146166 141442 130042 54676 144107 142264 149708 137991 151484 146049 141008 154129 141011 146853 149406 147267 146486 138838 151628 150908 147401 7780 152364 140528 149898 27907 149577 150923 147060 148205 151815 140567 147096 138170 151978 147860 150108 148186 159736 147154 146548 142002 134189 140588 149579 141063 157292 143171 146601 141197 145878 143177 149628 154228 148944 151737 148652 159751 150243 139981 146489 141961 145768 160499 145373 150933 145934 149744 145574 144497 145912 175629 152079 148983 149774 145715 44331 144206 145938 113686 17053 145961 149956 134468 146007 152520 149824 148755 146014 140578 159647 144537 147595 148591 144547 150467 151051 158691 147321 152584 152768 0 146603 141195 117838 145862 145941 152050 148262 148704 148714 149657 148786 147944 147072 155982 161298 150844 151190 141710 144054 146102 141572 144793 141286 146180 152009 152032 147163 161348 148715 149585 160240 146134 160603 140664 146159 144501 150879 119100 146307 144313 146516 148837 5997 146168 149841 147607 147201 127213 149855 148724 148725 149680 176339 149900 141020 154381 160641 142035 152104 148767 146611 140895 152787 138541 147653 146864 148745 147317 147258 142058 148785 148800 152163 148811 149732 161359 147151 146627 156014 167850 143232 161846 148823 142215 150379 161570 153037 146203 147322 138204 147387 146205 14364 146246 146087 141473 130113 18761 152695 144514 167961 175709 51291 148819 143260 146366 148210 140285 148828 141343 168125 146174 132792 137430 2432 149935 151001 148838 141647 148843 145616 159679 168617 148772 143292 90366 148674 175852 146490 147652 148911 152239 146888 147108 130460 148863 147113 147582 149097 4396 149961 149164 146681 159720 164487 148902 151350 143296 154507 144925 149606 149909 152242 150563 147657 147787 147797 140718 148110 148917 62703 149773 148836 141365 146607 141771 147177 144156 33640 147269 162524 147813 152406 152917 146256 146522 148257 161869 141026 149782 151038 147353 149202 133558 144389 141384 148988 146651 32487 146414 149783 151467 165848 151899 48897 152334 147712 145473 77265 160288 140925 150052 147755 143309 147383 152293 147358 154589 149936 147767 149819 133587 150607 146682 144554 148850 152439 175593 146748 141439 149823 143830 42262 146688 147403 146294 151044 146751 149946 146755 150025 146423 150123 152052 151091 141478 11804 129584 150148 143455 146695 161063 148998 150149 37966 144579 150256 160383 146852 142221 146441 33457 21855 141945 147769 140952 149044 137656 176095 147474 142304 143998 149228 150633 180487 146485 142313 148940 138168 151123 142014 150664 147775 6697 147588 158431 152607 146620 146491 149894 151476 144585 146911 146543 146583 147814 150238 141511 146541 144633 142876 148283 142071 148957 146976 11066 147515 150721 2190 149061 150835 144642 152427 19495 146384 150176 113747 141504 9047 138309 181246 146386 147551 141541 150285 148320 150228 150263 140985 149063 143098 714 140986 144641 143324 147135 152582 150099 116004 151697 147614 141680 155398 149062 144075 130265 149084 147749 7662 153047 146640 147779 148327 147260 144643 149065 38167 144029 138214 149324 146649 147802 154520 147517 144650 144657 147636 144671 139975 149949 141043 146671 145488 147847 149330 147807 149422 151973 149201 149206 150230 154662 144708 156101 141566 141614 10166 146691 141679 147568 152297 144710 160005 149331 142230 134831 110367 147851 152447 146762 148542 152461 141053 150305 147843 149980 146722 93408 93525 149095 149359 147846 145831 150173 146746 147867 149249 152516 144715 150388 147697 152733 162702 55723 153325 150439 144747 148852 152775 147778 138956 141095 158454 130245 147525 150466 152888 148362 142309 147866 147875 152698 142777 141045 147034 146782 163468 138219 148536 144779 147924 158474 130318 147740 176112 151842 147091 147978 141742 148021 141828 150074 8245 152560 14436 144123 148090 157232 143465 146793 152090 142404 158709 150094 148091 153124 135810 38194 149450 160189 152588 176685 147297 147174 150441 152784 2212 142448 141838 141579 146836 147527 138373 153195 152748 147889 141388 144789 7820 150874 150477 152117 133620 149990 141829 146518 142481 147772 146814 148544 149991 139421 161088 154825 141097 141272 141303 149456 138645 148105 150854 154827 165081 16 149488 150885 144754 152824 161927 152739 141495 162618 152858 146823 141527 9102 14457 142512 117430 141198 146841 158811 144845 154995 161718 148092 148108 153484 141876 149499 141210 149085 152648 159270 133647 150039 134929 93978 149157 155111 148166 141601 148193 144794 149505 149175 146850 153304 156966 147908 158665 141626 168524 160527 148107 142757 141550 152844 144822 148290 152683 152890 147975 149089 148231 144571 153923 149260 155835 148577 177269 148118 141487 142526 148122 145532 147856 144795 153328 130392 136042 145641 146871 144831 150090 148796 146615 155152 150167 150978 144886 145031 145137 144903 158758 7575 144238 33487 146931 152827 141817 129801 142638 148276 155290 147986 135236 148174 130362 150534 149118 141570 146875 148207 152630 144945 148140 141845 149524 14519 145007 146849 148374 142121 146756 149661 146882 155313 150546 131036 146970 150577 146972 152921 145064 148393 147577 142614 147047 148396 152126 146309 136148 144944 150553 142968 146558 150848 148405 4269 148200 108171 142348 157398 160891 161273 147781 137460 156288 146673 136348 141901 146813 148416 140522 141907 146822 147987 150215 148546 143386 150323 150105 147190 149288 11868 152836 150239 144866 149740 150045 149448 150693 148451 127003 151889 154498 143066 141636 113844 143388 2446 144900 149786 158921 148456 147674 148420 150996 144280 152369 141925 145023 150265 147467 142366 579 17159 148479 147219 163348 149248 153118 138890 149291 138287 148593 149310 149554 143700 137097 148400 145415 153217 148312 146858 150246 149297 145024 143423 144458 152670 145059 148410 160322 146991 149348 142564 152848 155855 150959 148612 7045 2837 160592 148774 149599 148444 145321 143473 152839 17282 135165 149384 146621 147005 145339 145217 153246 141986 148077 147663 149386 146885 150299 13119 147040 126963 161506 147433 151201 160634 176721 161621 149314 148623 156500 148694 141455 149555 148007 150695 11161 138009 148025 54838 150047 148486 148707 146961 146899 148535 142686 152837 143507 148037 153358 147224 4763 13135 152867 141650 147548 153459 142008 145697 153630 146907 148319 147283 150373 147785 145949 153690 146963 120022 148360 140891 152017 143818 163571 148552 150122 142031 141489 149353 138012 142044 149340 150583 147429 141597 145104 142011 142037 149603 152852 149612 138566 144432 148824 146996 153029 134217 148738 148563 151040 157579 152376 148050 146985 147727 142064 145081 150420 147563 160705 148069 149451 149702 149473 152922 142786 148583 77596 139429 161763 147076 148561 148572 144638 147335 143528 145700 141664 152134 152861 149755 148934 149796 150295 148579 145385 149334 145065 147039 142504 155988 141727 141093 148588 156653 141785 140137 142436 153537 150347 150391 159059 153828 152864 47181 142800 152428 140290 148804 90509 157608 122174 146918 148596 149335 148925 147098 145269 153297 152900 142081 150435 145422 23702 151268 148808 153539 141334 148614 153595 147191 145079 135840 148889 147513 147102 148734 152271 159117 149336 149616 140625 141001 153663 147791 147100 151057 164625 148126 138135 149512 148592 150491 134196 148904 137944 150500 151356 11283 138326 149366 153768 151103 144721 149416 169643 148763 134239 143552 143584 155861 147236 10284 152327 161024 43256 142099 147156 146060 138345 160409 174889 144987 150503 142598 144750 147974 146990 160504 150073 145142 142269 152929 142113 147792 149758 131297 148153 146165 134654 148597 144870 148584 153775 147212 147333 147976 38433 150623 145148 142737 149618 123902 148807 149777 73011 152933 134507 159313 68748 141813 152989 154046 155913 142189 153701 147129 145171 142315 8554 153998 117535 152436 147144 33740 151182 154074 150339 147685 147145 142439 148523 156771 151384 152524 142165 152936 152939 147804 143030 147334 147397 160614 134598 149472 16383 147025 148840 145727 145151 148170 148615 148726 150550 147243 147770 152654 148196 152969 150374 161272 147984 148883 146872 149847 11079 153010 150545 135019 146035 147415 149479 135027 148275 136231 149703 145894 122837 143808 150648 147971 136475 153193 147872 149626 145160 142485 147080 138764 143854 148842 146251 148206 138825 148941 145537 38478 148787 149850 142685 155932 148848 131298 148296 137119 148332 150578 148885 147810 12080 149922 146312 134856 161547 150758 148989 160213 149977 153273 138844 157707 148996 69 151923 149313 147336 148041 147516 147105 145344 150472 161562 159342 23735 147215 147546 147196 116028 149519 150660 161572 152992 154076 144027 142821 148130 145936 151443 140587 17582 147405 143935 145844 147189 147579 48779 148366 149710 156065 150188 142610 148700 5927 142277 130429 148968 145158 4060 148412 153160 135063 149389 142822 154700 127084 153441 62595 143018 143953 147687 153232 151466 155388 147711 150841 150235 152889 152408 152441 156066 149461 153321 141675 148422 154329 150267 149418 141783 156173 150674 152538 149536 147917 152966 142698 150049 153507 143027 147282 149601 152581 161781 141759 150809 150955 149043 145212 145226 148675 147287 153725 145267 150260 149617 28278 142958 148798 142963 145603 149719 148959 152474 151490 143060 149468 141893 150368 153014 147880 149015 149656 155432 143168 150696 149738 147603 142784 157147 150387 142970 148429 143082 148145 148097 137797 147458 144893 148773 148732 150558 149071 151202 148241 148141 148424 157802 143942 147289 144057 142040 148780 145230 148844 148254 148237 144961 147650 149072 150720 151935 9112 147328 148326 149564 195021 142479 6098 138060 147699 147423 148860 145838 145933 160762 145989 148437 149622 150579 161042 142881 148932 148936 142300 155355 148005 153270 155476 148978 151270 142164 148297 137531 147453 143103 152487 146566 149630 145282 153748 135409 146952 151148 38513 148854 150055 148441 148938 153030 148343 143202 143206 157838 149632 143777 147793 148633 136429 157814 142755 153964 31370 144150 292 150681 48970 154015 146632 147764 149633 143112 146981 145251 148345 147455 117598 12385 150096 149481 143209 154042 147720 143218 150057 156175 142084 149008 154062 120052 147355 147520 148607 151299 143906 147449 149031 147489 149651 146053 161739 150878 147552 127080 153302 150115 149654 152518 18079 157909 140706 149087 153179 8128 26386 143486 142838 152165 153331 153760 146187 147632 150612 156574 148363 148067 150620 143301 147536 114270 99134 145286 149664 151374 150717 20754 141772 159721 145061 149058 147717 143325 160644 142580 143345 147573 138976 129589 152790 152649 153431 149906 150727 153514 149582 149078 140937 154241 152548 150126 143300 150185 152042 149677 149109 147658 18891 149785 131125 138195 148423 150938 138213 143374 147522 149161 149279 150632 143213 147206 149162 148445 148855 148987 154302 25730 142104 150266 51734 150058 151596 154342 147591 3942 153831 148369 141914 145292 143422 148898 149678 63699 147724 142182 152595 73295 153560 146704 145351 150132 147597 18674 149881 148650 148660 145378 68773 141815 155684 142289 149126 157214 143828 151400 142340 148476 148216 153591 147640 143534 138835 162385 149092 153638 0 153652 145388 57905 152063 143310 149686 142446 149138 149174 150431 105757 14671 150968 150180 91562 145274 168541 176165 148524 142910 143836 149224 143450 151415 150280 145397 149319 150972 149735 152996 142696 143457 144095 153605 148571 149140 143503 149583 148576 150283 150991 148825 148510 147732 153667 142249 138889 147064 153713 151014 146194 145495 149159 139482 150298 148712 145403 153841 147795 148669 151025 146221 149372 150310 144183 147796 163952 19039 143483 152068 145443 142085 145777 147235 149674 151028 149409 142403 149741 143548 150401 158227 64325 144287 143526 149327 154307 148163 146234 149221 145480 148629 148518 146248 151353 149252 158025 141975 18166 149363 149746 151216 147836 144064 149262 150486 149222 153481 149278 142959 146037 148224 148649 142110 143527 138674 150365 160882 142492 145857 9282 148286 144370 156630 149391 161853 147808 177230 154312 147557 149731 127118 147840 143533 149691 153556 149817 142548 149434 145973 150963 982 11356 153715 151540 150012 73651 170034 148834 150098 152458 147585 150489 153737 143792 145663 147861 143880 150082 149791 151447 149374 149477 150187 150736 147870 146278 8322 9370 159444 158388 150200 94355 146288 144423 145182 149123 11841 148748 143967 158536 150561 142342 148751 158843 11929 147062 142855 148758 29571 3393 153786 149320 148532 149619 148839 162423 141915 150605 152620 142507 146427 149752 156290 152901 156501 148802 154346 31497 149350 150515 147904 148085 139052 149625 148886 154360 147725 170946 18963 145519 147893 2261 154341 150687 144109 142461 142927 135466 8209 131959 147242 153796 152789 142977 140214 153808 149504 148762 147956 127260 154266 152523 149966 151070 147185 179210 150428 147245 149655 153857 151079 158569 150450 149373 153866 149829 154045 149812 152606 143187 124928 149890 143838 150531 148103 149856 164684 149132 142952 148708 144207 151225 149784 142723 75734 149465 145395 144310 148006 147418 149865 151056 161200 147794 145554 148161 144315 148810 166469 161308 149676 14783 152136 149903 152918 149482 149748 150293 150734 143861 151301 154389 153675 136917 147238 148040 154654 148997 150902 152943 149006 150572 142083 153777 149843 149496 145670 149634 151485 149848 148805 152651 143834 117713 131349 153096 152610 95361 154094 142132 153880 11536 162768 149347 149852 152152 145686 149880 149244 152273 11362 144438 143895 148849 151668 153885 152384 154349 159062 149032 147272 2184 150162 151132 154438 150631 146069 151329 149882 131781 154495 142726 23761 143261 154768 151009 142739 157455 149887 145570 149938 149265 172598 93817 151409 142996 140343 140988 147499 161309 155058 143026 151655 22046 142756 1464 149527 149950 149529 148164 151184 142234 149535 153944 152534 149537 143897 149953 143938 22161 152685 145084 143975 145575 154511 149556 151369 153226 149974 146526 151673 143246 143270 150640 39644 65338 149286 8350 144516 130443 154534 146432 150034 157000 146155 149326 38858 149705 150030 143046 10826 148226 149745 148239 141311 151219 156792 144524 150004 149928 149750 149055 148299 158122 131631 2480 92529 150751 150026 148630 149602 144541 142246 150451 127353 149672 149789 4432 154113 151685 150062 120480 150051 159866 150505 149943 150381 148318 142864 149944 161907 6157 127 150107 144393 144620 151493 149362 154929 152727 267 143086 150118 156646 149716 149393 153803 141073 150530 150790 11959 150554 153238 151722 148094 151203 138348 161198 146967 143312 146028 1595 14790 143403 150604 151364 145713 151740 154079 148055 147147 150130 144707 154287 151248 162318 161539 150768 153823 143093 149804 143958 157551 148101 150927 153912 93946 158581 140228 150831 149838 143140 148933 148132 148367 153957 149578 149960 9160 150928 151259 150133 150178 151274 150686 150936 161368 143252 150204 149067 150131 160110 137608 154407 148981 149613 151533 152623 150212 9448 144093 151427 153305 143545 166306 150191 139088 147419 150102 154683 148229 147855 145892 149998 150474 109465 150029 158625 143556 134662 3445 106021 148260 142728 11087 33797 143608 127596 19386 142258 150290 147865 149133 150410 4334 65480 161933 151035 150691 153334 123575 148953 161946 151798 153968 154540 150705 150292 143554 151069 161950 144108 151957 151334 151338 145623 149367 151589 151394 151616 144790 149637 161953 144946 138695 143072 162028 147565 148390 146066 151128 149670 150170 148478 162082 140409 162802 158287 150343 150723 150031 149513 156815 149558 146470 151888 149826 148361 155160 139001 154541 137418 144835 162089 150264 161516 145043 151743 154035 150520 150318 143609 151135 146091 146186 150195 152095 143660 148602 150198 150349 139235 145675 148799 143805 6188 152291 150473 150378 151432 146374 149870 154083 118224 162159 154133 148264 144117 153405 149912 152314 154320 144118 145109 143891 147977 153404 151477 147905 166573 154362 150483 143255 148024 166721 154230 154383 149033 148028 147526 122404 149713 138581 146111 144658 146451 153251 148381 151157 64681 149978 154196 119297 161573 150065 127610 147684 154296 12443 78014 162167 111128 148654 45427 152418 161640 150325 148032 149986 150739 154400 149749 148517 137559 151552 1360 164653 162040 151327 154572 142995 90605 158262 149859 150781 139079 149390 157102 144024 145779 148690 4770 46125 150081 155263 146317 69357 146228 150562 154340 150495 170891 144192 153330 142937 169995 151348 150518 144591 148781 154408 163349 174511 119586 148543 151555 150328 145770 97359 153700 138815 140747 150404 151496 151601 154821 150143 150240 148039 150568 143302 145114 149005 154614 147327 139382 150414 149408 144664 51608 18538 145129 150850 143990 154012 154418 150087 143404 158952 151200 151702 145195 139532 151635 155272 149779 150224 144147 51636 144267 154430 148407 143446 114166 153374 159058 143468 150795 179858 147161 146267 143541 178259 146493 151785 150464 150493 159064 152438 151934 150154 152500 145811 142524 151018 124806 148835 150724 144146 147820 149981 155278 154448 153379 154379 152289 149800 151454 154601 154630 144161 150022 149046 150813 146274 151836 154461 151568 150827 143469 150683 151761 110238 150502 142532 148471 149937 150044 144028 147895 151904 150828 147569 145873 132089 148157 148052 150589 149052 143225 149122 151602 150867 159926 148595 150079 142854 55976 150276 149214 154476 149814 154522 150665 19391 137579 143519 132497 143351 152391 149904 151629 149886 150731 31794 150732 155770 150699 141536 145370 159087 140752 150701 151824 149270 150637 150738 150332 149148 154524 149955 4780 148528 7194 152659 148035 151920 151794 117445 154554 13297 141819 155298 151812 149560 149178 7557 152511 2221 142866 143550 167754 148177 150355 150086 149568 118446 148243 162076 150985 151088 150684 9617 143577 157076 161779 162400 149659 143699 152728 150253 152529 151854 150742 145152 144342 144210 151624 154089 162415 149665 151625 143595 151868 150698 150197 151779 151643 145877 149669 150913 149198 150861 150707 148375 152834 150289 149760 151877 151456 144667 149827 149876 150762 146502 152781 3449 151807 149983 132112 146283 149985 106589 150007 144132 149213 150275 154571 144276 150765 150914 150772 144372 149227 151471 151933 150009 154685 162528 154645 154638 144453 150218 154615 152602 158141 127952 146348 131814 134757 150106 138648 151549 148328 151908 149717 143673 151530 149241 150011 143707 144130 132486 154713 150791 150836 149975 150169 150780 151921 162616 154646 152083 151814 151964 2278 144465 151462 144124 150296 150939 155336 154647 154659 150943 142299 150201 147666 151965 144143 150220 151946 152070 146560 22828 132843 150306 153545 151050 150207 148618 144446 144167 144713 153487 130717 144618 151669 148611 154765 144379 191948 150312 150385 150967 152080 21565 156919 144705 155867 147683 150990 147883 147032 160114 150219 149992 18 151011 149328 154676 144802 138275 145211 146337 138738 143070 145984 159336 3514 153734 149547 150498 152122 150382 128359 148244 154115 152124 146398 145588 150807 144494 151013 127969 148117 150061 154618 152143 142421 134583 144846 164827 150287 151138 152155 161743 150247 143149 150421 146291 148280 149572 4836 152167 151021 150860 150250 153654 154680 163693 151379 150513 146226 151819 143755 4002 150272 151951 150541 152813 132514 152187 150144 151046 152201 145631 39308 152252 154176 150324 107113 152313 151067 151072 162675 151193 144639 144661 150281 149464 7597 152263 150297 150430 151073 148473 158109 173207 146584 29824 151926 152380 154703 148585 154687 146258 51758 151683 146456 142474 156370 137680 139093 151408 31827 151080 151446 154774 150769 152270 148135 151093 146292 143779 150438 120131 8598 143203 151102 9690 179493 140771 119971 148305 154560 154706 151121 144714 150302 139567 160313 157277 147692 149924 969 11363 152819 159364 57475 152300 143793 149711 154820 151168 151688 149385 151208 14182 152944 146854 144896 148152 164891 8366 154711 154914 150808 151085 157039 111708 151104 52162 144949 149230 26639 149756 148637 158303 162710 152269 154702 144766 150851 139508 139602 144796 150884 4345 163734 150241 145910 148255 150552 150856 152308 148709 143799 158350 149837 135447 150458 149866 154718 150258 149945 150326 143011 151253 148465 19447 118542 151315 154748 157663 154921 154981 129108 150508 149321 150303 162837 151321 152535 144101 39002 165212 148431 150334 132022 151037 149971 153805 150591 120666 134798 159590 139852 151130 150338 145348 150574 159606 148856 162630 140282 151736 148858 152342 152619 151325 166768 143823 150606 144417 151332 148900 50555 154799 149026 151488 152674 152967 148520 148634 150718 150399 149064 150340 143650 150611 153918 128979 145448 148435 159597 144052 150363 151004 154848 8600 152797 58163 149102 150411 150675 149987 148682 146175 151294 150730 120733 149232 150321 144933 150001 149368 150512 94082 150812 146859 152348 148176 149552 144951 155048 143907 154733 144772 144955 151399 150294 144829 147894 151142 152417 154846 150778 160956 39630 129016 140720 150056 150341 140793 151036 151846 145485 144445 164040 140950 146464 155080 150476 151047 146477 150308 140789 161940 154411 149352 151571 152466 150726 146213 152477 150555 31501 146572 151145 149094 152573 150862 152846 52398 144842 142622 152415 157288 155091 152574 144218 154557 151152 142217 151174 153635 143778 192107 149113 162722 148555 148537 152276 143917 152424 146428 162770 157553 150784 151212 145791 150582 148425 146610 151666 146890 150316 151149 148160 157684 146617 32483 147021 152317 49390 157488 152457 4095 150196 154907 151945 146646 151860 151250 143789 151252 151277 150825 143815 138824 148605 144864 155183 155109 152482 155122 164775 147009 145486 151206 142670 151155 144879 150886 151997 152808 154984 151344 150509 140369 155136 144351 144938 166148 150833 181064 143960 147141 150826 152976 146778 166917 142768 4406 151257 151247 158232 162307 167489 154725 150559 151691 162466 151238 19459 149103 154459 147083 150370 126536 154986 12188 154851 150644 149146 149507 155224 151245 153919 151343 144998 143987 151272 151962 151263 151422 151323 149747 162469 162798 151349 129815 11466 151425 147115 155254 152235 155320 155342 143995 136996 151748 150592 148718 153749 134970 152490 144810 137623 151312 146735 153997 151767 138288 151986 151382 150672 152576 155084 152016 150796 149957 150600 154018 155301 155344 148750 152449 154043 152462 162705 146478 146873 147122 151365 157609 150679 60481 12800 138928 146898 140095 135602 146929 121497 154470 144967 154126 147043 155370 151465 151491 152020 150685 147209 151709 152497 154284 152615 148736 149967 147084 138817 150383 150277 151448 52645 148778 158341 176350 150400 145013 149973 151463 150419 148845 152830 132570 150711 170543 144373 151377 151478 151494 155383 147253 152043 151498 148746 5519 149383 144061 149767 157784 147225 150706 151856 151508 151501 150442 150480 150689 150799 153963 150823 150865 148846 97369 150729 175924 160674 147290 145183 132958 152103 162583 158558 151656 154277 152879 151924 151518 142528 152231 151638 152290 150533 147082 158119 146004 152767 149984 150101 141090 150016 112242 127955 162776 147131 140845 163895 152027 150944 144824 151704 152759 145029 144490 149225 151276 152908 148928 150870 164049 150962 146772 152772 139051 145073 147373 145353 152178 146080 147404 158852 162985 130847 150245 152096 142579 144050 145110 151404 149173 150816 147175 162734 155345 152788 11539 155465 121721 152871 145207 141124 155425 147877 149137 145345 162697 154886 151523 144066 147302 150358 150436 151536 20086 151472 145425 150749 154897 150538 120228 149250 152956 152877 145496 120964 150970 145511 151539 158229 152997 151545 151291 150905 147307 148887 22332 150989 176430 152892 150361 132590 145617 150116 149379 149421 142972 150560 163026 158742 152821 147318 155384 145221 151721 145834 159039 150929 155444 154048 147345 150961 40428 149615 164191 152946 148962 149002 144096 151560 140443 162826 145402 151576 151015 150565 163151 147220 132961 155454 151012 154937 158909 146009 128170 145626 164667 167549 155485 156536 150716 147348 148134 150208 152331 158458 150966 151030 148227 132288 144587 145514 158656 154357 94280 151750 112326 144099 142983 54837 149165 145233 149733 150893 150973 149413 152512 145450 151829 149439 9450 151032 147993 146913 150535 153643 141611 151295 145521 159760 144704 151570 139206 145542 8610 155471 152823 152884 132831 151825 141453 145579 150586 145583 145592 154938 152968 144105 155533 150987 135203 154314 147375 145687 151998 151584 148295 149443 158986 147393 151065 151631 144126 152189 151087 144256 162850 4917 140083 152473 150390 150516 147406 151066 144694 149039 133257 150925 143747 151658 112488 159507 145745 155495 154396 192882 158924 149283 144272 163335 159823 147425 150248 150542 145712 145138 149449 147440 139525 144725 145803 155548 150573 149502 155661 147485 153073 150593 151645 155682 154961 150018 152257 151830 147542 153352 158971 155023 151843 146352 151587 155098 155762 155558 159135 141774 151636 147502 151211 147518 158928 151859 151165 146622 152018 147615 147624 149370 152091 144203 139499 173460 149533 156602 151314 86383 151083 5115 145150 151095 146652 149235 162963 150597 162983 152567 154427 159909 152179 151796 150894 155159 151663 146067 151902 163487 151693 155562 139679 151897 162993 155264 148331 148116 94421 130937 152302 155169 151810 151441 155662 152979 155457 152202 155601 145638 151111 151823 144290 78484 121123 150652 158617 151952 119277 148184 162739 153017 172418 5134 155526 146078 4456 155712 151117 147146 151226 163013 151980 99259 78486 151118 147329 140122 156886 87061 147450 165187 153196 153049 163224 152893 154317 151827 152207 152000 152256 146685 153810 147799 151760 150882 145655 152040 153012 152004 151474 124715 151725 146730 152319 153370 151166 151765 153093 146289 144398 151650 141776 144918 151188 146800 146304 154982 149972 148950 154884 132977 151801 149548 152323 154251 148046 122017 152712 27129 153444 152982 155009 139677 149562 163315 151186 150942 151599 155677 159985 152277 155833 151649 159242 155187 152191 149788 151699 23801 150947 149584 151209 99680 151927 151974 145736 150650 151524 153569 145340 144548 153259 151125 157785 145483 148350 151703 153835 140178 155780 151230 144284 146941 155779 164578 146355 153115 153368 147710 155647 94773 155674 155787 159198 157826 152352 151279 492 144328 155804 152562 152059 151741 152067 147094 151758 50116 142853 151797 144408 148971 149589 143250 150646 147465 149700 178505 147543 149729 145754 143915 155864 151646 163495 148353 155685 151239 145028 152361 153421 152770 148513 155714 141685 149776 145634 144291 145767 152780 145649 141998 150666 183960 155948 144466 150763 1720 156005 155302 145943 150977 151828 151258 146459 150137 5244 149849 151045 152015 154523 151285 152881 139894 146995 152073 147125 146090 145690 156134 151075 2486 128637 152403 145769 151197 151835 144626 151844 163548 149551 159919 151119 140661 151579 153584 152552 154940 67274 151996 152443 145718 151286 149858 144396 153915 139907 153002 146293 151281 152085 152121 147689 151864 153085 144327 147733 151284 151271 152504 153956 151287 145788 145815 135727 145950 152486 155711 151153 163627 155863 155946 145994 121676 153445 142063 147681 159574 154603 153615 152049 148074 152209 152958 159723 121970 20622 152513 156024 156177 152076 146395 148616 152626 94948 152161 144410 147519 128116 151289 154998 151319 149918 142158 145035 156249 152097 144430 153697 153098 10289 157038 155958 34030 151290 153087 149901 149425 147231 149718 150183 145843 152077 146330 153733 158460 152628 152162 144274 9653 34242 155678 136685 152139 163240 156047 152171 154344 156519 150059 152183 157996 151297 156203 110430 145996 151480 150077 147545 151322 144463 147351 19182 151720 147729 121154 153781 163317 163366 155112 167974 146462 155118 152691 120622 152093 156058 150156 160046 151336 147947 150845 145903 166299 155339 153837 151346 155600 136632 151339 152188 140705 150214 144738 151516 151417 40570 151653 149889 151450 12484 151526 151468 144528 79596 144912 150319 3522 153928 152652 150888 140762 155802 152150 150426 146511 155972 145915 65343 155986 152193 146064 151529 153154 41606 148187 152196 150416 140886 146364 151573 151107 152692 152206 156262 152198 153977 152546 150159 151282 145967 150217 152707 159925 150233 153127 143327 142033 150649 151509 153174 150422 160139 152216 152217 148645 148330 7203 151716 155859 122663 152261 149920 148334 152280 153201 146143 146734 156099 151513 153523 152200 150455 163644 151260 152972 156465 152990 151542 147737 151590 146163 156017 144531 149933 151372 148522 154974 152995 150394 152873 144551 172487 80332 152292 144559 163463 146085 135200 153294 146100 156076 69450 172677 151362 151543 150237 153009 146977 146209 143320 153525 151367 157083 152227 150770 151553 153530 150737 155439 150811 153622 151546 8385 97573 79657 156487 156514 11491 146994 153233 156553 131389 156242 151559 144878 152228 140927 26662 150433 145341 153313 151507 151562 158053 151566 152393 158589 152411 156846 147812 144598 107368 145906 149034 55458 153026 52991 163672 154138 153674 147360 144976 122081 151613 151822 146445 146452 140955 156145 143571 144739 152597 164072 145140 152429 147815 157180 150602 150655 154142 153320 151735 166700 151620 176743 177263 155478 155719 150670 155945 157203 152637 150810 151575 152259 152258 152891 148875 144743 153550 149056 151580 141004 156685 148282 150700 151551 148078 165168 147859 157275 61253 150740 153116 160305 5197 147310 163690 147886 148307 177746 155429 151848 156163 138647 145146 152278 152305 152646 111406 163724 151622 149979 154394 156052 152517 151582 100013 160469 153450 151581 150794 152279 6205 156224 151048 146527 148560 151593 155693 153336 152309 152378 163526 146542 163757 121373 158798 11830 146549 147625 152372 152400 152286 145229 179158 154105 152464 153695 152013 151597 147919 147938 156075 156284 8442 151608 145565 7242 168325 156146 146211 152745 154759 153721 152515 152294 151623 151642 152014 152531 143305 153083 163316 149226 155128 153464 152062 150688 150829 154215 146224 152120 147939 151662 152544 151781 151687 151821 151879 148753 150842 148686 153776 145796 140324 87147 151694 156343 146709 153156 154899 142351 4126 153069 145254 152613 153007 146675 163770 146011 147018 153871 159941 151754 151727 148859 146692 152554 152456 152957 152621 13373 151755 156106 151931 152355 151845 146792 152642 150956 170694 149163 146892 152123 150819 153354 142534 152195 151710 151764 151098 155597 150889 150915 152671 152805 163789 156387 163886 150005 151734 155746 152693 164564 154145 143941 25956 150066 153691 151772 164075 146768 148973 152412 152476 149240 160119 147970 147074 151194 153278 154159 143952 152700 152838 151139 156170 152708 151700 149151 157307 147159 153363 145567 156853 150954 164260 153807 152778 146777 164093 164382 152483 157315 166593 147982 26939 128745 160507 145784 153122 160172 151953 147306 153460 149300 151783 135743 153446 152221 156184 151162 153006 152731 156391 150070 147417 151110 156190 153284 151778 153019 152920 152430 147332 151849 152617 160367 151160 152760 152925 151745 145401 146901 9671 144872 160346 156961 154170 152557 161046 153050 157381 147377 145429 3542 147379 21703 153922 151850 53564 155255 153036 151243 131770 146333 152225 153048 153820 152485 154260 152711 163358 146599 160886 156582 146533 152632 147677 147389 155732 152872 141185 152899 58088 26244 146270 160457 152686 144904 9765 147466 152744 151403 153462 144017 155659 151882 151876 157576 153456 153063 155916 157987 153472 150951 154282 152295 154032 144412 151890 152970 163840 151753 151788 156295 151885 154310 151207 143054 155750 154963 121818 156199 12941 152053 140517 164383 151893 153509 144920 149182 148281 165402 153161 151714 156428 157371 139931 153211 133297 178536 151376 157583 153561 151852 140853 153524 146922 153702 152934 152949 147002 147093 147472 153789 147876 147994 122786 152503 153245 136840 142372 153809 152953 152980 153367 152761 132832 146285 153535 146072 151412 158013 95088 146781 152547 147998 148012 156296 157412 151896 146553 152701 154164 146257 123497 146625 151913 153536 151930 83135 156898 156305 155849 189099 154185 147933 154028 2610 147503 164483 152550 152988 153220 148632 151911 151915 147512 147621 152715 95269 154319 153718 151789 15020 151880 152410 145125 154217 151917 151459 151967 153005 152001 151961 153064 150625 145608 6321 151941 122140 165423 152638 152011 166816 151963 148759 154054 147142 151847 160497 156002 153092 152657 152569 153107 153614 146488 146694 149185 150820 151870 146828 152416 145460 164390 160752 156525 156011 152037 146413 152720 152585 132324 153114 19816 145658 4115 150919 156557 153752 145797 146908 154209 156088 149467 137213 149521 157596 153660 85524 181726 167268 153679 132972 156331 146826 160572 148111 147223 154347 152756 148768 156595 150946 165438 151505 152023 156523 144234 148079 154352 153173 141328 144801 147580 156332 151995 153746 156427 144985 141602 152082 153804 153221 151482 49677 14815 151497 172683 152589 153142 146912 146982 148386 155589 156108 166000 146081 152012 156169 156248 142536 147589 152740 152794 128995 153755 54184 152060 158890 122892 154465 133284 153778 148018 147026 147961 135888 147075 133387 108841 151517 150960 12155 153604 164705 145063 145038 147633 154883 121658 154468 140084 153832 172868 152064 155027 157622 154488 148817 152806 147110 87445 152072 163391 135953 153125 149378 148011 156662 152078 156335 156303 34413 133524 8153 152084 152107 152818 152003 148419 149111 152880 154222 152577 153234 147217 154611 152624 145587 156615 147705 148667 164817 153319 133949 148066 158733 156838 154760 152119 145931 145066 151077 152125 140731 151594 140171 147706 152132 155090 154092 154544 153204 147713 152180 148438 158832 152133 153864 155083 151256 157640 164844 136887 152795 156289 149258 153212 133698 155289 153228 157704 152809 141697 147714 152158 149267 95354 95212 9113 154562 4162 152098 152826 43595 161128 160625 148972 148684 154213 151089 159015 149181 152159 150165 152174 147197 147728 153329 141385 134104 152166 151249 153845 147750 151567 153854 152841 149802 166263 152845 156899 151430 155296 147753 151605 151858 146439 149834 147754 152857 152885 154813 152894 152923 151455 145080 153271 150389 149875 156509 152175 153865 150539 148029 156591 157839 142117 153882 148706 152215 153296 147828 178778 152926 166783 156484 152147 147806 153400 153356 156176 148467 151023 153382 152906 153443 11134 147150 153475 151464 151607 150279 146235 151895 147216 152965 147829 153463 157894 152181 153022 156226 148038 163656 149322 159006 151861 152184 153492 8444 147838 152219 153496 152173 157751 157005 153971 159075 156637 153364 150423 145094 153090 153519 152832 153934 161243 152226 146484 147923 152232 145979 154815 153016 153056 151550 148072 157395 152236 152245 154487 155026 169814 152249 156308 148874 153988 154969 144265 151612 156659 2372 148159 152250 163680 153343 122158 190018 159289 147887 153994 142920 156328 153526 146185 146243 152282 131095 42399 164033 153548 159366 142199 151453 128645 148062 148914 152307 156388 156701 148051 153565 140926 152555 153132 147221 152351 153552 164051 123250 151627 154526 157952 145169 155006 157953 167080 153061 147261 153670 153596 11235 152287 156414 153146 98453 146032 152274 147270 152260 153082 156710 152288 157054 154871 152344 153588 153091 146763 153626 152583 152591 150301 154096 155040 56896 155404 153651 140943 148114 153152 145287 148411 150465 137654 152346 156936 149483 152998 151640 14257 154186 157974 153102 153936 6107 147369 159485 154770 153113 167398 17962 154004 154536 164211 148468 159774 150610 8214 153987 145220 154543 154844 152604 153681 154546 79923 149523 151712 24360 153077 153120 148063 153647 155275 153698 148178 157133 153126 153177 142317 157501 157998 151947 153732 145060 153684 154198 153735 153942 142338 154564 161311 164887 145264 152310 148195 152146 148002 153627 156702 154582 154120 153188 156719 148199 153060 155649 146499 148462 129018 69802 157175 156892 2415 160960 156911 153254 155235 152349 153420 164203 98783 148539 146555 153532 153774 154030 12329 148601 19933 153632 156822 152948 153673 153290 156434 153712 161540 153829 51474 152608 140518 50625 148119 155291 134209 2619 43853 152743 152362 153402 154047 149045 167484 154229 157198 151670 153495 146797 154529 135585 147392 153028 161143 159851 154067 152262 155378 151648 151705 152386 153542 148498 151966 152347 154173 12684 152075 153687 141031 157081 161840 123785 153867 153143 154125 152353 156475 154116 151732 153240 152798 154649 153180 154181 157104 149179 154207 153203 157607 154188 151728 155365 122478 152817 161851 148500 156754 153875 160465 158015 153341 154216 153206 154261 153433 153283 24483 151749 152367 154334 11200 151840 150661 144636 156720 153609 145765 149114 153291 152635 31580 154934 141107 153308 153309 152379 152450 147487 153889 154373 153310 145309 156760 152459 148580 161021 153185 172055 153324 153904 11861 146149 151744 152664 131108 155044 156763 151971 153244 153937 50777 154121 146151 153726 149238 153836 154612 112343 149355 153990 152402 149590 156835 9945 154637 148631 132593 153868 160381 152833 154239 153282 152528 152611 161775 144771 144838 133798 161884 153403 152404 140807 147315 148795 150760 152425 154264 13150 153235 156872 152025 152643 152622 149116 152807 156686 153326 150614 156884 149544 146334 146581 149293 154665 143407 152842 147655 130018 153894 165161 152815 162180 5947 153961 148304 146678 150682 154366 157113 26664 148636 153353 71 153360 146193 153617 155129 153993 154040 153013 152434 153740 143766 154003 147338 148644 142406 152114 161883 153406 143258 149743 145303 97520 162289 155515 155467 147364 148124 152851 141133 165002 147371 161959 149069 154674 167325 153699 148661 161980 156890 153979 148803 154714 148806 123901 159784 145590 154730 35164 159889 152915 153451 59125 152522 148865 154835 157183 151871 50968 154368 27160 152719 155470 148172 151983 162242 150995 146634 154395 155195 153543 124080 154051 153417 152843 153787 155505 154415 153540 154195 152164 153951 162243 114218 154433 153938 152905 155251 4774 149526 152907 154568 151008 137679 154225 153558 149329 155529 156910 11216 152440 154584 155875 145420 153566 138857 149356 153506 145509 155731 154843 155206 164268 154108 151457 152371 153620 155536 155908 152448 148891 152682 147726 153645 152749 153042 142347 145612 154450 146855 153710 155551 152432 152935 124378 153812 154836 4019 162254 146244 152960 154853 14284 150864 153218 146266 155249 124527 157141 155543 145133 149399 134658 154863 154606 157191 157267 147932 166256 153510 156725 157111 157246 148905 154037 2198 153625 157020 154850 155567 145730 157378 154182 148818 147132 162305 147461 148918 162274 142441 152696 22188 158218 145707 154309 153973 158064 125165 134964 150974 148937 157808 152465 154210 152961 154231 146847 156036 154594 145735 154613 147480 149066 153034 146313 153151 178823 155573 148685 149403 154878 155613 148920 154971 148189 162449 153052 154616 157261 80214 155614 153079 142953 153587 149424 154085 148947 162585 155057 165022 154417 149130 157921 154462 153112 153637 152598 20623 164454 8416 154595 52023 152737 149129 149136 146585 153178 150003 153275 157483 156976 154621 153992 146683 146718 149029 152932 155708 1609 152460 147486 98009 160323 154625 135085 153100 154717 146767 154964 162498 149514 86 145190 149440 153147 154837 153194 153106 149342 152736 157605 153198 156022 152750 125212 11360 153214 126115 153590 153267 153648 146803 166283 153708 154255 153813 153272 156800 138718 146987 165473 146887 157671 131644 157283 143678 165954 153169 153357 148323 162644 148376 153720 148414 155618 154082 153742 140601 149192 153729 148868 158430 156034 153913 154095 161456 152644 152442 158461 152556 167400 155795 151793 61017 150434 147509 154006 152764 149550 148477 160426 152580 153110 155865 154338 154029 149668 149614 146807 154101 152840 131692 179006 153398 153237 154114 155017 147571 4523 154640 172780 152897 167553 147574 127266 183032 7902 147644 149877 153138 155706 146881 149255 153764 158006 149693 183520 152634 147438 21100 153318 154124 155631 152913 152631 152647 153175 153224 152898 149715 150678 152679 150624 20626 157010 152655 153366 139570 154141 152678 154617 154660 153424 143877 3026 99903 153164 157821 157236 149730 158023 154128 152716 149160 153503 149517 148497 155216 4572 153982 162620 146971 160616 154139 154576 11253 154775 165109 143851 158519 145758 147715 152774 98311 154152 149453 152694 154671 154822 154631 148586 154689 152717 152705 167289 151958 162954 157040 148377 154163 154849 147739 162382 154371 173660 154943 157328 154698 154000 149575 153430 155718 147645 164001 153461 152160 145881 145923 153239 148590 154022 155196 157050 149734 153518 151068 155101 11303 157313 153890 153731 147476 135271 154839 154318 154732 157067 157843 157376 6223 162680 158065 155130 141040 155052 149194 155194 147505 152786 152530 156152 147868 154325 153551 152734 153607 52897 152169 147962 162577 157355 152551 153088 154852 131973 152975 153471 154858 158601 152977 154384 145859 155837 155237 141228 149 153623 153646 147967 152987 151585 1721 153247 149474 157823 141535 155258 148990 161833 155282 152738 136526 146974 153000 146002 147278 149787 147288 153346 155324 156030 171788 153649 155775 148598 157071 151106 154404 149821 143892 162842 146250 149487 148986 148717 164059 151191 149857 13480 151108 152752 158184 125360 153853 144818 13489 133965 150548 143921 158199 149076 149862 150492 153001 156160 152747 162497 101813 152829 149878 168574 147613 152765 154895 147617 154920 147656 149879 155394 152755 155459 164537 158254 155608 146025 141811 154956 133216 153157 157075 157907 148663 153682 7787 153186 151234 154777 156217 147731 154635 152831 157346 0 157491 157462 153359 153696 158446 154434 153089 147641 145855 154466 149899 154933 165117 154510 151196 138938 158295 155063 157316 11467 142771 154978 163051 147738 149171 149234 154993 155820 154610 153215 152769 154555 153428 150242 155640 141870 155286 142600 150920 147777 157496 112357 148876 41035 43872 155824 156038 149494 149908 153222 159180 146351 153255 146454 152835 155672 151333 153025 153170 153563 155351 158510 155354 155854 149567 153881 153891 148665 147702 155793 157945 163176 153041 158537 153798 155375 157912 154999 153176 162518 155697 161097 147735 147824 155412 165269 154673 146096 153274 158012 155005 179932 157506 155019 147790 149958 163080 153281 155815 153899 157548 153236 144942 154567 158555 149208 155025 2495 149988 80431 155869 147972 153242 155041 149701 153332 157477 154573 149727 155226 122455 156044 155452 149239 148765 154514 157534 153351 147051 144252 141879 147841 153395 157562 154690 148443 154077 155055 148790 160537 155184 153362 139774 158588 144296 154712 156162 162111 158641 155158 45423 151383 158403 154123 157592 153861 158083 14547 144360 147116 154020 153381 147431 153210 3551 151818 137409 153920 155192 155070 154087 163115 146044 150158 153388 166317 149790 148857 156077 153199 153423 155088 146530 170278 140511 156218 151061 132343 156297 154735 154728 147900 153412 149842 146578 155240 167311 150262 153489 155141 154081 163331 46272 153384 157919 153924 152609 155827 153501 144979 148022 149245 157625 155868 153883 156144 154542 152773 155881 155268 153229 146587 158419 1722 153659 154670 154084 155261 155274 145044 154663 165290 155936 148671 158624 158463 153392 154693 149638 154705 152499 163740 147842 154855 148058 167355 196462 147514 164341 142750 180203 147878 147901 153856 155242 154686 147024 149030 157368 148888 152776 158647 149400 152803 157923 153970 154656 142843 154143 153414 147928 147800 154715 155147 155607 146079 165460 142390 156389 155617 148901 163523 156402 154888 155284 6232 154025 154751 164600 147879 155328 153763 149104 153469 155092 151395 148979 149822 154750 161103 149478 158123 154767 153878 153287 155630 154147 153409 167696 154769 152505 155472 155928 149853 155372 162413 15315 154731 152783 57551 146123 164574 153418 154831 155095 153434 80309 36336 163146 148984 145252 150067 155103 150327 153505 146177 154204 157960 150413 155227 164752 148246 147899 153511 147920 153624 155015 155716 165527 154773 154783 157670 10074 154753 149081 154919 160952 158613 153577 114584 172761 147985 147294 155889 4458 154786 150249 149641 154232 102420 149913 153657 144614 149962 154945 153583 153286 155387 155742 36408 150234 130256 153440 149650 154332 155752 154861 114877 149433 153053 59424 155244 155502 158040 156107 142831 149188 153508 155781 145467 152106 154497 164999 154221 149688 180897 165540 157680 150449 154258 146296 153580 154242 140704 153165 11499 155788 149210 158164 153905 155851 8473 141141 155590 157768 154818 156204 155508 150194 159223 161410 153555 145800 136346 154388 150000 155024 153722 151240 153573 149054 149454 157410 153582 148020 155395 153594 158707 99585 155862 156405 0 149696 153833 125565 148316 148146 149500 155560 150205 157772 154402 163155 153633 142209 156713 153680 154078 153599 150273 155288 150673 148341 161379 153613 154994 163177 142900 155022 150028 155115 154419 192671 146613 154619 153250 148148 155894 145597 13495 153640 155047 125862 153887 153269 156466 156236 150284 151492 155297 155584 20608 158223 153683 158171 154265 154681 158797 86386 167698 163323 154010 153285 158908 149525 148252 153709 157792 153641 157856 156412 149739 155535 153653 141888 155299 157781 153719 156126 153644 155067 142954 157918 154758 147556 153349 132937 155326 151076 150519 153474 146693 165546 80582 4927 154286 148197 7625 167718 146661 147566 149753 126062 157120 155949 155794 149910 156180 149607 154348 156093 153067 155611 158170 159263 14607 149631 152138 133623 132951 155724 153824 157407 157595 150427 156102 149223 147918 1441 155748 156113 142438 154351 149636 168708 137098 149763 130761 154455 154577 155082 154268 150063 144345 163342 141709 156055 12783 154376 159271 153855 148391 144769 148697 154833 158910 153846 155126 148043 155588 156757 155940 156227 149292 155335 154212 156247 155511 149296 148136 149770 158815 156789 149940 99676 156206 148259 153741 155626 155968 154780 150304 156621 156039 136557 148638 149694 154358 158181 153784 148727 158355 165619 62256 145942 157436 150715 150957 129432 151532 154900 156118 133530 155356 148230 164612 159542 155653 154442 156040 155951 144640 155521 154832 164672 147833 156989 99986 5025 148235 152185 155386 153656 165105 155995 154456 155135 158920 147929 148770 135023 155124 153931 181032 149970 24538 156188 159178 147756 153327 153947 153744 27728 153747 165757 156004 147858 155819 157450 150408 158324 150151 146737 126839 155440 153910 153658 144335 157476 148182 158368 154297 158989 154834 154080 158399 153940 157683 116543 148975 154946 153955 153662 148251 154007 155534 149736 163865 155594 155228 155876 155458 149809 154947 146747 150462 157385 155660 158414 158421 143286 155219 135984 154184 149982 154460 149611 155362 150366 184070 146752 142560 149825 154549 161565 154036 138763 149816 155984 149839 158506 67780 5118 154039 157106 155838 159033 156416 133992 157982 155139 155094 158970 156366 167998 155878 6000 154951 157773 153672 153600 153694 154326 81474 168832 154501 143460 150487 156029 156191 150603 157673 150506 148357 148673 150181 155102 153788 159607 156073 148269 148737 152639 143631 164476 164939 155599 150035 140646 68682 163395 155947 155707 153976 154801 165549 159189 156057 154275 151105 165484 155349 156092 154019 156628 155121 155368 156382 157995 155214 14885 153795 163481 153903 165573 149915 112462 154059 10116 157524 150155 153811 156448 156995 153935 155574 166385 156095 153759 154369 150526 155119 144371 153504 155283 154563 154070 157793 155620 148382 153080 164489 122753 148395 154086 151171 155376 154027 158433 156140 11428 154107 155625 165620 143184 148356 154109 148433 159625 154158 155772 155771 89253 168089 150209 155241 155393 151619 156198 143530 150619 145806 158503 152850 155622 150635 164649 154301 154575 158570 146856 153045 152710 155670 150587 8539 159213 155243 155759 149075 150642 154075 156570 88895 155482 155427 154122 157072 147041 7792 149437 159330 149647 150629 148554 148556 168099 142762 168304 150229 154146 133806 165066 154001 153799 148862 156215 145977 146862 155252 109714 157813 143602 150182 154763 156219 156251 160212 155812 168363 150127 157911 135669 154973 156179 156258 154323 168119 151875 156307 168366 148779 153802 154590 156326 154607 141294 156419 150658 154435 155008 155542 99767 154608 154041 155858 148894 149905 152046 150357 150654 154175 147199 150111 154178 154996 81902 151195 154740 150671 148559 150702 150703 150255 150766 157499 155944 165752 163568 158039 155583 20933 154273 159481 155627 154958 151265 163602 148794 150402 150866 156342 160687 182749 122842 155639 156436 72758 154218 156409 154454 146806 140954 158062 154764 11528 148599 155648 150881 165927 156150 150924 150953 102228 155680 153844 149820 157143 154755 153108 156458 154132 157991 154162 132926 156502 154493 165082 155343 148568 152782 148600 150447 154220 155898 149948 151222 1611 154779 158264 10355 152321 154824 154285 154289 150806 150139 153707 154842 156622 148908 148816 158194 156516 46310 165158 154292 157540 155072 134708 150216 155688 52733 153902 110011 144941 143410 163261 157064 150958 157800 157119 149019 154578 155144 156223 155911 159532 154512 154721 137251 159025 153909 140564 155310 155961 155358 148909 152281 134097 155967 156319 164232 158077 155205 134105 155572 158107 153984 154291 167252 155373 159026 156422 158140 137211 154016 154377 145801 110514 158195 152426 155557 158556 154385 153200 156229 18230 149036 158308 151361 163423 156769 156285 140586 154556 150992 154044 156469 155213 32602 156442 153068 14497 155985 158882 154386 149040 156453 55156 154859 7260 159055 148627 154570 155380 155996 153375 156524 155199 157238 165097 155178 148728 151059 156244 149027 155424 164350 150119 155202 154073 154598 149083 154968 158323 129717 140424 155517 155469 147390 156647 167449 164618 153419 154583 15034 165589 151169 150150 148869 149047 150759 154425 158382 166026 155689 160829 152496 156265 154604 155506 158379 155475 157924 158439 148994 161375 150203 155180 154893 157227 155710 159216 150741 155641 155181 154315 132123 132290 154972 159351 158521 150223 156362 7999 155530 151217 142435 151266 150869 159565 156031 154862 157374 152284 158568 156649 149441 169210 154694 137367 154632 156749 158550 154353 150998 151363 154387 156660 148880 189065 155464 151452 156741 150445 168902 157387 152575 154636 158250 155575 158640 157279 154901 36760 24327 154452 169351 153261 151652 155872 156793 143651 156605 154548 151026 155725 155277 166177 154420 156802 158396 157709 148991 155579 154719 158566 155722 158645 154684 168323 155435 156619 152690 100988 152810 152296 122928 158411 153038 151176 150192 154742 151029 137218 154602 155077 155741 155491 155730 41421 154409 156264 151563 149759 155880 156842 155669 149016 8658 134231 63366 156830 169726 151058 158070 149863 153455 145250 154782 140742 141355 157429 165182 165494 150257 149023 9411 154246 156730 158688 137428 158090 159635 154642 152401 151127 150331 156832 154845 156032 153751 157461 145836 156857 155519 15715 149059 155188 149082 155803 155767 154013 164794 102106 148775 11892 150336 159787 142471 158731 142618 147407 158905 150750 156425 155621 154472 150752 154868 62495 155643 149493 150488 149106 154437 150571 156657 151060 154729 102659 148741 154677 156722 154477 155232 154688 8356 152446 169315 155312 155829 150647 157469 158947 167514 151634 158984 155637 156893 151114 169752 154151 159171 154701 149926 173005 155667 150714 156894 154903 157723 156920 150735 155778 154066 157737 154482 149869 154828 157029 151654 159009 156735 155758 155826 147444 151381 154905 155830 137440 149143 154490 149147 151657 155895 155847 76570 154503 154906 159042 157481 156063 112724 150975 154586 89290 157165 157917 151144 151434 150849 159051 156923 150348 150757 156300 155093 154745 156755 154772 163897 146298 155853 157938 157944 155587 151407 155624 149096 154539 155888 159127 145628 156359 126163 157661 155822 151237 170595 155890 154830 159141 150566 155919 155930 154980 150871 157510 165539 154894 154784 151759 148974 154550 155131 149191 154444 154911 158117 159868 155155 155834 158205 159201 151867 155200 155963 189915 155211 103565 155229 156310 157066 11595 151241 156421 143691 153167 157845 152689 150797 155850 154913 151615 154931 156921 158116 158518 147452 23006 154942 18267 154532 155818 155927 149219 135819 155907 155915 151300 155860 150470 137450 154798 152451 151183 154806 157613 157954 149251 153767 155233 149120 11599 152702 157571 155933 159714 149254 151368 159231 149333 149153 156952 154985 157966 154668 159514 151940 157116 146842 149338 159722 100647 142185 155012 154916 153289 154917 150930 155976 127634 157442 168020 153011 149139 156464 158211 158300 153498 157841 154157 148713 153345 168038 150934 153847 157983 154413 156994 162708 155971 155950 150041 170276 155989 152616 164947 151428 154585 156684 149644 151074 156461 155031 154506 168603 155100 157148 155992 156013 150152 165587 156493 158253 183025 8606 155104 149344 156033 155879 147481 159268 165830 134266 156041 149168 154161 151007 23019 151439 157861 151227 158196 154704 158563 169883 159065 157249 156000 146960 152467 152876 156086 156074 148822 156975 156019 3599 149007 151442 157276 166531 156124 158418 143735 158615 156111 157019 58605 134768 149600 147600 154518 154809 159276 156129 156141 149923 157045 40374 158462 154957 156154 147252 156164 154335 135945 159801 4058 156171 157472 156527 156182 155341 155182 156592 159819 149093 157384 151112 156819 81803 159129 157402 159134 157444 159176 157167 165688 147882 152771 156159 152940 157667 157033 4146 158252 142352 151473 154810 157380 157525 159310 156497 154854 162170 159758 155087 149807 155364 157766 166131 165838 156530 156317 156825 159921 155532 159193 156178 156870 156569 149261 156408 154723 137940 151431 154890 152109 158276 149892 135600 158636 158576 153592 159236 156377 147192 153502 164469 158623 158721 155552 27187 166832 159942 0 155331 157552 130078 151664 156424 155592 152213 156268 126230 2337 157692 154928 104403 156586 159940 153369 153972 159240 111071 156286 158498 152268 155123 168116 151820 156609 153757 159948 156183 151701 59632 163038 151906 157877 159961 157036 155138 135024 155431 142801 8670 165856 159983 151460 149377 156611 10495 157726 170295 155145 155774 156207 155260 156806 155294 156663 165012 154064 155014 158776 159246 156239 159979 156708 143791 126823 155836 151436 158842 166281 135172 157134 144971 155900 155473 151326 158723 168404 149275 166336 165789 156020 156718 154744 157078 156450 130338 151503 157752 154912 149412 154390 155168 156384 156515 150103 155401 143885 154136 147954 123239 153386 150186 156417 1467 147704 13109 151547 151603 146889 165924 151929 158491 154803 124718 156401 157780 14679 160072 156426 151558 154860 155085 159262 153497 165770 165226 150140 154426 157989 144722 155483 166427 7803 1809 151347 155173 156542 11619 157769 181491 157179 154453 156238 155269 151352 150309 146361 167614 156780 146473 142559 149411 141267 131100 135292 157260 155113 157779 158850 151449 135315 157090 155279 149381 151100 159980 159302 158093 159981 149457 154762 153027 142641 155086 156274 155078 155105 159345 151614 156991 156588 154169 151224 158092 156585 160098 160545 156612 155602 143683 163072 144041 147744 150353 138543 169056 166434 162569 155164 102947 137976 24560 156255 160677 150384 126879 166373 151907 154877 157094 154885 135615 151180 158438 157170 149994 158041 151968 155203 156664 156714 166067 145276 156483 158538 163540 156559 159315 159575 157213 154223 156689 156311 169961 160130 158728 160338 158730 153033 143786 169480 156556 149438 158871 155563 150392 159334 150839 164995 27254 147233 148064 151641 6202 138300 159706 157018 157311 160088 157317 159414 155236 157093 159380 173605 155304 157363 141638 158816 160374 144997 156356 9522 152543 156729 100910 165254 160459 144581 160376 159181 153145 138941 147395 170053 156395 157783 158972 154955 155276 154644 32978 156732 160511 149490 155305 160524 156736 143488 149553 157484 143810 136247 152618 149546 158165 156571 160456 156765 156782 166140 156773 157370 158546 152137 147741 144737 151674 138131 24787 155334 157544 155644 156799 152603 158292 149446 154398 172756 155338 144114 46789 155629 143856 146604 151113 156814 158578 150677 156841 155319 146512 155973 155325 166547 155361 149844 165353 156798 155 170737 156397 4883 166227 146544 149639 152828 156671 156398 154183 144787 155051 166649 146743 135626 150537 134398 159385 158595 158999 186750 152141 127367 158671 156866 152741 155369 155408 157574 165089 158173 155419 157159 171390 151733 158166 158727 149561 155453 156406 72890 159461 157824 166340 155167 155484 155381 148474 156847 149663 157439 156869 149720 112602 141714 54570 159494 158771 156023 156042 151912 157716 163543 170922 155265 156876 149155 21107 163454 156688 148814 158384 151834 155520 156912 156070 151987 152002 155117 155636 155524 135385 154471 155179 156913 157016 156948 155406 154657 159551 156958 144149 171269 151851 151210 158652 155153 156201 100929 165786 149509 154401 160334 159596 156068 160585 165807 149769 149581 113511 172230 156985 155422 60445 151884 156486 144125 153612 155321 149775 157846 156555 158806 157030 144213 155396 156915 158931 155549 149707 158822 152007 154485 156304 156540 156852 157161 151837 160608 151918 159291 195409 159652 155327 170703 155628 151719 157300 152706 155703 149806 157447 157051 144236 166666 152723 155538 155726 156245 155407 151214 155451 152024 156916 159680 165829 155544 156346 156624 156951 149917 156954 149860 148348 159811 157549 160621 151892 155765 159705 152029 158991 158980 135904 1641 149522 150952 159724 155363 158221 157828 159014 154500 145386 155460 160597 149545 149199 149952 155571 156955 154513 155413 155717 156933 157747 147303 168420 157057 155634 151731 155300 156196 144387 152033 158104 158949 34573 154666 135574 160158 157006 152746 150557 156986 10190 152820 155050 156937 25296 157070 150036 15930 157007 143019 158315 158187 155397 151975 158412 155157 147774 116641 144799 152071 151878 155403 178239 157088 151280 152203 157149 157021 157456 155415 154778 155162 150375 159037 156254 144867 151942 152026 155721 157201 159049 157011 15037 155735 157748 54274 112145 156181 157014 149742 144473 152031 39973 144158 157031 165230 161363 152058 157500 157107 157301 152105 157512 145363 152726 154283 113572 159162 157382 163925 155281 147006 152140 156652 156669 155487 150746 166744 155745 157131 157181 157235 157539 157545 171544 148499 157427 160631 156683 135801 155776 43121 170633 157117 155790 156294 160728 151342 157560 151097 157587 152087 160015 149891 157610 157614 24791 166788 155777 104567 166638 160160 146561 68694 156776 157027 155800 195473 158298 149757 160131 157082 155416 13641 105624 156887 155823 160150 157637 157810 161533 13312 160180 159076 152111 156344 157621 145512 138320 144306 3668 172329 159731 155807 166193 153499 157623 157644 152241 164076 170455 155417 155882 155438 166938 157125 150497 155568 160782 155896 156025 1770 20314 150594 11691 157487 155905 159148 160899 151766 157237 157164 157662 157690 152253 157188 155443 149341 155462 156687 163720 151873 157703 160096 160777 28439 135893 56963 149508 155513 157274 150072 157335 155499 157194 157223 156056 156028 159121 148162 152285 135107 157817 157037 155307 27672 143864 152142 24657 151881 157413 152812 149571 156127 160200 150254 155769 138538 137859 156352 160051 156174 159786 156369 159405 119254 149588 149930 164117 148516 154781 156374 150754 170043 160232 159348 162635 159212 155490 155912 149939 150083 151388 155733 160905 157900 155941 153340 156202 156471 159630 158311 160926 157564 159235 155064 160296 151451 155507 158447 150556 157209 158014 157212 156320 155528 157242 14528 155539 156473 155247 136026 158643 156931 143339 157984 156941 160953 157139 157700 157218 155962 155578 155318 159286 155585 155405 149684 148181 157997 158486 137864 158522 152325 146290 57281 158132 159994 156355 160881 155494 152937 157258 160267 149726 157012 167068 157080 166838 150024 152354 157085 156122 158337 149914 157720 157295 160979 157098 155957 158501 119238 156513 160957 158531 158560 155616 156529 151159 157142 152345 82283 534 152145 152357 152942 160423 158007 155956 1159 155663 159861 138871 156271 158584 158046 153730 154874 159275 156803 158609 163689 157255 162982 148698 151043 168565 150634 112308 156544 153888 140280 157270 157406 150078 173238 152390 144334 158096 159402 155420 159320 156607 157522 157344 159431 152365 152419 28913 170708 152205 152445 157791 157636 160016 8732 157495 157091 151150 179234 156549 156243 152099 157754 159489 190087 158611 157638 160912 158620 157092 160330 163807 155598 152941 146434 158651 12124 160333 157860 157863 161009 157653 155436 50804 157396 156878 150089 158719 161257 155646 157518 161260 157724 152553 163739 153483 152537 165260 152194 157438 158699 164131 157869 155713 160898 127044 157620 156380 157731 181680 165365 155696 155503 156006 166337 156051 155523 151185 159312 154026 88760 155675 134695 155068 157740 6356 157166 148722 160339 157440 156345 155737 152492 154361 136385 152600 157206 155073 159523 139230 150653 156383 152565 156269 146705 166055 156643 13614 155679 58924 156692 155127 157144 146575 13230 159592 157105 151218 149911 7197 159499 14943 160440 158277 157441 11478 157764 156932 152633 158777 158415 156385 157291 158786 163993 161119 157887 155267 149274 8752 158111 149559 160498 152732 156457 156411 157908 159378 150121 163097 157457 157627 150779 160936 158764 183674 157806 160978 152332 156476 164216 156635 158814 157511 151959 158770 156590 157112 156627 158838 157541 158937 152924 161235 157565 151273 151236 157140 157656 164057 150095 155695 156054 156962 150125 65477 160344 157319 148784 2589 154154 161236 157883 151386 150138 157975 141765 158010 156668 155739 156158 167229 156633 157211 158042 167238 157666 136393 158057 148527 147606 154155 149197 120398 139885 144592 154421 160929 158099 152337 157719 167266 149414 164310 160372 157543 167273 144624 179249 160544 163893 151387 149751 152343 153015 155749 159529 155952 156697 155773 155960 159136 159383 155990 158997 13390 151167 159876 184280 159645 161247 160460 158098 155844 158606 159546 157765 158128 158884 155755 161394 144734 161170 158167 159374 159578 158895 155186 156705 160473 158237 151220 166419 161402 155766 158914 157884 156026 150222 159392 3768 157885 154650 154865 157897 156717 156037 160037 158239 159638 159488 156046 156454 149516 157602 144247 154887 159733 157570 160668 150337 155811 155747 149028 160156 166495 85818 152176 151136 146503 161064 150244 155569 159759 160301 156053 152382 156752 154103 157834 160584 15975 167309 153264 173950 151444 164077 148617 157239 155760 21429 37103 157922 89299 158994 160823 158155 164270 157928 169377 160347 155756 156495 151675 167682 164813 152779 156809 182480 2656 159036 156064 155902 164852 158306 146953 152431 165468 173358 159633 158313 149778 155796 69348 161428 157424 63996 156104 147004 145591 155786 149808 158018 158209 160559 151548 150984 152437 159809 151679 156125 161477 144742 159829 158429 156879 150364 156796 159846 158819 157568 142198 135266 158455 160358 194214 156149 167341 159506 158034 156816 33888 152952 148659 158088 157345 159001 158241 156904 155311 157857 160432 158982 5314 159665 158475 140286 169272 144774 152479 152480 136451 152959 157582 158961 151146 156939 157347 155828 195895 147226 167715 154249 159696 158097 153300 160083 150360 196213 156942 157390 161524 155839 59671 135403 74748 166893 167733 173420 147370 146170 164088 152527 160998 159070 0 158525 136567 161788 151813 161528 152047 153044 159043 159103 156977 156993 157722 156775 158242 2776 136782 158245 153078 155903 157174 157110 153439 151592 158121 158291 61826 156947 158278 156214 167342 150113 158153 159106 42523 151706 157611 144437 184812 151213 150425 155110 135891 150478 145017 158423 150569 58422 151914 159883 156156 155935 159238 152541 156221 145660 159144 185959 150017 152801 151181 157367 153578 8858 148742 155897 149515 158824 159388 150128 160566 156240 159390 135966 126164 158108 155954 161105 157420 159902 153546 157124 133 153105 150621 155330 159197 154410 158118 150622 157451 149874 180480 140684 159409 151943 158329 44025 146315 155969 159904 155942 150271 158565 159142 159192 167526 146326 155987 136684 8861 160024 156010 149883 152536 152601 160095 158966 152587 148756 15799 158162 150912 151944 153128 67420 147412 158544 155997 152590 11501 161430 157546 151715 159524 159779 8973 157189 160226 159295 148460 160433 152650 156110 157577 159361 3252 6272 160660 158655 137387 24850 157687 161564 111706 158178 159669 158663 159205 156241 147605 156301 159363 160054 169109 158484 149888 136691 167556 160445 155293 161110 159735 156067 156325 156316 89306 159873 157732 161157 160820 156098 161299 146474 160852 154253 148922 3667 159157 158840 150278 158685 159170 159895 157750 150630 69214 158583 159976 151228 153035 157753 169496 154909 158183 160883 164252 136918 158590 157494 140501 150774 157771 152902 150359 160503 156315 156049 161922 157341 158266 6648 160058 127210 20128 156333 161162 159247 152721 162270 150424 167649 162109 157389 157870 166081 150046 156121 160162 153148 156361 156281 157392 156837 157219 156324 153895 150437 156407 152763 145202 15276 157804 158222 158509 160174 156212 53248 159987 159469 157383 158735 160649 156340 156429 152735 158682 164898 171476 157685 6372 158011 154345 158214 127547 167412 151147 135993 159261 167552 11639 147743 158630 161766 152793 144914 159997 167669 162220 151565 159473 157423 156386 156566 159226 142075 156392 21960 156394 157411 158767 159538 157262 161568 45080 150639 156272 156826 160951 154941 153181 158056 160104 152157 34305 160178 156410 155441 102108 158736 158312 174408 161870 58441 170716 160506 156062 159280 153231 150818 160575 3990 150213 156579 156413 173458 150084 145249 160299 121265 150259 157794 151804 164322 150494 164124 3846 160425 156433 153248 147913 159539 156658 148127 151052 156707 145304 158799 158810 158330 159191 15454 4157 158864 157408 152318 154412 156644 166152 156357 171604 155442 151053 8478 161197 168696 42 157520 151133 161574 156572 157827 166285 150147 158000 150588 158346 161047 152825 153917 158716 160598 157930 158220 160663 158348 169502 15073 166366 158286 106807 161589 156726 156499 159404 150161 153394 166413 136084 159288 156746 157547 157581 157745 156762 1471 157589 117561 148191 158427 150590 154579 159023 160743 158734 158887 158899 167763 153139 180773 158459 160121 157087 156459 158089 151805 161085 153190 158233 159544 157598 136720 152855 53380 161644 166919 158381 72907 156902 158741 156703 159604 150409 158926 158575 160767 148924 112187 136163 160747 151163 158800 156138 152868 28243 158813 167808 158297 157646 159674 160163 158885 161662 150164 158373 153225 152335 161052 81987 144889 153477 150855 152955 158420 150804 158351 151672 148147 152154 156938 171672 159299 156447 159029 154988 147385 156449 158445 148201 159116 143340 161667 159610 24945 157647 156704 168072 154278 159031 156508 161113 161125 157831 160907 157121 158465 166471 161282 8833 161271 160014 152666 152197 89506 152896 160181 156946 158579 161319 165075 8841 156506 12558 154552 156974 151724 82591 166732 153479 152984 153529 157782 147069 152675 150315 156532 158865 158873 162097 160398 158901 157032 155385 156546 155577 145055 156168 168200 165324 118188 160439 155652 150638 157169 156547 156610 158467 161417 151215 114213 161426 151221 182456 155007 145821 159626 158322 155035 160145 159628 149112 146498 158632 151304 140915 158360 157936 152962 159651 159177 158470 161889 160757 158552 152991 157215 155004 151302 160774 160854 151307 161654 1679 156526 149152 158150 158377 161467 156507 158616 157563 156881 170443 160609 160655 154641 151390 150733 157290 147567 160688 157008 158554 153123 151402 153307 173489 169548 160709 158954 158967 150976 156365 162324 156194 158602 159509 151487 159676 156641 137108 0 159467 150857 158983 168207 160489 152224 161446 161196 166119 158888 159069 160770 151419 179388 161510 155671 151429 151500 157873 155751 150875 158567 153323 157533 157089 156677 161258 151520 159038 157222 31681 153522 173759 153794 161316 156699 157245 158573 160638 160727 156734 137147 156747 159083 161689 155926 157289 141531 158706 161728 102606 156772 160867 147085 158365 12132 158448 150937 141593 151054 158479 168246 159641 157448 167103 2634 152265 158527 159088 158559 159035 147572 153057 151192 6685 159067 162783 151433 136093 171658 158653 43100 156751 163451 160175 153783 161419 186353 153342 153347 159100 137117 161450 151306 160941 160259 151647 153197 159730 168261 151354 159152 151841 153361 151355 153377 156811 13783 29074 161142 151405 158577 146579 153815 156801 153485 159753 158780 161134 156824 159255 159296 153576 174313 149447 158598 136130 161603 13558 16062 157968 159768 159232 159609 152377 159283 161787 157480 157931 161771 156840 161819 167124 161632 168326 159112 160892 152389 151469 155783 159616 159711 167138 151421 8065 149534 159778 158825 161427 173339 156856 156804 151502 159878 157588 151489 168469 151527 159798 159747 160222 160734 158717 171903 158847 159847 162598 160680 158791 158599 186546 174503 164465 156905 160034 159356 151784 161671 159657 151977 157895 149792 156903 31897 153859 160711 166379 153213 151586 161960 160888 156895 161990 159928 13672 167433 150351 160269 152030 181440 152510 152360 169283 156969 156949 158657 157324 14614 137236 159368 151483 157130 153249 160063 153538 153943 151569 138704 168660 137268 157993 154699 155885 159818 159332 157601 137330 161803 159796 159850 152409 159885 162446 159347 152563 147746 150377 158781 153950 172519 150982 157099 161721 161133 159282 158127 136341 150417 153897 159416 157682 159353 159502 158001 158809 137363 157264 151179 160116 157127 162122 168819 162643 153314 149624 9368 158792 153586 159852 151938 151187 157060 160290 82918 122434 157273 157967 153554 159695 146659 153393 114661 153449 153929 152452 151630 173553 153378 152910 160726 155970 164510 154333 157705 147592 158618 151718 155137 158110 159891 158188 157505 152495 153512 156873 159375 161742 153636 43310 137551 158404 137200 137378 137203 157697 137331 174815 153401 157282 159379 161523 157079 151948 13324 156016 169252 175080 158129 151661 149156 46798 159900 124116 151738 157205 152521 157778 162157 159233 157786 15213 168332 157659 157515 151283 152612 149712 158821 159887 151776 159944 168684 159946 161160 157734 153468 153470 162313 166738 149397 153574 157526 160122 158855 149963 159621 153661 158752 164414 169550 161914 159400 158629 157743 151528 154776 153598 153946 159637 152396 159853 159795 156432 161749 152627 151795 152444 152640 153669 157660 159952 161069 147896 158192 155042 156522 158676 160021 158861 161988 168511 161106 149220 169594 157819 160127 153677 160403 155134 168535 187244 15132 165236 168750 148236 151800 158646 157286 173794 161772 162804 21039 153714 155175 158112 161800 151695 153960 157820 128021 4276 152115 169472 15015 156552 156518 146928 145413 153705 158487 142354 160137 141621 157701 152653 157252 153711 128135 152673 162003 155212 152681 148413 157253 156674 137812 156877 162038 153338 159687 156087 147274 136774 161961 160847 158893 151865 153739 147664 157350 145092 153754 158945 157844 152804 168901 151752 158990 158516 152192 156096 165100 150529 157881 153745 158152 153756 161269 152822 157847 158148 150524 174816 159807 70135 149995 159666 154033 162075 154211 147907 164699 159959 157048 158648 162355 161131 151799 145418 5332 37102 151932 157972 156197 151676 159863 159993 157186 157842 153761 156817 159689 162084 158198 157888 161123 156292 90161 160336 160518 157306 159108 160000 161970 153766 153818 160030 152036 157240 157892 137433 156103 156109 166747 173453 160444 158251 158274 159718 150580 148263 151790 166782 143364 9106 157903 150085 147709 157305 158304 174022 158964 150037 154857 151802 160143 155705 156172 157332 13758 159020 142324 151308 162034 162816 7373 157312 306 147822 158661 152108 169558 152113 157853 152796 162086 159008 25306 158383 161254 158416 153797 21169 9688 161277 145539 164805 164900 166821 34356 158744 162165 160579 196070 159040 173883 168820 158471 114614 161989 138670 147909 152865 152919 159143 158258 109608 169647 154516 159741 162160 157940 161611 160068 160101 162239 174834 150641 128173 160117 161147 156306 27880 157327 158993 158870 166830 160115 160438 23193 158332 161279 157329 147313 153821 159743 152118 159293 156246 159776 169729 161285 158009 156597 160227 148267 75248 165444 147953 155701 153814 152856 158476 140651 151855 159160 159018 143648 159780 161189 159962 153843 159175 6375 23674 158359 154179 161326 127217 162302 160353 157948 160282 141818 159185 158845 160315 162161 27948 159881 149402 160141 148587 128238 128261 160192 160556 146036 162177 157334 157224 157478 169077 161390 161328 152742 162377 161392 3731 161090 157348 162485 162532 157949 157634 157361 161698 157891 162046 159482 150104 159000 166904 153476 168313 159222 153986 155423 171011 169889 160370 160153 28389 159761 32444 148061 54260 159764 160382 154565 160539 160402 148977 157391 153849 162070 154633 166966 152494 160243 159781 122699 152951 162262 3848 167437 154959 169904 137863 152127 157397 156673 158529 159306 159245 159915 153877 151510 153851 147484 150708 150412 5293 161934 161489 153879 148082 158016 170346 150748 129374 154187 160260 151564 157453 157422 160167 145948 157377 168611 162743 146107 152240 158925 153848 159324 173128 156209 163377 159817 153884 157490 143811 161518 160458 69719 159085 155753 126946 160744 158033 152306 157528 161358 21459 159102 149573 167033 160031 156583 159267 162729 158078 158133 157639 159061 161666 156260 143812 158371 127038 154794 160532 155218 102859 160586 159273 146204 167621 169112 160981 158748 156867 159857 149593 167457 153896 152945 159867 137989 157536 158049 155938 157437 152272 157569 157616 163029 153945 152363 160194 152373 138038 152986 160276 15214 151816 157266 169081 159259 158131 150755 157801 168890 160285 163054 160698 167247 151115 151922 157833 161027 154049 159879 153018 158785 159884 154098 169119 158182 160286 163306 173591 156283 158551 160700 169907 151866 154168 162571 157414 159886 137434 154148 160745 152421 154696 157434 159914 157959 163046 162406 151016 148088 156322 156940 156695 159294 158179 159937 152055 158290 161531 167477 167837 137511 155959 162441 158408 158342 20403 160211 156351 160764 154322 165248 161560 161652 162105 33525 160003 161222 160843 151989 156435 158417 148143 156982 159311 162448 158372 153003 160577 157871 158597 151380 154328 157867 158587 155740 154219 160611 160316 2874 52927 158375 160371 148266 6822 162794 158147 162499 161521 158823 155359 151992 158451 147160 158406 158662 169126 148404 159360 163055 158626 152481 159343 158436 160317 171472 148472 157770 169202 156438 158633 159433 59661 159492 175652 153111 138665 157086 159974 162059 162953 157428 154290 169937 163434 167306 161578 159450 173612 158863 153133 163211 103448 156997 155904 149127 160434 160087 158892 69212 160352 161676 157498 129786 153046 160464 158679 161101 154274 158700 161055 183790 172461 169225 157825 160289 151124 151632 154279 158457 155020 159370 160685 127495 158941 156656 151667 157492 103642 160879 160615 152028 159520 176048 153134 159028 114665 158689 157251 159041 158737 154354 160787 159449 160807 160818 139255 142194 165734 141940 160857 44159 157624 153243 157809 152507 152509 154263 158067 150362 159124 152034 160345 2674 156745 176756 148504 153771 165278 156276 154355 155039 172857 163490 160985 167596 158761 162548 157556 11749 154363 173268 156358 160169 150547 150994 152341 2691 162573 157265 152533 158763 158789 158086 150786 153162 161584 162977 160199 148526 149237 149407 152455 158154 154847 161145 164154 161598 163022 158795 153949 160702 160713 157041 162591 156783 152658 157421 168229 14654 137670 161594 157633 118271 159397 153256 154447 158224 173446 21027 152051 166579 152636 158818 161044 163001 158849 158876 158541 163120 157929 15823 157872 153144 153966 154628 160760 158877 161769 156478 149442 157969 47948 104362 158963 158837 160235 170343 159210 161169 159430 158973 169224 159598 154316 161693 158848 161073 154149 160446 156423 159072 163008 164903 156437 160864 159683 157643 140 44023 157990 159060 157655 165047 156794 159098 159386 161070 161219 143426 160448 161259 180355 115216 6543 158571 157686 137829 173651 115657 1645 152089 163242 160453 159701 131548 160314 82948 153790 160803 154446 161301 150504 158031 67395 160270 156883 159138 153155 154530 161313 156928 159677 162131 158604 156512 162638 159118 148672 153266 169422 163452 115670 162751 162606 161760 162637 155391 163007 150788 153292 158686 159132 173229 160476 163073 152559 150050 151351 159169 148695 138921 161324 159120 165441 151937 148782 161617 157658 165076 152777 82597 163476 159440 159128 158860 167562 153819 161146 150396 160813 160387 161809 163327 152928 154180 158071 160490 154429 21647 153172 153322 160275 139486 152054 115966 162869 160522 159266 161267 159344 158395 62089 159211 153191 161357 162607 159707 9779 162936 163997 143842 156561 165661 159309 154441 160529 159407 158896 155034 187813 165813 160542 159419 44162 160934 161381 146108 160942 6297 157330 160277 154463 159184 168686 156601 158125 159522 160582 163078 170393 153941 158094 155000 166137 169245 152074 159740 29101 159352 20603 155561 159855 150549 150636 159903 149671 14668 161323 159567 159890 161629 160650 170456 165506 161486 161673 158711 152130 153954 173655 162132 161557 145899 156012 159436 146328 160571 158021 158124 161515 180419 157516 169434 177371 153252 154021 169249 161558 169450 161605 163084 158796 140407 156750 181589 158875 161083 156636 169575 159923 161780 160675 150767 4902 161526 155727 161814 153413 139571 173775 1512 156698 153208 160973 159442 160755 161658 8103 161674 159451 161847 152135 13677 159244 171031 162143 153277 64172 160023 154591 160019 150821 162667 161857 161555 160723 158846 152709 156839 159446 153070 153293 161696 160182 2507 160467 159479 158493 146443 162187 160624 166437 159493 159203 159257 149652 152153 156594 160540 161481 161807 165809 153385 160833 165717 154761 147965 159081 158160 161850 161275 156845 157052 154467 163030 128570 157681 163256 160435 159918 161881 25133 160075 156631 4666 162738 59725 161672 154499 45672 153597 160629 158894 161890 129326 173707 150917 160902 55358 152112 0 154620 160481 152186 161682 154531 174192 160696 160123 11759 138004 161902 158660 154667 152223 160714 160910 158163 160551 153032 153611 161822 169316 168847 152177 137832 161737 159519 156721 160555 169932 161812 161949 158172 150817 174758 140701 160620 148930 160974 162251 154527 160967 154599 156851 158191 158957 163367 159717 70237 162129 162025 26177 158987 163632 162047 159835 156234 154194 162027 163379 154061 160144 161855 162121 160637 88865 157698 149797 156930 159726 156865 157146 158922 158204 102781 169818 160543 1745 167602 160977 22020 157712 161747 148952 148967 159543 159097 158158 164856 158358 146754 161828 159584 158992 156768 154056 160645 170157 161911 122776 159003 159301 159337 150880 160206 174795 160828 161019 157913 162147 158207 160148 154708 159367 157061 159832 163973 160982 150997 161095 159044 156900 159650 154787 159828 0 131562 152964 158249 155060 158139 153058 152234 152237 173753 170192 151027 159158 157803 154093 159174 159661 161891 161895 160647 156882 158255 161913 153736 161944 158435 150335 28405 154102 159194 159842 139451 166997 159068 165733 154716 60380 157182 149675 150570 154726 157832 158256 64616 162079 161962 150921 157452 162110 46291 159429 154788 154796 158186 162228 150663 154814 161020 152311 154205 162709 151413 162112 162151 170654 162575 158317 160648 159253 151134 151445 159438 157971 154866 154792 157185 170411 167892 157464 160720 152454 154876 156924 160937 159757 161996 155728 161998 161040 163101 159281 157216 154902 159929 162043 159316 159454 149038 150909 119266 10715 0 158058 159464 154944 159113 162152 159346 157229 162009 155013 155191 160293 158472 154797 154240 153149 169324 151475 160057 157358 159474 162188 152303 163666 162427 162383 155029 161163 159897 153491 161184 168744 163645 155096 160373 152662 163255 155140 154826 63626 159252 158331 155069 155357 7928 160053 170233 159362 152324 164084 159495 154206 161262 161947 160706 155215 139710 161224 160202 119741 11960 149737 151538 170678 154257 159456 159911 158367 155374 152298 155763 162191 157517 155245 160133 162223 157046 188194 0 159938 161325 132070 155198 146886 142654 159269 161955 159967 161405 153279 161469 163459 152326 161527 151609 167353 159355 160729 162107 158946 146340 165291 165890 154135 152381 159503 155032 162205 162048 160217 154288 24948 157177 160318 159410 152385 160583 162333 158327 161337 160327 158387 160291 174222 162096 158515 163354 155447 160026 159422 144040 162438 163376 155003 153373 162329 152525 161350 154298 160307 161545 163139 160739 152667 155316 139772 159092 162365 151309 154350 157593 155414 158441 155496 162450 162471 163383 160483 152542 162127 155498 167870 158226 162453 162652 164836 162462 140540 160038 158370 164150 157220 9873 155468 24218 158413 160558 161552 151366 155550 162134 159513 147992 160302 163303 8423 168934 17333 160601 163164 162688 10117 155785 162801 161543 153665 146424 158288 155493 164194 104511 159537 140692 159425 155504 9116 53491 157445 157228 155556 155038 156367 150771 160357 153121 160627 170590 154308 162509 170239 160665 162515 160732 159572 144110 152399 152420 155690 138147 160804 160617 162704 162726 155314 157713 159619 152665 159515 162570 155489 153616 150950 7326 153621 154002 150965 111453 158347 153192 159200 155545 180673 162209 160788 155638 162510 158082 153426 160390 162331 159516 158400 162516 160761 163534 168349 151806 162186 11673 156528 152687 160784 159455 154423 165976 159518 162294 153429 158422 158444 153671 163574 104999 162784 131609 160817 160394 157362 152853 159908 152713 181686 168624 153688 160716 35294 160441 155553 154464 169905 152758 153223 162067 149272 171038 149050 159557 152863 166598 159769 160935 161563 131906 161007 159564 162316 161977 156035 153782 155176 141014 144380 153311 159581 158450 162790 163849 162219 162531 160858 159540 163636 161576 162248 162332 159634 157604 162069 159656 158483 155570 161062 153827 198527 160485 6224 162800 170697 159561 158504 160806 129452 159671 158514 11705 160553 152463 160060 158524 162565 160721 163851 37148 159377 157675 158605 160944 155734 1789 153372 161608 146614 162845 152469 159958 160733 159131 164433 158452 154502 105148 150068 158478 153716 163859 163880 155576 170827 162797 151418 161619 159096 158488 162891 157717 158635 159963 150160 162626 160987 153051 153791 158499 164848 168145 160047 168244 157739 174751 162687 153306 158532 162903 158739 6319 158553 157234 160184 157268 151495 170254 160875 153389 162339 138478 165020 159682 162748 152484 155666 167198 159692 153911 152878 160950 161808 162767 164418 150993 170773 147022 152526 160878 159154 161713 158712 162295 159691 160913 154724 159782 164422 0 162696 162340 167531 158642 155797 161786 162926 162312 155934 161015 153952 153059 142718 159968 162810 158702 154908 162369 160280 151010 153095 160928 167401 163872 162908 157776 4681 162825 153770 155910 173777 161139 170282 153568 152568 164769 159333 160013 154038 159939 153989 153996 160596 162854 3217 154166 159694 159600 157957 153520 161648 164146 173869 155604 162190 142887 160783 160693 151869 141277 154272 153817 168128 160065 161016 158557 153838 161171 152035 141155 152656 159715 164164 162941 149976 153772 160786 160036 160921 153130 155379 6371 161228 147050 162927 161022 161268 155978 156232 151956 161036 162375 154431 159947 161790 156371 161043 162457 160093 163158 161050 157460 153163 159949 8158 155893 154521 155656 137717 162360 4460 171710 162992 159712 158500 153926 153260 154406 160392 161420 153202 168319 127592 163429 170934 162964 162207 153303 153337 163213 154553 160889 142523 154171 154710 154011 161072 163478 170430 160514 158649 158138 159752 159452 161686 150175 123176 156015 164213 154648 152475 150395 141493 162483 151082 155965 167579 174476 157850 158210 153055 157886 153348 161081 157294 161624 150627 154071 159710 159775 164204 161099 149158 139474 164478 155974 165127 159999 87125 156827 151229 158965 159773 156396 155920 154134 163229 159838 155694 161492 65322 161126 158283 160109 168390 3934 162224 154925 13518 165348 164352 159862 160135 182361 161216 161245 161093 158782 162459 162774 146663 161291 155699 8471 162972 149420 23803 159812 160790 170619 155002 164592 161315 153387 161859 142652 162864 140191 141720 158592 159882 158760 4226 163539 161321 156003 154112 161045 156399 155953 161159 151269 160273 163021 161845 151423 170289 168425 163346 154192 34543 165055 162322 154193 156105 162967 158354 174890 174990 161330 141209 158003 161109 162934 156538 158318 161148 163380 154551 140201 161333 156543 149596 168861 112733 154626 162975 16597 8856 158784 153642 166473 158020 155720 158788 156589 65825 156270 175265 156378 168974 158805 159859 161468 158839 160151 155806 162475 92108 144076 158858 158666 156891 158774 156963 161186 154233 153969 170819 163634 164499 161192 164237 148261 158389 153765 157118 158032 159048 138441 151770 160900 154365 160908 163025 162487 158063 158867 36507 159934 151960 163613 176869 158801 161252 160176 163031 161341 156626 35422 48197 130061 154669 158586 163049 155209 156440 160171 156114 156655 161991 163061 159869 161217 152714 161356 161345 161613 160992 159101 160043 151598 160965 161362 189165 169106 168952 162693 161365 156131 158889 158826 168083 105430 161736 164400 163137 160599 161741 161373 157744 3866 156148 163811 152660 159595 162368 164956 44722 154374 171051 35473 158827 144392 162476 159969 155842 171180 169468 153521 158912 151331 160437 159173 159872 154489 161098 154867 12135 158437 169539 158066 170506 158176 161436 162153 163410 176912 17668 167214 152757 8285 174006 163162 158074 158878 161135 152211 176914 158897 165112 167916 152230 165250 162646 158084 156740 161767 156147 127671 158930 163960 160395 158943 163108 153448 160142 162834 153452 163519 153020 146832 153097 163978 154592 161206 174125 154303 162874 161423 5459 152392 158146 162326 148514 147086 156896 173004 157964 150136 14730 168975 165408 171389 154661 162083 157955 163052 152069 105155 178741 159892 158988 164067 161831 154588 154749 160173 159066 152491 108412 154243 155852 159434 162897 153183 162397 163790 160017 161512 141835 169069 156153 161957 161581 170927 160032 151512 161835 158105 103677 160050 157296 156813 160541 153500 29543 169601 153216 153534 157095 160840 161607 157108 147227 159894 152814 158694 162481 162633 161207 158637 159119 154058 159123 164596 163167 143233 153839 164904 140486 157122 164087 171564 143459 159901 199186 162519 159137 171737 153262 163116 163194 159159 160059 161238 148683 165311 153852 144863 155049 163207 160766 163779 161404 159951 153465 165771 156490 159220 161622 35482 160919 183642 161388 163170 153315 144978 150013 160410 148879 156237 160229 154652 158175 8582 162234 157077 153862 154805 154952 165577 154992 156676 175163 161307 193339 153901 155172 175395 181062 156313 162651 163197 161649 166672 160186 162246 154208 151572 156564 160241 154330 160988 152903 155883 151617 35232 156266 167356 162898 165032 740 163878 159559 263 3869 141745 161158 158732 7134 1738 160860 154800 146528 159287 161660 297 161601 161057 153230 160090 159260 171467 159960 154898 158263 163241 130274 160768 155223 163913 162412 159797 156337 149375 157271 163236 159986 161116 161343 159340 159403 159439 163930 153893 162656 153927 4508 160033 49435 148720 161710 153932 169957 123020 160298 164505 169697 167015 160320 165159 130449 165176 104159 162424 169137 161626 162283 156712 161679 155340 161349 161711 162712 159477 162006 160412 5795 156225 183160 163248 161733 162736 162758 160105 159556 162486 161370 159498 154118 163475 158299 143239 161639 3878 162887 9307 159576 159435 157454 149394 162133 162553 162914 154990 163000 155350 157542 165861 67710 158050 163263 148847 157254 162843 158267 151768 157158 193782 162942 56425 156463 150598 162534 163067 160422 171513 160431 153639 2741 139970 161194 164620 163187 161755 160450 153930 158548 156373 164265 150709 162995 157225 152144 154574 173808 164576 12265 152886 160463 162896 162622 157353 164152 170479 70372 160126 158260 16296 159585 158271 161776 156480 165918 166974 163152 159688 116492 162560 158883 147374 157466 160421 163881 158898 167606 162628 163284 157558 153473 160195 160129 179 162663 163295 156376 148993 164019 160468 164645 139846 159700 2864 160664 160588 155075 169815 163212 162944 175173 161759 156379 161792 162244 146965 153801 163386 157572 160252 160827 162582 160287 160836 164254 9454 25326 178889 168492 163370 147382 161796 160622 160850 156565 161661 161817 165334 155998 160922 161877 161929 163006 160591 150725 123121 1729 161993 155262 161832 28561 161030 161150 164668 160963 157693 160995 160209 169824 163440 163382 173917 153953 164692 162301 159389 161166 160303 13712 162969 183180 171779 160613 159110 159417 158668 163389 165344 160653 116016 156981 159734 156089 58645 160221 147409 11995 162011 151771 153965 156573 153486 164982 164173 155430 162026 164392 163945 154119 159437 161003 175696 159771 160328 161181 0 164143 164228 156072 162056 164259 161191 184826 161794 153263 163472 179373 164711 0 161834 162072 157573 152222 155106 159728 163131 158309 171901 161204 160795 155234 162193 194865 162195 157269 163409 169859 158891 143074 165536 161839 161263 172027 165519 159475 160082 123636 145296 163431 161384 163514 158669 160262 156390 161863 156727 156821 143437 147601 148321 152887 160368 160245 157963 162733 159279 153493 154153 161251 172037 155204 161278 143702 147203 59034 137850 160306 153975 154005 179693 159800 154200 163482 155309 145775 124074 162830 149673 160335 160250 161284 162241 158333 160495 153515 158753 156744 124119 159813 147523 161455 163498 161318 160996 163032 175808 160379 183231 150225 161377 164865 92639 155525 162044 174440 159484 174552 128235 170183 157320 165581 162627 163553 154561 162370 162752 160805 163339 148731 166073 156614 164928 159074 160808 163456 150777 162085 162411 162182 161287 160329 154172 163371 163507 155931 157729 156400 8773 172032 165596 5355 163435 166205 150897 163591 164273 156485 163596 160408 156403 163601 156548 159256 163685 161413 174397 161982 162247 163614 163701 26918 161499 174627 165371 157977 160362 165792 161314 164647 161296 156080 158793 165842 89432 160247 162290 164226 153693 199472 159667 158902 13865 155665 155683 154927 154653 157986 155333 162325 165317 156848 161473 161061 161488 164934 148899 159496 162264 158036 154224 163628 163635 163154 155434 143869 129604 159822 167618 154823 160248 160906 170911 164333 159163 144390 12315 145364 153008 175182 163738 157321 105597 162659 159497 156192 153071 162781 153603 154930 154034 159611 159258 151420 160266 150142 159535 163648 161501 155809 156567 168659 159831 158234 153072 162454 169831 161529 163988 152730 158357 172087 157599 163651 161332 161974 170919 155166 160683 157787 164997 21729 59419 172197 153769 163752 172289 161580 76554 170462 156578 165377 170724 162463 154111 164688 156871 191 161591 161112 149840 159187 160515 162479 161618 14747 159603 155177 156587 164399 1768 164533 169888 163660 153850 155230 163784 168550 162480 159644 162546 170980 160520 159678 163716 162745 154165 2451 158361 153703 154226 165677 158024 164340 164958 162256 154245 148747 193850 147596 156185 153075 161595 154370 163661 160940 155197 160523 155208 156230 163721 163896 106050 158243 164693 7380 159836 160815 158409 159459 168824 147530 168834 164347 165362 162552 161602 153159 160643 169000 161556 152247 165382 161651 163758 157435 163238 166640 163759 160360 160718 133785 165414 161638 156472 10208 155246 160822 161320 165450 155527 157202 162275 156620 161664 153109 162674 160959 161114 159860 151534 161554 152102 155399 161688 145719 170097 156558 160903 152594 162557 162562 159888 158273 161709 162648 155400 156711 172893 156287 154392 164756 160272 163736 162373 163778 153826 161023 175190 159655 158394 61085 164379 158485 158517 158466 158808 163998 160443 159662 159922 162714 165599 154399 147776 8612 161507 151578 162721 69541 160365 155784 162588 175631 164207 159729 153135 158542 160310 163801 159917 155840 160419 165504 36786 159749 156009 165911 162495 160018 158812 155428 156864 161983 162937 155541 163809 165582 160321 15421 155317 153257 164782 161002 160502 154403 165666 156496 161522 138474 28852 166308 22415 162421 163857 148965 155650 8626 160530 164429 158543 159793 164497 163861 151780 156155 157852 160042 159799 165639 162650 152220 162762 162484 172303 144394 4273 155692 164012 164008 160028 159322 161717 167722 161234 162104 162363 13955 165215 157375 159448 164301 8909 156280 140034 160049 157586 173282 160570 164402 161037 148457 163747 160078 161058 165625 159930 165944 153962 162505 161784 166762 160120 160157 171703 159913 166804 161732 164560 155754 149884 154416 156739 162595 4975 149799 160210 175108 138781 165708 163123 145883 162746 173984 159534 172343 163799 154432 163867 162829 138350 164590 163269 173715 148096 151955 143871 161825 156360 164607 165859 161364 157475 10260 163919 161941 153187 146121 156018 160218 161968 4755 162513 161496 153999 162844 156550 160581 174070 157725 167728 152938 163313 157247 158817 170981 154791 162841 164024 156756 154069 161897 163932 168873 154747 162005 166108 162010 167774 161972 153549 25143 163899 161065 163794 162130 162529 153416 140816 160008 157865 161443 157714 158080 164092 162879 158603 144509 168978 153544 161102 163953 156650 156805 159639 171224 162895 156613 162664 162940 164009 152065 162894 164613 162257 152978 161441 162919 162398 153723 160216 153299 160278 164073 166587 161597 161454 162013 154443 158956 169900 160341 155687 160681 161383 153559 164802 162932 164766 171528 159107 153593 162051 36938 157890 148503 150322 164623 155715 154691 155810 150032 156808 154746 162971 166115 171731 162649 162045 158612 159329 155477 170083 153575 166810 156880 163132 160164 160781 11811 155798 162579 162962 161550 162114 131632 163955 156983 163277 161641 162773 162947 155846 166794 159115 164437 162958 155891 167858 157904 164015 149010 157004 160759 157002 164708 156082 164094 160041 163106 160351 162064 155270 165053 13019 159727 161712 0 160228 59976 160354 163585 160113 145154 164681 163975 166896 162201 171849 157026 160418 162795 154948 164103 164675 161464 158005 166143 158881 159738 160146 172376 161842 164125 170098 171868 156691 163900 160574 158634 0 133062 157123 128588 162359 168367 12233 161782 162986 165925 162163 165831 130280 162966 163469 153753 153914 158639 157308 159114 157914 160866 154816 162054 166956 154926 154807 155914 163009 162196 162447 168993 162095 164013 173529 168451 162371 156823 156116 162559 167013 170149 162988 163682 37645 156828 154864 162269 140825 158156 159196 158951 162991 160258 162116 172700 159841 164022 160340 175899 158161 165936 165922 154892 163104 162998 166034 163961 157981 21845 163003 155979 155664 160359 3318 162379 164174 164175 158246 25214 158779 162657 164032 157023 158261 174468 163035 164055 162390 159341 164079 154276 160933 167105 160491 154950 163074 151156 144440 152488 154966 162668 155030 156007 160271 159019 154975 165799 162221 159090 156278 160369 156917 158853 183719 170531 160972 154201 156617 158310 170874 35518 164190 173513 164231 170675 171872 162197 161723 167081 164236 163033 163059 162137 154457 159843 162682 6405 157035 166330 60388 152704 133109 157323 162158 164261 158856 161802 158434 150232 155256 160249 162278 163520 155207 112885 161886 160587 153628 160404 164919 158391 163107 169199 154324 159874 162766 155409 159864 164968 183084 157062 158492 162420 166302 157063 162211 162435 155768 139006 163547 164722 160061 162439 166367 165959 169568 29537 164324 160594 184872 157230 107086 46472 155239 157136 161013 141180 145228 156112 160605 157115 164397 162478 149187 160562 165045 161892 164134 154483 161746 164371 165036 169916 153618 163658 163305 157241 153873 156211 160416 163562 164719 174084 30146 9501 173056 164438 164449 160607 160630 159054 165855 157331 4322 158564 155492 160442 168582 161910 176310 165381 159045 165701 156252 160454 152264 161137 163064 160686 160656 164293 163186 154504 164113 94268 146237 154538 166065 163126 163012 157135 164458 148333 162890 162493 161945 2818 157425 147863 156339 156279 158757 157168 160094 163045 162593 160748 164345 175304 145465 161048 164472 148761 162533 161193 163168 162676 162806 158520 161975 160816 160835 162041 153874 152375 157816 168730 167240 170736 160678 87433 160975 160136 70927 156444 160849 161209 163041 163171 160689 162551 162683 163091 154496 161987 152592 160725 174038 164534 165328 156498 160971 174219 167432 153876 156451 156467 156282 162666 168070 161306 155564 4408 4984 104215 163089 156299 166261 159931 172007 8811 165501 164495 154566 160165 156606 150342 161117 88418 162014 163795 11855 162138 164548 167316 162142 162263 164763 158834 164215 130617 164206 171197 163500 164732 165820 161176 155132 160573 141241 160168 161329 16615 161336 155367 161774 164584 175502 156474 160789 160183 162303 12738 163394 130662 156608 157523 164824 161293 166578 163694 156616 157585 174874 153981 162320 159208 163192 172052 159077 157263 160834 160838 162558 149281 163098 161303 159285 167183 156639 167321 0 167483 176134 15395 155426 157529 163133 162179 164328 160185 154593 159165 145240 158859 7482 157532 157298 7367 162673 165652 145653 163278 162832 115599 157594 156723 162778 8241 165735 162961 166196 152791 163140 162023 160510 157738 156568 11540 179290 157649 156640 167975 164557 166259 165724 6801 156510 8311 154248 168718 162388 163193 163004 158746 184201 160531 162308 163425 160869 160872 155651 154605 162334 157915 163145 154252 154720 163203 107413 162357 157755 160874 155455 156645 158851 160536 3992 155700 156709 153692 155010 161011 169017 166369 162213 157951 171880 155841 164591 157648 164530 165869 163223 158903 166013 159314 158106 156648 188814 163156 155581 163508 164597 164611 147662 160917 154104 175331 175466 157761 156654 156812 160623 162467 182254 169178 6918 166211 3425 161616 153830 156854 156045 166219 166450 163147 158917 73397 166648 157356 184835 162901 164733 157958 161371 152866 160947 162527 159466 170801 134452 162549 159690 158136 163471 163544 159490 82906 160966 162554 161429 163444 145703 175625 2721 160793 170087 161080 164834 173261 160994 162555 154091 163902 154294 165870 34823 161805 166344 185230 154269 154875 162125 157628 161708 164792 162258 163592 161001 163233 140243 149306 161465 167508 171005 161827 16366 150507 164795 163551 172136 161195 164853 138943 6997 160547 16329 157879 175704 169251 162217 158037 158054 164883 164567 161201 189529 158236 164631 165783 164885 162218 162338 173443 141256 154270 162677 157818 156860 15612 104238 163549 166669 170502 157132 163289 163314 167445 106154 154304 171028 161012 163497 154804 2550 149115 163085 173940 164918 179803 164671 160447 167807 172264 162352 13105 155045 167503 173386 156117 158353 161049 162719 159056 164914 168753 154449 162904 160569 164922 162356 165335 157855 162771 158407 159284 71497 166028 54126 165921 166477 161230 160578 158482 161151 171270 160862 164964 162787 170791 158087 162860 154479 161865 161500 156700 164945 166487 179878 161288 134545 166664 130669 164992 162392 82955 159323 166479 163563 136785 161395 171093 171407 159167 169136 165945 146273 167828 158936 163477 166510 154306 159547 104469 154517 161479 163521 163190 163114 155099 159204 163603 144482 164955 164940 166727 163569 166637 163753 162855 161066 166730 157741 168301 155655 155143 161401 155580 141549 157926 165011 164961 161210 163375 164815 155170 154281 165025 163599 165418 68120 160811 159579 165026 154672 194513 163517 163513 155217 165057 162018 157961 176873 159206 189265 161714 166787 173991 141896 12061 165707 160455 165060 162922 157934 161229 166811 165061 163608 162592 165812 162930 165580 175741 163184 161871 152859 155421 163620 179911 165947 173597 163191 160466 163623 161367 163643 161242 159215 156907 162933 162403 165980 72491 97745 161633 165138 166829 163647 168237 164224 145920 149492 163267 155623 165064 162032 156850 166035 164636 155500 171791 161856 159770 164988 157980 163296 156136 161249 156901 83520 163667 142131 174345 165566 158996 162094 156862 156909 165069 155761 157985 156968 160193 158017 161483 163575 166047 162482 161900 149643 1528 156944 160233 133902 174415 167683 164666 158151 163676 158044 154709 145452 154440 163877 155805 170428 158159 161924 160309 169020 157001 130828 154879 155808 163939 158512 140871 155210 162581 169389 162965 161256 165960 162341 166114 162609 165961 168384 166218 159763 163696 163465 169938 165071 164366 165080 158759 158059 158998 146171 159272 162979 162512 167030 172428 152882 159792 163700 156953 165095 155877 163625 161327 163730 150669 166129 153137 157024 148547 162416 155884 161504 159354 167535 107799 163027 156151 161525 161690 125921 164869 146455 159381 172592 163841 169458 158272 107918 165130 161702 163703 161727 139186 161051 142168 153816 161630 166291 163201 155510 162661 165277 155512 165118 155901 158293 176913 169492 172192 176989 160610 158380 156021 168144 27330 165298 156097 165126 164180 163292 161979 146878 159249 160626 162594 142772 166564 166680 162909 157034 162915 157126 169049 185713 165142 159898 150792 149542 163729 16913 162613 154131 158547 161762 149662 165312 180686 165358 162660 162022 154478 154581 56463 159304 155586 164876 159510 10168 154918 157028 154856 158143 158189 177071 171817 162061 165027 144182 167038 158386 163134 173598 164289 165154 157150 160632 162684 185648 160521 163884 163815 150814 162464 161675 161764 161213 159300 162918 150054 167042 166786 154439 165516 165167 158880 182172 159411 116460 155704 160895 162931 163555 163099 163159 157069 161799 161091 162123 161935 167079 170244 166044 168914 165189 157172 169699 162172 163172 8313 154451 166254 160452 159703 175570 157151 162210 165232 107949 154881 165255 158572 158886 162853 162252 160741 161355 164713 180346 165259 169246 159443 172237 163742 142067 151172 162670 159447 174703 172307 150609 167350 166928 158177 158480 173708 155018 165346 160242 161369 172373 164271 159748 156445 165282 162526 165646 159478 162863 176818 168725 155046 167173 164155 160773 170838 173862 150643 163209 166111 162171 165985 163657 149660 166209 167745 165284 161905 161951 162589 173796 165347 166268 159548 160779 163119 157138 161882 176002 161901 137564 165445 156843 162590 13704 72629 161969 150916 163161 163268 164820 161716 163702 165123 163359 163776 161668 158508 157009 165287 160893 155043 158495 158502 161706 162886 167764 161399 176936 160534 156563 169393 155709 163600 157187 158505 167967 163445 156220 161704 163505 149828 161811 172531 44620 116973 165570 130920 158659 159856 158729 14938 158907 158230 124163 159693 162253 167199 162296 169582 158969 165151 159785 146979 165514 159789 12158 159844 165653 151499 159916 168751 162007 163065 162087 124664 151535 163781 159527 63473 156715 166368 165195 159815 12673 131152 163217 161896 158874 158836 157336 157199 156250 155133 157354 147626 163528 165719 158289 170988 162782 162300 162603 142097 159824 163756 160074 162287 163225 163785 163250 156329 158913 163796 158378 162328 162470 174803 160070 77026 165288 144969 166374 167237 163309 163325 172609 163302 159905 170059 177234 4015 165368 168093 163336 182280 91920 168193 142149 156430 164045 157337 157326 155066 163863 2909 155079 163866 184401 163912 164112 166802 154737 163228 166945 148139 165440 8316 155156 164025 161954 163486 161432 96733 162833 162004 67585 163393 164196 155151 163266 149873 162016 160567 165309 168385 162030 47019 165310 4368 164133 164140 157485 163337 160166 163014 162387 164158 160930 156511 169730 160593 172752 171464 8971 162639 166734 163088 163243 166161 177405 154609 164185 163530 155743 172855 17866 158561 106738 158695 164660 158918 159004 171828 14887 155474 159858 165727 163802 166950 163360 163589 177311 185949 167201 163259 160255 160654 156777 162073 165394 157503 163462 68226 162060 158654 165493 161447 162128 166252 162267 160682 160931 171937 165396 165313 13469 165419 160722 159907 158745 165745 160830 164197 163824 158794 163265 156600 163590 165805 163219 164685 161067 164205 155764 158933 160846 157342 160735 158787 148394 158950 159145 162521 158953 156354 159002 159953 167181 167440 166037 159954 163868 160118 155201 159207 158750 166558 166360 157386 165361 166061 148509 160462 162348 164217 154785 177451 163673 160393 13746 166184 12263 164373 162146 160932 150728 162208 162378 165804 9507 166375 170092 166591 164287 160954 155906 158939 159966 157285 160694 72753 157486 166025 167223 161240 150350 160927 175262 165369 160961 162538 160778 165424 160983 172667 164893 160993 163890 156858 166753 165550 163847 161681 163470 161031 163494 155610 180920 165464 8830 159011 162386 160294 161462 156906 165374 166969 165469 159209 173947 163611 186703 167233 46519 161041 108280 163545 165818 147128 162671 138159 155635 155645 160025 150163 151175 165551 167330 14283 156253 169532 166462 162156 156491 16481 165558 157561 165561 161844 160364 166989 150782 165583 163875 164764 159228 164837 166526 167519 139267 162183 157003 147459 163692 157554 70407 157566 172686 163361 154795 14057 164384 166372 167525 158790 174020 167709 162192 164306 162769 155366 116958 156533 157162 157584 163718 163885 163400 165268 167624 159391 150783 169887 163300 150840 4174 172692 163048 163356 162215 159027 162840 159307 157815 162394 162615 166778 177482 167668 160380 54522 156599 162691 150868 157409 162996 139603 147647 164627 159593 163892 164757 157193 161266 177639 169952 161175 172599 156818 170109 168925 163793 155991 0 150981 163063 142195 166429 156393 162314 164307 173642 172918 175667 166346 160397 160414 166364 163911 164316 163502 16156 172710 160812 160399 160939 162764 163665 171229 163129 163931 148033 165595 162404 176081 162698 8852 155392 15635 18348 8867 155856 167717 161546 163929 169078 163737 161338 164130 169176 138726 163943 165341 163381 165380 159073 161837 148648 160076 161623 157197 117534 166386 151324 157615 166444 165475 147634 150789 165597 156415 163958 163579 159369 162354 165624 155673 163619 163419 165623 155922 162077 174166 168663 157458 165483 161798 155980 173077 166057 89714 163750 158828 155789 157373 162336 159849 167055 158725 159384 170113 160513 164027 174492 165676 158862 163347 160079 17938 161466 157459 142329 163763 162716 162727 157679 8904 165790 162859 167486 160526 161297 161919 164395 72742 166549 131594 158976 166389 4815 164867 165907 162417 163870 150891 16321 159095 167921 163845 157415 162374 119083 165969 162422 187025 83575 176105 163855 157992 157626 162812 163860 164320 165700 163455 10313 164036 155983 161132 157652 165808 156980 164413 163949 159420 164004 162099 157657 162866 160552 156441 163986 174562 154997 157446 161221 172396 163531 163606 164771 160776 160633 167206 167227 160230 167129 159950 156957 157736 164721 151692 155076 162805 160449 164023 167305 163710 163616 158985 165714 159021 164829 162916 167382 155071 163618 163754 164159 163686 162391 1533 37069 155116 164279 161374 164061 163704 107415 153316 163800 172530 163095 163183 160472 5764 163808 167597 161538 163311 160470 148349 170138 157416 167001 167272 162496 163834 160204 165732 163765 163941 162686 164016 1807 161636 161154 156375 149200 164348 164119 164089 158496 160224 167200 163827 159140 160999 164455 164138 158335 162981 8951 131659 163387 160563 167447 162511 155609 169419 164120 151411 151792 164141 160690 162997 173225 164147 159264 182497 180490 168810 164142 166655 163447 177921 166706 163987 165894 164160 163985 149074 147723 171457 159372 163561 155612 161351 155253 168898 164171 165743 174929 165978 170169 155565 24379 166554 156001 162679 160580 164183 164234 170293 160814 160731 155593 161422 159977 165800 164500 172793 165141 151839 164238 169545 164090 159166 155615 166857 161888 163832 170010 159413 46296 167568 166575 164043 171730 163914 165746 162426 165563 161155 157790 151925 167672 166659 167748 172555 176956 164186 170563 164846 157226 164923 164938 165836 157798 160991 163926 155791 156492 162999 164248 162763 162796 160841 177211 164272 164294 155866 2511 164308 161908 165862 166064 165684 166724 144617 156580 164193 163577 164535 156521 165755 156761 157231 22317 159550 157788 161017 165883 164466 148495 157339 164536 166723 164144 168169 164720 172862 157473 163079 159186 161218 164724 163598 165785 161068 164356 4403 164242 166234 170451 159188 167692 166445 157405 164255 164467 163971 165306 164047 170482 164070 162740 164367 165826 157482 164258 164931 164274 159685 166499 161172 156562 163165 162880 72459 167699 164281 165887 15083 164054 169577 151936 145021 164030 166860 159190 166862 163322 158494 165044 155887 8984 165912 164586 141732 162567 165108 163766 164493 159571 157672 164292 159202 152110 165822 162173 161542 164210 156728 166803 164411 163373 161276 164540 166935 160487 167962 163174 164368 162775 165992 170738 162662 166032 159612 159010 162811 155899 142568 162831 162883 162929 161876 156069 165132 163015 164264 170742 159589 160970 165136 167047 164031 142877 157710 168052 164549 164855 165340 161286 121988 160022 161382 161305 166004 169816 164388 163889 159057 164163 20946 165399 166963 171520 167747 161824 149896 159227 161376 164085 163610 161182 168073 159586 173439 164165 166040 156133 161963 168077 166046 163175 167035 159570 15785 172771 165442 163664 157789 161740 167750 166095 169993 165480 161339 161387 156914 161966 157042 164717 159663 175702 161396 164630 157906 166121 164781 145278 161400 164821 157941 170448 156537 162098 54752 167048 158072 165867 168610 158726 159754 162838 164188 68239 166635 152663 175349 168189 159086 159742 165509 159241 166126 166128 150949 164598 157508 158334 151981 158667 164632 161491 167061 161994 166852 164044 151311 121064 145922 171876 159746 156598 156807 168076 167118 148853 158594 152914 166150 167128 6373 164184 163138 164833 161407 169840 174052 164662 164266 161416 157796 165512 172936 166157 164706 163189 162925 175402 156059 161620 163210 164250 163698 177579 168239 166163 168920 157999 168274 175083 162106 157994 163385 163222 157746 162113 165010 162166 157591 162198 157777 157631 164624 163260 157449 163518 164642 162017 158672 157504 157055 164857 164108 54192 164644 164897 165673 166545 157835 164542 165015 163368 156494 166295 14344 12088 163365 167601 164199 161659 166247 165689 162199 142643 152336 168502 152860 56901 158115 173025 164965 163392 166274 165171 35843 143323 161625 68745 161442 155287 158051 165065 167775 151803 166363 9509 162957 165952 161678 163968 161185 166257 157192 162987 164655 167148 163533 159631 165964 161680 150282 166551 7611 153166 33566 161701 152558 159750 158134 159277 163221 157521 153411 167160 22592 164263 165242 6435 167168 162238 158142 156833 163715 157733 152684 132053 164267 163227 166304 163595 164558 165704 166957 157763 8383 161694 164286 159303 14184 164314 164318 158696 177838 0 159022 168508 164325 163733 156071 165262 153517 166611 175858 157893 162690 157822 159328 160086 164331 156520 172956 163488 170752 159821 165352 156085 159393 47240 166465 167443 157775 168673 158193 175933 169443 163075 153631 158644 166725 165008 163279 166494 162786 159150 167906 150252 176043 161715 157939 165086 164451 166410 164335 160877 164663 164787 160080 161731 167778 158704 154267 164457 166301 166435 168806 174072 164871 158206 166529 163334 162372 156642 165121 164680 156786 158219 167805 164825 178003 141517 143114 166453 166958 166212 167815 167943 63586 166278 173019 164473 22757 164768 153579 153773 164354 165129 164058 163352 162035 157848 168334 143278 156927 156456 162323 162380 165308 162399 167956 112173 165795 165865 165144 12566 164888 165315 158238 108617 167515 157956 158710 160106 168035 167528 146010 155259 164071 156738 168986 170311 163398 175003 163163 157257 14449 118020 173555 158269 167964 166056 164357 158279 166455 161751 162489 187556 72908 164790 164363 14194 169107 164235 169183 158336 163407 163413 159932 158513 161756 161813 164826 151686 169503 162433 166548 162813 70412 164516 150485 161444 156990 165656 164381 164420 162868 159398 161490 164515 162535 13870 162541 163034 166728 164432 163421 164894 161372 166559 163529 154356 57170 169542 166472 166618 160684 161874 155411 165219 165507 158055 163910 132097 158296 158314 165186 166582 166645 165225 164810 164529 159955 173213 165194 166827 161391 158343 164517 161879 167972 158715 169007 156950 159970 162669 161912 157388 163453 166504 9332 22792 162848 163668 163709 164479 146501 162432 168103 164425 158526 154967 164828 161838 166699 163777 164587 157015 158344 167529 174027 173162 164895 176152 178826 9443 163751 167493 162692 166965 164096 163274 181472 34330 165019 150805 146346 164302 160099 14259 161852 164477 161930 165875 6383 164909 159491 163524 156767 164608 142882 166948 157333 165594 151078 167009 164638 158398 157056 152697 163783 160125 163642 175087 162699 167136 164524 167542 164640 162503 162000 157973 150551 146732 165202 164555 163554 166661 161482 160147 169104 158549 160155 166595 165218 161606 143490 154678 147071 161670 167591 168056 161700 160424 150859 165880 163299 159053 98078 158743 165384 157978 162872 168218 176186 165637 162066 163605 158265 158677 167993 161692 165223 156778 166743 168378 159463 156810 142879 152751 158841 162508 173108 167622 162212 165031 159526 17956 158754 165048 163744 168654 160261 165645 160198 163527 157507 162744 158079 169574 164970 142529 76577 161939 164880 158766 168463 169182 158268 165000 162757 184409 161942 166248 163621 160519 173158 162759 162839 163813 164650 166930 168428 166784 169292 168467 164664 167632 158844 160331 163839 157297 167170 147997 157899 150764 164440 150676 161956 164694 160342 163552 164339 165428 174639 157403 168747 163564 147362 182276 149090 163615 164601 39133 164749 162989 153488 102115 166897 164881 165058 162437 158923 158326 166955 166780 165943 158775 166754 161965 164772 164910 171204 163640 159105 132551 22954 167721 165209 164712 165224 167194 176298 155981 164716 4845 163684 164936 165068 165649 170779 167197 162012 164616 169838 157432 165152 163066 162731 70547 22951 158405 165456 158497 162873 163087 167360 165246 158802 158453 158820 160707 173196 164676 166525 164703 165211 165227 25290 164948 164967 165650 158829 168187 167390 153872 158879 160337 159161 170774 164985 165664 157962 169968 164406 161999 165292 162214 157535 167838 158904 164924 159553 165293 168764 163650 158934 158940 189362 162878 164901 157284 168054 166864 163848 172666 158919 164726 158534 153959 159560 163714 164491 168461 159591 156091 168146 178025 158959 4018 165013 166882 159071 164729 157555 163825 161703 166977 158944 165895 161544 162202 24637 159802 158048 162935 164770 159629 168201 165609 167934 162039 150904 134972 168460 26312 169651 162092 25262 164739 155480 165303 149299 163862 158585 168284 159290 170792 160430 163062 165122 160546 143529 168462 3188 162945 169364 165759 167051 153513 169398 158052 168293 164777 169192 168596 169997 167453 171009 168804 163096 158621 166018 163894 119867 162823 164797 162174 170319 158068 165319 162200 167226 163923 153541 163722 169709 159990 175374 164905 166942 164661 165059 4446 168430 168042 167332 162227 165854 156874 158807 164966 164803 157513 158747 166976 167688 162230 162176 168542 158130 164845 165345 165078 169751 165775 165405 155308 16953 160758 156875 163180 174774 155514 162292 168339 148960 165175 157630 167375 164838 166132 155702 165411 162315 162330 164990 178387 2270 162342 28578 162381 170144 165321 155937 166063 22338 158202 163940 168578 173218 159147 167336 157043 8969 159139 159686 12335 165018 162741 167759 159826 167368 159697 162408 168839 163216 165455 158203 165024 163915 168553 166149 169652 157084 46 166151 163951 159172 154658 167502 156479 160763 162409 162861 168882 173280 157171 165180 120159 162414 168280 165466 165467 167462 163148 170966 164313 173295 163308 167418 162419 163294 170052 158778 167520 164841 163566 4507 160657 165538 169691 163969 161705 0 159708 25434 166060 162856 162442 124578 163748 167812 158929 11601 154915 150179 163200 168887 171596 157178 168895 171085 162430 173430 164501 163967 171123 162564 46318 135015 158977 175433 135311 160067 163312 168913 26143 159052 143333 10306 167548 165611 162885 172017 163984 18138 167820 158307 163764 160134 157200 173575 169286 162970 168643 168955 157207 162434 162990 161592 158938 165425 165323 169721 160471 190198 164176 166781 160149 165858 173783 160712 163173 160715 313 163118 166206 178492 163810 170277 169330 165686 160738 150785 165879 164223 126696 168991 168049 160052 1557 170384 165486 163422 165810 160775 157210 109827 164299 164971 173867 159153 164037 159063 165900 163430 162451 161795 165682 160801 167102 169870 158981 159292 164303 180868 162871 91 165697 165457 164042 143680 168343 168362 165482 194230 163550 164979 180971 165711 168095 168143 158830 178921 158958 150926 165063 165490 176250 158247 165030 168414 2176 162599 159745 162477 175071 165099 167565 159756 163039 165499 162545 165815 164864 160187 165500 165906 165523 168561 165147 135465 163723 159395 163816 165567 158349 160214 154110 2269 164870 81195 159046 165860 157369 162600 166245 150596 162608 160304 159125 164980 168619 163199 165932 159168 167851 159109 162184 164572 6417 135976 166284 159218 160832 170665 165644 161609 159225 162730 168800 159243 162561 175759 146497 160792 159358 166311 163204 164329 143657 57184 167567 171400 164330 165601 165672 164355 171776 165886 158906 165986 154203 170438 163232 166122 168336 170310 160311 164082 162884 164062 165170 167569 163388 157642 166356 155537 167625 166361 159305 47463 165201 169118 14160 159104 175222 163412 175996 163883 165521 164981 166300 165628 159642 187858 159373 160754 165172 143397 162623 180117 155657 165722 167784 165763 169167 151481 15379 159501 160384 166008 165915 157721 162689 165728 155918 165930 167883 165040 162948 5501 165216 164369 164110 166348 166357 165691 165184 158443 161025 159458 167679 163844 179190 159555 159317 170441 158768 167158 152847 163436 168593 165683 165937 165266 153619 165289 165905 163882 165185 167161 163480 165693 160039 172564 160845 165720 159614 176068 1735 170776 168779 173789 167789 166014 159130 170561 132808 166377 157372 163525 156638 168398 163143 165794 157735 169693 166424 167867 163903 164419 15696 161495 165929 167297 151049 163725 153031 170661 165729 159318 169259 104631 163111 162700 166398 155782 161926 166048 163942 171423 176734 142549 163659 166500 161915 159406 161115 171058 167885 164135 170856 165841 166089 176827 170670 164387 163956 166409 16805 166461 176325 72475 164506 159713 168662 163280 168924 172957 160045 127388 150873 160279 165974 162821 165387 166395 173260 161121 50762 163964 166074 165871 160407 166718 132142 163492 170705 170745 168761 2343 173373 0 166092 166127 167970 149080 171094 167260 167997 176370 9020 165896 166751 158180 158302 163237 163719 168021 159012 168682 160411 168157 168165 162407 162881 171154 157807 140277 169467 168211 161948 165950 141276 14266 196143 163310 166130 161485 2285 170859 163965 170552 161978 166433 159319 165014 166153 163127 166828 159331 163326 157774 164520 12295 168226 156084 173118 171738 153344 165391 157426 157418 164202 160876 114110 165671 166176 165834 161906 166546 166536 156404 165524 167277 159744 176433 162431 159265 165149 163273 159376 164157 7369 165971 159424 165776 159396 165990 166225 162899 164240 168904 164751 166814 166543 159149 163804 165205 168928 163070 168257 64143 160945 158507 176754 153689 179856 166062 167166 168781 167611 159837 166272 168798 173662 164256 166232 163535 166242 168181 159790 107841 171297 165401 165833 60725 160429 165458 163908 165908 159943 163252 165951 0 160324 168957 35887 168260 159848 158684 162444 168842 164249 159511 167481 160451 168805 162847 176842 168041 159441 162259 163771 166159 166179 171450 168856 163854 164518 39142 171761 163979 163904 169079 165150 6384 163522 168829 148927 160493 156481 160436 167661 180151 159525 167187 157606 154380 159528 136147 16132 165072 161511 171496 167283 163364 182041 162500 144191 167028 163727 7698 181030 173916 83273 162889 163433 171173 166271 185435 163938 168917 163755 170392 159587 159470 163532 173381 173437 167340 163286 166277 163788 171311 167936 27732 81815 163655 160505 6449 157905 163374 164391 166695 7817 155874 160011 169045 165235 168135 166273 157812 2215 163663 166187 166537 167547 166660 9025 167575 166260 178611 164683 158539 166446 173507 164704 151231 166017 159615 155757 167619 163835 160020 159698 164291 166019 164326 166031 163670 83474 170395 166834 160509 159699 147208 165119 156267 35971 171393 167395 176863 168350 160602 166142 163290 24305 162120 168299 119717 160669 4877 181517 67418 164020 166053 160736 166320 151774 165178 166636 160771 166042 169362 169529 159910 165101 164745 164034 148342 169145 164251 157699 164056 9001 156505 166403 168044 169169 165274 169903 165329 167098 19172 162905 164380 166449 171542 139483 171678 168379 167408 160859 159794 156541 162907 157578 169053 156863 160264 163780 159806 181252 164409 170831 162624 165447 163831 136868 159739 164161 159825 166328 171399 160742 173846 167424 166822 166066 167024 169456 158073 166072 166228 160873 167637 170171 159536 158200 169152 163056 165972 163935 168133 163330 7935 168342 168377 16359 154481 170882 160968 149142 165508 174131 163817 165511 161187 169189 162144 165133 163068 168391 166492 174243 160006 159702 166396 159816 174272 78296 176905 166630 159870 157902 190187 9204 169213 166617 164398 171714 168999 164192 165146 168212 149316 173192 159512 165606 167104 165331 16353 158345 159788 164219 163484 165973 164069 163141 169037 164441 166172 165148 157728 169220 159827 160746 143656 166631 162772 174327 165350 166173 77170 167926 143753 159624 166697 166677 164471 146771 164428 169170 159530 197558 164507 112471 164212 170279 152566 164580 166288 169305 162063 164521 167139 169424 0 159668 26751 166458 108971 165617 165199 171024 165241 164105 163272 164229 164166 163426 166702 164269 166709 169385 164239 6061 166713 164508 160797 181670 164552 67887 161202 164581 159737 176924 127429 159840 166733 160413 160914 166506 154515 159777 166029 176992 167149 168471 170058 169391 165273 20979 164761 167155 158574 166237 159877 164276 171606 92134 168442 161141 163479 167217 162654 166739 166297 160004 165355 164603 169527 164635 180429 166079 177020 178371 158401 164786 169528 164800 4502 164282 167320 171856 166792 179036 167429 165751 166316 148384 168386 163011 166817 159982 176926 163442 161212 167261 169238 186360 174226 167582 159791 171781 18168 171042 191351 164283 171550 4890 159995 177113 169285 169537 166599 165874 160029 164659 162178 166824 166326 166334 169559 160730 163536 167267 158069 166856 163019 144293 158701 170861 163474 166423 166836 160066 164984 17412 164735 167366 164284 163504 170473 165981 163597 156634 159224 171824 179731 161018 166840 161650 163957 162725 168837 168441 151782 166880 186531 181825 161347 164334 161215 166632 160056 160103 161310 163512 144555 167419 156130 165627 156135 160223 169728 160780 169290 163144 166167 160128 177185 166275 165360 164804 133745 171906 28855 16400 166420 165837 164370 158650 166905 160238 166249 158376 161033 166907 168454 164408 12314 158722 169298 165370 169598 150743 169041 166511 166515 165605 158773 77702 167890 166524 164421 176959 165630 164974 166586 130896 165618 165403 153825 166615 166623 169628 159298 158762 166656 164378 161317 162514 163580 169772 160196 163612 166627 163662 164394 166809 168493 166629 165569 164989 167472 161253 163587 158174 163983 148565 144381 166665 160461 165709 13521 165988 110658 4076 168500 166746 160484 166818 170938 161039 171918 169857 110742 166001 152339 167279 160035 163687 167491 160825 166714 0 169956 169706 171995 995 166428 164652 173533 163962 181079 161107 166831 165640 160055 143413 166169 158932 167929 166729 169747 167561 167697 163708 171948 166755 160244 165638 168060 166871 189181 164427 158440 170119 127534 733 161352 166005 160325 164504 164060 4919 182410 168647 164927 168079 172029 160097 170185 171984 152453 170237 163769 168264 165426 154052 160356 163774 158259 169346 164677 26283 168573 169779 158693 152148 170951 171242 164439 166937 168199 166010 167770 160251 161695 164682 166485 170309 167644 166188 164452 170503 161386 169311 164957 163922 167776 143848 167809 167779 159338 149648 160102 165703 171275 151786 166779 160179 167065 164801 167827 169810 166190 170478 167460 166823 167078 1750 166258 161322 161331 166440 166987 159936 144452 169862 166875 167857 161344 163787 167075 144314 152498 169504 168687 181947 159957 163846 168845 165054 165528 167101 165736 168661 160048 168074 168114 171495 169426 170245 165009 178399 167157 181681 168504 160568 166023 171370 165806 168546 144566 170587 161453 162951 171599 163888 169520 165280 168693 170266 164474 167083 174846 164503 9286 169043 14410 163726 171442 172173 160292 167849 160479 166941 172208 171837 141425 180661 160606 164861 164669 169321 164969 167879 169649 167271 156470 0 161587 164959 159462 160138 177159 165917 182055 163901 166051 166901 173540 161179 149722 165074 149681 166505 165928 164405 165434 165965 160619 165192 161398 167085 173818 160208 158935 141648 35772 164007 170257 160234 161439 169744 166238 37733 166984 168597 177239 165882 164993 168717 165515 172342 167246 164822 11664 160842 167253 156551 161697 149724 168648 153490 168724 161726 165001 160724 171276 167094 167887 165802 155522 150945 165864 160300 165285 164014 161445 161361 173822 169797 180934 166331 168767 168130 166914 182215 159704 160236 151976 163819 160533 165554 164858 164513 127644 160508 168321 164099 177301 170023 168891 168182 164169 166036 177431 163858 168840 164602 161403 159554 160636 174451 167003 155994 161406 49845 163231 167010 163874 167275 16530 167049 167439 165431 167067 158803 132816 167476 152586 177508 171391 172158 158942 159195 165592 186876 168892 161730 161566 145891 168630 168092 167125 167506 160861 166083 166414 165314 167150 163907 167180 159762 168483 169011 158962 160651 166422 161750 160283 171469 161753 167115 174186 160662 173825 157851 159569 164926 166452 167131 157864 172361 166497 165726 161463 160420 167235 135493 161487 164116 136175 160666 122944 160704 182519 172057 160848 160670 156791 162792 154177 169132 165769 160918 47661 165846 181755 165436 159814 166868 167441 170367 169344 177266 154295 167527 159278 168310 172527 160673 174253 67997 165612 167292 165692 163917 170044 172551 4807 161904 165655 167203 168221 165204 167372 168376 166460 169258 160884 167294 164593 174818 164963 166482 164127 172565 159432 164998 0 164404 164484 175515 166523 173711 161471 7893 1579 168043 165056 156228 168507 164200 160695 166673 161757 144596 151064 164035 169494 166717 163047 168590 10352 170029 168645 150091 144735 7115 163920 167097 167146 160516 161783 171568 160920 167241 167539 161791 167322 164621 170186 167175 160948 168579 176408 173882 198857 170383 159725 170621 164634 164416 167554 167756 166722 168167 164748 167817 169828 169040 120426 161475 169928 167381 168589 156477 162440 168769 163050 160699 160853 165819 159183 161478 144685 157160 168788 167177 161535 161797 156831 167331 167831 165835 183073 173839 167558 169679 154343 46384 177679 163948 170452 164101 168308 167352 111303 160355 167391 168706 159091 165941 163254 169092 161532 165336 169293 177734 168544 165796 165041 168552 146252 154469 168152 8571 165111 164812 164665 164412 160326 4571 177893 166570 169882 164430 150172 164496 159912 165140 164641 167407 170457 159945 166118 160548 164498 168357 172636 165213 168775 167911 170099 160692 166585 170630 168888 169042 134518 167388 167434 160604 168397 166758 3497 170423 173167 165998 161829 169146 169367 157243 161577 166168 166199 9800 160958 164670 166054 160501 164839 161014 166120 166799 170652 169080 164525 161885 181902 159971 30496 167676 152811 170706 153168 167465 166216 169685 11953 166243 167450 165827 167673 166740 164527 167511 48679 166624 151991 160826 169216 83644 160710 160837 166769 173933 166166 161583 177913 166772 166233 161075 170658 163288 169374 161089 170967 167739 169378 166251 165433 165904 163933 169925 167315 166825 165222 169015 165169 168823 160084 157898 161604 166305 162276 83964 164976 166447 164606 160855 169948 170771 173511 164609 164595 163970 162817 168922 166463 184425 167743 166246 167746 9198 165271 167488 166906 164622 168557 160924 165398 145047 159646 161634 166566 167310 132404 171096 164639 178059 166280 162100 154068 166418 142089 160642 167826 155280 152869 170851 164604 162822 160989 169232 169264 162265 167912 178107 153288 173623 170653 160263 170925 165327 166540 144840 178121 166601 168575 164696 166797 164679 166421 167942 171471 164747 170657 170974 154247 171016 151094 169430 164707 164687 167304 168331 164041 166946 164714 13984 164754 168468 166619 166024 171748 166806 156604 178491 164742 165383 164151 164312 157343 153301 170609 162065 164337 171019 4082 169018 160751 164791 167517 171135 164346 165253 130 158697 167334 14335 167914 174657 167536 171855 166516 111423 167703 164364 165982 168402 168474 167959 169518 171803 167523 167557 164767 164617 156748 184511 167979 161028 160938 15238 2591 160962 161124 168202 166674 170061 167590 169983 157467 161653 170928 168586 171866 160753 172068 161274 143918 170717 174858 161054 164643 166708 170084 165404 165449 168612 161916 160863 168523 169019 193507 171278 168031 161074 167631 167627 169600 173874 165427 150320 164793 164798 173966 168512 170123 166971 145272 169273 160909 164814 168680 161734 161677 160378 178153 169635 170214 178251 158235 92518 161094 178602 166837 159658 165244 161820 166843 167786 161920 164816 168563 166851 161059 175385 167862 160652 112899 178055 169312 164842 149765 12297 169332 152724 78007 170267 161932 164866 169340 186774 172093 166075 164365 121117 170693 166527 165496 161220 160295 178653 164393 169345 165574 165388 167918 167932 176269 164783 167630 166562 132455 167005 164917 168075 174946 164908 170721 162492 166335 161111 166235 160916 16662 162629 78816 166270 174206 169070 164972 171145 175018 169396 161232 161937 161165 161265 1790 167638 150145 170763 160319 160880 160385 161936 168564 181406 171909 166910 165373 160676 168269 170956 164946 165407 172105 165028 182266 166874 168591 174093 167966 170810 165614 167984 165983 150964 169453 161289 165788 166030 154519 161964 174875 166979 171313 174156 167670 168004 147832 166620 161038 95403 159084 170855 154624 161140 161078 171468 121124 165690 166883 167640 162647 174463 174514 174256 110545 166296 161223 165454 164710 145423 165803 166323 169623 161699 165113 157695 165114 167053 161849 166707 170761 161342 166921 165716 171375 169611 167435 164718 169644 168429 169142 160525 169661 145085 170929 165120 82235 145997 172464 171673 164736 167653 12325 162008 164889 160802 161290 157489 161389 169464 161938 162737 160749 164436 164973 162021 161997 169963 160799 29728 182524 162052 161411 168034 165034 165043 154639 178133 165931 167060 158831 169891 160839 167099 167725 187118 168689 169507 154475 199683 165544 168736 165938 173548 167700 171706 162053 61387 174573 169672 176413 164554 164702 16680 152954 1586 165079 170965 168752 171046 164765 166352 168085 175096 169704 161421 178257 161079 164937 172204 166145 166475 171092 169803 162102 168136 145279 165083 162015 178663 167255 171962 165557 170581 164831 154492 163974 165135 184731 165188 160897 162233 168185 169819 161424 161433 168759 161513 167710 159517 160810 171061 160871 165542 162900 166490 165029 72836 167211 168191 132580 169941 167210 165191 169624 170170 128271 165613 161458 167219 171291 166922 169849 148985 168198 161917 171619 167324 169723 162236 162148 169248 154790 165665 148057 169860 159805 169923 174695 174600 167032 162154 161415 168230 165077 169965 170365 174713 178716 169339 166967 160667 167351 162175 153432 170426 169827 162281 116956 153435 170496 174618 162260 172137 160512 3929 166785 161493 194888 168214 166994 166384 162058 168959 172167 161536 160990 169110 161239 171466 166207 169164 161517 162888 166688 168197 112677 167674 169846 154627 169982 168605 168271 169488 167899 161520 165193 174901 165940 162280 169365 167404 164832 168225 166077 165680 168328 165239 164849 177611 167684 165258 161214 170003 111744 165559 165325 167052 169645 166098 170101 168263 178754 168401 172332 161561 174670 166100 170542 162939 154679 161380 171112 167782 157618 167084 149466 169680 166158 167981 168447 165824 188132 168040 126845 161643 12330 170984 138189 164943 154808 159854 171408 166826 165090 182802 161590 146183 161164 165878 175112 168317 165643 160997 168634 169749 165477 4583 160949 178812 165007 68501 165629 47040 161646 165267 169390 170135 167057 161174 169417 167832 166902 170463 162285 167063 165247 170573 167687 176594 169736 145173 165351 168494 161366 175114 96755 169523 161503 176286 165899 168381 170159 174928 165721 6521 161250 168668 165263 165299 161754 165357 165966 174953 161082 149951 161340 13353 168506 165409 171122 164750 165416 156861 0 172571 189057 75037 168556 165417 167089 171131 168126 160969 172658 171248 163058 166194 167860 161843 163411 162351 171356 166528 174386 162282 170579 167516 160071 168449 174938 161588 113099 151099 18303 166892 165050 170009 171504 169552 181374 167603 165207 170163 167420 165997 160986 171157 175194 13658 170200 169864 165359 175207 171033 170221 161719 164950 167732 168140 167096 84419 168665 175289 141735 175115 167802 161925 154811 161685 161199 106432 170638 165208 167702 175183 165294 163220 165933 161768 162361 168473 118650 165420 174009 163307 160496 6193 182830 175313 171168 169640 165462 165485 143932 168715 161777 71307 171266 167106 52027 168716 175337 170249 168196 170290 165967 162074 169561 165555 171444 171456 168822 167114 165564 167116 162364 154936 167164 107417 170301 166123 161610 154939 146282 168786 151401 168245 167938 44171 165565 161628 171549 182852 166944 175340 6004 12573 160595 165300 168613 180787 166266 168729 137082 171968 170161 161806 165647 167191 170806 161720 33755 153205 170220 165102 175367 166265 156885 151438 174845 27276 167953 165332 175889 165106 165744 170646 165316 168745 162101 171976 168314 162405 168509 178068 162586 165748 143934 161880 2744 167931 167171 167423 167471 165547 167992 163593 167179 166407 166380 151541 160796 12196 165320 133412 181935 162658 168672 165164 175419 175636 168354 162401 165608 157694 7942 5014 168547 165197 178773 165155 169673 165659 167843 171974 171576 168723 175735 161981 170823 164377 154558 172614 166347 61028 174664 166858 166371 171640 168872 169929 175460 170312 165979 175761 166916 166400 153447 170689 170018 171924 167378 170378 171676 168333 166952 168086 168392 166459 161231 156277 168155 31524 156672 166045 165774 170213 166443 166696 165674 167845 168699 167058 166071 170725 165349 162020 168168 163329 168738 161976 169742 161992 169974 167386 165993 165821 161596 169003 168758 167479 172986 167426 129518 162858 161077 167056 172349 163762 154954 170007 177486 166508 164944 161683 162286 166532 176545 169076 160092 168801 162031 175117 171202 165364 162556 162327 170840 161826 168803 157431 165390 165756 144005 51933 170910 167172 171811 167693 168907 182078 155054 165228 162384 170227 167145 169088 151604 167499 112680 163803 48461 161300 0 170699 175456 170960 165415 163188 146463 170418 167095 168405 4821 16873 169606 165591 172064 165710 167744 175892 162445 183067 175493 171774 161129 162799 162049 163109 175530 5061 165715 162169 151621 158869 167753 182687 146668 170730 170734 162808 163215 171975 169102 171298 172569 171006 167500 154090 170450 165768 170461 166439 152214 154960 156460 153527 161130 168372 166474 156834 163402 166102 169139 166229 170030 162271 166563 169024 167848 165801 164156 170991 171679 170480 162530 169242 172159 165814 172091 167532 164954 172267 163338 172123 165840 163654 168598 166165 173100 8447 136946 174927 166009 178803 170495 170769 150048 183131 152226 170114 168188 162235 150064 161302 167880 188986 176008 165376 165437 155028 169971 168811 178814 166589 169261 161437 12339 161153 162317 125170 161952 167985 166021 166701 165096 163353 178224 168618 170500 171059 167204 188308 171323 166202 168825 170524 171519 167881 167231 171816 169331 168022 6517 164977 166239 168338 165103 162617 168903 167286 165725 175034 166070 167551 161551 162443 166200 2792 162033 0 146834 153567 162345 165452 144097 168115 160124 126286 165505 169333 169897 161862 160635 163251 166568 178845 162436 168330 160800 170623 168932 164351 12403 166214 166244 178876 169787 171845 166279 171827 162126 168382 171874 170247 172580 166312 167193 166848 160064 168427 161657 168947 166569 175253 169358 165843 162350 170813 157629 79725 169566 174053 84450 165857 168495 166600 174157 166287 166594 166720 176012 172678 165740 172177 168122 170454 196367 165791 168838 163671 168938 162621 165902 170762 153407 162520 166731 170320 168443 172414 167004 165510 167930 161899 168558 168505 162540 172695 171899 161167 183136 167571 166607 161178 153553 183308 172404 168958 168166 162029 168651 168235 156971 161208 14298 170772 184546 161778 128126 172205 168062 169046 170357 87264 171001 168337 161815 170804 151910 166345 165607 165866 170196 175695 162695 152532 0 166402 165548 167109 168374 165568 176191 172972 161203 165670 163681 162597 162824 169379 165747 166078 168160 166626 112726 171139 165750 169074 168431 166107 168210 27733 166456 167182 162815 157221 166737 166406 169951 168969 165758 171912 168248 165240 155185 171966 175705 147246 167402 166486 162610 165305 172242 168228 162062 161246 167186 155266 161255 168433 161438 170582 167580 168240 170539 166766 157250 165946 170850 167643 172435 162678 170203 168341 172447 172179 169429 189081 164444 162358 166002 167600 4413 178969 166007 163705 172250 168519 168532 6794 161440 165604 162395 166327 170486 168653 172448 144699 162851 169581 161168 163838 171144 167761 175533 170205 162523 162653 169455 162631 170215 171169 169588 170514 162882 171183 166850 169535 165957 171220 166764 162468 168527 176839 162090 167660 170195 168748 166853 162068 166512 193872 127980 165489 181037 169138 168609 162578 169032 136293 163887 161294 105044 166771 162642 162162 170258 8127 162139 175431 168960 172496 166090 157617 166968 171374 163745 166998 169215 166415 85267 154227 165994 152081 163028 167806 165679 167829 170906 162950 162574 166975 168037 166091 175490 176423 169665 150092 161841 167694 72290 165518 167872 168726 169802 167945 166451 134719 179152 145099 166960 167188 172100 166885 163972 170555 160111 169303 134802 162924 166878 163607 97620 16717 175830 162728 164046 165093 161353 166550 162827 166567 167392 169313 166608 169329 163712 169498 165909 166192 161687 151116 165823 169381 162976 168796 166954 169880 167192 161451 153666 165233 178900 167708 153892 163042 152599 164651 170256 171035 162780 162928 167012 170569 170518 168538 170315 171320 168626 1792 166712 167951 167740 179529 171152 170329 169120 168409 162168 169459 170146 170515 166776 168635 168652 162765 167092 166156 6833 166314 167017 176203 169121 184124 167960 166841 179652 169204 168534 154752 170434 489 162474 166496 172533 194911 154097 163060 171491 161335 167896 176715 167020 168100 167014 165145 171243 157365 168481 135971 26337 167093 153457 189443 166099 161459 155303 155360 147823 170523 176911 168109 162194 171280 161866 163128 169133 188477 146992 163837 85554 171365 169395 178880 4496 162952 162118 168251 172503 161873 0 169533 49069 179063 175934 169546 185407 167263 167070 166476 172574 170798 168658 162835 162718 162857 166715 171199 168102 167113 170528 165868 179415 172575 167373 169602 166141 166988 170546 169144 163691 160265 168105 171177 167031 169713 166286 171783 180232 157493 163195 168670 172817 163767 161461 155531 168243 162862 172622 166022 28132 168039 170664 168846 161765 167973 184166 167376 157669 169960 168419 169409 166716 168953 168272 167119 170615 161818 166644 168482 163850 169646 161514 21115 163081 163069 168691 169198 161655 167132 172516 162103 150231 155698 87905 170589 171264 172554 168569 9301 168896 162946 167140 174252 171081 162245 162343 167142 168296 162255 172755 171306 165177 167781 169307 168213 13306 173590 168595 166154 169734 163918 173038 168961 165385 163102 166397 167239 166171 168303 170650 8573 168364 166289 166180 165942 4676 165984 165495 99451 164050 179998 163110 169191 162923 171833 169866 167242 17096 166181 160401 169013 14342 152661 166793 74512 172824 167222 168631 169002 162135 164078 153610 145101 179284 175742 167202 171328 169420 168812 154256 163202 167245 162956 163179 162978 176221 172600 169048 173079 177900 170800 169442 168646 168327 162393 156081 169335 170440 168416 163182 164065 171529 162602 163198 172268 166124 169444 175939 171957 172440 168853 168863 166294 170858 169219 168875 163208 163244 167249 171350 167265 165575 167062 166339 6427 164098 167281 170162 169485 164403 170757 167270 162506 178243 164136 168742 167345 167385 168879 168883 168515 169064 166468 167431 163264 176267 166796 163293 177786 168721 170944 169912 168884 168424 148242 167232 30963 170580 166891 12355 161665 165421 161830 167298 154533 171569 162960 168893 170920 173091 171886 163124 146122 165446 191820 170583 168980 169927 9003 168528 167455 184677 163321 173095 166358 168885 1055 68757 169765 168465 180166 168741 172035 169571 168939 155148 169931 171172 168940 171315 161669 166210 172319 171316 169125 164187 196900 163420 161393 167300 169437 173157 172980 157514 189206 167174 145580 180583 165602 166185 196045 163432 172459 166520 164700 171638 24368 167417 169489 167333 168956 167285 169207 166808 173135 171718 162204 163214 168581 177023 176457 168297 152802 163136 163438 166325 155189 163372 9535 168968 192901 171848 163437 168996 170659 172053 173232 180888 46898 168973 168623 167446 169044 166264 176001 161761 169985 173103 168650 169481 167362 169263 170990 169075 166353 151515 163489 172341 172409 150352 169722 173124 173161 162465 160590 165642 164336 167236 170004 181778 167458 169348 163491 166378 166544 172347 170269 170005 169770 171363 166404 173209 169457 169363 170081 162164 184286 172992 166530 169100 172196 162974 172372 173267 2008 166820 169155 170106 169406 170999 171071 163090 167461 173277 169086 164470 167221 182017 163509 167474 169157 168486 169196 169906 167291 170153 168713 169868 75845 169521 169544 171113 167730 166888 172483 162494 176356 167346 176176 166538 172381 169240 178525 99804 120016 169921 162504 171340 162568 155744 167123 172495 173287 163542 171480 169410 157575 169856 167359 169257 155377 174105 172567 167007 170022 167335 167487 167370 170445 162584 176178 172612 121190 157896 173317 167422 16880 150443 164723 173405 173471 166603 167459 168566 99909 170039 170492 169318 163166 172525 167469 163226 145671 158197 171121 168792 172697 22965 169517 146357 173550 169955 167475 137773 166560 171290 170538 172620 171335 167513 163093 165668 162566 163287 172463 164730 170668 173115 163403 173616 170784 23182 178215 180002 163094 170683 166602 167452 172504 170077 166605 154055 162572 170112 146365 165699 167518 172684 176253 170323 163583 171512 167323 169926 159111 169291 163100 127272 169353 163169 170189 171420 170118 169461 165765 168567 166609 170136 27268 170305 29174 163510 169775 168014 173346 164773 8145 170389 147511 148179 169366 168601 168233 163499 173351 166643 182178 171421 161867 155271 167751 170458 172576 164095 166929 167490 171267 169477 179462 1804 176058 154559 150268 172758 167393 164481 163113 155633 113907 164519 169497 176531 172674 179445 7154 169435 170328 178976 172745 173384 167524 162284 162124 164253 163205 162645 157854 170537 170597 157920 167794 182112 163546 162636 176426 169383 162749 172711 170168 178978 163218 170184 174147 167072 163556 167651 184698 114744 159214 163257 120293 36674 170232 166662 176732 154587 168607 169474 170770 176215 162277 163235 171578 165853 166711 148217 167165 147747 166027 179321 159365 167588 169476 194879 172773 170371 168018 169920 163669 171590 177254 173466 155924 179481 162724 170250 169479 166943 169493 164179 170307 162753 157137 163707 170605 169506 152246 167022 170252 167900 170270 166652 176788 169511 182225 167647 180820 163239 162755 167645 169524 167027 171573 172801 164859 164569 72921 165134 169530 168265 170272 150824 167648 168149 172843 12411 170283 170778 166220 169387 169557 159508 170926 147803 170671 169197 171378 2842 169554 168704 12692 167723 163818 172061 167706 166307 166813 163178 166765 164372 178574 179790 167254 167752 167788 167901 181544 163853 176871 179376 172107 161425 169595 170317 163281 164086 170794 154643 164952 179257 169556 170830 170977 172904 168164 163258 172910 162491 170342 170035 167762 166198 155516 169579 171603 171117 12396 172934 163282 171138 113346 168186 169637 171664 163609 168295 173310 164562 164114 170340 171395 154722 168830 137684 163135 163927 172935 173012 164697 176970 164222 171815 172299 164709 170640 167076 166610 170723 170041 99590 164309 184189 167100 167773 167074 157927 0 167480 165451 169134 158610 129448 1596 167269 173055 17026 167485 162828 171631 173099 5185 177115 170751 167792 168305 173409 167987 169565 17373 170382 73214 167801 170385 166703 163112 168324 109901 169642 169433 170834 164122 173231 161508 168241 155816 166290 162396 180120 158212 169563 167886 167823 164296 169681 129109 167868 12439 166819 169570 165498 176223 166873 169648 147890 162601 169583 166401 171650 154949 9239 12464 170054 176256 165537 170431 169895 179950 167512 163617 167121 167278 174005 160703 171739 162820 163772 166887 164734 167800 167656 171481 167178 171088 173127 155292 182372 165884 177362 180332 180339 169585 170467 168273 167855 158670 113694 148106 168426 168756 173121 165634 171474 170940 163792 13534 171890 148548 170897 164778 167909 170645 163401 180415 176260 167307 168783 170275 170405 166933 167681 184758 169639 163977 173169 170447 163301 179509 166995 170180 158664 176345 166517 167371 170957 163678 176333 177802 167821 172304 152816 169608 170386 171165 170507 173464 164375 168525 165889 152862 168551 155729 173125 177980 170529 94115 158955 169696 164063 169620 169058 173245 172615 170962 163351 127443 29342 171831 170333 170900 162980 163464 157058 161918 163713 163384 173284 168223 174110 163822 172121 167889 170557 158765 174675 166576 173364 163516 173436 167917 170607 167019 168862 169724 164149 163467 169917 169431 162949 9253 168026 171432 174798 163105 162760 168192 162968 171226 168057 163399 173532 164610 166349 165903 163560 158703 169896 166634 167884 170403 98 157502 167701 184767 9394 167363 166927 168437 163340 164026 170848 171846 179640 164808 172718 167380 165914 137837 172728 167026 155323 159030 168250 163333 169719 170892 162145 170352 164214 164656 176429 17405 148788 185599 168941 173574 167384 164648 164776 178395 163350 167406 168013 18392 171055 173228 170530 173667 177307 170591 163020 170604 167950 165039 12619 51941 168208 173175 164785 173308 174960 173722 173749 170921 179543 114776 170924 173831 180436 167045 168059 169674 163976 165898 169486 169553 152950 177539 170013 169622 165206 170707 120466 167509 167939 9259 167135 167510 169638 190613 161785 171020 161864 167664 168176 169950 17297 165104 166391 165221 162788 185091 179595 172839 163086 167195 12375 166621 163446 176659 169578 163149 168256 167230 178991 169826 169662 149004 163570 172188 167215 165916 168065 157256 167282 167612 170710 173338 172278 173271 176763 171527 170015 185946 171595 173664 168559 167742 176865 169627 171034 163629 165245 158231 177387 171003 170799 163842 177536 173750 168577 171073 171018 179291 164840 170930 105810 167988 185134 4525 163578 171078 171907 168683 37691 168640 145126 173788 146075 171798 170049 170540 169845 171083 171039 167216 52256 172661 167405 169694 170824 170363 163537 162232 159032 171070 168137 174095 164167 167811 181664 163891 168067 169707 171099 167902 171136 168158 168080 170812 172293 163630 171143 171279 169597 173816 168097 176974 156350 167530 169899 171193 80003 168151 170948 163639 173336 171086 170051 163743 172370 171200 170414 171807 173836 166020 171260 168174 176868 170435 171452 161872 163181 159545 180651 164315 169800 172426 169718 168121 166175 163768 168499 171130 166015 164029 169806 170551 170964 168664 167910 168298 164100 162310 172743 168971 166338 164674 170963 170976 166535 167154 173122 173837 174261 170139 167574 164806 171556 163357 170219 168703 168705 157047 163773 1634 173978 179610 166086 164453 173712 173832 171621 149357 161986 168232 165392 173873 168275 171742 168000 157259 154580 163797 168277 166125 162093 179315 167608 167780 163196 169863 171579 163828 171002 171777 171857 171919 165534 164588 149801 167913 168320 171778 173898 6909 171014 159156 164863 179346 159672 163285 162078 167248 192955 163856 153207 150907 162311 8144 167313 171838 167605 172186 171192 168344 168009 164323 171087 176885 153129 180744 0 172492 174001 162231 182382 173212 173959 165422 160887 164809 167663 167464 175059 163406 164916 170983 177556 171687 188065 168028 139614 168423 169786 172449 167507 152930 174332 169924 163441 174071 173179 168797 165432 171205 172232 189107 155479 168019 177208 163461 169087 171115 9447 193784 168311 167830 174161 168032 177567 177721 172218 171677 159580 162349 171102 171769 158340 167833 164698 48557 166761 173214 162490 168755 174229 17191 114893 173702 174590 168219 170816 157590 167416 165017 115068 9208 175358 164172 165435 163332 1849 163906 130713 148687 169101 38138 168094 169572 171212 171916 165033 169108 171210 163909 167937 171310 171850 168348 156166 171818 196466 184498 162353 167002 167117 170377 170818 171819 168351 161967 167184 168868 39102 85671 181349 170568 6310 174383 179617 178015 170593 165488 172548 163584 115130 194649 167957 172437 155993 168352 173243 171337 167690 152019 169869 171863 189324 172134 185518 168876 153119 163586 12208 169886 168361 168104 153298 176972 171458 171209 172244 179727 174409 168249 164886 163604 173367 171252 165675 167958 171927 9266 55684 166408 154979 171945 167797 178080 39232 168375 164006 173378 161100 171955 173807 2352 164565 185754 172634 195250 165525 164048 171285 168046 170397 169239 169914 164851 157299 171412 172013 173289 156123 172466 170206 172706 127862 173884 168371 165958 166691 179425 0 164480 175378 146959 172094 156263 180804 167522 172725 172153 168964 173531 168389 10371 168536 155497 163355 167274 172172 169976 155546 174096 178110 195291 179682 174100 168407 169801 166483 172247 167978 155668 169992 168055 5267 164896 171422 168418 172732 174142 162273 12662 168066 174435 6926 172248 169027 18518 23147 159906 164921 172883 174274 168480 163674 168436 172233 164929 169212 10377 171227 172292 171191 168526 167824 185791 180891 169140 171488 168088 163946 72013 166068 9065 166932 168440 172898 169294 173810 156314 162525 167841 178245 173325 18865 150747 181170 168497 76559 170228 171505 165046 8643 171221 167963 171593 164556 174136 177278 163959 182949 3165 155813 178236 172249 120540 173602 168549 169848 175756 163731 171515 170625 168548 0 160538 170720 165681 171612 169947 182581 168129 185957 168517 163428 164003 172119 88021 174148 170085 160132 172141 169244 171641 178240 172154 171657 162288 164559 162742 164081 153557 27593 158425 155225 183197 168445 167537 162279 183431 168576 4163 170036 170038 164633 165005 162611 169962 174174 167727 173847 164111 164139 168675 171661 174361 152267 168132 4599 178320 172294 169295 164615 174217 163424 165051 164195 169309 170308 171534 168712 162777 165084 174826 177432 167544 171766 149337 14409 170758 172273 167593 159643 155939 170381 167819 165116 173732 168448 165137 173327 171825 163706 170682 169149 163749 173068 168735 179805 172412 168815 162537 169465 157580 151198 178572 169227 174378 172290 178299 167705 164359 174454 137139 167738 165989 165811 172588 169262 167790 157674 163457 171882 166116 174519 164145 172333 171585 157677 29159 172387 19322 173475 171305 173501 170817 172921 164646 177145 153842 170836 168860 162640 165156 163082 138156 169495 170846 167839 57842 121640 170887 174445 38244 172438 168204 180112 164788 174484 166859 173516 170314 175342 163775 168510 174513 160560 163122 169534 168867 174688 169445 187184 149574 167971 171147 49922 174249 170374 164201 171348 168476 168501 172369 172062 163805 171411 168869 6580 174515 168599 171584 172480 168931 174151 172467 170122 171439 168602 172390 165443 167847 163125 173601 148831 162550 181261 165453 159382 162319 177670 172130 168001 163829 189842 174735 167785 164448 168622 163830 174757 171662 188264 172113 181355 174303 168012 170073 164233 48228 153900 171970 167317 171522 170380 170432 164209 165091 167494 168949 172482 173643 164807 172462 173673 165410 170544 170954 174833 171124 164220 168627 165474 172649 166470 168205 170103 156372 15972 178337 169817 172498 0 174878 170622 163994 68034 171133 164225 170690 189009 182642 168678 168452 173089 170127 172460 165491 168633 169604 171473 169629 167904 181471 172469 168216 52275 171175 173967 162576 169668 196671 172587 149563 162938 164010 169852 168679 178475 156431 0 175781 171789 168690 178484 172772 173173 171548 156008 173341 165492 8771 174931 168484 166509 172645 170702 173809 170187 52492 169898 173523 173975 164502 165603 181505 168514 165283 172782 171675 170936 181676 171770 168757 168790 172805 167541 170345 156446 173955 171930 171835 83491 156576 163541 171153 172723 162488 164257 12785 167387 172042 178523 172160 181908 170253 170285 171101 168292 168849 138311 164017 165919 172943 169091 172891 167456 172765 158477 173143 163649 171171 69897 183205 174534 171247 170226 154024 164538 168743 168024 171583 181806 168881 164290 172962 168087 173262 171273 164097 165160 173998 167543 172970 122093 168950 169705 165472 180434 172638 181125 164463 172183 175315 175294 172859 173049 131502 168369 167803 171545 165229 174346 180118 164628 168533 156200 172074 172300 165626 170350 171805 172863 157641 183016 173299 171793 110415 168585 137145 177778 139345 169944 168580 172882 171508 155676 165200 164539 168995 121042 166574 177787 175413 157749 174008 164132 167877 172762 131999 178676 151470 157530 172896 168123 167954 171795 172784 168071 169986 170358 169447 174152 8379 160589 159927 168098 170547 170436 189948 172909 172933 3324 172950 168768 168858 323 155870 6728 175877 187794 164360 165654 173375 173144 172489 166745 169154 171577 171720 173747 172687 168496 174233 169847 168770 168224 173416 158511 157706 168345 166006 172912 169016 173797 169172 172140 172224 172968 170294 173000 168394 168112 165270 169033 139737 163833 181216 175908 172927 171392 171865 166481 171814 171454 159050 164434 180058 168780 164543 174977 169129 174348 175441 168785 178104 174681 174018 173910 154057 164701 170348 172928 169201 85711 159996 170532 164854 174351 169237 162596 164878 165667 172322 155892 171902 172330 169123 132997 174737 173044 165669 174259 154072 185930 172391 171947 165556 169223 1740 169842 165330 172699 170554 164338 172081 186079 173639 139844 186367 169267 170833 169715 170261 169833 173050 164374 168854 169448 169418 168857 175369 164128 170562 173088 159998 164553 170618 16535 157811 168459 172340 172374 164913 168900 171274 168906 174978 163761 122775 175492 169336 178971 1829 182188 168406 175011 165107 169181 168531 174178 168435 162756 173403 164691 179064 170639 156060 175951 173641 171620 172386 169265 173795 163077 172521 170860 173413 173958 164148 171965 169186 151084 171581 131513 165687 175646 165413 174373 2383 165517 169356 173094 172534 40616 171567 140099 182327 140658 164300 162346 168231 169415 173254 175648 170656 168981 165767 140790 176412 169516 164344 169764 164462 164951 170688 195528 169399 169282 169030 170088 169551 169487 156094 169587 169471 173126 168183 179843 172114 168163 172021 158545 171683 9351 172048 157889 173219 165530 164386 168568 168194 169683 173293 172542 169006 165635 170712 173342 168739 173141 172671 182499 182533 164725 174366 183438 164762 171326 164737 173527 166012 174073 169047 168817 58446 172481 169609 25557 170726 168749 165579 168242 165706 175566 158369 173372 24195 170354 33933 169667 169731 168773 175981 169703 174365 169717 166752 36802 169160 165660 9575 164446 167573 164468 171514 164523 173434 154167 172676 172552 168247 174543 169682 172022 164731 164715 31008 170744 165739 163083 172558 160201 166613 169741 175073 169658 170849 179085 158038 166876 173823 12522 6739 167686 196677 169184 174460 1859 183142 170869 170915 169782 169799 160246 171339 169712 172126 169714 169105 156137 164743 12568 168911 169218 163905 177697 165023 31162 174766 175763 171832 115604 173937 170864 175084 175832 164021 177792 168921 174512 169808 183261 173328 186649 168771 170759 169162 164823 183331 168632 175129 169319 168642 169165 169836 166668 119162 164868 165760 173687 175344 175256 156534 169280 170881 166480 169843 179170 164755 175627 175329 168813 170055 160349 171358 171696 172291 174638 169858 169211 164038 170986 173154 173735 168252 171954 175769 160474 164482 172680 175844 180839 174083 174464 171709 164546 172059 173164 169051 179066 164818 169009 176131 172586 170108 167968 170932 174382 175485 173461 169922 0 171727 171235 172781 173433 169861 160628 172020 174805 174103 165772 165088 170191 173723 165183 176067 169451 164091 186955 168184 164689 174490 23239 164847 168826 173456 172607 180723 162458 169349 172128 174719 171415 169500 168944 172681 168011 169958 178237 165781 173467 168353 168438 165850 53131 166139 158591 168976 158705 176608 170876 166580 169021 133622 170945 53255 164541 121793 174781 175665 166686 169737 164877 169141 176071 171383 179264 171012 171721 178702 177956 168636 164932 164605 176080 151891 166861 167008 172750 154458 170223 197692 175512 164327 48587 170236 165828 179412 178380 156187 169769 172632 172131 170390 174828 168236 6744 165196 166884 173491 169337 165892 176825 156535 171834 170071 165231 170520 176133 135424 173329 164637 175571 169809 165737 172785 173499 164686 171366 173774 168456 179320 169028 172047 38420 171417 176850 172201 170164 196634 164978 169890 164389 166923 782 175930 151525 4910 170166 173617 168977 174588 182559 175676 170601 178979 182736 172202 169700 160618 165386 176216 170238 168707 164208 161161 170255 172812 174134 149186 169909 172254 167996 169743 169605 169910 165662 123007 179183 171344 173665 173618 168987 169113 171943 31557 10512 174691 171382 170274 176009 167043 169758 171429 170766 176076 188012 174868 170575 174203 164902 169792 166947 165251 174721 171430 178315 156273 172655 196722 48808 183416 173622 169001 176511 174248 171582 156545 172178 169798 172280 175850 169915 170014 73522 167328 171608 18663 165286 165876 165049 172813 169939 171436 175962 164746 162604 164987 169173 0 158916 179200 167586 156575 163234 170111 173672 165478 168625 173677 167243 187076 165532 197928 160658 170116 169296 171497 115246 170300 170780 172015 8488 182792 178828 173748 197600 172890 104031 170476 14467 164789 172894 172041 172971 168731 172327 170781 9649 164218 170078 165996 160765 173761 164850 171580 164911 170808 172698 133692 170110 172067 174387 174285 170815 156733 173421 174355 169621 169174 57845 176074 169591 158320 176927 167262 166093 156661 172298 160769 175085 173535 172987 167337 169999 164991 190159 158225 172096 156998 169370 61533 171615 169463 183727 170839 174709 181228 176185 167303 173559 172152 165877 174478 179243 169633 170224 170182 163362 172903 169610 174377 176190 172308 171632 170416 165753 88606 553 174425 167112 169143 169878 170299 175572 168692 173619 172331 33946 174747 19788 152849 183469 70634 155248 167409 141751 173800 167430 119524 169004 152927 172180 48817 164107 164115 113841 166136 179370 7021 27554 171589 173893 168878 174949 164962 169128 171008 169466 164899 165004 176934 173654 170616 170914 170676 171639 179240 174950 169531 174935 165052 175061 176228 170417 170225 173915 1893 173678 171669 24464 174439 170916 173029 14662 170795 171022 173494 170020 172407 169147 174207 170341 165070 172352 118435 6853 190208 170433 166178 176896 171692 167403 173486 172193 189739 176330 175065 173530 171747 58592 170527 172995 176575 173076 166016 169187 176003 172399 179665 173133 165128 170602 171108 170805 171127 176984 170373 175942 165257 165448 190098 169168 182490 156868 167301 80477 176110 179451 175823 167501 170862 172424 173927 164262 171036 174231 165179 172211 173236 190860 120054 167617 166250 1952 166155 0 178883 190558 174507 172712 187034 172561 0 164673 186771 165181 169161 169320 169206 165210 168710 170427 170871 165203 176199 170873 165934 0 163928 175097 165261 182795 171174 173932 173562 172923 170033 175791 51971 17608 7137 165272 167584 14525 172235 162563 172190 171753 173689 9123 160870 172470 166292 123574 156667 175023 170194 0 172206 169124 176364 171785 166230 173297 171182 176218 165342 172497 170883 161227 164907 172225 167665 165962 172601 174612 165354 177331 166298 8630 170304 166303 176579 173990 171222 167834 173727 147839 152931 5903 167875 172642 172269 157073 164285 166038 149382 169343 174508 172643 171207 182807 166362 0 165502 169423 173140 170204 176716 179534 169656 173582 172838 165778 164744 181345 168036 179026 169634 164912 176393 165338 169746 158468 175164 160896 165366 166162 172429 49226 168238 158275 173145 165326 172348 173188 170230 173781 176415 175174 176515 136095 128900 165339 171225 187128 0 198028 171228 170140 161029 167504 170680 40343 165367 13831 173333 169029 175368 165389 174024 164915 170241 12829 173628 169153 166392 174682 165406 164986 166223 165513 9278 152056 164304 169785 165067 175388 158528 170406 170420 174806 169490 184191 170151 183971 165503 173171 165035 172394 173754 179615 174204 169592 169759 172975 172629 169763 170181 165110 173457 171441 176245 175453 170264 165995 161397 165657 165529 169791 172657 171249 173599 198230 169998 171304 165885 157314 174214 174033 172960 172688 168335 171075 174375 13544 166502 172261 170008 174541 171371 166431 169834 171453 173870 124056 89312 165541 169874 170545 166489 170896 170885 167908 171463 154367 164774 170577 182935 172722 61811 166522 166588 166534 176587 169469 165412 158608 169935 176645 166183 172241 172380 6428 170330 170017 190408 173197 158631 171987 172272 169268 179792 179378 166867 172402 169788 34177 171307 161084 166186 174555 166201 175188 171386 176709 173203 173911 171380 169560 166321 172494 179820 164121 170629 170338 172763 172775 173266 14811 172792 166735 170093 172161 171090 170096 173429 173556 183043 165949 166926 171118 171877 174651 174686 174752 165552 171132 166970 171511 165584 173630 158724 167965 170134 167560 174560 186782 173926 187411 169373 172993 183072 166033 168789 165593 165006 169278 171265 187724 170359 171181 173465 84534 173637 23581 166653 165702 175786 166085 170197 170889 167991 172383 169973 170100 158698 166084 173720 165237 188449 8711 165307 183139 170624 23560 170704 173729 172488 166329 157101 174047 173736 183151 169835 174667 183161 171541 174823 168120 165533 166405 173968 176750 172582 173111 166622 170409 149388 173854 174966 165600 170743 165663 170412 168816 165696 153084 175865 175879 176813 169760 173042 174087 174126 172316 169564 175030 166376 154262 174199 17506 172541 165963 179031 170178 173071 0 171487 165730 167922 166109 169512 165749 166800 174210 171308 174740 165798 171563 160081 171592 181565 172668 173578 170786 175191 168498 179379 165762 183207 173876 170596 118784 174237 171160 177435 170188 174717 166387 181891 175514 173881 169839 168529 179410 0 70678 184543 175916 173951 166647 174276 172696 177504 174792 174790 175966 173086 161152 166039 165375 170648 161748 173856 153564 161071 172840 184875 166719 165881 165920 166854 166759 41511 158857 166043 171492 179921 171751 166773 164177 180348 180408 179704 167587 140896 171622 160219 166059 165393 170047 169616 173148 153601 172338 174611 167628 183244 176806 179535 170453 174064 160798 172701 169327 166757 176525 169505 173996 161431 170024 173997 181551 171623 168734 166805 175411 165395 168282 170465 171286 174807 173109 165968 170469 159179 142148 174257 156143 124132 176264 174520 173288 172754 190954 174044 175541 173352 158911 172869 166812 168827 176816 10649 175055 173907 174698 174979 170853 174051 166518 173357 177370 170714 167011 169194 166890 179715 179655 174524 172344 170880 176781 173369 169619 179781 175698 179718 170056 172810 113412 174263 176928 173592 171643 556 172800 174763 172895 162893 184119 124708 173312 167796 165585 174308 59900 180856 192693 177541 175320 171655 174238 173444 173406 176878 167677 169359 174395 174398 171666 164297 172423 170208 161519 172501 181666 174121 168894 77408 170516 167864 171651 174400 189133 172506 173459 166845 165648 177173 172713 174056 167755 176308 172852 176900 171689 186006 170997 170574 163304 174441 168912 171750 167141 176965 176978 166962 172856 171765 175251 167941 128949 156925 165631 29356 175302 174119 171701 174457 175669 169549 180340 172522 166940 170641 166869 162665 172902 184151 185003 173468 174658 61916 176666 86074 173483 175350 170387 174986 174505 157322 172528 166555 173015 165641 165766 0 106900 173344 171322 170145 174937 173525 171771 169384 170662 166342 165780 170748 184392 177032 165893 175236 171934 172544 170643 170240 173022 90376 170281 176055 173110 173112 182223 177586 170775 175799 166182 170902 171736 164573 174814 175093 159239 167852 171813 107184 158927 170952 159327 175244 171963 161530 166604 166992 173427 171821 170525 173615 175007 168254 172570 170669 169625 166879 174968 174247 172917 172740 176471 158979 168772 174323 173030 167016 184404 157044 177049 173107 182489 171867 166990 176063 171897 173149 174653 171952 159005 165901 184421 170950 173666 152874 170994 166041 331 174498 166096 173495 168929 174578 177130 167029 169650 174615 170291 173163 173517 167044 174947 170904 158968 157152 170749 172930 172066 167054 169115 175766 161149 171884 170760 167087 177057 177326 179851 177290 157155 169678 165832 164342 170832 174595 172965 163496 169851 159126 169068 9442 166416 185625 166105 174829 149435 171134 173230 174672 5020 177428 168162 167050 171571 190517 175452 172572 159427 177096 157208 173332 173594 166113 167108 161593 167151 173081 173185 9489 171973 153717 171155 172083 165923 174676 169059 124933 172665 168285 166215 169156 172815 173350 175020 173636 175773 183350 176172 173189 171010 176582 177401 166641 154505 177125 172829 171255 120640 165977 159297 176639 168965 162501 182515 165913 170923 167318 166448 165761 164343 182744 175784 173765 173768 172826 163103 177651 175119 170961 177406 168322 167120 164417 186828 174783 174958 141973 171064 173586 174840 171187 170316 171245 183314 168380 173813 160494 167610 166003 171109 169205 183132 166191 169942 171194 173731 173316 171120 175014 163653 171179 174353 174869 169756 172911 24963 187192 174969 170970 171360 115722 177163 175019 174776 175273 185318 187828 173644 154896 191680 175022 173201 171999 172941 169771 175477 184518 180273 1832 180287 180373 159359 175029 166144 166050 171996 157128 179978 9591 173647 175624 170394 177553 172003 167018 169413 173742 173787 170388 175193 173320 170404 172012 185689 171198 168967 110252 177699 177346 177430 175455 175495 171211 174786 132120 169035 170610 162452 159034 167220 175575 167163 172110 166226 175213 1934 161452 169940 157691 159421 159099 171465 175291 161729 86812 173053 184995 169052 29451 174855 170632 174999 165939 184535 167064 180381 167250 171601 166133 167576 171216 173322 172142 166164 175009 166269 166049 12833 173693 157244 170642 173681 172024 172191 173695 175317 167327 180091 169452 173362 173849 173096 172036 169095 157278 175157 171325 172320 169190 173151 170026 175038 172563 175095 166174 174844 171910 169569 173311 166208 176182 166351 175241 180440 166069 171261 173514 176712 173912 175326 169748 174881 164435 166679 127989 171613 172056 171438 171329 177755 0 171741 175267 177027 171333 175347 175565 186005 166262 177289 173962 176547 173709 171680 69571 169959 157302 159428 184724 177773 180175 173283 177257 167326 164456 176570 183153 166513 173524 174811 169967 69759 173411 176295 173717 167907 168388 166359 170765 183380 172075 81003 172733 166670 173817 173902 175863 167410 170755 178511 177309 70806 170731 173721 166189 172030 157325 155193 175386 172090 175617 173730 175399 171327 169780 156364 173323 171352 185341 183039 168278 164485 179092 169913 170040 166365 177915 174884 167069 174424 173739 159468 171063 167147 180514 180667 170975 177966 173326 175042 92920 164884 174075 171336 174016 14973 169222 159583 167344 172989 166217 169243 187139 172085 173784 185411 174120 166756 184561 174491 173541 168562 171364 172584 169314 161984 176197 157364 173247 159709 166438 170998 173360 147854 173843 168027 175091 174526 9284 71161 166203 166911 171398 167110 148851 28707 173855 165003 176421 163934 166276 171396 177314 4726 166501 170797 168570 163576 169255 172187 147524 172203 157433 172226 157360 169514 584 170046 173973 174941 171451 166101 147937 177335 172139 167444 177777 161823 173226 173629 171424 170268 169253 153958 170147 171214 173330 168828 171839 171437 166350 170332 178188 169322 164949 0 175454 177481 173909 174956 171017 175133 9828 191780 167162 176937 175161 9696 175649 54168 171526 167358 176747 173799 171402 175400 173860 172109 167540 176947 174139 180720 175421 174804 361 164658 174230 166240 179122 166606 172171 132541 177894 173936 170361 173957 167581 180647 167264 148892 177002 169695 10393 173380 172759 0 171964 138383 169562 173974 174336 178254 175528 2389 166370 172415 166313 173417 173988 173993 170321 183511 13896 172271 180475 172238 166612 169400 166253 159772 170234 167389 166650 166741 183687 29920 171237 171494 166750 169354 14474 173423 170375 134091 170421 78253 174177 174352 166681 175082 175614 174584 167374 175927 172311 174221 175422 170066 170711 174160 167615 177441 140276 166426 171871 172351 159810 167411 171690 166467 172371 172590 174012 178051 166315 171041 177199 9831 170884 175988 178146 175740 88835 174014 174039 175276 157597 172621 167438 96029 177975 173515 166964 178317 166556 174291 172654 170499 175532 168818 171459 173314 162605 167467 176059 171535 175537 174041 172727 148240 145260 167218 171537 169655 172578 164758 171477 174697 169402 180750 176679 176107 167470 176745 175249 149623 161858 174088 170511 8822 178685 178192 166571 172339 171510 173348 165131 167496 166767 150174 174089 171642 175423 171586 174077 175439 166671 170449 174109 167639 172828 173482 157474 173568 170471 175547 175292 174117 166355 157946 155466 171626 173576 171149 175370 174165 166775 171163 175605 165021 180819 72015 180850 171946 174749 175777 179174 176590 5517 171637 178011 174310 169432 169664 166687 167620 176390 159845 172046 170903 175408 172842 166742 178378 167314 72362 175672 172084 175428 172116 87533 0 172397 170504 176132 175438 175606 159871 155257 9401 169473 174181 177480 180225 175634 153685 170735 166790 171258 183706 173477 178458 179612 175397 172097 173659 175745 166889 177737 183263 172978 173528 10170 171717 172256 172258 172944 177863 172596 175552 169586 180926 162517 171722 178096 161138 172806 172997 180852 171080 174870 161280 159533 14172 171208 177285 184054 173539 175747 173102 0 170475 178390 166324 173155 175459 173104 173178 174187 180985 174182 162715 169690 171482 173593 178521 167768 170519 169436 176222 166913 170750 166835 172346 175638 169515 138411 160237 166399 178430 130397 174392 162091 175793 157702 166980 169757 167719 173059 184564 167348 166533 175819 174223 177072 160350 167842 172378 180935 167646 167925 176419 167949 167873 177242 170512 174872 166898 157933 172395 165252 0 178710 181816 167338 185422 170517 174262 175801 173361 167577 171772 167034 172884 167468 175846 170209 167853 167046 174402 173002 172297 175692 148272 174280 171324 176263 121350 173191 172413 174297 162814 173036 174619 168897 170953 174200 158240 176487 178490 175855 158720 172323 159251 172406 178747 183820 170681 175654 154063 17964 171587 171525 187253 182154 173776 177903 170877 174337 166870 184613 4650 9792 173177 172362 166924 42671 167678 166770 172439 165139 174343 157830 186128 171004 174130 171426 166903 171923 171670 167377 173190 167935 185203 169933 176490 175857 174318 175697 171362 30081 166310 167765 171493 181286 172453 178759 172518 173387 172379 171416 172451 176518 174339 174359 167869 170565 174628 171610 174894 178531 167478 173481 177389 167969 124424 171990 169934 166925 160691 173090 174903 167059 173785 169881 180902 167989 175959 130615 168048 45382 175239 171050 175710 173166 175859 173566 174727 142346 183085 160717 181727 166951 172019 167071 178073 176646 167685 166863 174127 175861 184061 159371 172367 174831 174413 159472 162911 172550 93521 174422 173497 175720 159649 179164 168101 145799 184719 177509 166949 173123 166900 170918 175821 151544 174432 157970 171732 181186 175845 170603 165337 173168 175885 173887 170942 174521 181143 181279 167130 156859 174446 184287 167153 171054 172054 17908 167613 179000 171100 172505 179641 175987 174472 171971 1773 172511 172443 172456 175897 165016 171547 176268 169612 174450 173899 177970 8713 176015 178183 10661 155596 168677 174447 149795 174794 166577 180104 171682 174456 132726 167156 178560 167436 170102 172597 167856 167185 182804 166319 167594 171799 175748 181335 170243 172734 165522 171346 154525 172747 167629 166978 175967 169618 173670 1971 174576 182340 176042 167636 171119 175531 169438 174597 175956 176082 169969 171271 176121 171562 126928 168346 163582 186121 176562 173211 174605 170611 173713 173972 176141 33321 168268 173948 172770 165295 175159 173233 167695 173116 172562 172080 174494 173419 171743 162984 173828 176104 159408 167704 175628 182676 175662 126386 167082 159476 170248 164227 175940 172807 176120 173985 170651 172129 173221 168754 176749 167726 176774 174215 139377 167735 158060 167225 169654 170727 184937 167861 178227 143723 199476 36830 166333 172228 154655 167287 176840 173249 172499 174835 169669 171263 179177 189077 174847 163010 174799 180550 181387 170490 26396 169753 173275 15041 171843 167302 167999 173577 179801 166625 181462 180073 24699 173198 172246 182058 171881 174880 174882 85500 165363 170090 176270 18412 167757 167799 175550 171707 181677 122182 13757 176149 174629 172539 176173 171484 167196 175985 173240 174477 175307 171284 176210 160976 166341 170796 167442 179503 178267 176016 179287 173571 175211 174452 163732 172844 172490 176230 169063 171767 174501 177527 176231 184292 174572 167566 334 176051 178749 182132 166651 176321 176706 171292 170807 179069 174250 159573 157531 176142 150564 167891 172653 156027 154727 171557 170472 184832 171915 176822 173037 180087 162747 167897 166886 161026 173834 174574 167919 174888 177912 167329 179295 192795 178432 171111 178487 170104 183031 171894 167734 171949 165397 171981 177099 172045 15057 177864 5038 174916 178566 173045 174932 168016 174599 166959 159483 174632 174434 174692 177161 168270 170229 170867 172685 172040 178282 176153 167940 177235 169580 0 175772 170899 176243 163023 170173 171433 167207 172049 177134 179537 177293 164727 174278 176299 181193 174715 34296 177705 176046 176336 174643 175775 172309 14507 71300 167616 167947 5070 173391 163040 176442 179466 174748 142621 174107 148 170298 176444 165633 173488 180128 171486 174246 169902 172124 165479 30173 174854 167986 0 161010 148906 180254 174934 182707 173650 20531 168359 157696 172388 168142 185137 4731 176323 174952 168005 171659 174700 173526 177308 181027 173879 170617 171501 156632 168050 174973 178127 170137 173752 171768 169776 164407 171806 173537 172767 185262 170372 180465 172675 13430 174580 175140 179473 185441 172189 170481 168148 176856 167976 174985 170947 176416 176489 91476 163206 168776 176532 78318 178684 176341 172536 167339 177414 172044 187446 180582 158101 159627 172802 170536 173251 165476 176402 168063 9861 186321 174860 174989 174706 157129 133293 167086 15141 177862 140819 173258 173307 178079 170634 172865 168365 173649 165214 185456 168107 134455 170006 170979 172832 174899 178298 167122 176455 165636 178404 175900 161180 180650 177418 171462 178688 173857 178748 171521 178307 172366 177454 176174 167152 173479 175107 168444 168521 176224 176151 167425 171156 172149 169599 181765 174779 183356 167090 172069 174765 168064 159899 176208 176306 167595 167498 176503 173929 174849 175254 34381 124339 186532 172270 170829 181882 167559 173377 175298 176347 173741 171614 168131 169867 170594 38801 48363 175336 151244 182883 173588 168841 155691 173604 174917 176314 173397 173315 168930 161190 168831 182923 171037 186389 156849 170868 177385 168172 171624 174964 168173 173596 179484 174981 178923 172095 174155 174063 167840 175033 166676 175231 167903 163415 173841 187763 158366 170222 172392 172185 167555 160112 176411 176508 175513 175040 167212 159326 157767 175299 143153 175373 170894 179646 162865 170655 173719 185559 178454 168008 174877 179144 175012 175521 167844 174097 159487 173653 172073 173114 161264 167635 179408 170687 172209 157950 176719 167689 186523 174879 174171 177416 171668 172720 173319 169954 167923 175110 176902 179461 176382 163483 165797 163071 174091 176542 172215 168138 174483 183253 174622 41529 168161 175151 170011 1067 186763 199492 176512 175178 180683 170787 173656 167758 173738 161497 194265 172835 179676 173770 172931 185582 172220 167599 117483 171116 175499 172310 173536 175986 183419 168190 172797 179506 167898 175074 172223 168393 19320 174193 174049 163408 91229 155089 189928 168594 174301 182271 185463 173438 175145 157878 174545 172486 179762 174306 174391 176578 176624 173812 173815 162304 185995 178715 168671 168794 175316 173905 172991 174196 175296 173573 174885 109260 170959 174372 179796 168222 179889 176648 171933 161548 178486 13699 179826 175545 174208 177538 176240 172302 171029 167946 175554 54774 168300 168007 173994 121517 174254 91636 163390 175778 176328 168513 161553 174066 180805 173153 27875 176340 159504 159229 175579 168291 175334 175577 171268 175202 170844 172847 175618 162306 174557 168255 167578 182658 168262 38994 176466 171076 167598 180224 169054 175371 168851 175555 176028 186555 171507 174482 174205 173031 167349 155817 171539 176920 14758 176683 172219 171755 181132 163417 167293 174340 180070 167295 9456 174141 194485 161295 172401 174745 31034 176697 171089 174585 176990 172434 152895 180113 168015 174423 176651 24555 173690 8592 172613 165991 168290 174769 114424 174656 49941 168279 174159 172419 174145 172337 172263 6923 177047 168025 168923 172617 169061 176782 174188 174197 166972 169130 174466 173635 175581 171188 176996 177422 168368 9463 174714 171250 171369 178545 173182 161414 175842 181323 174322 0 168503 187807 10752 176219 175658 168370 174718 166222 172721 172427 175805 173227 172425 168777 176 167361 176546 175869 174354 4195 168403 171161 175961 174743 183014 176796 172089 171107 167288 7394 180359 168554 180271 171540 176373 168446 182196 34033 172627 171913 176479 181116 172864 161498 176654 175965 175046 175975 173174 174421 177607 175321 172104 175995 177084 175809 171862 181235 168395 175837 170235 159531 181224 171684 173248 174426 150380 177193 176007 161586 170878 176014 176636 134492 168791 166224 174281 168478 166322 174802 177530 163823 170908 174430 176686 167641 174922 149346 190393 168470 168488 167724 176692 171904 170297 177630 181340 171176 124544 176018 168081 177105 168306 171485 163982 176057 178308 169008 146984 174170 174589 172998 177667 168412 22625 171189 172477 166383 173054 168588 31079 169122 177246 150901 176166 136386 167379 174808 175380 181278 180485 178330 171435 167415 190525 185722 177214 162140 176705 167662 188535 172112 177306 188546 0 176381 157880 167650 171600 176711 181407 176769 180548 177325 174594 174635 168413 176780 163916 172165 184464 169266 181483 167777 171953 165143 174708 183603 175204 171040 176799 174746 174841 176805 175896 170019 166597 173222 170322 175989 182835 168358 177810 178369 163247 805 174563 180757 177358 177403 173402 171992 176140 176506 178637 163573 172679 175616 168408 174470 173335 176833 173587 117934 176157 167473 174335 167533 91877 168455 179621 178072 134550 175381 175102 185890 2607 174824 172043 168620 174471 151034 175237 171140 174852 175498 185486 175396 121986 176917 181601 169275 166441 176196 175622 171980 165481 174474 177558 176201 172221 182911 174405 172769 174767 167534 172916 176846 7038 168655 178932 172276 168096 176854 151928 173414 168656 147560 176872 176233 168667 171758 18649 174800 168746 186124 169394 168669 168848 168464 172517 167737 168694 168874 177425 174853 170091 173067 177594 163782 176684 94301 128513 23648 176361 174801 177022 185879 176866 167466 174533 177048 177080 134425 175010 168740 175026 169666 177646 168719 175790 171530 174812 176867 176232 171293 194737 130718 174481 164230 175522 156050 173710 173092 186139 171570 168638 164275 167871 178141 174820 172281 172072 168926 169026 0 173906 170028 183417 170331 175306 174506 177318 175524 169089 177394 167882 168171 185539 167928 166763 4263 169774 174255 172285 176288 181561 176894 172305 190799 173519 172082 176211 172122 173554 172500 177137 175568 176870 172553 178376 184868 173138 148792 177649 173626 176354 174537 175111 155486 162042 31487 171602 176704 174895 177696 160297 178649 178060 176273 159562 176908 178459 171607 6437 168802 168809 168058 14877 177723 173253 172108 176935 169885 172783 156298 172279 175121 13888 172198 173561 169127 174655 181655 171314 177147 174559 176877 0 169229 174942 172845 172295 177452 31932 186864 173928 163249 171809 186386 168318 175573 179254 174289 174011 168850 177516 174299 167982 174329 179329 172557 172794 172006 176938 65243 176892 172001 168946 155518 181747 168988 178354 169470 185928 173581 173688 171759 172819 176369 188677 176435 173294 174915 168821 176939 5499 176357 168843 164575 176454 172820 178547 199803 172318 181716 168864 170570 183726 174396 183695 181023 168997 173737 176461 159146 166464 177796 176529 168006 174013 172849 176954 183771 159755 176443 175738 169005 151494 177028 183491 177129 174678 175170 173908 168909 163501 176567 175643 168410 151665 167654 173938 175006 168033 175132 174782 175401 169084 168919 177336 169989 184482 172472 166514 175708 178552 172336 177154 172077 181735 181759 175681 178569 172872 174710 173570 179375 175185 175045 181630 174062 183558 173801 177174 169397 174787 169036 167657 177892 178368 168061 175238 171489 173914 171648 6676 178616 27290 169328 175854 177097 173919 177897 172360 175266 168916 176445 169805 173969 178837 159577 175196 166918 175106 183801 164298 80244 172560 172566 169135 175274 178946 169150 174739 175136 168571 168090 177899 159622 169151 197307 169039 174467 166542 167714 42308 174832 175866 169171 175862 177622 177220 175366 175041 174086 176258 177226 167720 160312 2658 169525 181820 172867 176468 168933 175142 181829 174469 177599 152255 173829 174048 179424 174907 181979 183973 172420 172938 168111 149587 168649 1963 178672 170133 190849 172422 177624 181989 174102 164994 176520 173334 174115 152471 161647 174502 178116 151893 172454 171652 125823 164039 174536 175434 71057 172484 164431 172163 169050 164181 179095 191061 94360 169347 176580 168628 164349 175206 165173 168984 169203 179258 169350 175255 175246 164475 159893 167783 168637 168722 169894 161725 167767 171938 172478 174565 174980 122047 158490 179920 174380 187302 183818 176612 0 194789 169425 183735 158714 177232 170154 176658 173389 176674 168124 177361 174510 170179 178708 172051 165713 172145 164579 177681 178840 171148 178363 172568 176955 167205 178138 175651 176693 161600 174579 167818 172955 175063 176154 15346 177867 172951 157097 168737 72003 169254 173259 167863 180208 175478 175409 179076 164376 174150 177523 177018 7074 168784 177663 178049 174785 174677 177286 178745 172964 178279 168153 167209 161484 152422 176836 179630 169276 176891 172465 160475 175150 186287 172656 175797 150452 172969 168220 175611 163319 167905 174212 177292 177409 177668 186197 48584 176735 174687 10196 179086 168276 181103 176184 169711 172282 156368 95352 172791 175309 165372 161534 169449 162229 178884 174741 176909 191325 174058 168294 186343 172985 179542 173020 175444 169012 181662 172540 15733 176931 168209 183892 175354 163728 177711 178751 181563 173544 176355 167983 174124 174232 170292 186454 176760 175281 169990 172312 173011 175660 176922 181900 170401 175812 170355 177329 178149 95584 169093 171663 176420 168347 177388 175165 175126 172549 177109 187525 110088 184076 173003 23742 175180 169811 177354 175144 175377 172508 0 174407 175464 161537 168852 168078 167634 168215 0 170612 176982 134725 175520 172724 184025 172659 177013 184456 174701 174775 169908 191363 172942 182096 174092 177927 178187 178901 176261 177574 168870 177542 175429 181962 177016 187749 177688 176906 175280 172889 177245 168910 175767 97608 177003 176923 194915 19456 172457 172886 166931 169158 175127 170060 169484 173072 21180 174883 175880 173023 174113 170613 160564 169508 173395 175670 162472 179814 177186 177010 177647 168936 174300 173172 172664 177205 174176 184060 177135 174227 178377 167769 114564 178794 171233 182092 163741 168302 173101 169284 142639 172920 175727 178915 172334 178499 173609 176495 178761 160646 168545 174553 168880 175589 182195 167854 177742 177707 179599 175463 174358 7747 175323 175167 119340 169657 170660 177448 186470 182362 178917 32192 177036 177563 170606 178924 177791 173131 169739 170150 179808 182655 170175 173105 168106 177204 72482 173160 174389 177248 177348 181137 175601 178509 184640 169875 172737 176422 168963 184718 172389 175826 169767 174328 172751 18109 195662 174944 177803 172822 172877 166789 167133 167995 171077 178585 179386 171754 183083 168206 177045 174283 0 177410 177767 174570 171854 173186 186465 178272 173194 176437 134237 175424 169977 174241 30269 175620 168178 172473 173237 178943 173331 173244 161567 143986 156629 169871 187501 176514 169297 168945 186550 174995 168714 169334 95883 158835 160719 174848 170334 177367 169590 164288 33627 168289 183168 170064 172907 183378 173270 173520 177477 173324 172132 183393 167810 177808 176551 169300 170578 169768 174887 182105 175653 9850 175057 175469 177382 169536 51980 162913 175641 162428 178590 176964 180162 168082 177011 174410 176652 175384 177570 159445 184296 172915 175706 170021 175722 174453 174495 0 159992 12854 170076 9466 12861 175064 179047 177866 169301 177043 196086 141395 177610 175078 175779 169919 177920 174548 169111 175806 175181 173080 175221 170685 168180 168253 173353 177493 173703 173632 174036 49526 173170 178788 175086 172691 37447 198673 165243 169023 170193 160844 162920 174258 185019 152676 180238 160851 173766 164526 170719 176790 164547 177948 170764 168727 168994 175884 171295 178048 168329 174371 0 166160 172738 177585 175598 174388 169117 168267 185584 169055 177854 172996 179394 149131 179407 175831 170265 178920 177998 178956 173356 179005 169082 175716 175228 175198 184747 176576 152994 169304 178665 169209 181783 172914 173382 169193 181784 175362 178093 169980 175811 18335 187592 17299 160915 179606 165322 168491 179619 177397 168537 174436 169302 169230 179536 177026 175357 173493 169231 185095 173542 171387 173835 141827 167224 180024 169083 175109 156418 175474 161663 176730 159972 175475 175871 184331 177635 167190 173965 182407 178850 169462 180571 177093 169180 169872 170879 172515 169269 178973 177888 171705 178160 170172 181519 2667 177035 162543 171879 175912 175913 173658 179227 169526 184590 173026 177143 184762 178184 175754 175817 170344 169603 177935 159623 178203 174163 170493 183325 167308 175937 162425 180715 174414 175375 168774 173791 178001 174586 173995 169573 173944 180160 169421 179639 178690 173366 182119 196565 174055 177521 168287 177295 1848 181990 172823 174128 170825 169614 160152 160161 168674 176802 178895 174561 162614 174459 178176 174154 160089 171928 174598 177365 160225 169632 170890 179316 15094 169738 180936 169361 126988 9493 160239 8674 165124 179431 175824 177267 179849 168307 169475 175200 2426 174189 170533 178277 167836 0 177588 175487 168733 179964 178908 170644 160405 179395 177408 174132 179390 179485 178852 170684 169820 175849 177616 175955 175488 163160 174608 177631 174613 169988 175874 179996 174778 170909 174271 179565 186586 162791 175285 180592 175970 178440 176077 173399 168866 186765 176024 169783 175887 164585 169830 156787 169671 180365 179576 169677 171405 177725 175602 173028 160885 178832 176038 170917 173217 175764 168763 177118 169684 182757 177459 172127 163245 178339 0 152570 169543 178375 176045 170949 141258 152501 176103 169794 175536 169686 179597 188214 176653 173223 167952 153265 174817 175507 177455 175392 176672 172103 173864 178940 165459 3548 169692 168807 174974 177836 169841 9536 178530 178948 170027 174384 176164 182338 177165 171895 178510 176124 168808 175640 176179 175675 15137 172143 58846 169796 172897 171110 174631 160480 9490 175333 182177 170971 170995 169892 2868 182120 166466 168835 177487 179096 172468 73557 175992 176725 185431 180220 173645 178457 172624 173250 168935 179055 179146 175668 177634 177842 127404 174324 151762 80899 178537 171069 174437 176292 174690 180681 168844 197365 183500 175694 173563 170032 181327 179907 49996 174190 175907 170057 173152 176649 59147 173700 174479 170070 169911 180598 177941 169991 177440 170132 174341 169014 174517 176180 179232 176767 176585 180956 175383 176254 184316 170117 170782 39053 157025 142729 180913 177714 181051 170063 168886 167482 171084 178148 172200 161035 183552 176798 181384 180960 174857 179145 170074 177355 176334 174527 2079 176271 153482 170141 171241 181078 176367 178038 184621 174972 176050 172275 178225 170722 175685 175688 176129 183569 177578 175450 9245 177450 143774 177858 174644 174913 177122 187000 173538 175457 173668 176383 179602 165576 170082 171178 176855 175100 170324 168948 184790 170089 179165 167846 163002 175443 169094 178496 180621 179917 176241 173692 187229 169790 0 169098 175519 18357 197751 130881 171283 169260 175017 174529 177142 175160 174010 164695 177710 2858 176251 169175 134674 129360 175122 172405 170242 177156 175124 175529 4771 179223 179248 188503 176724 179636 169615 170280 159991 187282 176332 173484 175728 177715 174591 180352 169233 173340 34415 179643 170326 174074 175322 177444 170364 170429 175467 41540 173033 175152 86474 169177 179202 169208 177471 177718 169241 184798 174153 165844 179864 177044 170521 170566 178740 170576 170050 179250 176831 183636 175556 186913 177166 178090 178212 162149 177545 174912 169281 177192 169617 174266 171253 170286 177218 173318 169325 176388 174726 171282 173716 182051 179577 185655 175407 170584 177213 182461 177241 176428 169428 165955 181151 170216 174900 179650 177560 10862 180005 174914 174679 2875 170439 173354 173724 185182 180057 191414 177765 0 174665 174793 178097 184965 177637 178811 167495 178527 177262 169832 174168 170143 180086 167878 178833 185753 184794 170852 177771 180141 192039 173010 177268 28185 174333 180158 7565 171027 178939 176283 178196 182629 171330 169416 177770 178238 179735 161118 176742 186903 177298 171574 175491 169250 175128 182160 173744 176326 172641 181587 169541 178550 111277 170446 175232 170626 179779 179364 170599 162785 178838 173764 179759 180380 174716 175752 175603 176464 175016 163053 179766 177772 182649 8763 198145 177822 174755 169287 178614 184839 175090 160659 12589 171294 175712 174162 181663 173424 172719 178941 172798 180217 170701 178729 175398 199076 146115 175098 185863 177319 175286 0 174362 143229 177775 175387 170284 182665 144601 174780 169596 175957 173547 176482 0 0 0 170809 177825 178699 171238 169873 175991 157759 171446 184017 52386 185873 171475 170302 179764 166080 175734 175999 179285 176919 184046 170155 175489 174822 169687 186979 156918 176530 182678 184833 171217 173620 171317 171351 177781 175187 196761 186045 177830 176287 172777 175199 176309 37502 178864 164906 178782 177392 176020 176255 176404 176623 161233 174334 175252 176607 179863 170165 170835 175505 177572 188570 153706 178078 174851 169613 175898 175263 176961 185119 182782 181745 179937 175901 125595 157859 176746 176632 170120 173595 170176 170362 169698 173858 173859 174331 0 180619 173921 175926 179494 180333 170875 160190 175269 175284 170207 168156 17288 175518 170464 182866 180351 173698 182016 156964 174905 169710 185390 170968 174933 177831 179359 171367 176320 171257 171455 179513 175432 183835 173885 178914 169807 171368 175535 168288 168695 185908 175788 177926 177140 172579 178817 174368 176707 175318 8846 175405 177338 153728 176778 179696 175134 177997 176496 178830 169725 173756 175448 170913 175563 182872 177600 186136 180503 175567 170709 178058 176832 170012 169073 178084 174984 177490 171524 175834 170231 170718 186909 174604 174654 184588 170674 180394 185737 173061 157059 161225 171611 161248 139076 182894 173462 173276 177659 175839 178879 175841 171700 184660 175171 177034 0 177064 178228 173826 178670 177904 180717 157349 177884 170177 176089 177090 98566 178927 177907 175516 175376 169901 169750 178132 175906 181669 175600 177146 163157 176764 176533 134718 171665 175666 194394 176553 169813 172858 144882 178972 180536 175225 170212 178977 186223 179804 173953 179011 169829 171385 176572 175910 175674 175604 179498 175079 178145 175682 178253 165975 185356 163283 179896 170501 174444 8269 177706 179946 170303 175415 178333 171318 175798 177844 174462 178268 169854 170336 170939 30571 178342 179187 176226 177108 170410 176538 178246 173888 170339 177119 187012 178362 188915 173890 171414 174485 176565 168023 176596 179990 184022 175028 178306 187023 157665 186390 175486 176234 178391 185909 179057 170739 173281 174554 176660 179729 119732 166457 177971 183093 175430 173305 169876 169918 170419 176663 173001 189154 177983 178396 178514 161283 171470 170466 0 169096 178517 180969 180918 171015 186527 161304 177961 177996 176664 123989 175677 176036 175701 163538 183110 176784 186150 178218 175707 179100 4285 178994 176125 170318 178136 183116 173981 171440 178155 170931 69112 176723 181322 182241 183217 175609 178008 180038 168047 175711 178262 176968 170489 170095 146173 161104 175031 178785 175089 176759 176161 170842 170526 180531 175197 187026 170556 177170 176973 169371 177251 154299 176783 175717 186432 173407 173613 174564 174140 185954 166087 72550 176274 0 175721 182914 170553 180040 175963 169936 175002 179514 171708 175501 15352 72638 171104 1947 178297 175731 179214 176183 175510 170747 187117 178784 176786 179528 179778 176897 177283 176853 154473 179080 176116 176315 179906 170637 181011 169964 173963 177824 154422 168084 170667 177598 175047 171685 175749 0 175103 178296 180054 178418 177141 175755 175760 187049 161244 176793 171499 177297 175810 170002 4787 174112 176130 163558 52566 184122 175836 169949 154484 161476 174169 183347 169670 170777 157876 179217 176031 187320 178844 178422 175886 163378 175893 182984 169401 181031 172878 178575 174671 175997 179209 192211 170788 19479 198732 170978 177469 175813 73471 175945 175259 171733 179549 177194 168030 24046 168051 183171 180646 179230 166616 170677 7479 178576 176278 173006 59390 177272 9853 173627 174179 161448 175359 187347 170955 178633 178428 177515 175718 175176 134815 162892 180679 175468 73976 187401 177357 177857 179734 182677 175840 170820 175974 161474 174213 187444 174220 163641 174750 147042 161585 178444 181169 171049 178642 177197 166382 178022 181352 181333 170105 178050 172703 23068 173780 171502 170558 175943 174295 189683 176084 170826 179912 176342 178878 0 197211 171561 178063 182812 172850 179305 178427 169761 174821 175878 171461 173792 186093 171162 57171 176703 180050 171719 187526 175506 175220 180103 135412 175867 178925 163711 176795 174298 176837 180149 147442 175998 171851 170001 178650 172906 178777 187616 164935 170870 170901 171782 188991 178793 180519 170935 183352 173014 180676 172946 126601 170366 180532 106522 180680 174925 163646 178074 136729 183108 176004 178659 152219 170408 175543 184901 111772 169509 175873 170048 179333 176029 177702 186268 175895 171647 178827 1837 155488 178841 179929 176394 59121 174385 183467 147686 175814 183518 170943 175671 176277 176033 170985 185579 175650 178990 177303 183129 170987 174962 191725 172111 179041 170993 173064 176478 7248 176054 171066 171790 174302 170131 177518 179242 139763 187461 179322 171074 181365 168203 164545 175578 9957 179233 180066 183447 160488 171185 157065 180122 170509 163717 161631 181475 176091 176539 168281 174429 73598 176574 176893 176078 178916 176602 176915 183755 176953 180688 179363 166134 174487 176606 170210 171852 180147 177007 175976 177320 171900 176037 173683 187463 161637 177743 186297 178874 186686 171331 180483 183504 171013 173811 183214 172947 184618 176108 177270 183277 173798 177769 178573 178089 174620 176616 175039 171347 177014 180174 164941 175825 179181 171052 168702 181080 177051 160943 186744 171067 185349 173321 175365 155605 175881 177082 183622 180085 171864 183789 176941 178933 170246 161292 161541 179414 168709 163448 173922 174473 171053 174528 179340 177076 177133 177176 177534 180964 169555 178101 171873 170636 185657 174830 171098 187532 170271 183909 177728 177175 179342 183815 182728 162001 181400 178169 171760 171479 176627 178506 171478 171159 191149 176476 174549 0 177932 178125 162181 175588 170347 181640 176094 156193 176932 61663 161738 171503 178945 176162 175883 12914 59882 176200 177183 7091 170510 175146 171007 172026 180257 181494 175911 170600 15478 179280 194064 181696 171026 157217 171196 171376 171186 175574 178954 176204 192330 178809 185596 166332 179881 176061 49577 176052 181942 180512 171129 15258 171543 162240 183920 171605 171158 183975 180259 171201 175950 178896 169946 178963 7175 172079 156257 158061 179331 141061 178235 181369 181536 177402 0 174614 169607 186887 177458 177189 180746 73639 176995 19622 17426 174871 176335 184114 177859 180154 176675 176372 15503 173980 176220 181636 174924 183304 177437 175277 168728 177519 171829 180821 158619 0 171538 97615 176480 187617 184196 177445 171239 7230 161861 170379 162268 156596 177249 171560 176678 178281 176237 176465 178343 172283 179438 162641 178359 171917 172034 171958 176259 178619 178468 176266 170402 180195 176710 174234 181552 179380 171251 74059 178483 175968 175983 162321 184058 180407 173410 177946 161928 163760 180366 171885 177294 174544 179034 171616 176812 175149 151519 151017 174606 179048 179176 174886 168487 148646 163836 0 177461 187016 178989 174288 178367 175205 170125 171636 179140 186474 179018 178394 191428 171259 171842 162672 170498 162943 171993 179186 182982 179400 173814 171262 170396 180316 172071 9930 171932 171106 7101 177466 171667 174988 170857 175272 176997 179432 173987 173827 170218 170470 180410 171281 169274 123617 171218 61952 171887 171345 179206 171373 179560 161409 187464 186902 174081 179051 181961 177491 0 171716 175054 171969 176324 176010 175558 177296 176834 179153 93 179228 163150 176065 186935 127569 175527 163873 179442 178450 184243 175621 170586 176440 175120 175305 166678 171729 178592 178503 171566 180832 172135 177342 185578 174050 178473 176114 172227 178581 189176 176890 165685 171794 159339 162293 170025 180763 177868 0 173961 177467 176475 178587 8884 176097 176626 176106 168587 171812 177015 179470 187662 174316 39151 172345 180330 163341 176699 167448 181880 184445 176969 177030 184183 116765 174684 176276 179391 157017 180350 171836 2878 18494 171823 171023 179642 179196 180437 174149 180444 171032 174311 49087 178582 620 179216 178854 163786 180862 164571 171401 171043 179226 177514 177158 177947 161744 184840 177236 138496 174347 170080 177621 177510 179268 171891 177774 179680 7333 176820 176449 184519 179684 177273 183286 176541 172974 159082 176249 177470 180445 171082 176609 161752 176688 172259 177890 176633 182022 177038 175803 178651 182203 171410 168899 176248 179694 185004 163473 172573 176492 171357 168927 197125 164960 163405 182036 176772 144245 172028 179488 176494 182152 176136 172155 176327 179495 179273 179302 166231 177351 179406 187680 174296 163798 178007 171413 170803 197572 163999 170477 178014 178494 163503 149518 178061 171443 135453 177438 170811 179496 178529 0 175223 179547 185075 172195 175691 172432 176035 177529 180865 176537 170260 157153 167623 176888 141628 172252 171925 176528 186655 170895 176158 177223 186604 82927 177543 182211 170982 174363 175544 176160 12942 171840 174497 172306 172651 182292 171982 173492 180479 171986 152672 164000 4301 179719 172726 186978 157479 179721 128695 167607 175099 171447 180145 162226 6438 152572 179317 176159 176188 171056 180776 184228 176564 176317 171060 182393 174540 143874 180489 145699 186722 182401 177557 179789 179581 171166 180710 177344 175361 172532 166507 167658 179604 182174 171349 157651 164975 176351 176586 175372 135586 174367 171448 178041 171588 167691 182534 183551 177396 184522 178128 174693 179817 177426 166777 156678 176801 179818 176848 180477 656 178593 176365 171847 192099 185921 177505 175582 175290 168989 163631 180653 172016 182244 187374 177559 182403 191853 179848 176368 173139 174866 176811 187331 177106 176595 171500 177207 166748 179860 7351 171942 172031 176668 161923 176910 170130 174998 172315 178696 173534 179622 179954 179994 170422 176925 174104 176432 171869 186873 178719 179638 177716 176695 187872 171137 174369 175417 175310 181236 166117 7456 177240 187530 171361 183843 176940 171518 175295 187406 184616 177584 177533 178163 176474 179304 176985 171506 175703 175227 165220 187462 171509 184185 177313 179657 180525 177581 178247 17656 184400 23423 177785 171000 170841 177275 171300 176999 171628 177041 172377 172065 167927 176395 176453 180443 26794 171630 176874 180853 162877 177369 179353 177321 176456 176921 15704 187476 171645 174796 172524 177324 177062 188244 157157 174705 179686 175549 177381 178752 174394 184244 169735 177750 159399 171688 177823 174416 175664 178733 178164 184559 174896 176860 192499 177874 170898 178381 182250 174616 187284 177092 178105 177751 177614 178168 182651 176655 177349 177617 187961 179995 33122 12908 179968 50348 171998 177876 177485 177496 177352 165190 175242 171908 180997 180916 192426 181059 177139 171309 178787 177629 178336 179747 177615 177839 167994 188356 171702 161931 177123 187341 177126 178233 177252 172138 188418 178836 178846 171762 179436 175584 172151 162141 177132 173725 5670 174723 176460 170174 170190 178800 184567 178975 176497 177179 178351 177627 171353 177300 166388 180700 165470 162402 172512 178869 135605 177671 177489 177849 178379 178416 181013 177180 170199 175325 177364 166915 184274 172168 171950 171713 177453 197216 0 172633 171726 171808 172731 179666 176499 173503 175363 182945 174535 174926 10933 180709 177492 131045 171728 180074 172288 157760 179861 163826 175596 184700 175435 170969 179524 179449 175739 174773 167000 179944 179979 177212 130698 89899 184764 171355 162189 177872 177678 176502 171671 184830 175070 162429 181101 182778 174859 188530 181038 171746 184544 177660 176403 177881 171359 175484 177494 172184 177317 177566 175770 177726 172690 180190 24566 179455 172326 179405 187993 179551 163992 182501 179567 173422 177747 187414 178588 184959 176516 174683 179512 176510 171403 164168 185312 187582 170992 177990 173142 174909 158081 187607 180725 183056 172217 181126 187629 178087 179458 179726 175508 173063 175072 15729 9147 5077 173633 5743 179627 177495 179584 178894 175774 178995 168053 170259 173611 12980 173396 170273 175258 176000 178467 173705 177524 175633 171693 170337 191279 171190 177919 192681 184977 176748 177672 179022 163995 177575 177587 158356 185058 177994 175657 187720 188808 178313 180734 171780 174898 12748 180032 188167 179989 182262 174991 175794 175807 180807 10008 175360 182577 175043 163567 177601 177609 177689 179039 181272 181615 177694 0 0 180766 175130 180949 171853 183001 175195 180062 183170 184285 177219 177797 177805 180383 2891 99955 176083 176169 181168 169641 171796 176519 177701 173793 177703 173875 180063 173242 180064 181291 177704 171418 164629 177724 187144 180111 179114 171287 178023 177360 180849 187762 172004 162522 171384 171800 185894 188184 172182 181028 175314 185096 22116 177738 187875 179938 169065 176127 74191 179129 179324 7257 175553 183185 194181 177730 179658 176887 177759 172353 176085 172354 177804 175870 180403 186646 13012 172795 176407 181348 9541 170400 171533 174550 183320 172266 189326 171635 178172 177850 95618 179087 179685 172393 187884 172199 175257 187672 173779 171704 164396 176513 189351 175905 179582 175245 177053 177127 177152 180817 170488 181403 180196 173035 182611 171905 179743 184694 175260 174610 175816 175264 180092 176170 177761 177819 177930 175327 180881 177233 179024 135632 180129 180573 126316 172510 180577 171653 180326 45906 171920 178543 179614 198748 171302 175931 177841 173070 170628 180342 175440 180296 180790 171532 177889 180597 171554 177555 180854 177395 178248 162867 172431 171989 176034 173819 176543 179367 172441 178405 178056 180356 172635 171734 180297 162225 176517 181096 180299 178092 179072 182928 175534 171184 172356 158144 172593 179623 158145 173824 177383 188913 178230 175364 169688 173848 176948 177407 170042 173866 181433 190873 179760 170627 50100 170508 171449 177768 183430 189535 175416 182785 91420 171341 176070 182439 176903 178332 183472 149649 177762 176155 175984 158740 171572 180961 179399 175569 172870 182313 173939 171792 178013 180972 171745 171740 176643 181835 180636 180677 174185 171244 185172 170535 174458 186963 172008 180391 174065 170686 182465 176279 162870 176348 177870 180148 166596 175958 171898 179166 180798 163092 175564 187893 153606 182806 189380 172060 177908 175645 170843 7393 172009 171128 180307 180357 163253 178644 179591 178960 178099 178269 151151 181120 173309 179323 178370 177914 170549 179763 165773 177940 171830 183118 176032 172445 179426 174202 177040 177944 177951 31179 163852 185118 178555 179829 172628 184 188103 166147 176272 181448 178047 172509 167414 187915 182881 188033 175680 172117 180413 176311 179832 171860 163557 180992 172753 178081 176644 182476 180335 178655 187937 172150 171150 172106 188078 180170 178083 188884 175693 177898 179361 180493 172746 185242 172790 172799 175768 180745 178401 174406 179850 181417 177809 175851 170886 168147 180875 9544 179501 164080 176138 178425 3422 177953 175847 186672 177554 172526 177984 172821 184470 179874 179113 177462 172899 163879 176338 178034 177957 178664 180877 176358 175445 172836 178456 184169 172162 180515 193077 178513 179521 178528 8920 172966 172990 183338 187500 7377 74846 158301 178328 4775 164583 180368 181004 51373 180544 0 180212 164882 178204 178108 182854 180098 179575 178065 0 172589 181197 178847 180784 171826 172994 175729 171591 181370 176171 167711 175355 180826 178600 180539 178064 179882 178559 175860 167280 172529 173008 178028 178601 171744 184232 178819 144460 163363 189327 179593 185113 3573 178999 176374 178276 176536 172559 173034 179278 176960 173046 176638 171921 180293 149725 170972 178660 176771 180585 176425 178088 173047 178102 174636 172170 175917 5415 178143 183806 178147 180613 9218 174418 183977 179939 159563 0 176770 178302 176079 183058 13034 15399 180627 188122 178150 170907 172535 176681 180628 172982 178350 197969 75798 166454 178173 176137 178252 179663 171922 183994 158442 171944 171956 178312 187942 179672 181526 126773 158673 177217 168340 41656 172214 76429 180737 181082 171870 178210 185179 163921 178258 21453 178327 185712 188327 185221 191905 191470 181220 188373 52931 181777 179600 183211 188163 178805 180495 178352 166236 176483 180197 179516 144462 1570 179141 180979 181395 184320 177666 178353 9055 179003 185755 181133 174504 180669 178808 178181 167463 0 178206 172222 178356 184743 174646 24237 176194 171978 177562 178831 180511 180689 180810 180530 179569 181264 176488 185433 178413 150501 175949 178117 182936 177923 178226 172637 179720 188339 179104 173069 179725 178294 185902 178414 178886 180607 186081 181846 177669 176072 167736 173129 180793 172101 171079 180983 171802 176593 171858 183707 176738 193112 177801 177812 193429 176500 176505 166633 177316 178182 180945 188482 179625 178439 180540 178526 172606 180984 178618 183290 175511 179885 178389 54877 178347 173522 178640 181692 178942 178656 181782 178349 181824 178959 174789 158215 181040 173032 182040 179903 191945 155606 184329 176817 175922 184117 176526 173685 176744 182969 178689 164118 164760 180312 178957 178661 175105 173134 181041 184371 172086 180041 172133 171939 171979 179737 180806 172368 164678 136173 13076 181952 178983 186462 179030 180903 180363 0 178706 164123 176093 172229 179065 178485 51446 177938 181791 178501 181188 178860 179962 182182 178205 179969 178965 171062 176563 188407 171983 188500 0 184906 179091 183531 181044 179016 193783 7566 189864 172260 178853 176597 181106 9224 178291 179744 176617 181289 184759 181092 135660 180000 178190 176787 181165 173187 182352 171988 173671 176944 180618 172626 180965 193997 189114 172277 180659 171091 180030 182893 192354 181093 175330 176599 0 176899 188548 177565 163791 172808 31875 180039 175497 166654 176589 178216 179133 175585 179097 179150 189592 173923 167920 176859 174244 184781 173343 172296 172774 183566 171994 176945 188590 176242 179797 172078 174438 177873 181477 164890 136274 179197 62401 178662 141633 186138 176889 168234 172125 179819 178292 181194 180952 181389 179835 181008 171558 176983 185287 182431 103781 172147 176257 176661 176614 178504 175686 173208 174876 167169 82437 177111 172255 8362 172274 141139 178721 2908 178736 175587 176331 171170 168584 163328 176601 187925 159601 180034 178295 181416 338 172039 171961 189050 172357 180045 178518 176401 163937 171303 53042 189390 164930 186394 176448 39722 178981 181454 176452 172410 176751 172164 172491 181803 163996 176571 172881 164178 188492 181531 181097 172058 178325 188631 0 179319 173930 172120 178477 178036 175780 179868 173949 179857 164277 184429 172945 172417 181176 163876 179262 181035 182488 172507 179902 185135 171095 181074 181378 172830 177215 175737 176794 178151 180724 172663 176975 177602 172702 171234 150517 178374 177638 174251 178558 178309 181569 188690 181459 193802 184027 173349 188732 32876 10957 172430 177056 181482 174085 10330 181166 171151 182557 15734 165174 177160 120639 181127 181134 164321 168937 28360 180053 172010 180675 172144 172240 164860 179480 182761 0 171381 172901 182289 181597 178570 164358 178596 181610 179084 186561 178462 183764 181207 179707 159636 180698 181077 176621 172594 173956 189517 181689 178393 178887 192764 141603 178219 153074 188715 174609 177210 176569 172476 176598 172595 178980 171397 178488 181225 178875 80558 178597 179101 179977 173269 176610 177265 180179 5416 181212 176618 128006 183313 172585 172603 166675 171517 172814 184358 178903 179352 188172 172301 177816 176779 177222 180986 177391 172644 178771 164983 181500 179238 183664 173564 177463 178386 177244 172523 181297 172689 176619 175782 181634 181501 175978 177276 176573 62427 172739 180089 178608 179360 178449 172610 173370 165153 180900 161549 179348 185126 178522 153650 182964 177304 173371 165610 174135 181237 172961 179398 180200 0 164925 172981 177287 181283 179446 2919 165738 10962 176102 185769 174068 181508 179504 178627 177673 181528 178561 177356 178639 178612 178674 189932 188779 172764 179401 181309 76796 179898 180358 172169 175789 179559 173806 181786 178632 185368 177856 182370 181530 179148 185783 172919 173954 162136 190099 181456 181648 172670 173470 178691 174267 188801 172778 173452 172967 179965 174908 185293 155061 181808 178717 179598 179282 181646 185053 172841 172854 178728 172908 180199 181830 159080 188844 172888 181034 46508 179624 25447 178698 176635 175412 184092 180109 178764 9567 172693 172924 179637 166684 177603 174137 182583 176205 164447 172709 15383 178804 179486 178658 178694 183044 179739 176963 176718 181832 178730 165777 168982 172245 172619 178737 88155 178822 169567 174294 190381 178109 190523 174309 120915 179774 188412 179673 179288 181050 136086 155975 190589 186656 185459 189155 183271 178856 179454 179508 181688 179526 180247 174090 179698 178707 176378 17947 184094 179752 30 188863 172788 172411 174547 181951 186368 180379 182020 174314 179783 178893 26245 155149 181466 174330 177327 172963 171428 162694 172625 191492 181701 5508 15438 176809 178962 180235 164066 179811 166663 172979 178872 173676 28621 174593 176665 164106 188842 164410 181375 173024 179888 178738 179527 188852 177413 56237 181117 184143 0 183063 172825 188867 183455 178986 145563 170079 184556 14367 182556 164461 179699 181478 181708 179980 174982 177330 173041 173083 172157 181717 24768 177376 172398 164488 189644 174685 180007 166698 178998 176852 172662 197765 181798 188938 189116 176386 189337 177511 128685 180411 177604 185308 136638 181807 176755 179723 178564 173206 179948 183466 180172 173210 180559 179767 181160 177112 179777 175647 175804 176625 179517 179522 172730 179891 176821 186659 147490 3649 18260 168453 173833 181769 112045 173215 176027 172887 189693 181871 178628 178567 85602 178859 179788 165125 179844 172892 181492 179015 184628 173279 166881 178739 179910 182001 179953 182777 179812 178727 180177 0 176882 179119 179004 180263 177618 185335 172973 23099 172803 180202 177042 174007 172251 180267 176384 174357 173355 184648 179706 177088 181929 62923 173946 183473 177399 177632 184733 185719 177636 173302 182398 195014 180377 172673 186707 6775 177954 179862 183112 181767 178669 177190 179960 178680 188699 173303 178695 122320 179205 177551 181209 168003 186890 183316 179970 186947 181867 173478 167077 178768 179199 180119 188948 173273 178934 181796 160824 173363 172092 178734 173543 165851 179975 188952 181465 177224 180291 179991 190762 174015 188972 179212 173184 177731 181923 176776 179580 181937 179043 178746 176047 179709 177968 180464 181167 174379 182047 180782 182059 136657 179079 54327 181256 178806 177593 173567 179928 178124 174030 179924 179110 172694 842 188445 168522 182448 172977 176728 181722 176117 189736 181549 168540 172736 173773 0 0 181887 178829 177813 172853 173313 159094 180389 80978 178928 173137 177419 183340 186094 179154 177676 179255 174094 185841 178433 176841 172999 32418 165165 81220 172749 181311 180290 179761 178705 180010 186141 178843 181659 185038 182075 172876 174742 176629 179491 173565 180409 149501 174242 174873 189859 175166 181926 180036 173820 177713 5092 180079 178885 189695 177439 182027 184053 180320 174777 177291 164614 175426 182755 180427 6257 150525 180031 6877 182091 173943 181325 183348 177620 179645 189041 9607 176881 13083 173347 182084 39065 182100 177665 177717 177377 176252 180337 185078 180469 180880 177902 176396 167208 181457 182284 186981 172400 181485 174315 177733 176950 179836 179093 181752 179014 178571 184487 180454 26761 181555 180093 176991 177025 173298 176634 172988 162544 177736 190813 178918 173401 192000 177021 180491 173425 174116 180060 178968 181535 180171 194188 189934 182116 184096 175219 181446 172618 180474 150613 179281 179460 183910 181329 180140 173441 195736 182118 182129 180146 179453 184553 179142 180499 177818 189821 176409 32557 180517 187249 182151 179855 177752 189125 176462 182161 181969 186166 182179 172809 174596 172885 182229 177457 189200 182064 178982 181049 173463 180554 173448 182232 177684 180159 172937 180566 182249 176647 179827 180252 181219 180161 15810 167312 184637 180533 182180 62693 181620 189447 174374 179745 182208 177055 174123 172940 178987 168697 182024 173156 179115 198090 178577 180546 180277 187257 177860 172922 173852 185345 179010 165741 173449 181580 173058 177969 180645 173472 63329 151071 178790 184789 175500 181715 179335 180601 179893 182402 173018 176680 162706 180206 180008 182466 181763 185016 169085 180694 176824 174260 91043 177708 180611 179135 177979 173512 178005 179157 174401 173066 186193 181801 173549 183894 175538 174569 179089 164953 174443 182469 177060 63464 192642 175632 198140 186483 182293 189276 177798 178010 184813 177078 19534 182859 180741 179188 182295 173075 180779 180785 173084 176752 180236 174626 178012 173521 182471 174673 173087 181063 183424 173979 182641 177800 184900 180788 174797 173368 180256 177102 184248 181342 189302 179204 165318 182034 174144 177149 173093 177162 174523 10458 178882 179103 182240 181145 180284 173450 186190 177171 26390 179259 177827 184623 181479 179132 6153 174290 173119 174965 174753 179229 175270 182314 180354 174842 0 173572 180412 174850 182495 185295 166493 181585 173728 182879 177722 180822 179251 190175 177200 174923 173146 178029 182938 173106 0 168621 182316 180823 180387 181710 159248 44035 181641 175757 173150 182194 173159 198224 180398 179834 150863 192254 175036 179265 173165 173246 171598 825 181826 175283 180044 165622 176907 164779 166658 179695 187151 180685 173992 198465 180871 180438 182511 156675 169732 177259 159558 180097 175875 181920 173202 174518 177253 182963 165712 180556 173082 189504 181095 180886 177282 179440 179272 179155 173771 185039 179708 180895 188827 178033 178111 173256 173264 184638 178052 175679 178198 7459 192541 186767 185099 181823 167990 175406 182347 168766 151122 182007 183041 131321 144977 184822 175311 1753 173505 187024 199389 192357 179275 179511 193831 179283 175947 173278 179306 178242 178118 173286 180509 166682 51 187325 180756 176265 185162 182537 12943 165275 165037 185164 176949 177255 181658 182384 169148 180542 169235 173878 180767 180470 175335 180341 179556 175425 179169 180602 180547 177855 159659 177264 175123 185166 178626 177281 175137 176303 180899 173545 189373 192394 173272 194634 173292 185256 179308 185782 166693 18539 180705 173359 180824 173383 180606 173558 173589 185117 187350 168175 6062 185328 175743 174054 182623 182023 179985 182798 182860 180884 174004 173560 174764 180786 179313 185400 178180 181104 175328 175147 178438 182269 174279 175156 182285 182281 179574 179583 178202 178211 177341 179751 181751 4876 170729 187029 169996 118735 181946 189630 179981 179314 175494 185304 169777 175612 175802 177261 182350 151021 63637 175758 60408 191056 185626 4387 0 182380 192449 55327 182985 181971 179172 61357 175189 128746 159618 179236 7465 177776 174287 183051 185936 180150 168877 169103 177366 177375 177906 173393 128585 173374 180930 182440 10097 183078 173392 23550 194635 173603 179594 173412 179266 33679 173631 180402 194700 182502 179362 174390 198655 180313 141726 173431 181154 182536 175209 182418 173638 185794 175902 0 189216 8404 179372 180946 13130 177916 165553 177386 176491 180075 24779 175525 179396 182005 182454 180947 0 175751 3380 179447 177528 179423 187561 182026 120762 180466 182636 151145 137002 86340 176398 183176 180963 164830 180898 173853 173428 175248 178193 173408 179434 177398 140132 182457 173418 173394 178244 165062 182409 179940 193182 185339 178286 0 189849 189687 180590 177507 179632 173694 190218 173648 137643 182331 180126 173400 180321 173445 182569 13676 177999 177436 25654 178287 194791 175820 166894 193500 164221 177606 173786 114784 0 180811 173706 173682 178346 75355 182200 187593 173480 190144 194912 182590 175853 180608 182108 166541 182603 166982 189905 181240 177526 179520 129821 177421 173487 182491 179618 173743 182775 158362 173569 173600 183226 182670 115096 189862 120447 173608 53154 176044 180652 180889 177917 165073 179635 175287 178544 180046 177564 175920 180101 185833 137971 187740 187122 1851 182679 179785 177573 10233 168283 180022 179441 187179 165092 182664 175427 175932 180417 178666 23870 187170 189655 181016 91883 180771 187719 173861 187815 182675 185842 173509 180695 186012 178423 190226 183386 185852 182304 176689 173614 185859 173746 180736 181148 184934 10027 179476 173757 177640 179552 182682 182363 180924 187058 173758 174488 182689 177628 180178 143939 182415 183377 173970 179571 182720 177661 176690 181005 179644 185619 173634 189914 175449 180276 176980 180942 179557 182711 173675 187827 182018 179675 166908 186216 180748 178334 180461 173886 187820 178016 177779 189837 187903 174209 182754 189981 160661 182776 180772 191475 179687 172652 0 164528 190247 182796 180812 178732 179750 179772 182685 184030 173892 185199 165297 185374 182831 175938 180953 180996 76798 177789 173625 181199 189783 180966 9956 177988 173704 182983 185919 190542 153547 178480 179853 187155 177794 185628 167365 190888 173897 180549 174939 174733 180974 187933 173986 175104 178471 181313 180728 178675 178024 181014 178820 178815 190020 108172 178589 180842 174025 175762 194974 182079 181068 172787 151642 180187 179786 174026 175771 182737 176086 174106 189806 175969 177151 173714 179877 166833 185891 4933 179008 183433 182797 185448 180845 178679 151903 174098 180600 175141 190111 180780 77100 181550 186961 179886 180846 182329 174449 186721 180860 194092 174108 161480 178687 178119 190057 83926 182481 178520 176698 176073 178760 175288 7623 173894 174173 180879 176111 152578 182136 178161 182190 174760 174031 162836 176673 169837 179017 180861 178762 182279 159767 178825 179782 173772 182335 192480 179955 182343 176714 182387 181071 173767 174809 182760 181085 179974 179033 180697 181506 180027 7266 164933 186008 185551 177691 97970 173697 190690 174195 179019 173942 179816 183464 179088 84184 173804 179828 179984 183645 20765 175977 177974 176088 180020 181571 182954 180061 174059 138237 195421 174228 153533 181118 132096 177719 187543 177820 179986 182816 187477 181130 180116 192550 166846 182445 174235 110038 174236 132531 177004 181021 182201 77272 181191 182847 173845 167296 177465 174240 190412 178810 178848 178461 180431 181223 185573 173982 176096 178855 178042 182867 183028 180072 190045 180718 182962 11486 178189 180076 182842 180959 160107 181643 53537 181100 173983 174583 172948 181241 173999 189959 181731 178126 173924 154596 153655 182974 190340 186795 179592 178209 179106 179260 181113 183029 180132 178493 174292 182517 179231 145750 181171 183534 182946 181251 181061 180192 180221 181149 182857 183069 186927 177075 176304 174393 199264 180552 176150 179647 180124 183071 187832 182525 175308 179279 139092 190076 180568 186092 174699 193144 174624 188112 181214 190906 180210 174522 178311 176371 178898 143198 183091 160077 176302 179651 181673 182544 182580 181159 187346 174037 175275 149658 175730 67423 177851 173763 163966 6254 174034 165718 174286 183609 178382 183113 181245 178481 177280 179253 110589 182594 178085 186204 183353 123 180242 24786 174326 194667 173821 6977 176318 188330 181192 180830 174060 183403 186080 181347 190130 174061 0 174101 182746 181150 182610 183432 174118 181269 180035 179653 182620 174381 177960 177664 175941 174194 179890 183659 180239 182563 180048 180068 180233 181090 180458 181282 190541 176566 139112 173851 182924 176236 180281 195549 181332 182571 190610 174158 176262 178397 179572 199467 181423 180305 165234 180873 188453 162337 186110 180294 175177 49225 180105 178904 184148 182598 174530 177512 183149 181288 174634 183102 181206 181301 177136 187220 177502 174668 181757 180142 186351 190158 180021 194570 165301 169221 181772 174043 181189 190235 178455 175348 10832 167583 183209 176344 180639 181354 182625 178120 177799 165356 190641 183444 176380 184396 164843 181321 90199 181356 181458 178217 7283 181687 18705 183452 178469 180319 174729 180334 183803 176768 181436 187080 34586 180185 183684 178512 190726 178478 167428 167505 174892 179338 168962 199911 183805 173782 174138 178266 178360 181467 178421 182632 183746 186113 174702 53629 176446 178516 174321 197321 177817 178553 173865 178524 174582 181582 177871 181361 0 174623 176522 188505 180382 187503 181022 174732 187880 183457 177597 178786 183344 183191 182650 180349 181917 191806 186125 190288 186375 63054 174184 183189 0 190877 187966 181849 121079 182639 181427 174270 183404 176463 180453 165742 174791 182030 0 179298 183586 180901 166267 190363 182692 182932 181430 190436 176509 178584 178609 176640 181773 193863 165378 180562 176761 180388 188667 175946 172984 180194 182121 174911 181470 174734 178704 178735 190894 174770 181785 181383 182648 180265 49901 174284 182957 179430 183959 180186 195325 12947 180501 183983 190282 174268 181069 166909 178801 168685 181481 176766 185580 180584 181603 167585 181486 175058 183999 181420 180716 186009 180390 176212 176875 183594 174930 169310 187186 13112 16363 146208 169271 176879 182656 21346 181815 181489 183345 176977 187275 181464 174994 180486 181140 181954 182732 172207 184476 0 180496 190292 170485 129505 183357 182070 175203 176918 180211 182803 173802 183616 9458 121192 169022 186384 183484 10426 177005 178753 175143 167944 180213 178870 177103 188393 178873 162291 182903 174839 175279 183077 181498 181709 174893 183054 175319 183615 182809 183169 181020 165787 183396 181089 13953 177959 169975 191081 182122 183673 20009 190477 174970 167675 183850 183410 178775 174002 177732 175293 178931 174317 177101 63270 179942 183853 170202 181136 186407 176864 181152 174568 176206 174143 181860 190826 174838 183692 174906 177144 178795 53640 28416 153793 179013 182044 0 130279 181147 195052 182840 190207 176346 181529 175301 0 181559 180392 174133 181924 181539 187276 182245 188052 177117 174293 179397 188817 174993 174661 183089 182126 174856 186285 183418 179020 178897 118405 176427 181177 183873 181560 180560 165571 160197 184049 188072 180712 178114 183202 165764 174079 165098 174225 186405 10054 183544 183038 182133 175303 180315 184026 182905 188772 180369 190945 182567 181195 175008 180462 1092 181605 178799 181607 183588 166552 184155 178770 195067 173009 191177 174910 175382 183123 174350 174264 24923 183879 181810 177472 180395 178821 180433 5015 186316 179439 174342 173039 165872 181215 191406 187510 0 177167 0 179626 190339 182851 144254 181109 184036 182657 159719 178865 178899 181618 190976 188782 166705 195618 179001 181644 174349 167814 177128 181428 179961 175458 188703 180762 183900 181499 184116 183724 165578 187562 181429 182294 181525 182849 183838 160281 2049 175597 181948 183926 180791 178910 8866 181950 181959 181671 0 180816 184190 175509 187737 168458 0 180218 181690 170585 142345 90141 181712 174725 173903 175024 182144 184229 175049 181484 175833 176458 188799 177284 174465 183126 151254 165847 174891 174904 183225 178075 180541 183445 146047 174954 182315 175081 180543 183564 184157 180180 184136 175864 182918 154099 181575 188255 182930 191102 182955 177483 174601 186735 187277 183148 180906 178261 180228 188862 180449 175476 181792 174245 153806 175613 191408 183950 177178 177748 181700 182326 178930 175192 191018 181702 140293 183669 184205 182680 175214 175623 180134 175345 186481 169388 166736 181802 182147 180588 175243 183157 182762 181190 181181 178907 178951 186665 169403 1884 177520 191148 183301 181218 183995 181970 179756 182542 182008 183174 178970 154150 175068 166847 179038 181723 178293 180400 168520 177931 180476 186295 166844 188359 156293 181724 175216 5102 177655 174356 175473 173176 14555 184402 174961 175642 181736 183200 191212 174630 179083 182576 195794 186338 179040 175032 180870 182032 186406 176049 183480 177608 178165 178949 191650 85315 178996 180457 176092 183489 181781 183204 174360 179053 179052 173606 180855 174704 181432 175069 184549 184584 168356 181537 0 142473 182021 181183 176933 175230 179659 166791 175168 177835 180426 175523 183222 187765 156693 191396 175300 191220 175391 170631 184078 183233 167006 188990 180478 175465 184768 179060 169441 189018 170673 182228 189042 183513 181232 182186 176524 193020 191717 166839 181817 131898 181827 40615 178031 183092 175818 174035 168711 191245 184042 186027 184219 188557 178755 174411 175586 180498 178495 0 181873 181833 184829 174111 176167 181243 183243 63600 182765 183425 180764 176603 179149 176560 190480 182615 191735 0 183621 179054 183488 184860 183327 180977 178178 184361 186764 184097 186438 176238 181953 175635 183387 942 182157 186796 175390 183672 191154 181338 193504 181009 187695 179070 174500 183414 184540 178646 180526 182814 181864 176376 186914 184241 24285 178094 175051 0 187909 184015 181468 179073 171312 183429 164875 168787 175479 180594 0 181510 181875 181382 184899 175066 169659 167127 179175 175480 186072 177709 182880 180656 178270 176352 176656 179357 176988 175446 181568 179191 184311 169781 162547 160550 179303 172716 177479 178515 184109 197462 183439 184120 21144 191957 77131 180671 184642 77659 181619 180019 191965 177024 181955 182282 183451 175576 192029 179901 176667 183305 182056 191995 180069 192106 181473 179194 174940 183458 181965 174509 183658 6967 181522 189051 184127 184150 191353 167977 188278 178542 181878 183065 176741 183583 192384 183709 168688 185068 186657 185139 184167 181987 175683 175094 177237 181960 181453 181637 181707 184662 132540 191558 179220 189204 179289 181668 183553 181024 190527 181566 8985 20546 132694 180555 181985 183780 182033 174957 184188 181699 175868 184217 191653 181201 34066 177522 165935 181994 183547 175113 182039 180743 191025 183870 179369 183901 164920 181743 175131 182349 177547 138265 181988 191253 190041 169853 180802 176814 177982 184823 170679 177784 182076 178290 183581 177368 182080 180827 181226 168814 146641 175162 184254 166920 192182 139185 181768 167354 184099 92434 183943 183613 178366 179393 184393 170802 182081 182098 1946 183661 178441 176289 177039 181083 195195 184982 181295 180837 182155 176291 184040 184418 179437 182358 180570 179465 180843 180927 182247 179293 175201 192497 176353 182479 171536 166011 181845 91751 186854 180527 157366 175461 184427 0 184154 182899 179561 184533 182083 0 178807 178789 175663 169482 179351 181087 182099 183886 176397 184170 166521 180863 175414 173696 181895 182125 178816 188411 183798 165162 182413 184435 182573 175725 186803 178866 180678 177613 160794 184187 180589 182296 196448 179325 187085 181906 176642 183360 182774 181469 180604 181957 177433 175472 155909 183427 180848 183366 182799 191578 175888 178465 180910 372 183710 181444 175918 26455 180932 166082 164018 181131 179309 179358 166103 187836 144474 157910 182110 183392 175240 182130 142764 182217 176765 184997 34312 177853 184202 173740 196621 167570 181973 182885 182319 183868 10476 184270 185061 182156 193700 182006 183443 167787 179579 93421 186930 24293 180703 192513 175155 181509 185140 183448 167813 170647 191060 183027 198073 192565 180954 184450 175116 174551 195454 6721 191464 184272 170198 190049 183711 182218 174637 184440 178623 184294 177077 177828 182093 182715 184810 180796 98984 178498 179505 179355 183099 182114 181259 177107 191767 175353 175923 184462 181315 187888 177188 175655 184496 182184 183922 183663 173844 184210 182931 182951 181319 182317 181590 168002 182320 190092 180968 191482 176484 185195 181337 183917 196164 185662 182221 189213 184472 182309 175785 181362 57412 176789 182996 175796 166993 185934 179371 180808 122865 24959 198484 180841 182452 176523 176849 179387 175689 179428 177910 184212 180995 182527 182549 174674 179429 182390 177985 181635 175356 163298 182417 176987 186408 181102 179523 184523 184504 168475 182971 171332 175948 187968 170211 189066 181684 183957 188444 177845 182312 175994 154321 184598 181863 185382 183460 174433 0 187005 175673 189231 194 174183 183841 178937 188858 181003 175953 188150 181018 179558 184526 179631 189505 181490 182487 176030 176060 177986 182493 184841 195936 174567 179654 182505 182323 188031 183981 179691 177050 175592 191666 181042 175700 183020 182408 175936 179692 191695 179757 185281 175092 184459 2923 185070 181111 184554 183997 181179 179413 184067 184344 182355 179090 343 182554 170413 176322 174625 176090 179830 132657 181572 10140 176135 189582 181795 179787 176109 189709 184707 177000 183216 177305 191024 181574 182978 177987 176473 186339 178857 98993 182425 191881 181067 182919 191778 176504 175343 176544 181121 182137 182146 168091 184123 182364 176126 191275 162917 177068 174642 161470 183003 182568 176143 170893 174663 183114 183144 182578 175496 7300 183408 184961 185292 182165 182242 179905 165897 184541 178046 179365 183575 182586 179697 191886 177087 173699 185265 186897 184174 192560 182723 184586 176737 182631 166138 15963 196751 189292 182669 192588 178326 188527 178020 182702 175393 185656 185305 184179 182596 179793 166798 185466 167159 184744 177177 182248 178953 171105 166417 181642 182346 178599 180948 191984 181836 122041 183010 179368 182855 183807 179025 191085 186052 184192 182600 185476 176217 182406 187263 182419 176561 177591 185083 186949 181180 174649 53596 186159 179810 189925 189069 182862 175921 180714 168227 25880 184557 183021 182767 181540 180883 181290 168266 166685 157379 169720 162955 168457 180143 191940 167143 181019 174997 181547 180049 177288 181974 182882 182371 189384 183034 180108 184608 179769 181698 183055 168477 162108 0 184247 181230 184573 199198 179541 190502 184917 183278 182696 192594 181139 183463 129937 175750 184777 24614 183324 177343 177498 179809 189690 179245 177633 180282 196792 181205 183100 179546 177537 168943 179982 176392 183476 182405 77173 168479 183541 183483 181966 181394 189728 183456 189874 179840 186404 186980 183561 183580 184641 181292 176507 183572 180858 182756 182741 172384 184856 178098 181273 183111 183721 179075 182504 143057 183154 190693 7574 182645 189758 178912 1099 199284 183832 191565 167413 182267 158708 181091 179225 180428 154486 180459 184782 33355 184935 190388 182839 185410 175726 183620 184645 183239 183215 179573 185176 179854 182455 168793 179590 184893 185208 176858 176883 175471 181285 145258 182979 178453 15599 169970 168905 185532 181606 182333 183255 176239 7350 25014 183667 176775 182541 184661 182043 191152 182597 179578 174867 187110 186715 171379 185231 184748 182068 168985 183871 183297 185250 180323 184315 185014 154509 177549 182841 184172 64513 179344 182937 93769 182437 182513 179585 181408 170905 178345 175903 178638 179973 185251 185538 187753 176307 179587 180015 181112 177811 175000 185042 177231 175332 192586 177741 181963 182947 180691 176777 166442 176844 157400 185549 187133 176958 180051 9322 181438 192724 181308 183670 185311 191409 176115 183011 181402 176225 185604 176098 183048 176588 183680 185347 187061 181443 181425 183379 186293 176362 190743 191531 175744 143521 185605 188916 180289 176677 177182 176459 186741 176244 175062 198141 183060 177833 182115 154754 183678 184714 181742 184338 177260 181811 176758 182697 185398 177334 179702 191988 177677 176366 180077 183779 170217 190789 183212 174712 181518 185694 183074 181306 185472 188249 185291 184723 184811 180137 182460 182462 169057 176976 20152 184214 181842 182959 178040 177992 169987 185837 178159 181977 184751 183898 179347 176470 185415 180418 176803 184417 177017 183795 179732 183882 167564 184028 192966 177347 170067 179740 186442 177379 183122 183035 197214 180181 176039 177757 177782 179389 192110 186682 183086 183449 181533 175608 180096 179433 180285 183145 183459 183125 189868 182483 183985 182470 177216 177299 185886 177793 171409 177832 186003 180353 185082 177918 177337 176450 181001 182528 176467 0 9468 183146 190011 177033 179887 166801 178044 25208 189404 171141 183173 182535 183733 159765 179753 183109 181853 170732 185351 178824 180975 183846 181695 193184 177411 183199 184005 184531 180243 186061 184589 176819 180275 185485 19310 176901 179475 187099 179807 199926 183940 183904 171695 182238 184113 183213 181996 183292 197301 183355 186096 182062 177061 193226 164162 170369 179845 186135 184884 183317 178213 193174 178152 184915 180292 187219 181577 183784 177886 144431 166683 180648 183346 183370 188310 170741 171985 181455 194524 180435 187367 182334 183817 192420 186155 177412 190199 176349 170785 177922 129840 179859 178535 183328 178222 185397 184765 183004 184933 0 181956 159973 172239 182011 188804 189649 176040 177972 182067 182087 183374 184687 171319 199675 180777 190820 176485 186361 182529 184960 142635 10980 34152 186807 184787 177073 171334 154359 183400 182794 183885 185123 183446 192060 185929 171749 171388 185127 183475 190984 180967 346 185612 187618 185447 183499 179384 185465 178348 181461 183391 183599 191290 160756 182621 185515 177085 179555 179649 178783 184831 176584 178131 185504 180288 182599 183323 175746 181581 172328 178321 177937 165430 175848 174813 197469 183376 177758 199883 187565 183435 181613 184081 186177 183522 162309 160911 183610 166197 1846 178082 178447 185524 184921 191561 188576 191595 190072 178289 159219 178891 184842 178944 183545 176600 177905 175838 180375 179667 190968 183440 181086 196537 184480 166939 166498 181598 177153 180631 182366 181629 185009 182117 188239 179867 183543 182260 178304 189062 190838 182272 182873 181628 193251 183597 183627 179656 166934 160205 187214 182638 162460 181099 178310 177333 183676 181656 182874 185146 176469 185614 193279 182722 175993 162539 184527 179922 179935 0 176554 94171 179035 1909 192828 181729 179880 184149 176041 178568 183679 148843 185555 179894 186521 179876 185017 3406 160576 185133 178045 123658 178069 6294 180649 183481 166760 176011 192434 181328 179318 183574 189921 183604 176611 178158 178129 178175 36073 189809 177206 172442 179899 124514 183143 185152 178250 185550 183996 185616 183714 184786 181914 37775 179444 183629 187544 185160 185248 181667 6141 684 181760 192064 181779 180033 24660 171343 183865 175637 183241 170167 174724 185684 184013 183717 190719 192640 177478 184100 182305 178344 176687 176800 180071 178275 190311 182311 180707 176053 162703 18318 179904 7670 196902 182373 182438 184903 176385 178280 185749 179957 191899 184914 2678 185270 170370 186601 170424 0 183734 161312 182388 180405 98210 184115 177625 180492 181855 167021 170541 177312 80028 181720 186188 191901 180324 191926 182684 186630 194569 146040 179668 0 170746 169408 183736 183998 183876 177221 178355 181841 174744 186017 61428 168489 183756 197541 182779 184093 182789 183397 179730 191231 184182 186848 180004 185010 183754 180123 183907 181901 163153 192658 175891 181905 168765 188997 193126 183649 185033 180385 193441 183660 182848 186997 171072 177513 182904 177446 181381 184161 183762 187821 184173 185701 180095 187227 155925 183787 180006 183914 184304 178364 186664 169062 183128 3010 180214 169407 177274 177497 184233 182876 183772 177506 181744 182474 184433 183303 193894 81780 176064 169804 189877 181674 181800 180011 39617 184002 185282 180513 182102 172479 184048 167633 34085 185819 177535 178372 175053 182933 180037 183794 188552 180047 181758 183809 185158 187633 186060 184436 181714 0 161434 179748 181748 167397 187364 182540 185315 186112 183422 177576 183839 193330 191938 181797 180107 150043 191262 186893 185320 178643 178288 182551 184057 192767 178892 35143 177550 178466 178919 33446 150210 178412 180537 183829 184341 186131 176739 183831 177540 176100 187405 180127 192903 169236 166983 177571 182612 185443 180234 184609 184098 0 183852 182988 186209 180322 132452 182191 190848 181857 192584 172983 180125 187677 180318 182552 24708 183854 186350 180182 183614 171674 185644 188541 181896 180193 185477 183895 183925 176753 176101 167893 183221 193431 186374 180173 184667 182595 186790 180719 188236 180420 180219 181930 168855 180082 94978 180135 185177 183036 180545 185202 184224 176843 10981 183824 176139 175982 182088 173051 191517 191779 175351 185298 178305 0 181351 183632 114810 176187 178667 192166 171936 170505 180406 198173 190121 184322 17560 176195 192602 168017 184110 178497 183951 180260 177227 189227 185214 178563 110920 176952 178714 186953 168029 186806 185469 180302 183860 184132 178071 187053 169412 182239 191700 166704 187595 184140 63695 186867 184261 176857 187071 184147 183501 178849 180207 187301 180908 181445 146214 183633 179078 184490 180504 180553 176005 188545 183964 178500 184372 175557 169116 176189 177680 198428 167036 190756 186942 170588 176128 175909 190878 177612 182771 181870 191793 181756 178507 181897 187824 197243 187077 180308 182562 155174 180912 180632 184198 178985 187321 180329 187269 183740 178881 175615 181294 191785 182275 0 189221 175973 182168 177648 169966 184258 169099 182811 183643 180944 181844 185850 190904 176202 16492 177475 180264 185740 182113 178909 179117 185838 194101 13252 187645 187343 180958 189428 174975 178595 167729 171801 177650 119047 0 183931 184530 184283 185942 171951 154935 176069 184446 184370 185861 178621 182705 180699 183961 176227 178725 177693 11015 183068 175795 176804 191291 181114 181911 186889 184708 180660 197898 183752 184386 161457 177091 181135 178791 177950 7706 185359 180364 184391 143352 183889 183775 184909 189906 180414 182635 179159 183045 189470 174987 184515 181968 183969 188670 182770 193473 182025 187600 185394 183090 186971 186085 183982 179211 170129 185375 177228 182838 169978 185572 176246 191182 180416 0 182212 177978 171820 184388 183941 182912 167538 185060 167037 181146 184574 184713 187670 182889 182298 193620 182339 184430 184577 183836 178032 176486 189880 178338 178922 187111 15979 0 184780 168045 175690 187700 184454 170865 172287 186231 184479 1965 182588 178053 178361 168560 178635 178792 0 184080 184785 186224 193642 187622 184010 185895 184218 182819 187781 182890 0 184932 184020 178818 178474 183867 180567 183147 193710 180572 184024 176275 176281 181894 185736 184038 182910 192076 192130 170045 180576 187615 187944 187766 173265 185385 184085 184089 183893 178993 18787 178398 182459 144627 182046 180603 180564 193610 182164 188123 184512 100480 185322 178877 184570 184521 177546 178631 188473 169454 176329 183195 187307 185576 16693 182619 183219 182970 176971 169097 176229 182345 182716 187104 95449 180176 179098 180623 181211 182348 178419 183908 186269 185900 167176 9396 183863 184538 182351 186116 178905 167396 182726 180345 183220 167257 188173 197425 176387 186210 179032 182734 194156 144749 180662 182170 185920 184163 176979 184142 184231 184111 180733 171223 7644 184976 179489 189250 187193 183635 181511 187254 186011 194582 184206 186236 180814 185438 187356 184249 177019 34881 185617 178435 188932 186304 52190 167741 181249 176498 24892 183272 180442 176343 0 180668 185758 39628 184797 175928 0 95747 184602 184513 178938 176431 185646 180110 177826 184799 184817 182395 178964 180484 183383 188558 185762 186378 183654 176583 184735 188329 145334 188673 36546 179050 185700 177302 189492 185094 185507 161579 172444 182429 176360 11146 178648 183362 151173 187449 183923 178654 185937 184273 20674 189946 185940 181434 181029 183103 190254 179124 184265 185178 180770 169945 184031 182997 186379 180591 16761 184672 0 186497 60496 193712 161582 181918 187389 193656 182477 191815 180929 14594 179131 183137 179121 182478 184284 185232 103098 193737 188211 176998 185979 186019 180973 176671 175610 181274 186043 171546 191202 176481 181296 182532 184288 180872 162418 188059 178284 180890 184752 170086 20797 5651 172213 186322 183228 157943 184761 177100 186720 176558 184290 186046 183249 181612 184792 184207 183365 186526 180887 177499 180622 185723 184545 183413 180994 177861 191504 182558 198329 184321 176023 179897 161770 179136 177895 183689 182035 150896 177896 185006 151335 185263 181010 177589 181703 181107 132762 100787 185535 181320 188126 198313 180641 180917 180684 177596 150980 185302 177911 181006 191462 184873 186727 172355 184083 183532 190498 183783 183548 182268 185396 181115 180951 187451 191917 182496 182591 184517 177995 184424 181007 179235 182644 167895 176577 188644 194688 179246 171277 193738 1913 191486 180155 183751 176943 182661 177196 186538 179908 178720 184542 181460 193758 179328 180980 185343 177131 186035 192167 187393 181397 181415 181203 179330 179192 177815 171594 184195 193887 185008 179161 177623 178054 184911 187483 180455 45993 177083 181931 181515 181299 184064 182618 185148 184691 186547 182710 183884 187469 188226 184257 184805 177258 184342 184263 184926 181088 187438 184562 179343 178057 194605 178077 172874 176148 187505 183555 181502 191586 184077 185641 186892 179046 179195 144937 181626 185416 189074 179062 185432 183485 181819 162685 182763 172011 190614 187529 192174 0 177315 186083 191652 184346 175914 146158 0 184924 192206 192773 184197 181364 176056 170124 161898 185457 177814 186091 187606 173500 184297 181981 176406 182700 182790 181936 179207 186916 186117 188778 182718 179519 188856 183781 180043 192364 185413 22921 184595 0 173043 184337 171431 184275 184815 184964 179919 168833 145709 181449 181645 178431 183593 4305 181094 185502 179299 171697 192576 193975 0 184313 182768 184994 194030 182824 177095 180682 181821 176657 181233 184686 169342 178340 179261 186220 168859 186933 191828 162779 177569 183625 189108 63871 181874 3431 180759 184383 177121 111422 179611 181312 179311 198144 189130 152250 184339 180778 177089 172608 187861 182717 184389 177643 184975 177155 189036 184411 181399 187609 152236 185074 182688 179545 177692 177532 192435 188269 198956 185733 195332 182772 177965 187258 163270 188247 177754 182788 194945 169188 191593 183486 185727 163076 155190 192603 181463 176733 182906 178692 184981 181986 185440 183944 184434 185514 192428 179563 165198 192692 167933 184333 188291 163735 188490 182941 181624 193664 189159 15440 183725 193006 182426 182015 185023 184532 99544 115173 185613 13402 177098 178709 178000 185027 185757 181579 170156 181043 171784 19772 183005 182140 13449 178580 182698 100972 177843 192328 176740 183057 171288 170263 185784 182853 181616 0 179677 182257 182508 186266 184597 193667 193315 179276 185115 187641 177195 184605 185147 188767 181822 175179 182555 184412 188831 182369 172216 181208 185811 179603 186253 181053 181185 185246 177488 182391 179943 183053 178744 34 183563 177250 184463 180029 179690 183166 172742 185037 13347 178858 183192 178634 185597 183423 182858 168141 186818 185186 187262 190685 198290 185923 183450 83532 186151 183939 186272 185621 189255 188882 192066 133001 184473 187040 185804 184474 193781 193835 179711 181718 180939 180183 184488 10236 183012 179326 182965 181227 184506 185556 179742 182981 182624 181110 177964 198437 181015 183229 184568 15982 183210 187706 88043 185803 185633 176555 185735 167492 179312 177271 170497 178070 184734 181639 0 177644 169288 183461 186127 182265 41897 184580 183862 190750 184617 16848 183230 185817 184715 184086 181850 187717 176209 181683 181764 181847 184776 11056 0 181876 187134 184651 187148 178265 189126 178200 53909 184494 184851 185637 133774 185827 183245 183562 179336 169323 169341 179354 186273 184653 191014 177645 179452 183257 185705 193411 185832 131109 189256 186280 175271 178009 184881 178677 183246 155445 181239 184377 181812 183002 178726 185872 178271 176337 194098 162461 179356 177744 179469 121436 7659 179472 185898 187246 183130 171699 183262 183929 185663 193489 184655 182492 183273 177468 183275 185045 0 186345 185272 193675 191411 134093 185156 185844 188876 184673 187365 180448 171618 173830 186259 184771 184916 186387 186430 185050 181858 186443 186446 183626 181932 179002 185321 183647 169405 191142 177780 169510 186457 178813 183042 179459 185914 40849 186106 187792 186919 191327 175338 189287 195091 187910 185357 181885 182522 187936 152283 184819 192484 185388 181913 187728 186279 185947 191332 112270 179497 130695 186533 186323 181057 183624 178842 113210 192506 183972 184159 179099 177846 195683 190565 185403 177359 155658 162803 186451 184688 187803 182668 172000 178086 184647 178113 188038 182699 197599 186109 194168 193911 186627 184711 172485 176895 184334 185965 179201 179274 185461 177879 194039 169745 181124 188081 185679 181257 184666 0 185686 179771 182458 88789 178851 186476 185765 184788 183284 169755 2135 177848 179548 193682 53972 181268 184614 174275 181336 179350 186134 183289 184843 178314 184870 183298 177548 183299 198637 183685 178130 192509 187459 183757 178177 183339 184910 183434 186635 181366 186639 183478 178179 184679 183793 181487 186661 182703 199221 179510 183470 178166 183524 184725 185159 182714 184929 179502 181632 198448 181521 181927 193711 187761 183013 185505 156259 183935 179550 184984 185519 191931 186187 179167 184918 185051 175060 177066 176670 181119 179568 177901 183872 179988 177674 118683 188917 177883 186392 178037 181975 198841 177962 183372 194538 182589 172866 185862 184650 185681 13830 180084 179669 104181 179794 185697 184940 178316 181992 183369 185525 185725 193018 182028 186198 181187 174114 182539 181976 178625 183565 189318 189368 177929 192521 186730 178319 184774 189343 192774 185869 171625 182052 188319 176726 181766 186250 183307 180614 192580 185763 189357 183542 183437 185056 183750 186399 17057 180874 146666 187840 193388 185874 185000 186855 183932 183573 177745 182663 183759 193401 183420 185512 184763 189618 186252 183840 185149 189433 170037 178067 179178 183665 183949 185191 179616 186469 28732 183454 185235 164053 182801 182054 162036 199223 181263 185215 179824 189737 184999 183479 10734 193455 186261 180088 177963 185897 177847 182863 183976 178385 185951 185526 187240 186452 187885 184824 167713 184846 7707 183668 186510 184156 187894 183980 199115 186372 188008 183040 184008 183560 187105 183612 186535 178115 178472 169865 179221 187423 184035 179703 184863 182940 183712 169823 176861 186587 178508 114232 0 194658 178400 182063 181562 186879 179883 188446 184362 182106 193899 171997 178274 172023 184986 5131 0 186652 173508 182069 179366 194422 168159 179895 189563 18967 186055 186596 184889 168889 184416 184253 172766 184907 77570 186603 182428 189421 1118 182898 183799 181652 177148 193518 178434 184732 178335 189314 183708 183730 172591 183330 186401 125122 182214 5225 185352 179925 184990 186685 184041 184865 11140 192620 184912 188151 183743 77838 183777 194757 194081 5748 179385 183763 24357 182204 188101 182302 186071 186633 184962 188107 187318 6241 169778 179992 183782 186885 189316 180028 185252 185370 178722 178583 188152 186670 170287 185875 182060 191542 0 181675 173183 186898 180144 186095 182451 188177 78066 179525 186471 185380 185015 154491 184439 185386 170142 178264 186428 183819 172286 184044 189377 184760 178671 184050 189402 181617 180240 181665 176379 180670 186517 185299 185901 188118 185021 185536 182072 178779 79272 179802 191580 180165 189199 185048 185326 182094 14381 186126 131128 186925 182123 173868 179404 164170 193685 177063 186689 183821 190352 192652 178868 179564 184139 181275 164445 185560 185546 194054 185565 180189 192721 177976 177203 181770 182183 189394 181910 193796 199174 185090 188165 182234 186954 170152 186082 178167 187567 182253 189436 172611 179334 186066 187011 183828 182181 182322 194236 182263 177380 188512 5503 194543 178278 188209 187628 187699 178562 186989 187793 185978 183878 185064 186176 187036 187112 183842 79358 185106 183859 181411 184101 179700 28998 187102 180209 0 182261 181949 163291 185676 188272 183899 184755 188189 1983 180250 180001 189768 187142 188054 178470 1984 172365 179913 188362 185406 186675 179705 186609 181304 184278 184931 183465 184291 191975 178489 130199 188229 194761 194838 181558 179671 185774 182500 194870 186695 182308 188292 5847 188299 194603 185269 188046 180016 185150 175872 195787 177605 183496 182264 186755 185237 185097 194693 180300 183927 188391 185346 184308 180106 184051 179846 184171 182548 185323 186713 172416 179538 184158 186201 179683 41626 20209 21391 181916 186799 185240 183705 186832 187212 194362 182278 194880 81290 183104 183178 185402 181621 186222 176829 177934 182300 182310 194926 178693 168259 180325 185404 186229 185481 196241 187598 175699 168360 187256 196035 183953 186834 182729 185564 186039 173880 184332 178701 189303 184107 180226 185903 182378 156788 185141 187221 184230 179269 178154 178174 192769 179566 196430 170288 170548 170550 186849 27007 184164 179775 185161 186238 182383 185595 48061 177973 185793 0 184877 185330 170437 185491 179951 185425 185365 182297 185622 172660 134125 182353 186895 194289 180372 25045 184348 182236 188380 184289 186906 179997 182412 179678 185325 178017 169538 162080 178170 178303 179713 185645 19033 182356 185680 180230 185690 196207 185175 187296 170753 174265 191947 178756 186235 186856 186302 199214 178002 189773 168644 199220 4955 176641 169025 176691 184298 184355 183965 184360 186857 178156 182386 188668 164511 164619 182404 188073 182085 185337 185706 146071 186369 194255 184406 184075 184378 188485 180237 186965 184419 194258 183748 184428 180249 170847 184407 193837 182124 179755 184443 187224 184444 182288 186437 187324 192062 180026 185718 0 64651 192075 146783 188567 182430 184223 185751 194522 183181 189496 185792 188625 172811 169414 188728 130485 176762 184508 182706 180386 187335 184452 171025 187298 178341 0 182435 180255 177079 189819 182712 186018 197285 199310 194993 184551 187368 955 189389 180059 172831 178929 184453 0 182891 186911 176828 195159 184455 185401 186444 184569 187299 188532 37936 180262 174641 191118 179023 189462 184118 182475 25116 185775 179422 178027 185640 183269 187450 185484 186296 185801 188834 185828 187337 11160 192084 185642 192771 182145 185660 154817 180338 172873 187383 185258 184465 181625 180425 183184 187370 187385 185444 189518 5291 172952 193924 180268 185284 0 169762 182209 185360 158392 186391 174669 185887 178318 195194 185814 186332 147067 186114 182443 186393 184507 170713 157550 195084 189827 152754 178322 172556 193029 185810 184528 194533 183291 194544 194813 189953 182503 182520 182901 184578 183329 185703 184603 182800 184631 186464 0 187395 187480 179923 195298 178186 185917 65030 185607 180274 186522 194717 185678 170854 185975 178798 188598 195443 173021 183351 180467 192753 180481 180523 171967 186957 178365 182521 179267 182332 2002 186581 188776 134833 180809 186653 179128 185990 195453 65607 187460 188960 186025 186228 187496 196613 186158 185831 184703 180558 184211 189887 182516 187710 188654 185846 186680 186189 195230 195587 185714 171146 188671 182604 188712 187514 178437 189052 186270 188176 184227 184636 180244 183177 190042 187776 178234 190380 169884 180620 182805 186565 185820 178464 187580 184658 182523 189524 185904 171203 185545 184376 181775 7863 193853 182574 186413 187613 187755 183381 178220 79655 179198 190382 188784 185720 187074 185924 182713 182875 183412 192780 184680 187160 185732 179345 185983 187586 181877 15711 183059 187589 184699 171206 79771 195599 181925 179945 188686 186330 188748 181922 180078 185944 183234 197298 195620 187917 180153 5297 190397 184702 180657 193864 182773 78383 180794 178452 148566 9438 185986 185992 178482 182375 184737 186728 179532 184746 187655 184726 175890 189174 178241 178936 186660 178586 186283 180278 171030 186692 182000 186753 188768 184837 189640 180283 24721 178420 182834 185630 172538 182868 172875 184852 178551 189025 184858 177168 195685 194070 192043 184867 180328 184717 184728 192890 0 184886 184736 4966 182691 165379 187945 180711 0 187701 10359 178557 180844 178232 186900 182850 96833 3125 193064 178606 180404 153066 178617 30790 179419 182602 0 190499 186336 182884 183101 183333 182359 182886 187808 194768 186342 167244 184944 185659 180163 186348 188770 186004 180721 186014 199646 180752 183554 185767 178383 172452 176886 182892 165461 180789 182909 182987 176062 154962 183009 186776 182864 185802 171215 185002 185743 178630 184457 180164 186837 185087 196344 188092 197438 178358 190955 186491 187722 188881 193262 186923 24841 189710 179270 186129 180754 180999 184804 184791 186952 180439 189274 193493 180198 187006 184896 183030 189445 184492 187103 187736 26746 182916 187310 189131 187741 187163 178834 187093 186276 185297 183095 101011 187190 167364 186013 187027 13776 185779 188785 187225 185420 186852 187938 176066 186356 0 182089 178604 178429 179307 182781 183962 172616 184706 183182 0 186309 190179 184625 185024 183322 184905 188273 186563 186702 190210 178403 180502 185807 187799 187236 191153 180272 189943 185116 195692 186022 171972 186569 187814 184509 188815 178947 188968 186024 179222 8992 184930 190768 180286 195693 180298 185835 181012 0 188245 174269 179601 178409 183436 184948 46008 189178 188027 172630 190824 192100 194797 186048 182545 189230 187043 179770 184987 195701 186078 193328 188366 190639 192135 170941 186584 171047 188602 171977 182628 195018 183492 185138 181025 188062 185011 186123 178554 153295 192146 185168 25222 182148 178415 189469 192296 152993 153858 192223 189970 195737 180314 189253 186553 180781 185738 68487 180909 182998 187694 182205 180327 183590 177400 103156 185826 178411 187809 112318 186595 180309 187323 181066 188158 186142 178502 185618 183523 185180 187064 172639 188288 190862 184825 185201 197903 182990 184510 188410 186063 187349 190653 187300 184537 191020 183096 180693 181175 189282 179916 162717 188813 183049 186148 189991 0 185830 178622 186340 180468 187995 180521 186258 177590 184754 195149 183650 182825 188414 180520 54167 181182 172925 173691 194374 195763 25643 183830 178636 39726 119969 185276 171230 186099 182235 178961 187371 121700 196793 31065 187418 192649 188463 179341 177595 182948 189271 189310 187159 187403 183510 184807 148691 183928 185744 40112 185174 183550 193031 187471 195924 183506 189478 179138 173048 190608 181238 183076 189313 187473 194562 181213 189480 183652 180131 184904 186731 189398 193932 184993 185028 188024 187185 7764 185324 176994 186357 188555 179382 189405 197325 185331 185490 183140 191156 181178 2925 182980 181293 178578 182708 181317 190752 28777 185241 187242 170474 187267 179482 189499 1164 183990 181210 185834 183022 186115 181507 162119 188504 180644 186589 187531 0 185080 184221 187572 186738 185372 120262 186651 186207 188145 188212 180482 185849 189415 185800 187652 189474 189522 189526 185851 188268 179553 189536 191099 185436 184596 189434 187585 193543 177008 171301 195275 5548 183242 195012 0 183517 187612 187653 186311 186371 181255 187665 183699 180815 193873 178647 2167 181339 187637 55004 187290 180494 177473 31000 183766 193080 184766 179664 183656 183033 195800 183017 178757 187333 177652 199752 180768 171617 169382 183602 187494 185860 181367 180610 185487 169195 180831 178607 187853 181599 194460 167134 179710 186292 188714 180907 186748 766 179758 36934 193595 183165 179993 180535 0 185200 187775 195990 172458 183773 97314 191005 191053 180630 179884 184237 186409 195357 181358 188300 165658 183394 188258 179909 189485 179116 97509 172757 178445 187519 189784 149818 185889 178774 186704 179193 185254 188307 180937 25344 180634 99828 56609 183509 180654 188286 180642 186717 185354 187683 196965 77608 195354 180665 180687 180643 187576 183662 185072 191237 187417 190185 180692 186773 187430 181388 182392 180799 186783 185866 197581 179931 179374 185426 0 185427 189486 165754 186786 196056 187721 185634 180869 145905 194050 189487 185249 187481 183765 0 199866 179956 179435 172833 184062 185429 174427 184084 19820 37876 188594 195955 195523 183744 186817 5343 186835 0 180017 180081 196149 188313 185495 184352 195997 181 193816 189541 195467 196053 185275 188792 187573 189620 0 190997 174516 179457 186746 38608 186826 187805 185279 186847 0 179531 185458 188887 181431 26507 186894 154675 183050 0 196075 181872 187857 191301 173863 183638 92083 185643 190046 158974 196154 179012 178673 189675 186960 193943 186962 189587 197624 186987 186877 177685 188630 183837 178066 171434 194005 183081 186896 178541 188372 187213 172926 185892 183767 184168 180792 191323 186988 22149 179554 185498 178703 16123 183162 189711 186310 185806 183529 187864 181523 187123 146055 187886 185144 183194 180138 186995 181732 183539 184475 66246 187241 100059 185877 178839 185561 187018 187648 169702 181828 185567 180838 178436 183256 185916 187010 187215 188741 179608 183966 182626 115712 172932 191127 190386 179049 187081 183791 185468 65939 174862 188498 185587 181604 183993 186424 176290 188010 182817 187265 22107 181198 180857 184448 173060 188116 181608 188803 188034 183979 194152 189727 184112 187499 186490 194526 187623 181546 180818 179648 186597 184213 0 185935 184634 187330 191366 7437 180269 139839 170483 180295 185558 192225 173872 180885 0 191417 180306 181548 187757 185969 191453 187020 174902 179733 183812 181554 187372 187830 187977 22408 187681 178091 196172 185610 189729 179821 178862 187684 188037 185938 187428 25131 188835 178194 192267 191613 183640 171498 187175 194410 185970 19876 184226 184282 187709 191438 182748 178911 185760 187059 185682 185154 194455 25522 179987 170487 185976 186567 193324 185966 185776 171633 183760 185715 186602 185989 173234 9621 172976 195828 181838 148352 181740 173977 173790 188045 185742 189803 190308 25598 9366 170065 190952 187730 178712 178641 188889 187817 178952 183281 179061 190362 184310 181854 188969 185197 502 181719 186034 174042 183318 184325 191645 186053 184644 185796 188266 196111 183364 187839 183258 183698 186186 170068 196163 188060 186074 9481 196191 183282 179123 2005 196237 186666 189705 188454 185788 188675 180083 186770 187136 186859 195148 180529 182166 184414 180569 183285 178594 189732 174919 188100 186049 185797 151129 187209 180393 188517 189734 184705 184259 5048 165429 185603 170148 174076 8324 186861 189144 187247 181831 186421 182752 187967 187260 187273 185818 184295 188196 188864 175118 171893 183792 181943 0 194741 195724 179873 186137 182213 8962 186514 196447 184727 178966 185931 180864 188648 183342 170158 184740 187973 180702 188615 188218 182277 18883 186552 189312 135139 135735 184773 25619 11368 182900 5441 159549 186929 187297 189735 189759 182671 188246 184998 180878 57079 191302 172253 184336 196555 171565 180989 181921 180121 189000 189760 188573 187378 180931 147339 183334 184056 187818 184891 184410 175210 174175 184460 182704 184466 188787 186156 180575 163991 183487 185955 187386 183549 180605 187069 187521 0 187388 188381 180216 184516 196726 179068 164137 186230 175233 179125 187404 183601 196044 186164 181437 184582 194327 186262 188243 189372 191485 198186 186355 181991 184676 191549 193591 180640 191190 127224 196384 182967 159221 187563 187445 189797 180919 185439 188036 154891 182787 188289 189740 181002 13644 182365 196471 188389 189854 189153 188957 196582 196153 186315 185868 0 186076 181372 179126 169277 186036 182012 188367 191712 174180 196257 188332 187513 165948 188350 188520 190399 181046 186089 183848 188423 183623 186271 188676 179420 180928 191748 189087 182167 126104 7579 180747 181865 188847 186945 189427 172605 175436 182977 173263 180758 0 188875 178221 0 187524 186344 0 7768 186681 19126 196361 171656 189378 180713 181173 182643 186275 188901 183080 189621 186397 183631 180248 190829 175077 189792 174364 187588 188945 180795 187535 187121 187626 188974 196958 26385 171735 182131 181851 104228 187560 178223 186993 182193 183952 190465 184534 187620 187704 188424 0 183639 192318 123918 186329 131945 187838 189413 183681 180347 191826 195178 189882 194395 0 186111 187540 188433 182325 194478 191505 188067 183788 170201 175035 179540 186153 186174 185236 194583 194630 189523 181497 194729 181886 185467 187169 188502 189545 186195 189664 189929 179800 179130 197614 189111 179147 0 158530 121652 180421 185521 183825 172243 0 184927 180423 153380 174417 196652 179134 173113 2926 179218 183683 187895 188091 182975 178263 189021 192512 183715 186248 156987 187014 0 186059 19914 179837 187772 180655 188812 183804 66951 180801 190100 182411 178718 189166 189725 181899 65737 365 194835 180722 159234 184175 180731 196492 180828 192792 186265 184793 171929 181174 192815 183737 0 188601 189152 186508 156186 183881 180943 186319 196795 186364 156926 183462 182246 179296 189207 191570 180424 181945 186289 187725 197981 186582 188120 178913 189251 180840 188657 187729 13461 187453 187546 180829 187806 180876 189300 189766 172176 181247 189325 182199 184267 0 186645 185334 174499 187156 16507 179724 66511 185041 176319 175687 0 196979 164531 192805 101174 188805 180882 179111 188685 181047 186366 7794 184467 193361 185649 180955 181300 11118 182299 190317 185822 181997 0 0 188133 186161 185906 190935 188127 121375 154235 0 188611 182683 186377 187734 189339 187742 184481 4443 188771 190262 179822 179037 186441 170360 186415 18951 189817 189360 196996 183778 185943 186560 190301 191827 174525 187647 182791 191847 9510 180169 186301 186241 187770 185047 189632 187739 184351 189374 187768 178331 189417 184133 198248 185658 183577 191916 181334 194894 181576 189830 186579 182385 172604 123714 170468 184256 179872 185695 193903 170262 186382 185124 188807 182286 186429 188687 184160 9608 0 186759 186554 172284 174575 186647 187843 188873 186781 180981 89495 184594 181073 186411 187114 182416 191573 13568 181653 175217 0 189068 184558 179102 182002 184583 192902 186882 183582 182427 196837 184003 189437 184047 164353 187697 169355 184630 189072 185130 185358 186144 191609 191773 0 197068 3564 184607 185711 192636 190150 189137 187882 195765 186714 191807 184108 188228 185243 198502 0 157293 189243 187960 48155 181713 186562 183634 186613 9048 187881 182994 173181 187948 183655 195875 186668 151610 187340 182389 185734 187928 186494 49345 185454 185529 181129 187756 175218 186506 186737 177323 189086 176838 180301 190528 196016 184302 34987 187506 186780 196885 185257 185746 195805 189857 186823 172359 186811 176163 179963 147559 184629 189972 197027 189098 197647 185839 192900 187953 187954 189550 188724 0 187566 183589 191842 174325 189560 181202 180055 185847 190213 150189 188085 194612 185945 5523 187397 0 182991 185961 182423 182446 188781 186572 181866 186576 187769 179173 186183 182917 183728 181883 186040 183280 184633 186839 184643 184632 187984 186298 189202 181998 174843 174728 184664 166106 182442 175559 179160 186937 187796 188783 176981 186299 172063 185984 186998 186901 189883 183696 191976 187394 184681 193030 197339 186611 187448 188000 188809 183768 181260 165115 188240 186726 191581 188276 190423 181958 181075 189290 189585 187985 187986 171045 182057 182095 192317 187996 181262 192020 197157 188035 179301 188375 183955 191873 179464 186352 184162 197664 184683 189885 197290 188055 184043 186331 172669 190062 186701 186951 186710 191961 187998 181928 190447 188058 188074 182150 188290 189308 27188 10555 179613 188096 173120 0 190467 173016 188030 181377 4324 184126 173235 179171 192170 179105 186423 193038 184345 189495 197080 190108 156965 186163 184682 182686 183015 182473 185867 194910 180376 190231 175339 32864 180133 186084 182482 190181 179252 189552 0 186503 188168 184695 185065 189297 5019 187124 177006 189674 166110 185131 181318 186233 186313 181277 188826 197743 184712 186991 182226 64626 79782 189893 173469 189866 184742 195914 184753 186540 186100 193904 186607 173510 184784 182514 182163 187879 155108 188050 181265 187048 179203 181350 180446 186705 194261 188175 181371 197193 194193 169930 180231 189774 192998 184821 181422 164819 197779 189895 186992 186205 0 190483 184957 190482 183227 174976 188171 185787 190504 174442 188899 93626 187957 184431 184954 7961 180473 184204 188009 170700 187068 197803 176880 173579 189899 188061 180587 187231 0 173679 184222 190012 188179 186749 186975 187021 173498 31748 197197 180561 188064 189796 188914 192105 184845 185198 189964 188080 66913 193097 182360 171773 67960 187106 182453 181426 0 187143 182553 44830 186758 26495 182394 41873 180563 189619 188201 188328 175379 188083 190729 190567 185274 188204 170783 182750 186712 0 180497 180578 196102 184880 182433 0 187398 197812 3536 186788 184276 188104 185204 181532 188937 191064 193268 187158 197967 187187 195939 179213 194784 197253 179224 187166 188896 187191 173130 67113 194790 184895 171660 184928 184941 187248 186821 41906 184967 182512 157272 197354 190237 185317 141677 183388 187899 181442 184176 184951 186256 173551 196093 185462 181414 188178 183411 192469 197274 190286 11192 190338 184365 190402 189180 192255 197304 183106 185224 189142 193334 189907 185355 192313 183521 0 127392 184251 180507 189388 185391 184268 193944 186335 196150 188910 184985 187280 184236 185247 186843 190585 184343 189931 187261 184353 191594 184357 188108 188188 185594 189936 190442 182585 186801 179256 196358 186642 185474 185816 185353 188198 172408 171896 180635 190660 188352 186845 185013 181564 190593 189637 185412 188219 194961 175005 196524 188902 182818 184483 179310 183600 180738 182943 186810 192141 188267 189951 190604 172577 184850 179403 185455 187963 190518 187338 187358 114418 190135 151886 188205 190674 185030 179327 192403 175125 188315 179402 188320 0 198037 197870 179421 84469 198121 180565 183023 187956 0 190963 20243 186288 197392 190777 190788 169214 186736 194893 190005 0 190015 177169 191297 185692 188141 188044 181591 181633 182464 190673 174865 179586 180593 187982 187125 185473 100449 189982 184550 0 184566 179467 185974 180836 185977 183105 5536 187279 192804 184555 186946 190104 194955 186863 197484 195080 190797 188263 182468 192153 190044 190194 188368 186973 189551 188047 181593 173684 197535 193274 188977 189294 193298 187375 190934 186883 0 184306 194491 193561 188147 181793 172804 66656 0 180749 177393 181650 198192 188409 180851 188125 179478 190727 198217 188087 198220 179674 166432 187109 180896 187376 184587 180970 188562 186388 198363 186934 185046 16127 26527 187380 165560 183119 183133 186739 186026 190101 181657 196449 179842 45661 190853 181711 172014 3657 190163 184992 188580 195163 191341 179471 187319 189688 9660 185184 188302 183188 187328 188195 195175 188587 158622 190307 9486 197707 16587 185238 197421 188959 198528 187013 190221 192960 190249 0 80141 186789 196648 173842 183159 186958 191569 184622 188596 185361 192070 184639 187270 186878 185342 115680 188378 181679 182561 179927 192123 187427 186032 42754 0 185283 181691 186354 181892 193062 188417 187344 188146 188432 181907 187082 184654 188217 179768 42042 183240 182605 0 181840 11555 189713 188455 188306 183675 188636 191698 186475 181889 179292 189733 181972 182134 184656 193219 184663 0 179773 190742 198550 184883 173900 185475 175278 188475 187381 188224 182617 190267 187466 179377 190896 193497 190320 187539 187541 148800 186580 190333 190893 186102 188650 198546 174080 188331 189031 182109 187570 192646 181705 186312 188575 188599 186908 190785 163588 185517 181054 182653 188345 188415 175827 191830 179914 182606 188420 188456 191042 182694 177544 192152 187558 181983 196788 169972 0 185500 189363 183250 194812 182142 188692 186592 180925 165793 184689 187113 184857 189045 198823 188691 2016 182681 188515 196909 186362 39218 187090 182086 34276 177695 166866 16908 189761 186069 189626 180933 182693 188903 187096 174647 193546 188836 185376 174489 149154 191065 186752 181750 187108 188487 185387 181305 185530 187045 187668 188606 184382 193724 15589 182783 187115 187686 3001 186010 186585 190096 188560 188704 175964 180940 176019 188711 188529 184684 175261 193565 188572 186427 180950 184828 187126 181776 183267 187587 184722 189047 188488 197293 192438 195248 182709 187285 8972 183732 186118 185534 143337 182189 188608 185434 172834 183259 188524 188582 187147 188754 184859 186860 179959 186938 188766 187303 183300 187313 187991 189805 138291 131865 183306 184730 189863 185540 190435 20718 190353 173180 187317 182176 198952 180042 0 176192 0 189939 184864 189956 188089 188437 194873 190002 0 143946 186480 178591 181859 185029 183341 9023 185052 187291 188893 190844 181904 132225 147849 188950 188613 165543 179847 157612 198406 188180 193638 188185 180360 182832 187345 183156 187424 198886 181941 187295 183354 189209 190900 194994 189966 188877 190881 189298 182727 188624 185192 185066 180987 189989 186757 191066 182869 191109 180067 185108 182003 185143 190047 195212 32165 191210 195297 185142 198913 0 187311 179507 196643 96869 185547 189375 185554 187434 190933 182759 25985 189064 0 180090 27197 190865 184879 190944 0 0 183208 185845 188735 183382 187584 188406 198463 182379 189070 190961 186130 176177 182004 186841 190973 185568 187852 188954 186968 192171 186637 133853 187627 185581 191007 173285 194175 187650 182061 188854 186206 176300 181155 188920 188469 183082 185181 189669 181033 181055 188653 16924 188993 55513 195261 185865 188287 195489 0 174404 183335 190021 191076 193498 174707 181588 185310 187455 171372 183498 0 184946 196420 183238 176424 185591 185882 187399 187454 189085 183398 190222 198520 190925 185939 191078 191079 190923 186417 185300 188868 188921 0 157711 195952 183407 188924 188998 185227 182444 182780 183006 186985 188999 189008 183442 187468 127607 190296 183738 186274 16955 183502 187001 182158 188870 4448 186886 183000 187651 195345 188661 186941 0 185189 188906 182206 185574 187676 187009 191370 187671 191162 185327 185369 190479 190510 188940 185941 176451 0 179688 183508 190298 0 0 199093 0 183516 979 190318 181060 189006 183527 182097 189197 0 189011 185677 190321 80469 197822 185399 183535 185739 199010 190452 182227 186400 174493 187673 186038 172070 190460 188663 188743 185301 187030 187022 183576 186489 180099 190532 193776 185340 190720 183742 186178 190583 189033 190490 195370 67924 182368 187485 187037 175324 195490 188860 177865 199233 190520 190808 187172 185417 189016 186414 193573 184103 190901 68340 187527 182878 191108 198307 187060 188895 0 190546 0 185575 167040 185629 199326 191522 189393 187678 187509 191258 197269 189059 187569 189017 189100 194095 182171 27211 190927 187795 185632 187537 189179 185647 185674 199277 186436 199401 182324 187656 186215 187039 190554 157942 150482 179947 180451 181231 189275 191141 187067 0 182449 35349 199418 189022 182956 173404 195328 185857 195404 0 189138 189249 187548 197306 189073 187663 175599 182337 161136 197423 188321 188857 199419 190947 199599 186334 187657 189096 191012 189160 189635 187660 0 195499 187041 191795 185880 190967 189139 185752 167251 188337 167399 183585 98347 183402 193312 198672 194443 187773 185153 186171 182995 189403 189257 182485 182291 187639 187682 176630 185905 155801 189140 199620 182354 189149 184690 187784 190672 185691 191193 165910 0 166411 197506 185319 190778 198737 190956 185741 5151 187831 183747 187504 100581 189182 191268 187594 154739 183120 189488 192172 186499 189581 189198 186529 182436 189061 184199 187047 192632 185963 174738 188457 183605 185548 188822 180204 181326 183630 185669 187201 183223 190707 68870 182494 186182 4832 187726 189750 0 189317 25915 190586 171272 68841 198511 179067 186542 189892 185666 185907 191539 191196 185888 2095 175979 6471 189938 185503 185266 0 186543 49544 50525 187743 188871 180331 198858 182397 185960 191083 190587 195504 187890 187837 0 20387 191122 182972 198837 190899 186028 183235 189387 186068 189186 168472 189414 188975 185747 190630 181142 186097 192179 183761 187825 173365 189420 196567 192564 189205 191218 190936 180463 183874 195902 183172 191802 167604 188295 192216 189026 191338 190942 44189 187771 191340 186557 181076 183007 183619 190982 189689 192665 187777 180508 181344 191322 189379 187926 180586 187834 189263 199608 0 180760 185968 187094 189329 191276 192396 37370 191129 186578 187116 186625 187869 187901 187877 186697 175678 185998 191898 194511 199855 185696 0 183887 188639 187934 186119 183251 191185 199631 173585 192679 192475 185825 191980 189113 173762 183311 198811 199703 22516 197534 180921 191647 183704 187916 179337 195522 187994 192097 191034 182510 187920 191771 191223 187972 182614 192621 186179 182543 189124 183770 189350 186219 180518 0 185378 183934 193544 189396 0 183896 195537 189218 189401 183948 194067 184739 128312 197574 179936 182530 190190 190605 182813 187054 188616 183827 52248 190404 19444 182654 181144 181158 184827 189408 129184 189342 191405 192790 183903 186711 188070 185544 194566 186729 181200 186791 0 181848 182306 189136 192833 191459 188099 187152 187050 183776 180624 190014 189283 191239 0 195588 191125 181967 189472 186306 182318 187897 188121 187929 197994 189058 0 166076 190996 187958 187896 191267 199896 183857 178006 191711 191730 25483 195600 173726 187199 187075 193659 153437 198894 186448 186020 180914 191048 175929 0 173778 188005 191194 186797 189135 183958 185673 181229 0 183967 183155 0 192102 183337 188659 187969 191734 189164 193808 187974 191197 187243 183869 170160 176013 182592 191740 181373 188138 191510 183697 186237 187997 196427 174069 189157 191093 184063 188025 191743 188056 171321 184019 188142 184037 198053 9613 188040 184102 189576 189191 191618 173027 168118 186320 193646 121710 188271 5413 191622 189315 182674 182725 184131 195637 174201 188796 198105 177875 189407 181242 191213 181244 186267 0 188113 188318 189609 189596 0 191236 184146 190037 194243 188003 186324 188718 188491 188154 189694 185702 190609 188169 188238 182101 15626 185437 189103 184203 181418 186875 80852 188846 187305 183359 174531 167731 186808 181451 184255 194308 9107 68995 182374 174319 194307 168217 177243 180184 188304 0 194918 191294 188053 189056 188242 105012 184299 161241 187089 188114 199746 181419 191295 184327 56522 188117 189720 185855 182740 181557 130141 186518 181343 181380 189527 187141 195789 188181 194726 184319 189574 198380 19529 186501 167347 192976 187182 189435 187259 70304 191418 189751 0 80873 189772 187334 183785 184324 182659 193041 193108 193452 187091 193608 186337 192093 16981 191768 0 0 186813 184328 4517 184335 0 186910 189591 186042 186058 132574 189776 186325 166895 189473 194385 193256 181396 2330 184420 189123 196731 173451 181818 195961 189208 189092 189508 0 188251 183421 187845 189235 184379 194514 169501 191350 189132 184500 191640 197281 188234 193765 184548 189607 196139 184585 189916 189163 188739 187329 188192 188305 186537 188285 187351 158755 0 191307 187283 170614 199307 182666 192268 184697 195965 189978 181410 184091 199938 189997 0 189608 181541 184438 195079 182747 7880 187373 188435 189815 179784 192122 0 184165 183568 188297 193397 188336 191775 13669 189942 189646 178324 181649 184745 99084 184685 184591 192726 181413 189328 186820 174819 190484 183694 192353 196935 191123 189063 189309 188749 189509 187384 197653 186347 191673 190032 189168 188309 182738 184869 36189 188342 174761 0 187287 183729 196658 0 186825 194928 188425 191303 186917 189175 186308 0 183702 190201 197226 190085 189963 189567 186853 199239 184692 0 182031 0 189344 190040 191887 198678 189219 188459 193895 190407 195156 183716 195930 192913 0 188508 188360 182743 184593 0 189763 187127 195745 171875 183749 186380 187391 189424 182049 181734 189406 19643 10585 180978 161971 199854 174920 13681 190683 184939 184971 181869 194561 182103 198153 190102 198480 613 0 174921 190183 181730 182896 190115 187435 192414 188369 181520 192995 191597 186912 176119 188447 178871 187486 183070 189382 187581 191360 188495 189593 186418 57481 188191 181534 189594 184818 192547 191684 182472 3710 188769 189653 190268 185563 191764 186926 183497 191790 189441 186065 101233 182758 175044 190078 182934 183677 184943 191544 190977 186577 189234 28 184720 145375 199950 193123 184716 191896 13977 181881 198845 199960 195850 184741 192004 199333 199377 193612 190227 184802 198994 192065 188865 181794 181622 199425 184447 189651 192072 188480 182766 178095 191407 187031 188577 20424 182828 186931 199482 192314 190686 182344 188861 191045 182843 190138 129280 195564 162389 3544 187429 187511 166981 189240 187517 181809 183141 190376 181556 183206 186333 183856 192385 0 158804 181837 189321 186376 182856 197356 186990 184729 192074 191759 188588 186507 181401 186541 190033 195754 199980 182810 189668 187203 136990 188701 186996 188589 187440 185069 178890 187216 175235 183121 187271 190687 192187 182038 184979 0 191843 171654 186608 184779 185994 188689 199541 184279 26114 176662 191513 2481 182865 186363 188727 188140 181542 192197 169733 188904 0 174539 191588 0 183193 191611 182871 188730 192573 195186 190160 133900 174711 188816 184801 5626 189661 184330 187619 185601 188961 191627 187339 10550 190694 189456 192803 183064 116595 185267 181138 0 187425 190068 190162 177001 189927 187698 183087 133947 189994 189708 189765 192217 195908 184491 186383 188740 182660 187017 186410 189595 174772 188593 190165 196087 187752 186570 183283 188143 190360 10588 189330 195319 188962 181753 0 178657 185005 187232 0 6788 176301 186450 184601 193178 187493 186617 185704 183088 167894 176736 190779 186590 189741 0 192738 188820 190176 185026 189793 171044 193634 184803 189370 187538 191445 156210 187669 181879 184814 192776 69228 184854 189471 194306 189838 189890 188832 187800 187410 189210 195986 183295 183117 184890 192301 185348 191039 189823 187674 17143 0 188658 184612 156233 188900 184016 192841 11219 190197 187855 182037 0 186140 189846 25946 0 189512 183875 184988 80945 191699 188609 186132 197404 14617 181654 187146 187107 181737 190303 190573 185350 0 191749 196088 4554 188944 181888 187690 182895 843 190224 32371 185059 191625 188956 187902 189034 189850 196082 193159 188966 172939 187571 189229 190095 187904 192853 188978 182090 186824 189900 186706 186426 158426 185071 122442 191200 190470 191845 192026 38108 183201 186769 0 186536 26626 191854 187713 189452 187237 183247 182141 189232 187848 181281 184323 185445 177363 15970 183075 182357 190576 187921 183296 184624 189494 26758 0 177390 176282 189958 186143 191910 187779 186779 7923 186145 184649 179189 198986 191205 189519 151287 189984 190633 191921 0 183651 186513 182187 196469 192577 185077 4591 45591 174837 187959 193011 6124 192477 190698 185927 192023 191312 23665 182192 191419 183336 187004 190851 189046 185081 192035 183343 149167 0 188042 184709 190034 182222 193747 170754 188149 191861 190264 190448 183248 0 186564 187176 183252 190069 185084 186185 183266 187322 186146 195135 185110 183254 190289 192061 192982 187479 186674 0 195881 175394 195146 194681 184996 6522 199002 0 187491 0 183367 0 181749 187553 188157 191964 182107 36389 190137 182993 191057 13364 0 192018 190151 186487 3635 192124 192022 188936 196200 190153 184809 190113 0 0 5662 194036 175027 188377 182237 186891 187245 0 187758 189422 190180 179971 186165 188757 194390 191439 187907 186519 185128 199382 16184 189007 189269 0 0 191274 184898 147053 187234 188170 189341 189658 189571 177225 188208 190245 136216 190219 177322 186754 186168 196216 26829 189832 196785 175591 192486 187693 196206 190278 186199 183390 182173 186936 186650 187971 193103 186794 187630 189345 188737 187362 179999 175451 190283 192582 193172 192593 189578 0 189622 188213 188702 0 192161 190300 179765 192044 183094 192133 186844 176851 187649 183405 187692 69300 196825 190691 188235 194861 181271 183395 181919 190748 190257 148083 136349 190326 190458 187007 175504 189786 190798 186594 192613 189293 183224 189699 192214 182258 187987 199037 0 138893 190476 193212 194557 9754 187157 192186 189716 183406 192215 186880 192158 175004 186511 170534 190821 192876 175594 176193 190293 186214 189603 185086 199468 172076 191904 187712 191119 0 188851 185205 186922 180765 197826 183415 199856 191251 188872 190310 185132 192209 186690 194496 180080 188004 196210 191266 155943 183507 184963 191282 190938 191304 182197 187252 183526 175135 140158 188386 190327 187087 189977 190872 63689 189097 187457 187278 190508 172210 185489 175590 199498 183528 188252 188253 177657 192722 193470 189826 192238 188001 190348 183288 192281 183587 185092 185493 188279 172088 189602 196308 174122 185217 6888 185219 177712 0 187360 168373 187786 153023 185494 183653 192743 182013 186359 180374 191037 191331 182252 192117 190903 0 186373 185226 199680 162809 123143 192338 179780 713 192668 181017 104561 192285 187878 0 176434 3128 0 0 192115 0 10626 189865 196259 38679 183682 192298 187472 183753 182301 189614 194556 191192 189628 199343 151251 182230 185509 34871 186412 180460 187791 191354 186700 191343 194567 176548 188193 6526 196765 192345 191431 186447 192367 182399 191452 192899 187602 191373 185225 187798 0 185523 185638 187949 189277 188265 57395 192147 198696 190350 188617 188365 183690 188274 189654 189335 189391 188371 187465 187522 190919 199900 0 187551 189534 186530 189467 193516 189672 187634 197495 130452 188376 189349 186725 188379 187489 189873 188020 0 151067 183134 187746 171256 194999 174412 189722 183808 182259 187865 189856 1572 192372 196332 188384 189660 168760 189957 177795 183525 185451 190400 190026 192234 180052 196843 189440 162849 192311 186460 5717 194071 183758 194113 186482 190359 182414 189904 192379 183813 188281 172446 177184 189060 189855 191416 185520 0 198714 0 183816 183861 0 182467 183912 56672 195366 192390 159007 178796 191337 374 156261 196409 178043 159199 105734 188669 186614 93847 194196 189666 190191 715 182506 188706 192785 187867 191465 5543 191511 191449 190229 185245 188891 192458 190440 191468 185278 185600 192490 196939 189969 185770 0 189707 188293 185233 188021 189588 185773 187658 172313 183924 185795 188911 191709 186534 186693 189743 192906 185777 190457 187731 185885 189703 192794 191555 194318 185652 191761 192746 196501 192820 191824 183937 185289 156455 0 193562 189296 190370 192920 187873 191461 188296 131824 186056 192798 183938 189871 130714 185366 186718 194724 182721 180674 190443 190265 190050 0 180241 187145 187687 188397 172846 173052 188261 197186 185516 163812 189501 188311 159274 182793 183933 183814 185778 190059 178062 182270 186524 192971 190615 189872 190127 191467 188326 191577 197003 191599 0 197628 187866 0 0 196669 186819 191865 0 172583 192461 193657 187702 180615 0 174312 195191 151358 185338 194391 197602 194459 0 0 175138 191598 183968 0 0 156770 189577 191620 169626 170069 0 183970 188338 186631 0 196363 192821 188465 192934 188398 191867 192381 186836 191630 193690 185363 189364 183956 187387 187891 190462 188348 182450 182321 189748 180982 182486 189400 185054 192949 192500 55036 185373 191876 0 192952 193492 190142 9684 191969 193691 189409 184144 195225 188946 0 176581 150877 190631 190233 184082 186940 194471 185756 0 0 190305 186970 10740 185450 187608 2068 0 175153 137366 180629 182509 184121 172748 185786 190711 189479 185592 173073 190580 173964 182575 186654 189530 197014 199207 0 187733 182833 191623 186167 182593 186662 186976 11347 191642 190534 191989 0 191667 192551 192575 189531 187854 188355 187856 0 0 188357 185789 189881 191693 188967 192607 182719 196897 187596 190547 188486 197206 189043 13763 192013 118356 189561 191753 188528 0 194559 189580 192030 188497 190627 184129 189767 196472 191713 185001 190680 188656 191615 192068 190571 189048 192422 192870 195320 190017 190645 182915 190344 186716 0 188476 49085 185815 174067 194472 175154 175656 176717 163185 0 199213 192980 190461 192087 0 188416 187939 192220 190667 187912 192878 194565 0 188927 182307 185383 196735 188363 192273 190696 190758 192993 188651 188943 187955 196905 184209 185823 187638 183019 189930 173379 192915 188448 189940 2041 0 192931 190713 187153 10158 182672 189961 190747 189749 188395 188556 175186 192492 189177 181441 38906 188559 175548 187980 184441 0 192957 188908 191668 182870 192625 189331 0 192967 189028 182731 187965 182735 182367 175715 185878 0 183540 179247 184387 175732 0 192970 177656 183989 182902 189543 188403 185488 193094 174768 173220 183052 189458 187304 188408 172704 185527 189971 178076 189334 192999 189565 194116 0 193022 187357 189583 175056 191026 197130 190056 189976 187366 189454 187727 194597 176830 194350 181496 189476 177501 189090 151887 191094 177580 181843 175268 191789 149475 184485 179799 196525 196579 2152 0 192090 189521 161973 190070 0 0 190859 183115 190895 180524 197685 190962 193032 174320 193120 185025 178532 190109 191246 187999 193113 190328 183845 192348 192358 189975 182939 182010 197640 189513 189918 197736 199625 187008 193128 183127 197781 190013 183375 192524 186087 187833 180581 193195 185854 173376 195485 188015 181915 63781 183167 186054 189212 191852 189611 187055 5731 193063 183888 188098 192678 183268 193201 20438 190971 186175 175437 189600 192120 193257 192682 184671 182053 188106 197723 4715 0 193109 197510 195591 183302 187051 188427 192761 152506 187382 187078 194650 193134 174532 197651 193271 197490 189559 190475 184130 192369 193297 188451 175787 183312 183319 180246 193146 192525 188655 57183 188797 188460 184141 191171 81947 189222 184403 113528 190103 189656 179633 20573 186221 193394 191925 188470 187498 180739 189785 192397 183363 190497 0 182989 179120 190503 193147 188144 0 187508 193050 193422 193346 192417 186435 190174 191002 188591 191144 193803 188301 13744 193359 197766 190211 187534 193580 183557 183947 134410 190325 186484 193373 191932 187130 194602 188048 190566 189762 184497 193513 180522 189944 102033 198004 192704 178863 189987 189721 197768 189746 184314 197663 0 192537 191953 192305 189778 0 187932 0 176113 192526 182976 185196 178835 183399 188203 175619 186591 175783 188421 191176 192055 191179 188563 124057 151020 192714 189624 185912 187095 42144 184426 193055 191971 80969 187447 184471 193607 0 193383 188716 184007 191999 175630 192538 197713 0 188431 178407 178988 174542 191232 190535 175919 183124 184565 54 190347 188017 0 186528 193577 190367 190406 177181 186766 190640 191286 190451 8008 193815 0 17294 0 192104 197720 193890 183321 192544 190438 194831 192559 189451 0 196605 185542 185933 189791 194855 0 184301 184757 186918 184073 177037 183579 191298 186202 183062 188720 188825 189799 188109 176604 195568 189800 192789 186070 191339 193161 20853 190456 189829 188206 188634 195665 192629 190526 188674 193233 187490 0 191019 191855 194102 192118 194136 175952 184525 32410 188909 197747 183477 190134 182071 3911 178249 183368 193596 131014 186628 186802 0 188941 192307 182287 193537 188568 189015 189898 190463 194180 181204 194960 198295 186831 182921 185858 192310 185268 185956 190599 188723 188747 186833 187101 191915 192633 193209 0 25951 191368 192444 193171 186500 191503 193237 190004 183490 189151 189979 190466 188248 188401 189998 188011 187162 189988 192687 183606 191506 188987 172421 188988 190469 191509 190048 191496 168918 189162 194155 183441 190112 193215 183515 186551 188343 180761 190493 191163 191605 191254 188160 199385 173074 184220 185271 188351 163936 190182 3580 184234 185809 197752 191512 188800 173388 0 69507 187545 181045 188438 180915 191659 187603 187568 193693 107189 189465 196642 11755 107909 195117 0 190089 33244 184363 188510 197847 189516 184364 192210 184610 183693 190590 199656 193994 185952 190290 190022 168942 192539 188441 26038 196796 176181 190550 192953 193962 194976 173913 183505 191520 191710 190551 183826 1177 190114 195777 179409 190648 81004 188443 63011 197873 69664 26100 196967 188984 193301 0 11787 193655 186598 192331 188452 189279 190740 197314 189029 182820 188494 194328 0 194357 187778 192734 197916 188633 194758 181250 57770 189579 185893 187624 192340 192398 187632 190611 33 190039 170075 5811 192908 190537 183519 191619 190619 157858 151320 189185 187718 189381 187782 184701 191263 176389 190759 193589 190617 193684 0 183855 199424 192245 184373 181184 190169 189071 0 189933 188458 0 184399 193314 192242 888 184772 182968 190665 192439 0 176410 185972 183954 188810 35907 193483 81120 190051 193510 175184 177675 190622 192527 194260 190074 0 194468 194467 190094 182764 191296 192279 194832 190703 190626 81387 191329 190117 179045 192344 193727 193748 193749 184437 195220 188464 190666 190635 188479 195672 163559 0 192556 69860 183536 113891 36020 197078 176620 184619 3556 184847 125396 158593 190342 16105 193828 184855 192418 192446 191738 184878 190123 189323 186041 190649 188894 186050 184495 174546 0 186196 187810 191655 0 177891 188514 184563 189119 188534 192702 191672 194493 199881 192518 193773 187787 186842 188579 190754 188516 186872 188565 192827 190972 193922 188066 184600 184652 189911 189220 193508 0 169326 188721 193810 194988 193832 190689 193444 5801 184137 183537 190193 190664 194396 191803 192831 0 197722 190701 183538 194619 193348 189193 188581 57870 192284 191612 195019 177110 181392 190391 181287 189301 189311 190204 190239 189369 190677 0 182920 186950 193843 188976 193529 192877 184866 192914 190323 183911 2930 184770 177949 190766 189429 198055 183731 183556 176022 0 190774 174566 17420 184958 188981 114829 188200 0 22786 193836 190784 0 193854 191027 186086 195816 189260 13872 189490 191072 169460 178426 195020 198503 190242 190832 198106 175312 192929 193495 189679 190248 192412 191731 188985 192532 186260 197997 184281 190725 189319 198118 190331 192450 0 184384 190415 186982 184968 0 182587 192568 190781 193889 195037 193046 14669 190375 198241 198026 169676 193277 187289 185913 192572 183921 187316 167066 191008 187889 191832 188775 184503 184408 9717 190312 186778 176414 186098 9108 189782 0 195917 186162 193358 190845 198164 193563 193287 184499 189847 188612 193935 190430 189851 193993 193376 13898 190875 181938 190989 8070 198590 190156 192467 192706 0 186181 190453 194224 190993 42471 190887 192308 183880 192226 189861 194124 185076 179237 187354 190157 189112 193949 193355 189993 182159 191386 167228 191812 190418 190170 190815 189150 178323 186307 0 192604 188022 0 190500 182950 191104 187507 193311 178974 191884 0 0 194520 193451 182162 0 151623 195043 199671 0 193449 186785 194272 188347 184484 191471 184970 192849 191922 190909 193598 193972 187515 189917 188605 3092 194287 185244 194836 190071 190883 185121 190230 191955 194301 194564 187605 115730 193978 190516 189005 188086 70443 192409 184670 190052 188635 55739 189399 190745 0 181353 184571 186239 186245 186456 187750 191073 27297 192596 187066 184756 188640 188643 191967 190196 0 193604 190916 189030 0 190266 194015 193456 186477 194529 189431 191128 195263 0 199781 189055 176118 191497 179074 192639 184882 176694 178682 192644 192597 188646 192059 189270 194618 188773 194042 192653 175560 188660 189044 191546 188705 188839 44790 190974 187691 194699 0 195 190557 190596 190607 190351 193637 189444 194896 196853 186694 190783 181360 188428 193681 184853 194823 177967 191092 185079 175442 0 189891 195530 181368 189120 191131 194852 189078 190625 164799 186888 195811 185566 192261 159335 188971 0 188522 183890 193694 0 190602 192659 191942 193466 184861 192666 188996 183718 191157 187716 192680 191180 194066 189053 193093 185286 174592 193818 191121 185157 189448 189129 184966 188752 40560 192674 195887 190612 182149 189161 193987 169279 176025 189291 192073 191592 189442 192465 69945 187847 183945 81968 190669 190671 184620 191224 191744 190970 193644 185229 190684 190416 196211 190654 193004 184973 199465 194860 191283 191299 193480 185036 195076 191576 194051 189897 188761 187631 189481 191155 0 157730 191604 195612 191300 181234 191669 198072 191382 190710 186467 176757 183988 191389 194055 190053 187940 155681 185114 190765 191701 193306 176862 185367 194892 187841 176501 193723 192729 183992 184576 189558 194126 183164 195118 188694 184800 194147 189354 807 1017 192695 181254 167383 186943 190714 198244 176198 194107 196377 7927 182210 189643 186956 185209 191105 189147 8143 184820 176284 190793 189745 190833 188786 179163 191393 191400 189172 0 176146 184034 190771 174652 190107 184922 194875 191422 83048 85856 176417 190819 193532 193542 0 191425 0 186242 182231 0 90411 189663 190855 193821 181357 189506 194462 185675 189700 190863 191434 198367 195179 185296 188553 187643 193902 185012 190139 27616 195650 189217 0 198225 189723 191483 185136 0 192977 193012 193954 159308 192700 193590 189238 9162 20557 185255 0 188641 191766 185260 20783 169708 190864 186314 194936 193745 198228 187871 184775 185190 191537 188383 194032 191662 170989 185442 190676 194128 0 191676 185449 0 177031 194146 183570 190871 179263 193340 195271 191694 190880 0 176521 194165 186103 190209 192806 176535 195543 185223 182560 190202 186571 190240 176549 193363 0 174730 194470 185471 181514 197975 181631 192845 174277 190960 195691 199995 0 159803 198374 185799 189299 191703 186964 190751 183657 115741 183913 13995 187092 194183 191949 189514 0 26932 0 189612 189731 187962 185453 195928 0 190304 192676 192896 198231 189520 193963 186615 198274 176568 0 196504 195680 189771 183930 191178 189340 185479 198283 17332 193165 177081 191271 194671 190578 188838 184611 192501 195697 188849 190299 191979 186793 193024 182601 152057 193707 0 183179 182627 190280 194133 195968 188547 190964 189641 191716 198944 189647 191750 192709 198593 194703 191189 191776 183361 190592 152669 190994 189273 189109 191770 159521 185557 191781 188965 188051 0 189188 190379 191028 189502 191782 189673 186972 0 0 0 99622 189789 189246 194720 191909 187183 186977 189549 179474 194947 190424 161878 198629 191813 185522 196031 193719 188077 183974 193743 191046 185541 196389 191516 177198 191835 67419 193410 190478 176615 194201 190455 188082 192731 191993 186967 195804 171126 155686 185480 178004 183595 192027 192024 194284 192927 0 176682 185206 191844 191868 176713 174754 191872 196283 186623 159599 127288 190481 194217 192389 85938 187062 195143 185748 193234 198264 195253 176156 189814 176727 189575 176702 192996 189698 190834 189742 187876 198639 185571 0 152107 0 199046 0 191877 198342 194226 194349 191033 174771 177345 191525 188094 193625 194232 189676 188708 8256 189828 178112 189840 184942 192918 198433 17407 198600 190846 189356 157837 192947 193768 193133 189361 186994 183471 189367 195321 196301 195813 185577 177531 0 191784 191211 184138 185583 191069 194291 193216 170767 195299 195900 191633 191139 191227 199543 193152 174788 188199 184071 191882 185980 194305 187137 189790 190643 191944 0 0 190987 191250 177619 198444 194195 179277 183611 192067 16306 189960 0 0 198491 176729 176807 185239 184186 190999 0 188241 189764 185608 189902 179609 0 191084 183918 191946 191891 191956 189878 190297 190016 179806 189659 191974 188135 181545 187228 191115 194475 187923 14682 195576 191866 192007 0 191305 192081 196304 8083 191677 187065 0 191994 4852 0 190450 190531 195521 193799 184200 171419 188215 189385 0 176810 190553 192291 192046 179620 5288 193985 186461 191324 190536 199244 174861 193282 185623 187140 189730 188468 11412 189777 188221 194408 187520 188227 192988 0 190715 190061 177029 181787 188585 187202 194424 185273 115954 193009 192479 182751 192337 183963 197183 189919 0 195008 129137 184260 193356 177484 194076 179852 191913 190787 0 189648 195901 169386 190807 185670 188603 193155 191169 190067 0 906 191919 188890 0 192131 155723 195934 192405 190075 188237 185688 198604 186277 193246 198907 129646 185620 192295 196021 194219 177229 191165 195992 189510 192134 194568 187377 179661 87704 188745 199567 185987 199092 194878 195920 195991 192008 196571 196120 185586 185993 192510 189539 185615 195352 71263 188294 194651 194680 186075 39417 165471 195412 191256 194330 199024 191858 185661 192732 188466 190847 13820 190356 91540 194981 181912 185624 13950 194184 192017 194239 196693 199787 0 184627 0 196295 193448 185654 191269 182784 195882 199111 186719 191346 197190 135531 191280 189794 10822 191356 196801 182808 194248 193299 193364 186768 193044 0 194450 185085 6834 168951 185812 192253 190885 0 190515 0 190950 191347 5605 0 191634 192144 189556 186120 177415 188833 185853 188878 188925 193096 193100 174967 27418 136559 196410 189667 190570 0 181805 159670 195030 199126 194802 191120 187072 188483 37270 186251 199889 195058 193231 191831 199907 186263 187636 195176 191357 191430 196013 189848 196622 0 0 190634 189965 190918 17450 191214 188538 191287 0 191358 191378 193232 195073 28062 0 0 187642 0 190155 177626 70962 188939 181978 190827 193088 197278 190167 181660 193469 169185 196387 194515 191962 0 193381 189985 190090 190943 188947 186688 190441 192031 188923 189798 191435 176791 193137 189019 192078 191473 190189 0 189032 190145 20785 193227 17181 185856 0 199055 191487 0 194731 192136 152175 182572 187978 0 191063 190206 196822 188607 192177 177749 190110 195391 187711 196852 183802 191543 193471 0 158244 192178 193503 195069 196049 194256 194738 187492 0 193639 191641 194323 192082 191552 191474 192612 197046 187714 196050 182836 186203 190910 192637 194382 0 174983 10271 0 193686 193709 182846 193713 194819 175172 193322 0 169499 186286 0 0 196285 0 0 191330 0 186317 165782 28254 188951 191150 195137 194806 177763 184844 186772 194877 194331 188964 190959 0 181982 191562 172913 195150 185932 192341 186798 194365 188652 194444 190255 9300 191631 55175 190345 185843 191441 193725 187754 0 190279 183183 196057 152233 193170 185145 177834 192236 192243 83077 182953 185896 194282 188886 179443 193698 194827 0 196446 186016 187797 0 192685 192250 192195 192244 192258 194340 180835 199161 192251 189013 197312 152561 196090 0 0 175247 178713 186869 194439 188148 192260 192111 191443 183018 186290 198565 183546 194464 192485 0 197324 184908 199036 189037 192264 187842 190650 193316 0 2738 184913 196199 181933 0 193392 13784 192274 190433 190522 177869 196353 5289 0 0 194985 190487 190591 191643 0 193252 193756 195201 187120 193769 195203 186341 189366 176835 186422 199208 177928 188970 169630 191671 196516 192190 199300 0 183218 191466 121455 195292 185627 194494 186458 191646 195350 179184 190332 191762 178019 184014 190988 192319 181761 184936 179544 839 192703 195276 181862 194501 193459 189118 190731 185635 182484 190636 192361 186160 177052 195527 189014 184949 193325 0 191499 0 0 179934 191819 28378 193338 192605 186468 199168 36645 182042 190728 17497 192263 185870 0 182065 186679 0 195318 184250 199375 197411 192302 185926 194356 0 187100 192715 178144 159989 190822 190978 186509 186493 186549 185717 180130 21012 192335 190979 190990 195324 193386 196838 191095 186067 194683 199381 191838 199137 191657 0 195252 191361 190149 189173 37240 196218 192595 191658 198430 179689 189183 187293 191841 186871 185288 191100 186154 191536 177424 192355 187032 0 160108 186612 192432 192456 192481 186709 0 192728 193860 173239 186212 186300 186247 197449 9614 195092 192495 191225 71221 191554 191086 198045 192523 0 195360 179754 184950 192737 197463 193879 186254 192787 183389 189841 191560 189215 182992 193404 199395 191756 186583 197485 70291 195609 193467 0 62261 184106 191660 178686 24064 169821 190335 196841 192487 191875 191252 191579 192759 191265 190349 156742 191794 192309 188614 190383 193892 177104 191927 199412 190717 46085 178967 193688 193614 191933 187119 191934 132461 191112 43554 194433 190172 197737 100710 189105 195343 195786 0 17547 196077 195617 191334 182616 191584 0 196296 177503 196399 190786 193772 196465 197914 192618 192866 195362 195428 194009 186381 0 0 187272 186416 186420 195441 190801 194141 192871 0 132981 191708 186431 187528 193689 185101 190200 190009 192897 0 10856 196192 177120 192408 190924 186641 191219 192431 192723 187892 194189 192534 192548 182198 184252 189304 196748 178533 191679 0 190302 195471 0 192611 194654 0 193775 194715 188392 185171 189371 194434 186455 199460 188989 192203 199542 185216 192664 191729 184368 191760 195732 189347 195497 191970 186495 182695 187908 8183 179009 192063 188523 188662 188626 170635 175418 10742 198353 192003 190802 192365 8428 191990 191968 195759 192376 171142 186851 0 192727 196626 152947 190365 192987 195548 153906 191399 183138 192079 194821 187735 194445 194798 197487 195814 193037 0 195388 191164 192748 191950 0 177124 0 191342 191661 40882 190746 188075 187098 250 195818 198784 153925 2235 192760 192873 192822 194267 193051 188317 38933 188791 192779 9812 193091 191714 190920 192085 192019 179716 192091 0 188298 0 182826 186830 183453 196169 190394 179717 192954 185964 192378 189419 199520 183596 170814 186983 108601 193791 0 0 199551 183628 194451 196878 189117 189482 192257 189532 197498 189423 193976 186814 192837 185228 177138 184385 189590 183163 0 190432 199982 196535 192098 192119 192910 193106 193793 196423 0 192140 193923 197010 192468 17572 188284 194867 195622 192951 193942 190937 26478 188324 190986 192956 186605 0 192983 191059 192151 196603 133407 26210 191862 199643 182701 186539 195553 195840 196256 185253 195712 183691 189818 199523 191918 192162 185967 82004 184413 191170 193154 154060 187625 197545 193002 193048 177279 194509 191992 199725 196616 138964 42658 13838 193067 178950 108963 193207 192984 197915 186924 192457 194576 191272 190494 187003 177350 192205 191235 193817 189196 194577 192159 171404 193248 192231 178446 193996 197086 7445 193115 191463 197563 189562 185871 192638 194040 183260 193878 196646 192643 194584 0 190122 0 189477 192175 192324 195713 192973 190843 192292 190561 192719 192169 185264 136184 192342 191997 194684 196895 0 186756 193337 187033 190358 186398 187083 195842 194320 0 196932 195849 187816 189629 0 184721 171425 191541 189295 190214 193288 195853 192825 82711 197108 189681 195869 191574 193931 0 190569 189954 186619 193934 193400 189835 190023 185631 192563 0 192096 0 0 195883 193003 191590 195918 193015 197627 189706 175420 189247 186636 186504 0 0 193116 189752 0 197833 0 190623 171065 186556 0 190734 195888 194017 194041 193028 95135 17757 198095 0 179029 186606 185981 191440 199808 191629 188550 191639 192569 191746 195912 194940 194016 139523 9459 194585 9896 188518 0 197383 191392 193169 0 187590 190749 186616 179056 186676 177429 194740 194062 192717 0 26289 193636 188402 192626 188564 185022 191277 182908 196034 193296 192173 194078 194899 188883 0 0 186568 188926 186648 192180 187002 192002 192047 180003 186077 194951 192048 197008 179865 194335 0 0 193090 195927 193092 187604 187964 0 189610 192077 193419 130175 0 184380 192080 194027 197677 0 196042 191308 2282 188649 0 183279 193190 190073 186496 177687 0 192688 0 194764 190105 191758 184838 195703 192543 192033 190738 197918 192036 193387 0 67503 197051 179058 187751 188574 0 0 0 177945 193434 194818 191029 187850 190594 187028 0 189468 0 195057 198336 178723 194118 190769 192235 192101 193531 190854 134022 191834 197059 0 190405 193445 192212 183294 0 185821 197066 194142 197103 196483 193141 151831 193145 199693 193192 197908 192374 186846 195953 189633 199863 191369 28843 194773 197113 187442 192763 194283 194891 189410 191436 198184 14988 195977 171406 194220 192056 192373 189757 195981 194227 187129 198809 195985 193210 196010 193240 190354 177882 0 196922 187906 195126 179077 192382 0 198494 192207 186850 176929 192228 191952 169953 193767 183175 183905 190421 188760 63901 188869 177662 197213 194371 192401 0 83072 194920 198253 194991 0 188419 192303 186512 192887 192411 194037 192349 186629 90097 193193 199727 193213 174951 177682 191491 192670 193225 198529 195062 193249 192683 187863 185102 0 196027 188084 194959 192276 198661 0 185112 189461 0 194971 193229 183618 0 192483 171445 192440 0 189804 194213 198733 192433 188928 0 190126 194288 198012 187941 194277 55480 194372 175352 186939 194519 189820 193247 192689 194339 195025 187951 194392 24552 189889 190001 189639 0 190905 0 186678 194469 131263 189671 173435 135713 192363 193261 179094 190914 176957 194495 186516 194488 191052 198756 188892 177700 196104 185211 0 187019 0 191878 193292 192375 187150 112209 194525 171555 191103 197419 190884 189027 186944 190120 193329 193701 190251 0 160159 189089 191113 190372 0 196105 160428 191460 192423 189203 196134 185362 191137 197504 0 195155 192455 188232 187171 193443 196184 190272 194540 179383 187911 183703 190091 188275 188683 0 193538 195169 0 190841 0 198820 187173 195296 187178 180551 1181 180012 177806 189353 190205 191786 10406 192549 197222 101039 184074 195335 177878 184134 191318 193605 186618 187819 193609 187038 154117 0 185169 184547 198221 189802 140379 186225 0 190444 171634 194826 193263 2476 195188 190501 42696 184184 179589 0 189020 187180 0 190403 189242 195372 0 157404 196226 0 196234 196205 189678 190540 193621 26323 194379 119079 198288 191966 178100 154664 134666 0 193285 195394 0 7889 191126 0 195790 186932 183026 187238 192713 0 192725 0 188129 193275 192778 0 187281 193627 178424 193283 189726 185452 859 196261 190776 187218 193635 193365 196417 14691 196322 179108 189816 193367 193374 196354 177683 198920 158960 193645 190131 0 193705 192377 196455 195571 195984 194833 194546 191833 192402 194589 193798 178273 187188 193099 187233 0 179297 0 189038 194158 177955 188354 194598 187268 194375 187308 0 198204 171681 7997 185460 195055 188131 193812 196311 193677 26921 191143 165816 193487 193570 190716 196887 192765 189844 185496 195459 195107 185497 178442 0 194627 196920 192470 193668 0 112324 185588 192814 185813 191897 0 196309 194636 190277 0 195726 185729 197957 187601 192622 0 0 190552 190809 187363 193122 160253 194607 190306 192735 192802 193734 193757 191387 161127 190319 197244 194841 190373 197586 195906 0 188430 52427 196338 193814 188174 180304 7507 193881 194057 192894 192766 0 190396 191403 194804 179605 166293 179892 190559 191412 27666 193454 194109 0 0 195214 189383 187412 0 21104 177989 171859 194354 0 194898 193575 192720 191757 193762 180609 190941 194056 193651 192316 0 193370 193663 193744 193855 0 184626 192034 193871 196319 0 195198 0 185848 189875 193680 193703 191413 18180 186232 186969 188734 109629 189557 0 190823 197608 192121 195032 198439 193794 179926 3780 195071 163652 0 188742 188521 187433 192237 10753 163675 190603 47544 195287 196366 184657 192782 192531 0 187052 0 198493 0 13869 190817 192466 196512 0 191215 10860 191306 195996 179448 189910 179949 4165 196775 195240 101809 194903 195314 189416 194913 192830 190616 192241 187523 0 0 187431 197034 175792 194930 198939 193718 0 179021 189990 195329 194943 190125 190146 193739 196125 0 160274 1192 189937 195513 193390 190173 0 192262 187443 11516 171892 0 195399 187478 192474 190429 193946 190398 193809 180056 198508 194013 183739 192745 0 179562 192832 0 185687 194103 196438 195015 192768 176701 191175 191423 0 184795 193763 0 192332 188210 0 193766 189623 195516 43901 192808 193790 197358 191426 190263 184894 0 194105 195529 192645 187073 192744 7510 11939 192860 182139 187738 194772 9948 197917 196588 187512 198513 192336 197773 190253 178300 194162 197075 179952 180188 0 187667 198569 193825 185730 193846 190389 187823 183823 190661 193886 198473 190473 187135 188632 190891 194887 190530 195336 193865 163963 189714 192829 189858 187918 194953 187497 102357 196670 193893 193203 195039 34747 196546 189879 0 187536 198778 196636 189947 187138 191553 192880 190606 188774 189824 198666 161418 0 193913 187664 187851 194111 26010 197661 193785 192972 0 191191 198632 192494 199057 193008 191626 199243 195539 172002 0 199367 194112 192905 193043 190682 198713 180201 193040 187785 172631 195361 196659 195059 188645 0 194014 196212 187887 175404 0 175944 180663 102966 193928 196823 137498 191929 171810 195072 193848 0 197987 196777 199421 184885 195105 195086 197277 186257 188216 184980 187898 409 190658 71061 188282 188340 191314 186303 183849 194021 0 187801 191943 188665 194073 193950 192694 187946 190638 188679 0 192347 192926 190930 6962 189980 183152 194149 188680 193058 193056 195583 195130 26380 190392 0 196780 186479 0 187976 194003 196698 162216 193019 178540 196740 188795 192923 193071 183797 193026 0 194202 192400 0 180690 199682 194025 194347 188043 186453 196781 140433 194125 193089 180261 195141 194206 193107 156943 0 191986 193961 185915 195593 196877 193124 194253 196318 194223 109911 191484 188824 192557 180280 199489 112482 190730 188353 196673 191616 197952 190985 198840 0 1197 0 180401 184266 195315 34156 190767 190790 194303 190773 194167 197004 194268 191704 193968 18504 195417 194302 0 193148 193426 191255 185213 190031 188828 190850 190431 193131 188069 198060 193164 0 19060 188335 192445 188164 194266 199503 194378 183514 192786 190969 192184 194363 193649 194280 193224 199912 194334 196871 183858 188713 185040 195611 191791 190629 188105 188002 185371 0 2621 198982 188128 0 191222 196908 187194 194419 193988 199621 195180 0 196992 177384 193167 0 175659 195221 192752 9746 198895 195423 194426 0 193811 196349 188382 196953 194504 0 194539 27743 0 196942 190876 0 192533 192542 1204 178556 0 186520 195760 187315 191326 190811 199760 0 188442 189104 190632 194035 186800 180310 0 194293 187369 199029 192904 180488 0 195978 195233 185798 185636 195312 196995 187294 188434 193188 175835 197477 0 0 0 192762 186677 195493 194178 192809 193222 160415 195226 196074 191030 194400 186062 185055 191800 0 194769 193238 0 198870 193272 187688 178448 194820 192028 0 193310 190816 194876 187056 195113 190902 0 194935 0 199051 193969 190712 0 180905 187131 188162 0 183713 192852 190912 193839 193265 188334 196867 197933 92102 178681 0 0 195088 184350 195127 188841 56664 176145 195259 7586 188426 199062 191912 180344 195192 0 192939 194600 188855 197074 188481 26493 192566 192965 194123 197954 164052 194446 186827 197990 193295 195463 193352 178539 198937 194240 195283 48020 190454 197128 193984 196981 0 195500 194490 178548 199345 193425 190831 194449 0 180506 14745 194674 194166 190830 196874 191049 189195 190932 190856 191067 196513 190975 191336 196998 161810 193353 194007 194241 188493 186974 172317 194244 194026 197616 193253 195289 195371 198884 198750 0 194530 197834 194245 191062 182566 192968 183866 183984 194532 197158 193278 85866 192042 187195 0 10293 191110 195644 0 188525 194252 198011 195535 192989 195655 195648 5698 45405 36798 193039 184502 176147 196679 184560 191138 194264 189834 191181 188922 49699 187355 195738 20741 195541 17770 189075 0 188536 193045 24832 195751 0 195540 193369 6505 170564 72822 183883 194551 188949 180538 193342 194778 194271 194793 184012 198851 0 188543 197189 192587 197024 190737 194299 186029 194319 172324 191111 197039 189091 193047 0 194599 193013 73383 194046 196131 199077 0 194332 195579 194418 182376 184032 195099 193375 191188 195517 198109 189194 0 197079 194834 190800 192360 189228 188629 58160 192657 195700 196774 195559 199508 196893 188569 188738 188544 195782 191195 194348 188710 190216 188853 198135 193179 188746 188621 193399 0 192201 13100 192346 197199 195806 180637 198136 0 194296 193407 0 193408 195947 188751 0 193414 191937 189134 190241 188919 189248 93542 188682 198370 191375 189223 193416 193696 197184 177577 172705 180574 197217 192287 193218 197261 196486 194666 1208 194278 0 196529 191201 194077 193347 180557 194435 184923 0 193073 194574 189002 196017 191203 197229 191383 185120 194675 55987 185207 193220 188806 181128 194129 191273 196952 175540 189054 194384 194536 189259 185344 137650 193555 193396 185384 195788 178711 193084 192697 188697 191270 189266 187392 186090 7837 193320 180704 193405 194632 194151 9777 194698 116909 191288 0 188736 194676 0 193438 188850 197323 193412 0 195689 192691 195317 180742 199371 189348 194646 195960 199886 189093 193541 192733 195445 197841 0 180168 193568 184520 194795 38222 193833 195036 180774 194842 181196 198397 10908 189110 199015 186899 0 194176 180867 187421 189278 195954 195974 184045 189268 199895 194663 171575 44529 185424 195480 0 181058 194697 199091 192907 0 194121 199857 0 188798 194923 191310 195024 194851 379 180990 194857 195056 188979 198443 0 194691 161615 191472 0 195649 197260 189395 196558 194881 0 137927 195958 18251 0 193847 0 103573 0 196806 191495 0 197348 194200 175882 191454 191319 194710 191359 192476 190572 191686 194754 0 187470 189332 188992 2065 172335 184876 187475 195679 189010 187422 0 195626 188935 197326 193569 189503 187235 194925 193579 191500 95319 196991 192323 0 0 197021 178984 0 187292 0 198470 0 199232 188076 14974 195659 196006 183916 0 184178 190314 189035 193536 195684 185428 191391 196891 181052 193597 190761 193025 196012 191547 189039 0 16688 0 0 193552 184305 191600 195016 182662 197389 0 195123 192478 192496 0 179300 196411 185492 189376 193771 194329 199398 189463 16411 187441 195197 8187 194948 194969 191670 187488 195211 189397 189088 194442 0 197368 189430 23969 193615 181258 189067 189813 198495 195687 179701 172363 196094 191715 196180 194270 192229 186211 193033 193104 192514 195042 26642 193553 199614 195723 199327 189432 196352 194386 193868 185708 191589 195742 189475 0 177727 189507 191038 197350 0 187547 197408 198552 197433 189455 194767 36006 193786 192448 195827 176017 190514 193136 190806 191851 191563 119147 193789 190533 191601 0 179168 196814 195718 199405 195778 0 195227 195785 197444 187408 190652 0 193779 194725 0 193787 26828 197467 92390 180617 195158 0 194944 195825 192359 195083 193168 154734 191365 195897 195231 199757 191160 0 187557 187599 187661 193181 195910 199426 193674 187783 197446 185499 199860 9415 195053 192701 191244 0 189169 197499 193916 0 186218 195933 0 180803 184938 188709 0 193851 193017 197521 18973 28506 192736 196923 197072 0 199644 192758 0 198658 0 193676 197559 187614 194452 0 0 188028 195268 187811 81579 191395 189533 0 189141 193156 195167 184235 189605 191404 197009 0 193877 195940 192395 194958 191415 187870 197606 189537 189542 193905 30147 193556 191376 191023 195942 195237 188018 195768 189570 194458 0 191636 0 193267 189811 194989 190064 195316 197652 10782 0 0 194053 194100 192810 197388 195303 197638 0 188029 197641 185513 189631 197571 194785 0 189642 197656 196182 199016 193910 189076 0 191240 194995 0 189781 193912 181153 193896 197662 197678 195989 0 0 160791 179271 189922 196078 188930 172547 164280 181762 194159 188344 191687 193308 179411 181270 189908 194610 196108 199499 190804 0 195342 193475 195711 195488 0 0 192964 189670 180471 180025 0 0 0 189691 189082 197611 193730 191390 196302 196173 193335 195509 172848 189568 0 179915 189599 0 0 185528 197317 190837 194393 195465 0 193138 0 0 0 5858 0 0 191031 181266 189949 196098 195876 164811 0 186000 197891 179941 0 199456 194850 209 189974 38944 0 0 194547 190926 197727 194617 194973 193158 195436 195106 190083 197911 187760 189701 195639 197772 187046 0 94157 194665 195894 184326 176075 194714 189724 187930 195295 189201 0 161642 131676 198755 193074 0 189780 191860 188068 0 0 195520 194466 195031 194228 195899 195572 0 180311 189634 179418 199601 188111 191777 186966 199125 44807 190143 188182 0 194868 188183 0 176168 195694 177766 189306 0 0 193479 188220 17330 189810 196195 195168 188413 193380 194746 197649 195624 196194 5621 191690 185824 176285 195132 163344 194748 181298 191810 195213 191656 195951 136337 181346 191769 186122 193254 189258 64577 191394 191264 194759 195401 193255 193393 190250 194238 184397 197533 0 193269 0 191783 186227 191458 191071 195094 197782 199755 194274 194448 178135 0 195183 194886 195281 9638 195861 196435 197032 191089 0 196459 193907 195000 0 191106 191727 180729 192404 188474 199615 198855 198119 180957 195051 194771 184796 191928 179539 195967 172648 196209 195337 0 197792 189084 195979 195973 0 190414 185307 192471 190258 96573 190966 181359 195108 196011 0 199772 167804 193647 186402 181379 197320 179966 188404 161032 195698 195162 181476 193917 195771 189426 0 193915 195851 189145 193362 195972 195976 196245 193293 193305 185395 199205 194555 74084 0 197816 168127 196321 8206 196327 0 193395 196623 194120 181754 191204 179967 197544 191397 0 197853 0 191166 0 196604 193755 67548 40905 193053 188439 191207 191821 184572 192846 199685 195351 194811 197629 189262 152086 196287 195971 195216 161460 193653 197045 188197 199724 196324 0 195200 195219 197895 191469 198142 184945 196008 196269 0 195405 0 195426 181105 196046 195302 9918 193496 199338 195330 195515 194787 193752 190582 5368 194869 189901 197370 0 196067 196115 184969 0 195558 11637 181164 188519 188440 189284 0 185650 199353 191521 196160 195095 189903 0 195338 195202 185991 195519 197750 0 190662 191745 199795 188623 0 0 193964 0 195348 193951 0 192851 196141 181409 196084 194982 0 199819 189973 195242 196196 0 193175 190334 188303 196198 196329 7550 0 191233 191477 189696 70327 195670 189808 9946 188637 199753 192198 193788 0 0 199875 193671 0 193409 199359 14140 172760 191972 197940 193792 188102 189753 190721 0 191903 193842 6052 196848 199992 194031 194929 189528 188759 191457 193714 190791 0 195358 191055 189446 181694 191823 188187 191816 189489 196113 181939 195251 196190 161707 0 195431 194048 0 384 196350 189812 192256 12215 68957 190913 0 0 189573 191091 193971 197980 189226 0 194099 185653 193453 195386 196123 173040 195390 197208 185313 189836 193326 197406 193566 195458 178463 197666 194157 197910 0 26937 191523 194927 157103 3699 194203 194956 191493 194218 199453 196421 0 196425 196251 193450 192058 196672 194554 193622 182922 197297 195783 195395 192252 192641 173057 191317 0 176605 191532 58416 189888 194537 192655 0 194885 176280 195406 198107 139041 186663 195414 190030 191696 191172 181592 196526 195418 21689 191333 0 197939 192661 0 10801 195580 191548 189909 195797 186667 191371 196145 195615 8230 179976 188333 196188 196236 196551 199554 196204 195878 196130 173385 196618 0 196624 45167 0 192875 189483 120545 191825 188980 194560 195501 193125 181898 180191 190038 190006 193491 184606 190273 0 196849 191385 0 196231 92511 193641 186305 198317 186107 199789 190058 188618 188995 185553 188358 189121 191624 0 0 196246 180500 196554 192747 190007 194694 0 186433 161724 189613 193650 196187 196962 34619 181324 184646 192757 0 185088 196290 199623 181412 189286 174617 0 159875 0 198161 183315 193683 19693 190084 131530 196268 0 196313 196330 189650 193806 183203 192213 196260 195598 196372 194921 196355 196089 0 188461 0 196569 197711 195545 193736 193759 186051 0 191720 163404 168604 0 176669 181944 194534 197993 194968 189003 197800 196394 195753 187640 198036 187788 191685 0 195619 0 186434 196227 8328 0 193804 185999 195474 194383 194777 196100 194979 195643 194065 189680 190129 190093 197843 196404 189127 0 196406 193840 191752 195660 191763 198298 191448 192163 195009 194628 194140 195569 192858 0 191765 196119 191187 193990 195584 196615 136865 0 193869 191804 199941 188758 4962 185277 162071 190063 192909 196964 0 196356 15117 0 191811 191814 0 0 190366 194907 197225 186108 0 194964 194970 196573 0 190077 196587 199996 189704 1061 194080 190081 191837 0 198044 196507 192388 191859 193958 189148 0 186862 195114 197775 196385 196601 0 130398 0 191421 196581 35027 194216 194420 191978 190232 194221 189184 0 196633 194000 194047 195119 194257 182973 189261 194781 190992 180579 196450 0 195667 27216 196445 188374 8348 189358 0 0 195682 2684 196452 191075 189336 0 0 0 189843 191883 196454 195503 192924 167144 197965 198068 0 0 191930 196460 0 194977 189359 0 193465 176904 194063 190236 0 181980 195663 189425 194406 12256 193160 194262 195695 194137 186459 189747 137466 198185 27575 190324 188467 191890 0 182029 191977 188542 197842 196468 0 181435 198411 186152 196657 186101 196707 188620 185569 194208 192979 191983 194061 193800 195743 196872 190275 196217 5754 193974 194637 198427 0 195681 195134 0 193239 196628 189807 195730 0 196831 0 191911 196708 192452 46155 156216 0 192462 0 194381 195224 195752 196729 197531 0 189795 194179 192529 196714 22651 196475 196644 189464 178668 196463 0 182377 192606 197983 195255 197503 0 196482 149243 164153 196668 188672 0 196736 196756 0 197676 177658 173485 196772 195258 186792 5270 194352 181474 199957 191935 196899 189787 196854 189500 196595 0 195755 198085 196691 186244 188684 191892 195286 197043 192491 195278 193463 181909 196794 196906 196015 0 45800 197044 185423 192561 192813 198086 192609 196696 196043 197083 196228 193344 193357 0 195815 195926 198075 196243 197660 189547 0 181553 190395 139108 0 197100 0 196797 194828 198089 195290 197966 190560 196798 1229 197882 17 195359 194427 161745 195508 154535 198516 194428 195702 191941 191960 0 198129 189525 192705 0 194209 197143 0 191987 198122 190545 197275 198610 0 0 191998 185790 182220 196800 0 193823 58547 0 0 181405 195555 162366 169701 195464 0 0 190675 190679 182829 183061 195688 196068 0 194094 196821 195365 191681 190792 194038 191809 196901 176556 186492 0 192660 196917 181627 197294 0 183409 194421 196963 192698 195430 197353 194304 195462 188698 22238 24839 195824 185306 0 196951 0 198634 182082 195322 197726 193511 190361 183598 0 198401 171940 0 194609 191635 192083 195831 193514 198689 192089 182104 172174 196969 196247 192114 198133 190390 189554 185309 192128 197169 190681 196813 198423 8367 0 0 0 0 189852 0 189682 188700 192686 0 190874 191447 195363 191900 74359 0 198162 198155 196829 195826 194642 196851 0 185772 198156 192801 197642 197570 0 198179 154741 193533 181661 197077 197178 190529 196858 191818 196844 194117 198183 0 194668 0 198706 0 196869 192784 192958 186478 185910 191124 194713 194361 195834 0 181780 194799 197364 197319 72059 196286 196264 196983 198243 195837 173745 180258 0 0 0 0 198930 46101 195451 0 195475 0 186525 0 192978 36210 0 196989 189941 197202 196299 187992 196911 194845 0 197672 191665 190543 192137 0 193377 195941 136922 190907 190651 197011 186328 194616 0 197734 197048 192183 185973 196681 194863 181789 191621 190718 195848 196892 193437 195999 190835 197892 0 194884 0 188071 0 181993 189601 196341 0 193075 191074 0 192150 195929 196127 195544 191707 191796 197053 40908 0 0 177059 192191 194150 193998 189986 3473 10867 0 191822 197057 199380 189544 190411 186573 186593 192199 191981 0 192193 197276 196913 194163 193666 198247 4218 196919 194980 196166 198262 0 0 198467 0 0 198273 190036 185997 3235 197426 186047 193186 190980 198286 0 196934 194204 190882 196422 192407 197631 16478 186684 196360 190507 185392 103151 0 198287 0 196297 106680 191226 198097 0 194001 0 195880 196263 64648 191889 197601 186498 86026 197161 194719 191257 181852 181222 197227 192817 194687 197701 199042 195886 199981 198787 191906 0 196946 199659 196365 190688 196436 197790 198007 195393 196390 196948 192489 0 189540 196401 192520 195932 198798 190080 199990 182730 192555 192304 195945 8370 177201 190705 189657 0 0 190736 199394 186600 161226 186699 190148 197756 196036 192498 192589 196970 198296 137879 194233 0 188726 182564 193270 0 10967 191869 197109 197056 198481 182531 194997 197482 198389 0 195003 197095 182045 196416 197955 199511 195063 186545 197181 180595 196464 194359 189869 182175 191871 196378 182897 193417 0 190600 0 170620 0 191920 13653 191996 180664 191737 4858 0 194486 196431 190178 0 0 196499 194622 0 191963 192530 195614 193143 197150 195510 196058 194405 192585 192716 0 196625 186740 182185 196984 196071 194739 182887 198616 197212 196095 188097 191006 193204 186760 199537 28433 197087 196719 138128 195664 190252 196752 198174 0 0 0 194750 198712 192391 181861 913 198187 0 194846 196274 0 192148 0 196443 196380 194874 198504 195061 0 190316 187035 0 198526 4620 171240 169491 195884 198917 192579 182927 182077 191914 190225 196114 183024 195905 19090 197231 193906 190951 194950 195678 198575 10979 173971 192690 0 0 197302 197345 192619 190260 196453 74700 196514 190330 183150 195047 197776 192781 191985 190024 190538 197635 197566 72064 0 195065 0 190757 190086 197228 0 197486 195909 0 198640 196040 194966 195026 199105 0 162619 196542 192164 184245 195710 196563 197313 197820 192222 189995 198754 195070 198294 192823 197637 196655 0 0 0 195077 193433 171299 197700 197905 197330 177877 194242 0 196375 195085 0 197352 196678 196734 189717 190588 192922 7965 192006 196745 195049 192280 196697 192025 195856 196746 183769 197114 2133 0 182216 195096 190981 191501 2434 0 0 192635 0 196753 182396 197762 196117 0 196776 196076 193547 196265 198525 196763 185552 193909 190524 195257 0 195140 187079 0 0 183187 0 197239 36416 196778 196047 2375 197355 197798 195879 0 195115 196737 198589 197249 195125 182328 199379 195136 188788 196779 0 193901 182579 0 139804 0 0 198041 195133 186840 181527 192861 197860 190184 196803 192749 0 198078 196136 192037 191036 191248 195139 191101 183530 26675 196138 189004 196805 197830 193276 198335 0 196830 198596 190285 183946 193430 198615 83210 0 196833 182135 197857 196757 182673 196957 196875 186881 197050 197442 162681 196147 180834 70112 197316 195164 191432 15187 154965 196937 0 198190 198683 190371 192050 195165 13876 192985 0 192937 192053 192859 196976 191534 191159 0 191388 192129 185685 192155 0 182153 188159 195172 0 197140 112809 182630 182926 0 192862 0 80929 27779 190322 195246 0 0 194413 75554 195182 195935 196802 186007 197479 196288 197861 192113 0 196148 195995 190549 192143 182256 18422 198960 197709 0 193372 196812 198212 198165 193593 195344 191199 191206 187436 182336 186858 197002 0 0 187420 190434 195425 193485 196275 196351 198198 29311 183686 196826 192168 191054 192410 184293 0 93528 189224 0 189775 196473 0 0 195238 0 0 2297 196167 190620 0 197946 177936 195432 191088 195265 162807 187255 197007 195267 195282 197023 182274 190724 198747 191352 197347 195285 50359 194430 190364 198788 183800 0 199357 197036 179219 173432 0 192959 195377 196879 191238 195385 192200 8429 197210 184104 192204 0 194775 191309 182739 163458 196325 196193 196888 0 193527 198056 194484 193118 36709 198360 197755 196928 0 197483 182952 190628 199831 41322 0 197553 193119 164415 0 0 198017 193258 195969 186784 174344 140634 197413 197060 196961 184477 198242 181964 0 193548 199165 183309 0 0 195434 191243 191364 182111 190464 177993 191372 198544 189245 197689 190637 18382 0 199130 197107 0 189788 197104 198281 196972 190795 187 0 197542 0 0 188983 196028 0 22312 195400 190329 198048 190803 164443 196189 178214 190818 0 383 192259 190828 182342 194492 190858 195402 0 197617 197106 0 192299 193560 184693 193281 0 197238 198607 195424 187484 184432 168134 195437 196030 0 197137 0 194127 195433 198701 13965 179244 0 198674 197430 0 188819 197863 194590 197716 191278 197556 196975 0 196214 178451 0 26112 192221 196364 191545 192453 197163 197718 189272 0 199014 190965 195447 3839 0 190128 192227 197179 178546 198323 195440 197160 198417 197906 179870 186959 0 189870 191292 195450 191567 197015 197947 0 197580 167039 195455 163821 198381 0 197849 0 197695 193300 193140 195594 197902 196561 0 197650 0 197218 0 191379 183198 199108 197237 198471 173440 198929 190861 0 192427 197455 195636 197201 15279 197219 198623 197055 195442 199705 197362 190287 190343 8618 198388 191450 191132 198052 197583 195468 199276 196215 197922 197539 198447 0 198038 0 184242 197129 198636 195630 190357 190755 197984 37129 189546 102870 0 182424 0 192546 197145 0 191632 0 197070 186986 190908 0 0 192429 195658 197470 197827 0 197386 195749 180998 190983 197267 185336 0 197141 196373 179746 0 0 197501 195775 0 197931 192651 191654 195859 189586 197240 196461 197595 190995 95457 0 191010 196474 199156 199887 193163 195581 196220 198588 192265 0 199204 195962 180626 198003 198084 195110 197096 191451 0 191481 190449 190088 166088 196262 195802 196278 0 192239 190733 196374 0 181108 193176 0 198924 198268 196266 14331 0 0 187487 191664 194659 0 197524 0 196476 178603 193564 197585 198933 173490 193180 198707 0 196054 196279 0 0 0 196379 198749 197254 167023 191013 191284 198611 197429 0 191016 197527 0 195116 192249 11034 39650 164141 196083 21126 0 189589 182434 198989 196092 193457 195820 10020 139816 28095 191697 191488 0 193502 197333 198630 198285 0 37298 72116 196490 190775 190556 8455 0 191293 199301 191741 197341 191011 198139 189566 0 198343 0 166094 195830 197155 10650 0 0 0 174099 197233 0 0 198191 195944 192325 197590 198376 197403 174191 199584 191041 198386 182441 190618 194815 196557 199226 0 194608 197596 197245 181314 0 193197 189935 193221 10877 0 197900 197706 183401 0 191638 0 197452 185805 197594 198454 197618 173838 0 0 198557 199309 195597 193366 154254 196397 194770 196081 198715 196487 198718 191991 197396 185668 198235 198424 0 197732 186999 0 197785 189616 197655 197801 192662 190839 11266 181036 94475 0 0 199316 191050 197658 187439 84112 197513 198608 197832 191530 196491 0 196063 213 198719 191751 197264 197518 197589 193402 0 0 0 193574 0 196560 0 28618 192627 173506 192277 192811 193704 187844 192333 196511 197907 198293 196574 197621 197636 198341 196116 193446 7585 193260 198902 198731 130309 0 193587 189665 0 197303 0 191044 191145 198740 191856 196250 187181 0 191362 0 199158 199349 191398 196271 198466 184390 195966 0 197923 197646 0 15496 192416 191444 0 196328 196608 197654 192515 0 199341 196500 197659 192021 28548 197671 196517 0 0 5550 0 196280 197970 0 197691 192707 0 0 191564 0 0 198631 10985 193652 194075 196307 191849 0 197697 27762 0 0 12416 196178 0 192796 190568 193424 197686 0 197724 198633 196532 199438 199230 0 197937 172018 197758 192350 172098 17093 195666 189999 0 192176 197753 181141 190794 198772 190243 192854 195690 0 197764 193460 192892 0 191097 192535 175470 41968 0 10045 198203 193780 194809 185808 0 197168 197424 191133 0 193499 198669 199684 0 0 0 186658 171960 193813 0 198931 0 199809 193721 0 198681 198734 199441 197973 191174 11775 193735 187745 197771 187846 198797 199481 0 27938 0 195448 187198 187988 199521 191229 191596 193807 196536 184678 173755 191726 0 192598 0 188093 199017 183428 192320 188233 196656 196559 199020 197974 183495 0 192943 192684 196764 0 191349 196695 199069 219 196733 191728 192181 189555 174621 196783 192370 198074 0 192504 199815 198332 193007 0 0 0 194908 191345 0 182526 191377 0 62098 199409 198807 193820 196709 193558 193830 187207 193078 0 0 197988 192553 199524 0 196059 191433 0 17633 193834 0 197783 197789 194269 197806 192718 191550 0 195595 0 192574 0 196715 0 198703 196627 196860 193611 0 0 72350 0 196711 198818 193867 193897 192591 0 192240 191610 182607 164589 187705 199041 10825 0 196314 191691 198485 196816 193101 192756 198662 199843 193861 197824 193926 198469 0 199075 185876 197858 197622 198081 190931 194367 193600 193105 198006 197921 198021 199650 187217 198975 196840 199603 199642 0 186033 196855 195492 195505 191689 196890 198622 0 197948 196553 199586 198813 0 193135 198100 197784 183774 0 196850 196357 195638 0 198160 0 192886 193933 193672 0 199602 174017 120683 0 0 183720 0 0 181316 174045 195717 191583 0 193955 196201 197950 198039 187874 0 199612 199084 190439 197971 191087 198741 191722 191723 155161 174759 196414 199096 195770 191808 198753 192383 191479 199005 198760 185125 198538 198093 72427 196649 198166 28099 192600 198842 196755 24073 198767 0 196926 199868 0 196929 198102 183877 181738 0 191161 193760 195780 198879 0 0 197995 196959 196437 193982 0 193023 188256 192581 186346 9673 192648 198188 196079 193967 199114 196950 188361 0 198768 183833 0 199882 10047 197738 0 197478 193956 0 197065 0 175234 199922 195563 196496 84116 196523 0 0 0 0 187348 197082 193992 0 179143 82692 198251 0 0 191863 192898 183902 6984 198110 0 195668 196235 0 4889 194012 5837 196987 198846 193065 198781 198130 199131 0 114118 192791 28255 191489 197149 195708 164922 198201 197818 191507 197257 197167 197174 0 0 193959 194377 199984 185698 198597 198272 140109 188254 10106 8493 198412 191374 198869 0 199159 188394 0 197295 194401 199947 195844 192874 197296 193991 0 0 196315 183936 196568 191591 196439 184125 196599 187413 139554 197300 0 0 0 194018 188370 197864 193183 198783 184055 199892 196750 190486 10204 115256 196807 189627 194044 0 195854 199088 198299 192916 0 38678 192842 192015 0 190054 0 199025 0 199031 20980 198320 193173 141747 195931 0 198219 199146 192919 197127 0 196096 0 194019 196859 192294 195120 192928 198863 193461 182646 195333 191498 0 191648 0 183834 191040 156353 18485 28424 0 191316 0 197742 175915 197156 199321 198928 194006 144368 193177 193034 197305 198063 197384 199202 194135 197427 198239 196128 193049 198331 197360 198350 191651 191721 0 198392 0 197450 0 191739 193476 0 0 3875 196142 0 197410 0 0 190188 188385 0 197459 196129 199154 180447 0 0 197400 8502 0 182821 196865 199211 0 0 157509 0 197488 197465 192650 197496 197929 196506 0 194161 198414 190940 30829 196589 166221 198280 197808 0 193670 194060 55 191792 197934 196662 194160 197976 192889 198509 0 182844 195526 197745 198605 196762 184072 0 0 10747 46507 190488 197793 178137 165085 198304 192839 193549 199229 190281 193733 192016 193202 193673 194170 194531 196124 196868 196368 21022 197497 0 0 196413 193720 192482 0 198793 191742 194721 0 0 199268 184808 0 198099 196667 186544 199155 0 198697 188396 198321 199302 193230 198802 193284 194205 194235 0 194380 197472 0 194342 196685 199354 190489 40192 191529 199593 0 165302 194247 194229 175341 196219 196244 197523 192948 0 196538 197999 199514 198276 197593 0 192963 198812 0 194325 193069 9854 198816 388 197136 198873 198941 188501 194669 0 198327 2747 193066 199082 192615 192884 193323 196966 198957 0 199172 194011 199078 198151 199238 191836 194246 192938 192041 0 0 155933 197670 192126 197040 193111 0 0 190495 199089 197188 0 0 196577 193149 0 198308 198172 196689 197719 0 198451 187516 193132 181070 191801 195005 158004 198369 173224 199281 178645 0 199298 194338 196990 195011 198005 196773 197554 192380 184238 195028 199241 180018 184264 0 198927 199299 194353 194358 195100 199715 194389 184493 196784 193741 140332 0 198291 190410 191885 0 0 194417 194479 197091 425 196694 198521 155053 199369 188578 199396 195151 0 195381 197203 193995 195093 186044 3886 0 197110 197681 197234 192528 197555 192138 29029 198548 196743 198582 0 197710 197669 0 72435 0 84145 187554 0 194545 0 0 182769 191718 0 0 10465 192667 197725 195249 197414 197788 0 0 191880 191939 199434 0 198647 0 0 196585 190428 197633 192145 192891 198664 198182 0 0 0 197247 164424 0 164577 167955 197505 198860 0 199544 188509 190577 198211 198685 0 197667 5719 0 198955 58166 0 18254 198180 182138 0 103467 198967 199128 164862 193540 19092 196758 18581 197263 0 0 184442 192699 0 192941 197272 192246 199455 0 193280 199487 17900 0 199515 192011 35190 198643 198988 184874 192974 198936 192562 0 199247 191829 181390 183864 198252 196790 0 188942 193060 193076 198680 42317 0 191788 198305 187419 190840 199518 199132 194474 199527 0 183047 198946 195408 199709 199182 226 187437 199296 196687 156489 198990 191954 191924 199597 11109 16482 184461 194144 42478 195534 197604 192994 193746 13999 193102 198757 199698 0 193303 197288 176552 0 0 199731 197401 197893 194275 197869 2203 199607 174224 194497 0 0 199451 197953 187352 194586 184974 0 11828 187829 193130 193114 199750 196873 0 0 198310 0 192092 199435 0 198257 199758 190246 194487 189156 192406 181503 199838 193151 256 197878 194633 199932 194186 196000 199616 192712 196717 198333 0 193398 198830 194652 0 195309 196004 198359 193436 197690 198710 0 198765 192933 0 192202 0 0 0 192419 0 0 198932 0 198325 11840 199651 199691 199802 198962 0 0 0 192132 197246 192185 189237 196007 0 195461 0 0 192488 193852 198819 198998 174003 199129 193070 192881 190857 0 197733 0 179127 192192 193354 0 198875 197845 197802 198997 0 0 199701 194695 196921 199836 4009 193576 196348 197405 199733 191090 199136 197909 196598 199525 0 0 187583 199068 193435 182942 0 196617 0 193150 199166 199148 199550 181584 195429 193153 196940 29423 199742 0 183349 8634 0 199585 0 198457 194505 192343 199177 0 0 198702 6316 0 199288 198103 0 196978 176418 0 191146 8896 22947 0 181672 183037 192991 199707 0 199249 199799 185218 194696 155554 0 0 37417 0 141606 199849 0 198344 0 194679 194763 5915 154922 192139 0 0 197872 14537 188595 0 199252 198517 183474 199879 0 198769 186213 0 194859 199948 197436 184749 0 0 0 192711 179208 199956 0 192194 193506 0 197972 198009 199290 194889 195491 185864 191384 193379 194508 196724 197131 195613 194919 193550 198531 184486 179332 197890 198826 192669 197286 195671 199688 0 0 23036 0 197329 0 0 193870 198008 194022 179137 0 0 199171 193294 192232 198022 198031 191000 110280 198774 198896 196741 197088 195074 165531 199203 0 196994 194924 0 192997 58574 0 0 0 180452 0 188905 184524 184536 42502 198586 191051 0 193630 194535 108975 0 187950 0 0 197371 199209 0 191420 197318 0 198065 183851 195254 199991 0 198279 0 198777 100125 0 194059 199805 194549 189236 191568 199292 194756 192233 199890 199293 0 199905 197703 0 0 0 194594 0 197896 0 197327 0 195029 185606 188026 198795 198146 0 197028 193036 189412 0 197016 0 0 198334 0 0 0 0 197373 84871 199628 195567 184956 0 197394 181678 174021 6501 199313 197431 0 0 185962 198345 0 0 194542 0 198368 192442 192282 192371 192708 145155 197526 0 0 199955 193715 191442 0 193199 183637 0 197052 194639 197058 197936 197475 0 0 184659 195585 193509 194670 193742 197489 0 198050 0 193936 0 197927 195898 0 194085 0 0 188907 185122 0 199555 0 178256 193588 192522 0 199397 0 0 197349 0 193217 0 193005 0 182283 8762 0 0 0 198848 11280 0 177561 198965 0 194901 199013 193052 199617 0 186473 193939 0 183326 198836 198534 181771 199339 186194 194975 183426 199975 194774 0 0 199678 198104 198396 193948 193965 0 197099 0 0 195294 199694 183648 0 0 0 194029 0 199477 18645 189049 198255 197516 0 193617 0 193528 190065 192165 181267 0 0 192578 185314 0 198868 199124 196025 198539 198399 193351 184871 197474 112244 197991 0 198349 195466 0 0 0 184033 0 42663 0 0 0 0 199188 195033 199559 199649 198445 188155 193648 194004 193127 142413 0 195720 193458 186644 0 0 199347 194087 0 199356 197085 193196 198559 199729 193371 197537 193679 0 199776 189281 198577 116072 28551 184128 0 185067 194794 184381 198911 197682 0 0 0 193970 199021 0 197402 195041 193525 191096 0 197337 193571 185185 0 0 192312 195452 193977 193391 0 193628 0 199807 198013 0 0 193629 199946 199978 198794 0 0 190261 197105 0 0 197466 199064 0 0 185333 198599 199570 185393 188323 197532 194034 195651 198735 198824 185421 0 0 0 0 193420 0 190140 195210 0 185478 194689 0 186723 195733 185089 197116 193632 182608 181611 0 0 0 192286 0 185510 185537 186761 195653 186777 0 198690 198880 197546 193699 194134 196118 199363 0 192356 0 192321 193519 192696 156205 0 191551 199825 0 193706 0 192393 0 195846 198441 0 193631 198914 198460 192415 192362 184090 0 193530 190697 181814 197565 194171 193660 0 185667 192755 190425 195427 192800 196258 0 0 197512 0 196584 192399 120952 192508 0 195675 193728 193778 197578 0 192770 0 195506 0 198014 186762 197807 194254 198147 194317 193827 0 43200 192824 194341 0 0 0 186928 5975 194411 192425 195090 0 198159 140384 0 198839 198897 193618 193957 38283 185651 192447 185664 193731 0 0 191230 0 165157 199139 3224 194648 198553 194465 192850 195987 197605 0 0 140459 0 199870 199260 0 197609 192879 199026 193980 2381 0 0 197699 193751 188496 0 199283 39066 0 196005 192888 144233 195376 0 174273 197702 198175 158432 197774 0 184269 191427 0 0 193205 198859 199101 188628 0 198648 195272 0 0 198867 0 195533 0 188763 185100 188818 0 0 0 197854 60265 0 198246 199373 0 1236 193777 182745 194905 0 185589 0 194089 0 8791 197757 0 0 4861 0 0 0 193981 194351 0 191637 194517 184029 197880 0 0 0 0 0 194686 193953 15052 198238 199884 0 194702 0 0 0 0 187164 0 192740 0 0 190869 176916 0 193185 197889 185764 199977 185759 0 198919 0 187744 0 197851 198263 185781 0 182014 0 0 193845 0 57227 0 0 195392 186249 0 194187 196019 0 195013 0 174376 197985 199428 198766 197147 199641 193211 197560 0 0 0 195129 0 184340 191736 0 185899 193259 199473 0 184469 175447 185971 188540 196272 172474 199488 0 187883 0 190915 193413 0 0 195054 194010 0 166642 197885 193490 0 194360 195835 199470 195889 121428 196069 195153 0 0 196407 191311 0 195435 199141 0 0 0 0 0 7526 194716 0 0 197241 195470 190922 0 0 199164 198431 194115 197299 199535 195766 0 0 193578 20261 197935 0 188953 198120 194457 107884 0 0 191147 194093 198580 192601 199770 188963 191198 197447 0 0 198660 195124 199837 197924 0 198964 199009 0 0 0 0 191032 0 178408 0 156503 0 0 0 194145 0 0 199999 197420 194437 197879 196518 198271 197925 194483 198641 199634 0 187790 198266 188161 0 0 0 195184 191217 194844 194581 0 183107 198971 0 189115 0 199346 15441 0 198693 0 197962 197739 194701 0 199538 179483 193764 199577 194231 0 194728 0 0 192630 176930 197746 198723 185693 197978 194259 0 0 0 183287 198729 194807 198980 189106 179490 186023 0 196479 0 199589 198743 0 0 196503 194897 0 0 0 195177 0 0 191221 0 193191 194489 197795 0 0 0 0 197992 0 0 193474 179500 194904 0 0 196842 0 198687 194498 194058 186073 197848 0 0 195181 0 0 194914 0 199654 0 112587 198776 196371 0 199657 195185 198020 196639 199028 0 0 0 0 36372 140553 184356 0 188400 199043 198277 0 198462 196645 0 186632 194355 197815 0 0 198825 194185 199048 198864 0 194225 186278 0 67580 195988 189225 199050 199184 0 194074 191907 198878 0 0 194294 0 191228 193583 194507 193327 196033 0 194300 0 0 0 198905 0 186588 0 194941 195822 199053 198800 199606 0 186874 0 198010 195196 0 10407 196570 0 195273 188095 195301 194387 199049 184181 0 197949 82562 196255 198016 192472 195081 0 193599 191936 195355 0 193740 57266 0 192856 0 0 0 0 0 0 194932 197960 0 0 199173 182143 194343 0 196692 166657 0 0 195341 197977 29924 198001 0 194432 194933 0 188604 0 176439 0 186291 27109 0 8794 29490 193883 193966 0 0 195439 196723 17916 195112 195121 0 194337 195035 0 195157 189101 199187 187767 198057 198069 199185 197121 0 186349 0 199726 199063 0 0 0 0 196898 140561 199216 0 0 198306 198844 189239 191098 186622 191538 0 198091 199743 198328 0 199070 194660 199222 0 0 0 192969 191234 189170 0 0 195413 188130 0 0 193938 193606 0 0 0 194364 191281 199791 0 195943 194402 196002 11089 194527 0 122488 198853 0 189288 0 0 9199 0 189305 198258 0 0 199234 198877 6063 184405 0 197515 0 179738 196747 193554 198352 0 196856 0 0 0 196509 0 199834 198438 194366 0 193603 0 0 196306 198893 199273 189244 0 187168 193643 0 198098 194550 195109 198476 198409 194463 0 0 195415 0 198487 199003 199633 0 199085 0 0 132472 198497 199106 195551 0 189912 0 194548 0 198080 195570 189615 192352 199894 194563 195741 199257 199674 195208 123340 198384 198498 189333 196789 199342 193478 195642 199400 0 0 0 194677 46082 158328 0 189346 198763 21269 0 199443 0 198953 0 199374 191606 199501 122349 0 198043 194690 0 0 192511 0 198051 196155 199536 0 0 194571 0 0 199940 0 0 199157 198115 0 195652 187990 198171 198780 0 199269 189453 198205 195774 0 199869 10356 0 198958 32958 196791 196183 0 197067 199679 199295 0 0 0 199897 0 199160 96019 198533 194705 0 196665 199420 196495 188202 0 199847 0 191702 193888 198789 0 0 195699 196426 199989 0 192071 188390 0 0 0 0 0 188973 198871 187353 198972 195166 199352 0 0 0 192742 194482 194706 194572 195784 0 188422 199355 193947 193960 0 195817 194345 199699 0 194829 0 0 196912 0 191158 0 0 0 196915 193117 198974 0 2081 0 195512 198113 0 195235 18715 199384 0 199552 9420 199561 195845 199179 199771 188506 0 3908 0 195852 199415 199832 198540 196653 196661 39122 0 0 0 196918 7603 199626 0 0 0 195262 189652 0 179798 194190 194606 195890 177353 0 188982 0 0 199949 0 0 0 0 194199 184862 10312 0 0 0 188840 199663 47290 199429 0 0 0 198322 199358 194234 0 0 0 199985 0 177642 194573 0 83477 198337 189719 194477 0 199563 0 199613 0 0 198890 196317 194692 0 168415 196402 0 199436 189831 199636 198985 187859 0 116737 5302 195481 0 195959 175297 0 193522 194088 0 196121 0 199804 193068 0 198601 177981 195327 198978 0 0 19832 195963 0 197265 0 199704 0 199874 0 194416 199362 184478 0 194587 198987 0 0 8802 197357 0 199814 194615 198366 0 0 0 0 194438 193702 70748 194611 198394 193481 0 0 199557 193678 199562 193708 194712 199522 0 182273 192540 13722 194708 66385 190445 0 0 0 0 183237 197292 195964 191683 0 0 188137 0 0 199189 0 194626 0 196799 0 0 196429 0 0 0 172502 0 198402 0 198496 197385 0 198999 19827 195919 196061 0 0 0 0 0 0 198138 0 193716 199033 192413 0 198518 0 198519 188526 0 63217 0 0 185724 0 0 196132 0 0 194638 0 194653 0 0 195487 195582 28747 0 0 0 0 195260 0 192754 0 0 189867 186439 194655 184897 198549 30279 198619 194673 0 198625 194709 0 194711 0 194722 198446 198801 0 0 194723 197821 196146 197351 183310 194734 196133 0 184849 0 197412 0 189192 191705 3079 198921 0 0 0 11917 196156 191692 199308 0 0 0 0 0 0 196203 0 189825 189896 199067 193557 175481 184947 0 199095 0 198945 0 198482 0 194744 194783 183641 0 198579 189955 188539 196424 191799 194730 199199 0 0 0 198425 0 0 0 0 199762 0 199335 196335 0 0 0 0 194765 194370 186358 199282 198961 197437 194766 0 194732 0 189338 0 185212 178538 188139 0 189460 197471 39954 189466 198981 194803 196876 0 192288 0 0 199330 0 194837 0 0 194848 199502 199366 186169 197037 0 199983 196531 5385 183722 0 186385 0 0 0 193841 0 0 195356 0 197221 0 0 0 198657 190472 0 189992 11549 0 70926 0 194751 194704 38091 195300 0 112708 0 140715 0 0 0 48154 0 192049 0 199376 199030 12517 191817 179825 62966 194817 193223 0 0 0 194858 0 156729 194856 157718 199592 192327 175025 0 0 0 0 0 194753 196498 128316 108649 20232 197481 0 0 190097 196433 0 0 0 0 198587 0 0 0 192005 147690 198535 194984 96260 185290 0 0 0 195871 192069 0 199512 194503 197250 190055 186905 186472 0 0 192108 198594 194996 196494 195010 0 0 0 197331 158456 197387 175661 199331 199706 180696 199775 183373 0 194949 199812 11592 0 186488 0 0 194847 197831 198852 0 0 160492 192116 0 199862 141498 0 176845 195975 0 196534 199250 6183 190161 0 0 199098 194983 193919 0 0 194780 190106 195311 0 192441 21687 197432 0 185508 0 195023 199378 0 196515 197443 192149 190575 199466 0 0 195546 194316 192326 0 0 0 0 198925 199486 187518 190601 97947 190244 0 195027 0 0 0 176436 0 0 188756 0 168998 0 20280 196596 180251 198954 0 195007 0 188262 192290 0 0 195017 0 185501 197829 181984 0 0 0 187862 194678 183978 0 0 166309 0 0 0 198635 0 199133 0 199961 0 192451 186805 0 0 0 0 0 4969 11962 192610 0 195610 0 194839 0 0 0 40907 0 180894 0 127297 198993 195064 10077 199134 0 172513 0 175583 0 128367 0 0 199923 195170 0 0 199569 0 99633 0 177209 195038 199007 0 199056 0 199195 0 0 192334 0 0 195589 190939 103389 195625 169740 195839 199598 0 189102 199965 0 0 185721 0 0 0 0 195645 0 0 0 197538 0 190141 192386 190195 195048 0 0 194916 193250 199604 166855 0 0 186548 0 186558 117416 192554 11971 186643 0 0 0 179588 0 0 0 195050 0 0 0 48220 0 0 0 0 199081 195089 196881 0 0 197564 0 0 193350 0 199306 197989 77456 0 0 72726 199192 199969 0 192464 0 192654 0 195138 0 0 192473 0 0 0 198040 166961 196609 196408 0 198684 198938 0 0 170592 0 0 198383 0 0 28932 196862 0 41392 198543 199768 199786 198806 196663 199540 0 0 193920 3296 195160 0 196003 0 30889 0 38938 0 0 173769 0 0 199994 0 0 0 195199 20464 